Component: ARM Compiler 6.16 Tool: armlink [5dfeaa00]

==============================================================================

Section Cross References

    main.o(.text.main) refers to cpu.o(.text.HardWareInit) for HardWareInit
    main.o(.text.main) refers to stm32f4xx_hal_gpio.o(.text.HAL_GPIO_WritePin) for HAL_GPIO_WritePin
    main.o(.text.main) refers to attitude.o(.text.AttitudeInit) for AttitudeInit
    main.o(.text.main) refers to stabilizer.o(.text.StabilizerInit) for StabilizerInit
    main.o(.text.main) refers to battery.o(.text.BatteryInit) for BatteryInit
    main.o(.text.main) refers to remotectrl.o(.text.RemoteCtrlInit) for RemoteCtrlInit
    main.o(.text.main) refers to dbgprint.o(.text.DbgPrintInit) for DbgPrintInit
    main.o(.text.main) refers to attitude.o(.text.AttitudeTask) for AttitudeTask
    main.o(.text.main) refers to stabilizer.o(.text.StabilizerTask) for StabilizerTask
    main.o(.text.main) refers to dbgprint.o(.text.DbgPrintTask) for DbgPrintTask
    main.o(.text.main) refers to battery.o(.text.BatteryTask) for BatteryTask
    main.o(.text.main) refers to remotectrl.o(.text.RemoteCtrlTask) for RemoteCtrlTask
    main.o(.ARM.exidx.text.main) refers to main.o(.text.main) for [Anonymous Symbol]
    cpu.o(.text.HardWareInit) refers to stm32f4xx_hal.o(.text.HAL_Init) for HAL_Init
    cpu.o(.text.HardWareInit) refers to memseta.o(.text) for __aeabi_memclr4
    cpu.o(.text.HardWareInit) refers to stm32f4xx_hal_rcc.o(.text.HAL_RCC_OscConfig) for HAL_RCC_OscConfig
    cpu.o(.text.HardWareInit) refers to stm32f4xx_hal_rcc.o(.text.HAL_RCC_ClockConfig) for HAL_RCC_ClockConfig
    cpu.o(.text.HardWareInit) refers to stm32f4xx_hal_rcc.o(.text.HAL_RCC_GetHCLKFreq) for HAL_RCC_GetHCLKFreq
    cpu.o(.text.HardWareInit) refers to stm32f4xx_hal_gpio.o(.text.HAL_GPIO_WritePin) for HAL_GPIO_WritePin
    cpu.o(.text.HardWareInit) refers to stm32f4xx_hal_gpio.o(.text.HAL_GPIO_Init) for HAL_GPIO_Init
    cpu.o(.text.HardWareInit) refers to cpu.o(.bss.hadc1) for hadc1
    cpu.o(.text.HardWareInit) refers to stm32f4xx_hal_adc.o(.text.HAL_ADC_Init) for HAL_ADC_Init
    cpu.o(.text.HardWareInit) refers to stm32f4xx_hal_adc.o(.text.HAL_ADC_ConfigChannel) for HAL_ADC_ConfigChannel
    cpu.o(.text.HardWareInit) refers to cpu.o(.bss.hcan2) for hcan2
    cpu.o(.text.HardWareInit) refers to stm32f4xx_hal_can.o(.text.HAL_CAN_Init) for HAL_CAN_Init
    cpu.o(.text.HardWareInit) refers to cpu.o(.bss.hspi1) for hspi1
    cpu.o(.text.HardWareInit) refers to stm32f4xx_hal_spi.o(.text.HAL_SPI_Init) for HAL_SPI_Init
    cpu.o(.text.HardWareInit) refers to cpu.o(.bss.hspi2) for hspi2
    cpu.o(.text.HardWareInit) refers to cpu.o(.bss.hspi3) for hspi3
    cpu.o(.text.HardWareInit) refers to cpu.o(.bss.htim1) for htim1
    cpu.o(.text.HardWareInit) refers to stm32f4xx_hal_tim.o(.text.HAL_TIM_Base_Init) for HAL_TIM_Base_Init
    cpu.o(.text.HardWareInit) refers to stm32f4xx_hal_tim.o(.text.HAL_TIM_ConfigClockSource) for HAL_TIM_ConfigClockSource
    cpu.o(.text.HardWareInit) refers to stm32f4xx_hal_tim.o(.text.HAL_TIM_PWM_Init) for HAL_TIM_PWM_Init
    cpu.o(.text.HardWareInit) refers to stm32f4xx_hal_tim_ex.o(.text.HAL_TIMEx_MasterConfigSynchronization) for HAL_TIMEx_MasterConfigSynchronization
    cpu.o(.text.HardWareInit) refers to stm32f4xx_hal_tim.o(.text.HAL_TIM_PWM_ConfigChannel) for HAL_TIM_PWM_ConfigChannel
    cpu.o(.text.HardWareInit) refers to stm32f4xx_hal_tim_ex.o(.text.HAL_TIMEx_ConfigBreakDeadTime) for HAL_TIMEx_ConfigBreakDeadTime
    cpu.o(.text.HardWareInit) refers to stm32f4xx_hal_msp.o(.text.HAL_TIM_MspPostInit) for HAL_TIM_MspPostInit
    cpu.o(.text.HardWareInit) refers to cpu.o(.bss.huart4) for huart4
    cpu.o(.text.HardWareInit) refers to stm32f4xx_hal_uart.o(.text.HAL_UART_Init) for HAL_UART_Init
    cpu.o(.text.HardWareInit) refers to cpu.o(.bss.huart6) for huart6
    cpu.o(.ARM.exidx.text.HardWareInit) refers to cpu.o(.text.HardWareInit) for [Anonymous Symbol]
    cpu.o(.ARM.exidx.text.SwitchSPITiming) refers to cpu.o(.text.SwitchSPITiming) for [Anonymous Symbol]
    cpu.o(.ARM.exidx.text.Error_Handler) refers to cpu.o(.text.Error_Handler) for [Anonymous Symbol]
    stm32f4xx_hal_msp.o(.ARM.exidx.text.HAL_MspInit) refers to stm32f4xx_hal_msp.o(.text.HAL_MspInit) for [Anonymous Symbol]
    stm32f4xx_hal_msp.o(.text.HAL_ADC_MspInit) refers to stm32f4xx_hal_gpio.o(.text.HAL_GPIO_Init) for HAL_GPIO_Init
    stm32f4xx_hal_msp.o(.ARM.exidx.text.HAL_ADC_MspInit) refers to stm32f4xx_hal_msp.o(.text.HAL_ADC_MspInit) for [Anonymous Symbol]
    stm32f4xx_hal_msp.o(.text.HAL_ADC_MspDeInit) refers to stm32f4xx_hal_gpio.o(.text.HAL_GPIO_DeInit) for HAL_GPIO_DeInit
    stm32f4xx_hal_msp.o(.ARM.exidx.text.HAL_ADC_MspDeInit) refers to stm32f4xx_hal_msp.o(.text.HAL_ADC_MspDeInit) for [Anonymous Symbol]
    stm32f4xx_hal_msp.o(.text.HAL_CAN_MspInit) refers to stm32f4xx_hal_gpio.o(.text.HAL_GPIO_Init) for HAL_GPIO_Init
[...]
    .ARM.Collect$$$$0000000D                 0x08000198   Section        0  entry10a.o(.ARM.Collect$$$$0000000D)
    .ARM.Collect$$$$0000000F                 0x08000198   Section        0  entry11a.o(.ARM.Collect$$$$0000000F)
    .ARM.Collect$$$$00002712                 0x08000198   Section        4  entry2.o(.ARM.Collect$$$$00002712)
    $v0                                      0x0800019c   Number         0  startup_stm32f405xx.o(.text)
    .text                                    0x0800019c   Section       36  startup_stm32f405xx.o(.text)
    .text                                    0x080001c0   Section        0  uldiv.o(.text)
    .text                                    0x08000222   Section        0  ldiv.o(.text)
    .text                                    0x08000284   Section        0  memseta.o(.text)
    .text                                    0x080002a8   Section        0  strstr.o(.text)
    .text                                    0x080002cc   Section        0  strchr.o(.text)
    .text                                    0x080002e0   Section        0  dadd.o(.text)
    .text                                    0x0800042e   Section        0  dmul.o(.text)
    .text                                    0x08000512   Section        0  ddiv.o(.text)
    .text                                    0x080005f0   Section        0  dcmple.o(.text)
    .text                                    0x08000626   Section        0  dcmplt.o(.text)
    .text                                    0x0800065c   Section        0  dcmpge.o(.text)
    .text                                    0x08000692   Section        0  dcmpgt.o(.text)
    .text                                    0x080006c8   Section        0  dflti.o(.text)
    .text                                    0x080006ea   Section        0  dfltui.o(.text)
    .text                                    0x08000704   Section        0  f2d.o(.text)
    .text                                    0x0800072a   Section        0  d2f.o(.text)
    .text                                    0x08000762   Section        0  llshl.o(.text)
    .text                                    0x08000780   Section        0  llushr.o(.text)
    .text                                    0x080007a0   Section        0  llsshr.o(.text)
    .text                                    0x080007c4   Section        0  iusefp.o(.text)
    .text                                    0x080007c4   Section        0  fepilogue.o(.text)
    .text                                    0x08000832   Section        0  depilogue.o(.text)
    .text                                    0x080008ec   Section        0  dscalb.o(.text)
    .text                                    0x0800091c   Section       48  cdrcmple.o(.text)
    .text                                    0x0800094c   Section       36  init.o(.text)
    .text                                    0x08000970   Section        0  dsqrt.o(.text)
    [Anonymous Symbol]                       0x08000a14   Section        0  anohost.o(.text.ANOReceive)
    [Anonymous Symbol]                       0x08000b94   Section        0  anohost.o(.text.ANOSendCheck)
    [Anonymous Symbol]                       0x08000bd0   Section        0  attitude.o(.text.AttitudeInit)
    [Anonymous Symbol]                       0x08000c20   Section        0  attitude.o(.text.AttitudeTask)
    __arm_cp.1_13                            0x08000eec   Number         4  attitude.o(.text.AttitudeTask)
    __arm_cp.1_14                            0x08000ef0   Number         4  attitude.o(.text.AttitudeTask)
    __arm_cp.1_15                            0x08000ef4   Number         4  attitude.o(.text.AttitudeTask)
    __arm_cp.1_16                            0x08000ef8   Number         4  attitude.o(.text.AttitudeTask)
    __arm_cp.1_17                            0x08000efc   Number         4  attitude.o(.text.AttitudeTask)
    [Anonymous Symbol]                       0x0800136c   Section        0  bmp280.o(.text.BMP280Init)
    [Anonymous Symbol]                       0x08001440   Section        0  bmp280.o(.text.BMP280Update)
    BMPReadContinul                          0x08001691   Thumb Code    82  bmp280.o(.text.BMPReadContinul)
    [Anonymous Symbol]                       0x08001690   Section        0  bmp280.o(.text.BMPReadContinul)
    [Anonymous Symbol]                       0x080016e2   Section        0  battery.o(.text.BatteryInit)
    [Anonymous Symbol]                       0x08001700   Section        0  battery.o(.text.BatteryTask)
    [Anonymous Symbol]                       0x08001830   Section        0  filter.o(.text.BiquadFilterInit)
    [Anonymous Symbol]                       0x08001920   Section        0  filter.o(.text.BiquadFilterInitLPF)
    [Anonymous Symbol]                       0x08001930   Section        0  filter.o(.text.BiquadLPFFilter)
    [Anonymous Symbol]                       0x08001980   Section        0  stm32f4xx_it.o(.text.BusFault_Handler)
    [Anonymous Symbol]                       0x08001982   Section        0  dbgprint.o(.text.DbgPrintInit)
    [Anonymous Symbol]                       0x080019ac   Section        0  dbgprint.o(.text.DbgPrintTask)
    [Anonymous Symbol]                       0x08001a30   Section        0  stm32f4xx_it.o(.text.DebugMon_Handler)
    [Anonymous Symbol]                       0x08001a34   Section        0  stm32f4xx_hal_adc.o(.text.HAL_ADC_ConfigChannel)
    [Anonymous Symbol]                       0x08001b48   Section        0  stm32f4xx_hal_adc.o(.text.HAL_ADC_GetState)
    [Anonymous Symbol]                       0x08001b4c   Section        0  stm32f4xx_hal_adc.o(.text.HAL_ADC_GetValue)
    [Anonymous Symbol]                       0x08001b52   Section        0  stm32f4xx_hal_adc.o(.text.HAL_ADC_Init)
    [Anonymous Symbol]                       0x08001c9e   Section        0  stm32f4xx_hal_msp.o(.text.HAL_ADC_MspInit)
    [Anonymous Symbol]                       0x08001d00   Section        0  stm32f4xx_hal_adc.o(.text.HAL_ADC_PollForConversion)
    [Anonymous Symbol]                       0x08001db0   Section        0  stm32f4xx_hal_adc.o(.text.HAL_ADC_Start)
    [Anonymous Symbol]                       0x08001eb4   Section        0  stm32f4xx_hal_can.o(.text.HAL_CAN_Init)
    [Anonymous Symbol]                       0x08001fa4   Section        0  stm32f4xx_hal_msp.o(.text.HAL_CAN_MspInit)
    [Anonymous Symbol]                       0x08002020   Section        0  stm32f4xx_hal.o(.text.HAL_Delay)
    [Anonymous Symbol]                       0x08002048   Section        0  stm32f4xx_hal_gpio.o(.text.HAL_GPIO_Init)
    [Anonymous Symbol]                       0x08002200   Section        0  stm32f4xx_hal_gpio.o(.text.HAL_GPIO_WritePin)
    [Anonymous Symbol]                       0x0800220a   Section        0  stm32f4xx_hal.o(.text.HAL_GetTick)
    [Anonymous Symbol]                       0x08002216   Section        0  stm32f4xx_hal.o(.text.HAL_IncTick)
    [Anonymous Symbol]                       0x08002230   Section        0  stm32f4xx_hal.o(.text.HAL_Init)
    [Anonymous Symbol]                       0x08002266   Section        0  stm32f4xx_hal.o(.text.HAL_InitTick)
    [Anonymous Symbol]                       0x080022b6   Section        0  stm32f4xx_hal_msp.o(.text.HAL_MspInit)
    [Anonymous Symbol]                       0x080022ee   Section        0  stm32f4xx_hal_cortex.o(.text.HAL_NVIC_EnableIRQ)
    [Anonymous Symbol]                       0x0800230c   Section        0  stm32f4xx_hal_cortex.o(.text.HAL_NVIC_SetPriority)
    [Anonymous Symbol]                       0x08002362   Section        0  stm32f4xx_hal_cortex.o(.text.HAL_NVIC_SetPriorityGrouping)
    [Anonymous Symbol]                       0x08002384   Section        0  stm32f4xx_hal_rcc.o(.text.HAL_RCC_ClockConfig)
    [Anonymous Symbol]                       0x080024d2   Section        0  stm32f4xx_hal_rcc.o(.text.HAL_RCC_GetHCLKFreq)
    [Anonymous Symbol]                       0x080024de   Section        0  stm32f4xx_hal_rcc.o(.text.HAL_RCC_GetPCLK1Freq)
    [Anonymous Symbol]                       0x08002504   Section        0  stm32f4xx_hal_rcc.o(.text.HAL_RCC_GetPCLK2Freq)
    [Anonymous Symbol]                       0x0800252a   Section        0  stm32f4xx_hal_rcc.o(.text.HAL_RCC_GetSysClockFreq)
    [Anonymous Symbol]                       0x08002574   Section        0  stm32f4xx_hal_rcc.o(.text.HAL_RCC_OscConfig)
    [Anonymous Symbol]                       0x080028d0   Section        0  stm32f4xx_hal_spi.o(.text.HAL_SPI_Init)
    [Anonymous Symbol]                       0x08002994   Section        0  stm32f4xx_hal_msp.o(.text.HAL_SPI_MspInit)
    [Anonymous Symbol]                       0x08002aac   Section        0  stm32f4xx_hal_spi.o(.text.HAL_SPI_Receive)
    [Anonymous Symbol]                       0x08002bf4   Section        0  stm32f4xx_hal_spi.o(.text.HAL_SPI_Transmit)
    [Anonymous Symbol]                       0x08002d68   Section        0  stm32f4xx_hal_spi.o(.text.HAL_SPI_TransmitReceive)
    [Anonymous Symbol]                       0x08002f42   Section        0  stm32f4xx_hal_cortex.o(.text.HAL_SYSTICK_Config)
    [Anonymous Symbol]                       0x08002f6e   Section        0  stm32f4xx_hal_tim_ex.o(.text.HAL_TIMEx_ConfigBreakDeadTime)
    [Anonymous Symbol]                       0x08002fba   Section        0  stm32f4xx_hal_tim_ex.o(.text.HAL_TIMEx_MasterConfigSynchronization)
    [Anonymous Symbol]                       0x08003068   Section        0  stm32f4xx_hal_tim.o(.text.HAL_TIM_Base_Init)
    [Anonymous Symbol]                       0x080030c0   Section        0  stm32f4xx_hal_msp.o(.text.HAL_TIM_Base_MspInit)
    [Anonymous Symbol]                       0x080030f0   Section        0  stm32f4xx_hal_tim.o(.text.HAL_TIM_Base_Start)
    [Anonymous Symbol]                       0x08003188   Section        0  stm32f4xx_hal_tim.o(.text.HAL_TIM_ConfigClockSource)
    [Anonymous Symbol]                       0x08003316   Section        0  stm32f4xx_hal_msp.o(.text.HAL_TIM_MspPostInit)
    [Anonymous Symbol]                       0x08003364   Section        0  stm32f4xx_hal_tim.o(.text.HAL_TIM_OC_Start)
    [Anonymous Symbol]                       0x08003468   Section        0  stm32f4xx_hal_tim.o(.text.HAL_TIM_OC_Stop)
    [Anonymous Symbol]                       0x080034fc   Section        0  stm32f4xx_hal_tim.o(.text.HAL_TIM_PWM_ConfigChannel)
    [Anonymous Symbol]                       0x08003592   Section        0  stm32f4xx_hal_tim.o(.text.HAL_TIM_PWM_Init)
    [Anonymous Symbol]                       0x080035ea   Section        0  stm32f4xx_hal_tim.o(.text.HAL_TIM_PWM_MspInit)
    [Anonymous Symbol]                       0x080035ec   Section        0  stm32f4xx_hal_uart.o(.text.HAL_UART_Init)
    [Anonymous Symbol]                       0x08003648   Section        0  stm32f4xx_hal_msp.o(.text.HAL_UART_MspInit)
    [Anonymous Symbol]                       0x0800372c   Section        0  stm32f4xx_hal_uart.o(.text.HAL_UART_Receive)
    [Anonymous Symbol]                       0x080037f8   Section        0  stm32f4xx_hal_uart.o(.text.HAL_UART_Transmit)
    [Anonymous Symbol]                       0x080038b8   Section        0  stm32f4xx_it.o(.text.HardFault_Handler)
    [Anonymous Symbol]                       0x080038bc   Section        0  cpu.o(.text.HardWareInit)
    [Anonymous Symbol]                       0x08003d9a   Section        0  mymath.o(.text.INT8UToINT16U)
    [Anonymous Symbol]                       0x08003da4   Section        0  lora433.o(.text.LORA433Init)
    LORASendAT                               0x08003ea1   Thumb Code    84  lora433.o(.text.LORASendAT)
    [Anonymous Symbol]                       0x08003ea0   Section        0  lora433.o(.text.LORASendAT)
    [Anonymous Symbol]                       0x08003ef8   Section        0  lora433.o(.text.LORASendData)
    [Anonymous Symbol]                       0x08003f0a   Section        0  lsm303d.o(.text.LSM303DInit)
    [Anonymous Symbol]                       0x080040c6   Section        0  lsm303d.o(.text.LSM303DUpdate)
    LSMReadContinul                          0x08004115   Thumb Code    80  lsm303d.o(.text.LSMReadContinul)
    [Anonymous Symbol]                       0x08004114   Section        0  lsm303d.o(.text.LSMReadContinul)
    LSMReadContinul                          0x08004165   Thumb Code   134  nrf24l01.o(.text.LSMReadContinul)
    [Anonymous Symbol]                       0x08004164   Section        0  nrf24l01.o(.text.LSMReadContinul)
    [Anonymous Symbol]                       0x080041ea   Section        0  filter.o(.text.LowPassFilter)
    [Anonymous Symbol]                       0x0800420c   Section        0  mpu6000.o(.text.MPU6000Init)
    [Anonymous Symbol]                       0x080044e8   Section        0  mpu6000.o(.text.MPU6000Update)
    [Anonymous Symbol]                       0x080045ec   Section        0  mpu6000.o(.text.MPUReadReg)
    [Anonymous Symbol]                       0x08004640   Section        0  stm32f4xx_it.o(.text.MemManage_Handler)
    [Anonymous Symbol]                       0x08004642   Section        0  motor.o(.text.MotorInit)
    [Anonymous Symbol]                       0x08004680   Section        0  motor.o(.text.MotorLock)
    [Anonymous Symbol]                       0x08004694   Section        0  motor.o(.text.MotorLockCtrl)
    [Anonymous Symbol]                       0x08004724   Section        0  motor.o(.text.MotorSetDuty)
    [Anonymous Symbol]                       0x08004786   Section        0  motor.o(.text.MotorUnLock)
    [Anonymous Symbol]                       0x08004798   Section        0  mymath.o(.text.MyAcosApprox)
    [Anonymous Symbol]                       0x08004840   Section        0  mymath.o(.text.MyAtan2Approx)
    [Anonymous Symbol]                       0x08004980   Section        0  mymath.o(.text.MyConstrainF)
    [Anonymous Symbol]                       0x080049a8   Section        0  mymath.o(.text.MyCosApprox)
    [Anonymous Symbol]                       0x080049d8   Section        0  mymath.o(.text.MyFP32Abs)
    [Anonymous Symbol]                       0x080049e0   Section        0  mymath.o(.text.MySinApprox)
    [Anonymous Symbol]                       0x08004b6c   Section        0  stm32f4xx_it.o(.text.NMI_Handler)
    [Anonymous Symbol]                       0x08004b70   Section        0  nrf24l01.o(.text.NRFInit)
    NRFReadReg                               0x08004c4f   Thumb Code    78  nrf24l01.o(.text.NRFReadReg)
    [Anonymous Symbol]                       0x08004c4e   Section        0  nrf24l01.o(.text.NRFReadReg)
    [Anonymous Symbol]                       0x08004c9c   Section        0  nrf24l01.o(.text.NRFReceiveData)
    NRFWriteContinul                         0x08004cd3   Thumb Code    78  nrf24l01.o(.text.NRFWriteContinul)
    [Anonymous Symbol]                       0x08004cd2   Section        0  nrf24l01.o(.text.NRFWriteContinul)
    NRFWriteReg                              0x08004d21   Thumb Code    80  nrf24l01.o(.text.NRFWriteReg)
    [Anonymous Symbol]                       0x08004d20   Section        0  nrf24l01.o(.text.NRFWriteReg)
    [Anonymous Symbol]                       0x08004d70   Section        0  pid.o(.text.PIDInit)
    [Anonymous Symbol]                       0x08004df0   Section        0  pid.o(.text.PIDUpdate)
    [Anonymous Symbol]                       0x08004ed0   Section        0  stm32f4xx_it.o(.text.PendSV_Handler)
    [Anonymous Symbol]                       0x08004ed2   Section        0  remotectrl.o(.text.RemoteCtrlInit)
    [Anonymous Symbol]                       0x08004ef4   Section        0  remotectrl.o(.text.RemoteCtrlTask)
    SPI_EndRxTransaction                     0x08004f7d   Thumb Code    82  stm32f4xx_hal_spi.o(.text.SPI_EndRxTransaction)
    [Anonymous Symbol]                       0x08004f7c   Section        0  stm32f4xx_hal_spi.o(.text.SPI_EndRxTransaction)
    SPI_EndRxTxTransaction                   0x08004fd1   Thumb Code   100  stm32f4xx_hal_spi.o(.text.SPI_EndRxTxTransaction)
    [Anonymous Symbol]                       0x08004fd0   Section        0  stm32f4xx_hal_spi.o(.text.SPI_EndRxTxTransaction)
    SPI_WaitFlagStateUntilTimeout            0x08005035   Thumb Code   196  stm32f4xx_hal_spi.o(.text.SPI_WaitFlagStateUntilTimeout)
    [Anonymous Symbol]                       0x08005034   Section        0  stm32f4xx_hal_spi.o(.text.SPI_WaitFlagStateUntilTimeout)
    [Anonymous Symbol]                       0x080050f8   Section        0  stm32f4xx_it.o(.text.SVC_Handler)
    [Anonymous Symbol]                       0x080050fc   Section        0  stabilizer.o(.text.StabilizerInit)
    [Anonymous Symbol]                       0x08005288   Section        0  stabilizer.o(.text.StabilizerTask)
    [Anonymous Symbol]                       0x08005484   Section        0  stm32f4xx_it.o(.text.SysTick_Handler)
    [Anonymous Symbol]                       0x080054a2   Section        0  system_stm32f4xx.o(.text.SystemInit)
    [Anonymous Symbol]                       0x080054b4   Section        0  stm32f4xx_hal_tim.o(.text.TIM_Base_SetConfig)
    TIM_OC1_SetConfig                        0x080055d1   Thumb Code   100  stm32f4xx_hal_tim.o(.text.TIM_OC1_SetConfig)
    [Anonymous Symbol]                       0x080055d0   Section        0  stm32f4xx_hal_tim.o(.text.TIM_OC1_SetConfig)
    [Anonymous Symbol]                       0x08005634   Section        0  stm32f4xx_hal_tim.o(.text.TIM_OC2_SetConfig)
    TIM_OC3_SetConfig                        0x0800569f   Thumb Code   104  stm32f4xx_hal_tim.o(.text.TIM_OC3_SetConfig)
    [Anonymous Symbol]                       0x0800569e   Section        0  stm32f4xx_hal_tim.o(.text.TIM_OC3_SetConfig)
    TIM_OC4_SetConfig                        0x08005707   Thumb Code    78  stm32f4xx_hal_tim.o(.text.TIM_OC4_SetConfig)
    [Anonymous Symbol]                       0x08005706   Section        0  stm32f4xx_hal_tim.o(.text.TIM_OC4_SetConfig)
    [Anonymous Symbol]                       0x08005754   Section        0  stm32f4xx_it.o(.text.UART4_IRQHandler)
    UART_SetConfig                           0x08005761   Thumb Code   220  stm32f4xx_hal_uart.o(.text.UART_SetConfig)
    [Anonymous Symbol]                       0x08005760   Section        0  stm32f4xx_hal_uart.o(.text.UART_SetConfig)
    [Anonymous Symbol]                       0x0800583c   Section        0  stm32f4xx_hal_uart.o(.text.UART_Start_Receive_IT)
    UART_WaitOnFlagUntilTimeout              0x08005871   Thumb Code    94  stm32f4xx_hal_uart.o(.text.UART_WaitOnFlagUntilTimeout)
    [Anonymous Symbol]                       0x08005870   Section        0  stm32f4xx_hal_uart.o(.text.UART_WaitOnFlagUntilTimeout)
    [Anonymous Symbol]                       0x080058ce   Section        0  dbgprint.o(.text.USER_UART_IRQHandler)
    [Anonymous Symbol]                       0x0800596c   Section        0  remotectrl.o(.text.UpdateRocker)
    [Anonymous Symbol]                       0x08005986   Section        0  stabilizer.o(.text.UpdateSetpoint)
    [Anonymous Symbol]                       0x08005998   Section        0  stm32f4xx_it.o(.text.UsageFault_Handler)
    [Anonymous Symbol]                       0x0800599c   Section        0  main.o(.text.main)
    i.__ARM_fpclassify                       0x080059da   Section        0  fpclassify.o(i.__ARM_fpclassify)
    i.__hardfp_pow                           0x08005a10   Section        0  pow.o(i.__hardfp_pow)
    i.__hardfp_sqrtf                         0x08006670   Section        0  sqrtf.o(i.__hardfp_sqrtf)
    i.__kernel_poly                          0x080066aa   Section        0  poly.o(i.__kernel_poly)
    i.__mathlib_dbl_divzero                  0x080067a8   Section        0  dunder.o(i.__mathlib_dbl_divzero)
    i.__mathlib_dbl_infnan2                  0x080067d8   Section        0  dunder.o(i.__mathlib_dbl_infnan2)
    i.__mathlib_dbl_invalid                  0x080067f0   Section        0  dunder.o(i.__mathlib_dbl_invalid)
    i.__mathlib_dbl_overflow                 0x08006810   Section        0  dunder.o(i.__mathlib_dbl_overflow)
    i.__mathlib_dbl_underflow                0x08006830   Section        0  dunder.o(i.__mathlib_dbl_underflow)
    i.__scatterload_copy                     0x08006850   Section       14  handlers.o(i.__scatterload_copy)
    i.__scatterload_null                     0x0800685e   Section        2  handlers.o(i.__scatterload_null)
    i.__scatterload_zeroinit                 0x08006860   Section       14  handlers.o(i.__scatterload_zeroinit)
    i.__set_errno                            0x08006870   Section        0  errno.o(i.__set_errno)
    i.fabs                                   0x0800687c   Section        0  fabs.o(i.fabs)
    i.sqrt                                   0x08006894   Section        0  sqrt.o(i.sqrt)
    bp                                       0x08006908   Data          16  pow.o(.constdata)
    .constdata                               0x08006908   Section      136  pow.o(.constdata)
    dp_h                                     0x08006918   Data          16  pow.o(.constdata)
    dp_l                                     0x08006928   Data          16  pow.o(.constdata)
    L                                        0x08006938   Data          48  pow.o(.constdata)
    P                                        0x08006968   Data          40  pow.o(.constdata)
    .constdata                               0x08006990   Section        8  qnan.o(.constdata)
    ControlParaDefault                       0x080069b0   Data         124  stabilizer.o(.rodata.ControlParaDefault)
    [Anonymous Symbol]                       0x080069b0   Section        0  stabilizer.o(.rodata.ControlParaDefault)
    RXAddress                                0x08006a2c   Data           5  nrf24l01.o(.rodata.RXAddress)
    [Anonymous Symbol]                       0x08006a2c   Section        0  nrf24l01.o(.rodata.RXAddress)
    _errno                                   0x20000000   Data           4  errno.o(.data)
    .data                                    0x20000000   Section        4  errno.o(.data)
    imuMagFastPGainSaleFactor.magFastPGainCount 0x20000008   Data           4  attitude.o(.data.imuMagFastPGainSaleFactor.magFastPGainCount)
    [Anonymous Symbol]                       0x20000008   Section        0  attitude.o(.data.imuMagFastPGainSaleFactor.magFastPGainCount)
    q0                                       0x2000000c   Data           4  attitude.o(.data.q0)
    [Anonymous Symbol]                       0x2000000c   Section        0  attitude.o(.data.q0)
    AttitudeTask.s_AttitudeStage             0x20000018   Data           1  attitude.o(.bss.AttitudeTask.s_AttitudeStage)
    [Anonymous Symbol]                       0x20000018   Section        0  attitude.o(.bss.AttitudeTask.s_AttitudeStage)
    AttitudeTask.s_SystemTime                0x20000020   Data           8  attitude.o(.bss.AttitudeTask.s_SystemTime)
    [Anonymous Symbol]                       0x20000020   Section        0  attitude.o(.bss.AttitudeTask.s_SystemTime)
    DbgPrintTask.s_SystemTime                0x20000030   Data           8  dbgprint.o(.bss.DbgPrintTask.s_SystemTime)
    [Anonymous Symbol]                       0x20000030   Section        0  dbgprint.o(.bss.DbgPrintTask.s_SystemTime)
    StabilizerTask.s_StabilizerStage         0x20000038   Data           1  stabilizer.o(.bss.StabilizerTask.s_StabilizerStage)
    [Anonymous Symbol]                       0x20000038   Section        0  stabilizer.o(.bss.StabilizerTask.s_StabilizerStage)
    StabilizerTask.s_SystemTime              0x20000040   Data           8  stabilizer.o(.bss.StabilizerTask.s_SystemTime)
    [Anonymous Symbol]                       0x20000040   Section        0  stabilizer.o(.bss.StabilizerTask.s_SystemTime)
    USER_UART_IRQHandler.FrameHead           0x20000048   Data           2  dbgprint.o(.bss.USER_UART_IRQHandler.FrameHead)
    [Anonymous Symbol]                       0x20000048   Section        0  dbgprint.o(.bss.USER_UART_IRQHandler.FrameHead)
    UpdateBattery.s_SystemTime               0x20000050   Data           8  battery.o(.bss.UpdateBattery.s_SystemTime)
    [Anonymous Symbol]                       0x20000050   Section        0  battery.o(.bss.UpdateBattery.s_SystemTime)
    imuMahonyAHRSupdate.integralAccX         0x20000838   Data           4  attitude.o(.bss.imuMahonyAHRSupdate.integralAccX)
    [Anonymous Symbol]                       0x20000838   Section        0  attitude.o(.bss.imuMahonyAHRSupdate.integralAccX)
    imuMahonyAHRSupdate.integralAccY         0x2000083c   Data           4  attitude.o(.bss.imuMahonyAHRSupdate.integralAccY)
    [Anonymous Symbol]                       0x2000083c   Section        0  attitude.o(.bss.imuMahonyAHRSupdate.integralAccY)
    imuMahonyAHRSupdate.integralAccZ         0x20000840   Data           4  attitude.o(.bss.imuMahonyAHRSupdate.integralAccZ)
    [Anonymous Symbol]                       0x20000840   Section        0  attitude.o(.bss.imuMahonyAHRSupdate.integralAccZ)
    q1                                       0x20000844   Data           4  attitude.o(.bss.q1)
    [Anonymous Symbol]                       0x20000844   Section        0  attitude.o(.bss.q1)
    q2                                       0x20000848   Data           4  attitude.o(.bss.q2)
    [Anonymous Symbol]                       0x20000848   Section        0  attitude.o(.bss.q2)
    q3                                       0x2000084c   Data           4  attitude.o(.bss.q3)
    [Anonymous Symbol]                       0x2000084c   Section        0  attitude.o(.bss.q3)
    rMat.0.0                                 0x20000850   Data           4  attitude.o(.bss.rMat.0.0)
    [Anonymous Symbol]                       0x20000850   Section        0  attitude.o(.bss.rMat.0.0)
    rMat.0.1                                 0x20000854   Data           4  attitude.o(.bss.rMat.0.1)
    [Anonymous Symbol]                       0x20000854   Section        0  attitude.o(.bss.rMat.0.1)
    rMat.0.2                                 0x20000858   Data           4  attitude.o(.bss.rMat.0.2)
    [Anonymous Symbol]                       0x20000858   Section        0  attitude.o(.bss.rMat.0.2)
    rMat.1.0                                 0x2000085c   Data           4  attitude.o(.bss.rMat.1.0)
    [Anonymous Symbol]                       0x2000085c   Section        0  attitude.o(.bss.rMat.1.0)
    rMat.1.1                                 0x20000860   Data           4  attitude.o(.bss.rMat.1.1)
    [Anonymous Symbol]                       0x20000860   Section        0  attitude.o(.bss.rMat.1.1)
    rMat.1.2                                 0x20000864   Data           4  attitude.o(.bss.rMat.1.2)
    [Anonymous Symbol]                       0x20000864   Section        0  attitude.o(.bss.rMat.1.2)
    rMat.2.0                                 0x20000868   Data           4  attitude.o(.bss.rMat.2.0)
    [Anonymous Symbol]                       0x20000868   Section        0  attitude.o(.bss.rMat.2.0)
    rMat.2.1                                 0x2000086c   Data           4  attitude.o(.bss.rMat.2.1)
    [Anonymous Symbol]                       0x2000086c   Section        0  attitude.o(.bss.rMat.2.1)
    rMat.2.2                                 0x20000870   Data           4  attitude.o(.bss.rMat.2.2)
    [Anonymous Symbol]                       0x20000870   Section        0  attitude.o(.bss.rMat.2.2)
    STACK                                    0x20000878   Section     1024  startup_stm32f405xx.o(STACK)

    Global Symbols

    Symbol Name                              Value     Ov Type        Size  Object(Section)

    BuildAttributes$$THM_ISAv4$E$P$D$K$B$S$7EM$VFPi3$EXTD16$VFPS$VFMA$PE$A:L22UL41UL21$X:L11$S22US41US21$IEEE1$IW$~IW$USESV6$~STKCKD$USESV7$~SHL$OTIME$ROPI$IEEEX$EBA8$MICROLIB$REQ8$PRES8$EABIv2 0x00000000   Number         0  anon$$obj.o ABSOLUTE
    __cpp_initialize__aeabi_                  - Undefined Weak Reference
    __cxa_finalize                            - Undefined Weak Reference
    __decompress                              - Undefined Weak Reference
    _clock_init                               - Undefined Weak Reference
    _microlib_exit                            - Undefined Weak Reference
    __Vectors_Size                           0x00000188   Number         0  startup_stm32f405xx.o ABSOLUTE
    __Vectors                                0x08000000   Data           4  startup_stm32f405xx.o(RESET)
    __Vectors_End                            0x08000188   Data           0  startup_stm32f405xx.o(RESET)
    __main                                   0x08000189   Thumb Code     0  entry.o(.ARM.Collect$$$$00000000)
    _main_stk                                0x08000189   Thumb Code     0  entry2.o(.ARM.Collect$$$$00000001)
    _main_scatterload                        0x0800018d   Thumb Code     0  entry5.o(.ARM.Collect$$$$00000004)
    __main_after_scatterload                 0x08000191   Thumb Code     0  entry5.o(.ARM.Collect$$$$00000004)
    _main_clock                              0x08000191   Thumb Code     0  entry7b.o(.ARM.Collect$$$$00000008)
    _main_cpp_init                           0x08000191   Thumb Code     0  entry8b.o(.ARM.Collect$$$$0000000A)
    _main_init                               0x08000191   Thumb Code     0  entry9a.o(.ARM.Collect$$$$0000000B)
    __rt_final_cpp                           0x08000199   Thumb Code     0  entry10a.o(.ARM.Collect$$$$0000000D)
    __rt_final_exit                          0x08000199   Thumb Code     0  entry11a.o(.ARM.Collect$$$$0000000F)
    Reset_Handler                            0x0800019d   Thumb Code     8  startup_stm32f405xx.o(.text)
    ADC_IRQHandler                           0x080001b7   Thumb Code     0  startup_stm32f405xx.o(.text)
    CAN1_RX0_IRQHandler                      0x080001b7   Thumb Code     0  startup_stm32f405xx.o(.text)
    CAN1_RX1_IRQHandler                      0x080001b7   Thumb Code     0  startup_stm32f405xx.o(.text)
    CAN1_SCE_IRQHandler                      0x080001b7   Thumb Code     0  startup_stm32f405xx.o(.text)
    CAN1_TX_IRQHandler                       0x080001b7   Thumb Code     0  startup_stm32f405xx.o(.text)
    CAN2_RX0_IRQHandler                      0x080001b7   Thumb Code     0  startup_stm32f405xx.o(.text)
    CAN2_RX1_IRQHandler                      0x080001b7   Thumb Code     0  startup_stm32f405xx.o(.text)
    CAN2_SCE_IRQHandler                      0x080001b7   Thumb Code     0  startup_stm32f405xx.o(.text)
    CAN2_TX_IRQHandler                       0x080001b7   Thumb Code     0  startup_stm32f405xx.o(.text)
    DMA1_Stream0_IRQHandler                  0x080001b7   Thumb Code     0  startup_stm32f405xx.o(.text)
    DMA1_Stream1_IRQHandler                  0x080001b7   Thumb Code     0  startup_stm32f405xx.o(.text)
    DMA1_Stream2_IRQHandler                  0x080001b7   Thumb Code     0  startup_stm32f405xx.o(.text)
    DMA1_Stream3_IRQHandler                  0x080001b7   Thumb Code     0  startup_stm32f405xx.o(.text)
    DMA1_Stream4_IRQHandler                  0x080001b7   Thumb Code     0  startup_stm32f405xx.o(.text)
    DMA1_Stream5_IRQHandler                  0x080001b7   Thumb Code     0  startup_stm32f405xx.o(.text)
    DMA1_Stream6_IRQHandler                  0x080001b7   Thumb Code     0  startup_stm32f405xx.o(.text)
    DMA1_Stream7_IRQHandler                  0x080001b7   Thumb Code     0  startup_stm32f405xx.o(.text)
    DMA2_Stream0_IRQHandler                  0x080001b7   Thumb Code     0  startup_stm32f405xx.o(.text)
    DMA2_Stream1_IRQHandler                  0x080001b7   Thumb Code     0  startup_stm32f405xx.o(.text)
    DMA2_Stream2_IRQHandler                  0x080001b7   Thumb Code     0  startup_stm32f405xx.o(.text)
    DMA2_Stream3_IRQHandler                  0x080001b7   Thumb Code     0  startup_stm32f405xx.o(.text)
    DMA2_Stream4_IRQHandler                  0x080001b7   Thumb Code     0  startup_stm32f405xx.o(.text)
    DMA2_Stream5_IRQHandler                  0x080001b7   Thumb Code     0  startup_stm32f405xx.o(.text)
    DMA2_Stream6_IRQHandler                  0x080001b7   Thumb Code     0  startup_stm32f405xx.o(.text)
    DMA2_Stream7_IRQHandler                  0x080001b7   Thumb Code     0  startup_stm32f405xx.o(.text)
    EXTI0_IRQHandler                         0x080001b7   Thumb Code     0  startup_stm32f405xx.o(.text)
    EXTI15_10_IRQHandler                     0x080001b7   Thumb Code     0  startup_stm32f405xx.o(.text)
    EXTI1_IRQHandler                         0x080001b7   Thumb Code     0  startup_stm32f405xx.o(.text)
    EXTI2_IRQHandler                         0x080001b7   Thumb Code     0  startup_stm32f405xx.o(.text)
    EXTI3_IRQHandler                         0x080001b7   Thumb Code     0  startup_stm32f405xx.o(.text)
    EXTI4_IRQHandler                         0x080001b7   Thumb Code     0  startup_stm32f405xx.o(.text)
    EXTI9_5_IRQHandler                       0x080001b7   Thumb Code     0  startup_stm32f405xx.o(.text)
    FLASH_IRQHandler                         0x080001b7   Thumb Code     0  startup_stm32f405xx.o(.text)
    FMC_IRQHandler                           0x080001b7   Thumb Code     0  startup_stm32f405xx.o(.text)
    FPU_IRQHandler                           0x080001b7   Thumb Code     0  startup_stm32f405xx.o(.text)
    HASH_RNG_IRQHandler                      0x080001b7   Thumb Code     0  startup_stm32f405xx.o(.text)
    I2C1_ER_IRQHandler                       0x080001b7   Thumb Code     0  startup_stm32f405xx.o(.text)
    I2C1_EV_IRQHandler                       0x080001b7   Thumb Code     0  startup_stm32f405xx.o(.text)
    I2C2_ER_IRQHandler                       0x080001b7   Thumb Code     0  startup_stm32f405xx.o(.text)
    I2C2_EV_IRQHandler                       0x080001b7   Thumb Code     0  startup_stm32f405xx.o(.text)
    I2C3_ER_IRQHandler                       0x080001b7   Thumb Code     0  startup_stm32f405xx.o(.text)
    I2C3_EV_IRQHandler                       0x080001b7   Thumb Code     0  startup_stm32f405xx.o(.text)
    OTG_FS_IRQHandler                        0x080001b7   Thumb Code     0  startup_stm32f405xx.o(.text)
    OTG_FS_WKUP_IRQHandler                   0x080001b7   Thumb Code     0  startup_stm32f405xx.o(.text)
    OTG_HS_EP1_IN_IRQHandler                 0x080001b7   Thumb Code     0  startup_stm32f405xx.o(.text)
    OTG_HS_EP1_OUT_IRQHandler                0x080001b7   Thumb Code     0  startup_stm32f405xx.o(.text)
    OTG_HS_IRQHandler                        0x080001b7   Thumb Code     0  startup_stm32f405xx.o(.text)
    OTG_HS_WKUP_IRQHandler                   0x080001b7   Thumb Code     0  startup_stm32f405xx.o(.text)
    PVD_IRQHandler                           0x080001b7   Thumb Code     0  startup_stm32f405xx.o(.text)
    RCC_IRQHandler                           0x080001b7   Thumb Code     0  startup_stm32f405xx.o(.text)
    RTC_Alarm_IRQHandler                     0x080001b7   Thumb Code     0  startup_stm32f405xx.o(.text)
    RTC_WKUP_IRQHandler                      0x080001b7   Thumb Code     0  startup_stm32f405xx.o(.text)
    SDIO_IRQHandler                          0x080001b7   Thumb Code     0  startup_stm32f405xx.o(.text)
    SPI1_IRQHandler                          0x080001b7   Thumb Code     0  startup_stm32f405xx.o(.text)
    SPI2_IRQHandler                          0x080001b7   Thumb Code     0  startup_stm32f405xx.o(.text)
    SPI3_IRQHandler                          0x080001b7   Thumb Code     0  startup_stm32f405xx.o(.text)
    TAMP_STAMP_IRQHandler                    0x080001b7   Thumb Code     0  startup_stm32f405xx.o(.text)
    TIM1_BRK_TIM9_IRQHandler                 0x080001b7   Thumb Code     0  startup_stm32f405xx.o(.text)
    TIM1_CC_IRQHandler                       0x080001b7   Thumb Code     0  startup_stm32f405xx.o(.text)
    TIM1_TRG_COM_TIM11_IRQHandler            0x080001b7   Thumb Code     0  startup_stm32f405xx.o(.text)
    TIM1_UP_TIM10_IRQHandler                 0x080001b7   Thumb Code     0  startup_stm32f405xx.o(.text)
    TIM2_IRQHandler                          0x080001b7   Thumb Code     0  startup_stm32f405xx.o(.text)
    TIM3_IRQHandler                          0x080001b7   Thumb Code     0  startup_stm32f405xx.o(.text)
    TIM4_IRQHandler                          0x080001b7   Thumb Code     0  startup_stm32f405xx.o(.text)
    TIM5_IRQHandler                          0x080001b7   Thumb Code     0  startup_stm32f405xx.o(.text)
    TIM6_DAC_IRQHandler                      0x080001b7   Thumb Code     0  startup_stm32f405xx.o(.text)
    TIM7_IRQHandler                          0x080001b7   Thumb Code     0  startup_stm32f405xx.o(.text)
    TIM8_BRK_TIM12_IRQHandler                0x080001b7   Thumb Code     0  startup_stm32f405xx.o(.text)
    TIM8_CC_IRQHandler                       0x080001b7   Thumb Code     0  startup_stm32f405xx.o(.text)
    TIM8_TRG_COM_TIM14_IRQHandler            0x080001b7   Thumb Code     0  startup_stm32f405xx.o(.text)
    TIM8_UP_TIM13_IRQHandler                 0x080001b7   Thumb Code     0  startup_stm32f405xx.o(.text)
    UART5_IRQHandler                         0x080001b7   Thumb Code     0  startup_stm32f405xx.o(.text)
    USART1_IRQHandler                        0x080001b7   Thumb Code     0  startup_stm32f405xx.o(.text)
    USART2_IRQHandler                        0x080001b7   Thumb Code     0  startup_stm32f405xx.o(.text)
    USART3_IRQHandler                        0x080001b7   Thumb Code     0  startup_stm32f405xx.o(.text)
    USART6_IRQHandler                        0x080001b7   Thumb Code     0  startup_stm32f405xx.o(.text)
    WWDG_IRQHandler                          0x080001b7   Thumb Code     0  startup_stm32f405xx.o(.text)
    __aeabi_uldivmod                         0x080001c1   Thumb Code    98  uldiv.o(.text)
    __aeabi_ldivmod                          0x08000223   Thumb Code    98  ldiv.o(.text)
    __aeabi_memset                           0x08000285   Thumb Code    14  memseta.o(.text)
    __aeabi_memset4                          0x08000285   Thumb Code     0  memseta.o(.text)
    __aeabi_memset8                          0x08000285   Thumb Code     0  memseta.o(.text)
    __aeabi_memclr                           0x08000293   Thumb Code     4  memseta.o(.text)
    __aeabi_memclr4                          0x08000293   Thumb Code     0  memseta.o(.text)
    __aeabi_memclr8                          0x08000293   Thumb Code     0  memseta.o(.text)
    _memset$wrapper                          0x08000297   Thumb Code    18  memseta.o(.text)
    strstr                                   0x080002a9   Thumb Code    36  strstr.o(.text)
    strchr                                   0x080002cd   Thumb Code    20  strchr.o(.text)
    __aeabi_dadd                             0x080002e1   Thumb Code   322  dadd.o(.text)
    __aeabi_dsub                             0x08000423   Thumb Code     6  dadd.o(.text)
    __aeabi_drsub                            0x08000429   Thumb Code     6  dadd.o(.text)
    __aeabi_dmul                             0x0800042f   Thumb Code   228  dmul.o(.text)
    __aeabi_ddiv                             0x08000513   Thumb Code   222  ddiv.o(.text)
    __aeabi_dcmple                           0x080005f1   Thumb Code    54  dcmple.o(.text)
    __aeabi_dcmplt                           0x08000627   Thumb Code    54  dcmplt.o(.text)
    __aeabi_dcmpge                           0x0800065d   Thumb Code    54  dcmpge.o(.text)
    __aeabi_dcmpgt                           0x08000693   Thumb Code    54  dcmpgt.o(.text)
    __aeabi_i2d                              0x080006c9   Thumb Code    34  dflti.o(.text)
    __aeabi_ui2d                             0x080006eb   Thumb Code    26  dfltui.o(.text)
    __aeabi_f2d                              0x08000705   Thumb Code    38  f2d.o(.text)
    __aeabi_d2f                              0x0800072b   Thumb Code    56  d2f.o(.text)
    __aeabi_llsl                             0x08000763   Thumb Code    30  llshl.o(.text)
    _ll_shift_l                              0x08000763   Thumb Code     0  llshl.o(.text)
    __aeabi_llsr                             0x08000781   Thumb Code    32  llushr.o(.text)
    _ll_ushift_r                             0x08000781   Thumb Code     0  llushr.o(.text)
    __aeabi_lasr                             0x080007a1   Thumb Code    36  llsshr.o(.text)
    _ll_sshift_r                             0x080007a1   Thumb Code     0  llsshr.o(.text)
    __I$use$fp                               0x080007c5   Thumb Code     0  iusefp.o(.text)
    _float_round                             0x080007c5   Thumb Code    18  fepilogue.o(.text)
    _float_epilogue                          0x080007d7   Thumb Code    92  fepilogue.o(.text)
    _double_round                            0x08000833   Thumb Code    30  depilogue.o(.text)
    _double_epilogue                         0x08000851   Thumb Code   156  depilogue.o(.text)
    __ARM_scalbn                             0x080008ed   Thumb Code    46  dscalb.o(.text)
    scalbn                                   0x080008ed   Thumb Code     0  dscalb.o(.text)
    __aeabi_cdrcmple                         0x0800091d   Thumb Code    48  cdrcmple.o(.text)
    __scatterload                            0x0800094d   Thumb Code    28  init.o(.text)
    __scatterload_rt2                        0x0800094d   Thumb Code     0  init.o(.text)
    _dsqrt                                   0x08000971   Thumb Code   162  dsqrt.o(.text)
    ANOReceive                               0x08000a15   Thumb Code   384  anohost.o(.text.ANOReceive)
    ANOSendCheck                             0x08000b95   Thumb Code    60  anohost.o(.text.ANOSendCheck)
    AttitudeInit                             0x08000bd1   Thumb Code    80  attitude.o(.text.AttitudeInit)
    AttitudeTask                             0x08000c21   Thumb Code  1868  attitude.o(.text.AttitudeTask)
    BMP280Init                               0x0800136d   Thumb Code   210  bmp280.o(.text.BMP280Init)
    BMP280Update                             0x08001441   Thumb Code   592  bmp280.o(.text.BMP280Update)
    BatteryInit                              0x080016e3   Thumb Code    28  battery.o(.text.BatteryInit)
    BatteryTask                              0x08001701   Thumb Code   300  battery.o(.text.BatteryTask)
    BiquadFilterInit                         0x08001831   Thumb Code   240  filter.o(.text.BiquadFilterInit)
    BiquadFilterInitLPF                      0x08001921   Thumb Code    16  filter.o(.text.BiquadFilterInitLPF)
    BiquadLPFFilter                          0x08001931   Thumb Code    78  filter.o(.text.BiquadLPFFilter)
    BusFault_Handler                         0x08001981   Thumb Code     2  stm32f4xx_it.o(.text.BusFault_Handler)
    DbgPrintInit                             0x08001983   Thumb Code    42  dbgprint.o(.text.DbgPrintInit)
    DbgPrintTask                             0x080019ad   Thumb Code   132  dbgprint.o(.text.DbgPrintTask)
    DebugMon_Handler                         0x08001a31   Thumb Code     2  stm32f4xx_it.o(.text.DebugMon_Handler)
    HAL_ADC_ConfigChannel                    0x08001a35   Thumb Code   276  stm32f4xx_hal_adc.o(.text.HAL_ADC_ConfigChannel)
    HAL_ADC_GetState                         0x08001b49   Thumb Code     4  stm32f4xx_hal_adc.o(.text.HAL_ADC_GetState)
    HAL_ADC_GetValue                         0x08001b4d   Thumb Code     6  stm32f4xx_hal_adc.o(.text.HAL_ADC_GetValue)
    HAL_ADC_Init                             0x08001b53   Thumb Code   332  stm32f4xx_hal_adc.o(.text.HAL_ADC_Init)
    HAL_ADC_MspInit                          0x08001c9f   Thumb Code    96  stm32f4xx_hal_msp.o(.text.HAL_ADC_MspInit)
    HAL_ADC_PollForConversion                0x08001d01   Thumb Code   174  stm32f4xx_hal_adc.o(.text.HAL_ADC_PollForConversion)
    HAL_ADC_Start                            0x08001db1   Thumb Code   260  stm32f4xx_hal_adc.o(.text.HAL_ADC_Start)
    HAL_CAN_Init                             0x08001eb5   Thumb Code   240  stm32f4xx_hal_can.o(.text.HAL_CAN_Init)
    HAL_CAN_MspInit                          0x08001fa5   Thumb Code   122  stm32f4xx_hal_msp.o(.text.HAL_CAN_MspInit)
    HAL_Delay                                0x08002021   Thumb Code    40  stm32f4xx_hal.o(.text.HAL_Delay)
    HAL_GPIO_Init                            0x08002049   Thumb Code   440  stm32f4xx_hal_gpio.o(.text.HAL_GPIO_Init)
    HAL_GPIO_WritePin                        0x08002201   Thumb Code    10  stm32f4xx_hal_gpio.o(.text.HAL_GPIO_WritePin)
    HAL_GetTick                              0x0800220b   Thumb Code    12  stm32f4xx_hal.o(.text.HAL_GetTick)
    HAL_IncTick                              0x08002217   Thumb Code    26  stm32f4xx_hal.o(.text.HAL_IncTick)
    HAL_Init                                 0x08002231   Thumb Code    54  stm32f4xx_hal.o(.text.HAL_Init)
    HAL_InitTick                             0x08002267   Thumb Code    80  stm32f4xx_hal.o(.text.HAL_InitTick)
    HAL_MspInit                              0x080022b7   Thumb Code    56  stm32f4xx_hal_msp.o(.text.HAL_MspInit)
    HAL_NVIC_EnableIRQ                       0x080022ef   Thumb Code    30  stm32f4xx_hal_cortex.o(.text.HAL_NVIC_EnableIRQ)
    HAL_NVIC_SetPriority                     0x0800230d   Thumb Code    86  stm32f4xx_hal_cortex.o(.text.HAL_NVIC_SetPriority)
    HAL_NVIC_SetPriorityGrouping             0x08002363   Thumb Code    32  stm32f4xx_hal_cortex.o(.text.HAL_NVIC_SetPriorityGrouping)
    HAL_RCC_ClockConfig                      0x08002385   Thumb Code   334  stm32f4xx_hal_rcc.o(.text.HAL_RCC_ClockConfig)
    HAL_RCC_GetHCLKFreq                      0x080024d3   Thumb Code    12  stm32f4xx_hal_rcc.o(.text.HAL_RCC_GetHCLKFreq)
    HAL_RCC_GetPCLK1Freq                     0x080024df   Thumb Code    38  stm32f4xx_hal_rcc.o(.text.HAL_RCC_GetPCLK1Freq)
    HAL_RCC_GetPCLK2Freq                     0x08002505   Thumb Code    38  stm32f4xx_hal_rcc.o(.text.HAL_RCC_GetPCLK2Freq)
    HAL_RCC_GetSysClockFreq                  0x0800252b   Thumb Code    72  stm32f4xx_hal_rcc.o(.text.HAL_RCC_GetSysClockFreq)
    HAL_RCC_OscConfig                        0x08002575   Thumb Code   860  stm32f4xx_hal_rcc.o(.text.HAL_RCC_OscConfig)
    HAL_SPI_Init                             0x080028d1   Thumb Code   196  stm32f4xx_hal_spi.o(.text.HAL_SPI_Init)
    HAL_SPI_MspInit                          0x08002995   Thumb Code   278  stm32f4xx_hal_msp.o(.text.HAL_SPI_MspInit)
    HAL_SPI_Receive                          0x08002aad   Thumb Code   326  stm32f4xx_hal_spi.o(.text.HAL_SPI_Receive)
    HAL_SPI_Transmit                         0x08002bf5   Thumb Code   372  stm32f4xx_hal_spi.o(.text.HAL_SPI_Transmit)
    HAL_SPI_TransmitReceive                  0x08002d69   Thumb Code   474  stm32f4xx_hal_spi.o(.text.HAL_SPI_TransmitReceive)
    HAL_SYSTICK_Config                       0x08002f43   Thumb Code    44  stm32f4xx_hal_cortex.o(.text.HAL_SYSTICK_Config)
    HAL_TIMEx_ConfigBreakDeadTime            0x08002f6f   Thumb Code    76  stm32f4xx_hal_tim_ex.o(.text.HAL_TIMEx_ConfigBreakDeadTime)
    HAL_TIMEx_MasterConfigSynchronization    0x08002fbb   Thumb Code   174  stm32f4xx_hal_tim_ex.o(.text.HAL_TIMEx_MasterConfigSynchronization)
    HAL_TIM_Base_Init                        0x08003069   Thumb Code    88  stm32f4xx_hal_tim.o(.text.HAL_TIM_Base_Init)
    HAL_TIM_Base_MspInit                     0x080030c1   Thumb Code    48  stm32f4xx_hal_msp.o(.text.HAL_TIM_Base_MspInit)
    HAL_TIM_Base_Start                       0x080030f1   Thumb Code   152  stm32f4xx_hal_tim.o(.text.HAL_TIM_Base_Start)
    HAL_TIM_ConfigClockSource                0x08003189   Thumb Code   398  stm32f4xx_hal_tim.o(.text.HAL_TIM_ConfigClockSource)
    HAL_TIM_MspPostInit                      0x08003317   Thumb Code    78  stm32f4xx_hal_msp.o(.text.HAL_TIM_MspPostInit)
    HAL_TIM_OC_Start                         0x08003365   Thumb Code   260  stm32f4xx_hal_tim.o(.text.HAL_TIM_OC_Start)
    HAL_TIM_OC_Stop                          0x08003469   Thumb Code   148  stm32f4xx_hal_tim.o(.text.HAL_TIM_OC_Stop)
    HAL_TIM_PWM_ConfigChannel                0x080034fd   Thumb Code   150  stm32f4xx_hal_tim.o(.text.HAL_TIM_PWM_ConfigChannel)
    HAL_TIM_PWM_Init                         0x08003593   Thumb Code    88  stm32f4xx_hal_tim.o(.text.HAL_TIM_PWM_Init)
    HAL_TIM_PWM_MspInit                      0x080035eb   Thumb Code     2  stm32f4xx_hal_tim.o(.text.HAL_TIM_PWM_MspInit)
    HAL_UART_Init                            0x080035ed   Thumb Code    92  stm32f4xx_hal_uart.o(.text.HAL_UART_Init)
    HAL_UART_MspInit                         0x08003649   Thumb Code   226  stm32f4xx_hal_msp.o(.text.HAL_UART_MspInit)
    HAL_UART_Receive                         0x0800372d   Thumb Code   202  stm32f4xx_hal_uart.o(.text.HAL_UART_Receive)
    HAL_UART_Transmit                        0x080037f9   Thumb Code   190  stm32f4xx_hal_uart.o(.text.HAL_UART_Transmit)
    HardFault_Handler                        0x080038b9   Thumb Code     2  stm32f4xx_it.o(.text.HardFault_Handler)
    HardWareInit                             0x080038bd   Thumb Code  1246  cpu.o(.text.HardWareInit)
    INT8UToINT16U                            0x08003d9b   Thumb Code     8  mymath.o(.text.INT8UToINT16U)
    LORA433Init                              0x08003da5   Thumb Code   116  lora433.o(.text.LORA433Init)
    LORASendData                             0x08003ef9   Thumb Code    18  lora433.o(.text.LORASendData)
    LSM303DInit                              0x08003f0b   Thumb Code   444  lsm303d.o(.text.LSM303DInit)
    LSM303DUpdate                            0x080040c7   Thumb Code    78  lsm303d.o(.text.LSM303DUpdate)
    LowPassFilter                            0x080041eb   Thumb Code    34  filter.o(.text.LowPassFilter)
    MPU6000Init                              0x0800420d   Thumb Code   728  mpu6000.o(.text.MPU6000Init)
    MPU6000Update                            0x080044e9   Thumb Code   260  mpu6000.o(.text.MPU6000Update)
    MPUReadReg                               0x080045ed   Thumb Code    82  mpu6000.o(.text.MPUReadReg)
    MemManage_Handler                        0x08004641   Thumb Code     2  stm32f4xx_it.o(.text.MemManage_Handler)
    MotorInit                                0x08004643   Thumb Code    62  motor.o(.text.MotorInit)
    MotorLock                                0x08004681   Thumb Code    20  motor.o(.text.MotorLock)
    MotorLockCtrl                            0x08004695   Thumb Code   142  motor.o(.text.MotorLockCtrl)
    MotorSetDuty                             0x08004725   Thumb Code    98  motor.o(.text.MotorSetDuty)
    MotorUnLock                              0x08004787   Thumb Code    18  motor.o(.text.MotorUnLock)
    MyAcosApprox                             0x08004799   Thumb Code   168  mymath.o(.text.MyAcosApprox)
    MyAtan2Approx                            0x08004841   Thumb Code   320  mymath.o(.text.MyAtan2Approx)
    MyConstrainF                             0x08004981   Thumb Code    34  mymath.o(.text.MyConstrainF)
    MyCosApprox                              0x080049a9   Thumb Code    48  mymath.o(.text.MyCosApprox)
    MyFP32Abs                                0x080049d9   Thumb Code     6  mymath.o(.text.MyFP32Abs)
    MySinApprox                              0x080049e1   Thumb Code   396  mymath.o(.text.MySinApprox)
    NMI_Handler                              0x08004b6d   Thumb Code     2  stm32f4xx_it.o(.text.NMI_Handler)
    NRFInit                                  0x08004b71   Thumb Code   222  nrf24l01.o(.text.NRFInit)
    NRFReceiveData                           0x08004c9d   Thumb Code    54  nrf24l01.o(.text.NRFReceiveData)
    PIDInit                                  0x08004d71   Thumb Code   128  pid.o(.text.PIDInit)
    PIDUpdate                                0x08004df1   Thumb Code   224  pid.o(.text.PIDUpdate)
    PendSV_Handler                           0x08004ed1   Thumb Code     2  stm32f4xx_it.o(.text.PendSV_Handler)
    RemoteCtrlInit                           0x08004ed3   Thumb Code    32  remotectrl.o(.text.RemoteCtrlInit)
    RemoteCtrlTask                           0x08004ef5   Thumb Code   136  remotectrl.o(.text.RemoteCtrlTask)
    SVC_Handler                              0x080050f9   Thumb Code     2  stm32f4xx_it.o(.text.SVC_Handler)
    StabilizerInit                           0x080050fd   Thumb Code   396  stabilizer.o(.text.StabilizerInit)
    StabilizerTask                           0x08005289   Thumb Code   508  stabilizer.o(.text.StabilizerTask)
    SysTick_Handler                          0x08005485   Thumb Code    30  stm32f4xx_it.o(.text.SysTick_Handler)
    SystemInit                               0x080054a3   Thumb Code    18  system_stm32f4xx.o(.text.SystemInit)
    TIM_Base_SetConfig                       0x080054b5   Thumb Code   284  stm32f4xx_hal_tim.o(.text.TIM_Base_SetConfig)
    TIM_OC2_SetConfig                        0x08005635   Thumb Code   106  stm32f4xx_hal_tim.o(.text.TIM_OC2_SetConfig)
    UART4_IRQHandler                         0x08005755   Thumb Code    12  stm32f4xx_it.o(.text.UART4_IRQHandler)
    UART_Start_Receive_IT                    0x0800583d   Thumb Code    50  stm32f4xx_hal_uart.o(.text.UART_Start_Receive_IT)
    USER_UART_IRQHandler                     0x080058cf   Thumb Code   158  dbgprint.o(.text.USER_UART_IRQHandler)
    UpdateRocker                             0x0800596d   Thumb Code    26  remotectrl.o(.text.UpdateRocker)
    UpdateSetpoint                           0x08005987   Thumb Code    18  stabilizer.o(.text.UpdateSetpoint)
    UsageFault_Handler                       0x08005999   Thumb Code     2  stm32f4xx_it.o(.text.UsageFault_Handler)
    main                                     0x0800599d   Thumb Code    62  main.o(.text.main)
    __ARM_fpclassify                         0x080059db   Thumb Code    48  fpclassify.o(i.__ARM_fpclassify)
    __hardfp_pow                             0x08005a11   Thumb Code  3088  pow.o(i.__hardfp_pow)
    __hardfp_sqrtf                           0x08006671   Thumb Code    58  sqrtf.o(i.__hardfp_sqrtf)
    __kernel_poly                            0x080066ab   Thumb Code   248  poly.o(i.__kernel_poly)
    __mathlib_dbl_divzero                    0x080067a9   Thumb Code    28  dunder.o(i.__mathlib_dbl_divzero)
    __mathlib_dbl_infnan2                    0x080067d9   Thumb Code    20  dunder.o(i.__mathlib_dbl_infnan2)
    __mathlib_dbl_invalid                    0x080067f1   Thumb Code    24  dunder.o(i.__mathlib_dbl_invalid)
    __mathlib_dbl_overflow                   0x08006811   Thumb Code    24  dunder.o(i.__mathlib_dbl_overflow)
    __mathlib_dbl_underflow                  0x08006831   Thumb Code    24  dunder.o(i.__mathlib_dbl_underflow)
    __scatterload_copy                       0x08006851   Thumb Code    14  handlers.o(i.__scatterload_copy)
    __scatterload_null                       0x0800685f   Thumb Code     2  handlers.o(i.__scatterload_null)
    __scatterload_zeroinit                   0x08006861   Thumb Code    14  handlers.o(i.__scatterload_zeroinit)
    __set_errno                              0x08006871   Thumb Code     6  errno.o(i.__set_errno)
    fabs                                     0x0800687d   Thumb Code    24  fabs.o(i.fabs)
    sqrt                                     0x08006895   Thumb Code   110  sqrt.o(i.sqrt)
    __mathlib_zero                           0x08006990   Data           8  qnan.o(.constdata)
    AHBPrescTable                            0x08006998   Data          16  system_stm32f4xx.o(.rodata.AHBPrescTable)
    APBPrescTable                            0x080069a8   Data           8  system_stm32f4xx.o(.rodata.APBPrescTable)
    Region$$Table$$Base                      0x08006a34   Number         0  anon$$obj.o(Region$$Table)
    Region$$Table$$Limit                     0x08006a54   Number         0  anon$$obj.o(Region$$Table)
    SystemCoreClock                          0x20000004   Data           4  system_stm32f4xx.o(.data.SystemCoreClock)
    uwTickFreq                               0x20000010   Data           1  stm32f4xx_hal.o(.data.uwTickFreq)
    uwTickPrio                               0x20000014   Data           4  stm32f4xx_hal.o(.data.uwTickPrio)
    BatteryCtrlMsg                           0x20000028   Data           8  battery.o(.bss.BatteryCtrlMsg)
    g_AcceLFPFilter                          0x20000058   Data          84  attitude.o(.bss.g_AcceLFPFilter)
    g_AttitudeCtrlMsg                        0x200000ac   Data          48  attitude.o(.bss.g_AttitudeCtrlMsg)
    g_BMPCtrlMsg                             0x200000dc   Data          48  bmp280.o(.bss.g_BMPCtrlMsg)
    g_DbgPrintCtrlMsg                        0x2000010c   Data          56  dbgprint.o(.bss.g_DbgPrintCtrlMsg)
    g_GyroLFPFilter                          0x20000144   Data          84  attitude.o(.bss.g_GyroLFPFilter)
    g_LSMCtrLMsg                             0x20000198   Data          12  lsm303d.o(.bss.g_LSMCtrLMsg)
    g_MPUCtrlMsg                             0x200001a4   Data          16  mpu6000.o(.bss.g_MPUCtrlMsg)
    g_MotorCtrlMsg                           0x200001b4   Data          20  motor.o(.bss.g_MotorCtrlMsg)
    g_NRFCtrlMsg                             0x200001c8   Data          81  nrf24l01.o(.bss.g_NRFCtrlMsg)
    g_PIDCtrlMsg                             0x2000021c   Data         920  pid.o(.bss.g_PIDCtrlMsg)
    g_RemoteCtrlMsg                          0x200005b8   Data           8  remotectrl.o(.bss.g_RemoteCtrlMsg)
    g_StabiliCtrlMsg                         0x200005c0   Data          40  stabilizer.o(.bss.g_StabiliCtrlMsg)
    g_SysTickTime                            0x200005e8   Data           8  stm32f4xx_it.o(.bss.g_SysTickTime)
    hadc1                                    0x200005f0   Data          72  cpu.o(.bss.hadc1)
    hcan2                                    0x20000638   Data          40  cpu.o(.bss.hcan2)
    hspi1                                    0x20000660   Data          88  cpu.o(.bss.hspi1)
    hspi2                                    0x200006b8   Data          88  cpu.o(.bss.hspi2)
    hspi3                                    0x20000710   Data          88  cpu.o(.bss.hspi3)
    htim1                                    0x20000768   Data          72  cpu.o(.bss.htim1)
    huart4                                   0x200007b0   Data          68  cpu.o(.bss.huart4)
    huart6                                   0x200007f4   Data          68  cpu.o(.bss.huart6)
    uwTick                                   0x20000874   Data           4  stm32f4xx_hal.o(.bss.uwTick)
    __initial_sp                             0x20000c78   Data           0  startup_stm32f405xx.o(STACK)



==============================================================================

Memory Map of the image

  Image Entry point : 0x08000189

  Load Region LR_IROM1 (Base: 0x08000000, Size: 0x00006a70, Max: 0x00100000, ABSOLUTE)

    Execution Region ER_IROM1 (Exec base: 0x08000000, Load base: 0x08000000, Size: 0x00006a54, Max: 0x00100000, ABSOLUTE)

    Exec Addr    Load Addr    Size         Type   Attr      Idx    E Section Name        Object

    0x08000000   0x08000000   0x00000188   Data   RO          437    RESET               startup_stm32f405xx.o
    0x08000188   0x08000188   0x00000000   Code   RO         1662  * .ARM.Collect$$$$00000000  mc_w.l(entry.o)
    0x08000188   0x08000188   0x00000004   Code   RO         1769    .ARM.Collect$$$$00000001  mc_w.l(entry2.o)
    0x0800018c   0x0800018c   0x00000004   Code   RO         1772    .ARM.Collect$$$$00000004  mc_w.l(entry5.o)
    0x08000190   0x08000190   0x00000000   Code   RO         1774    .ARM.Collect$$$$00000008  mc_w.l(entry7b.o)
    0x08000190   0x08000190   0x00000000   Code   RO         1776    .ARM.Collect$$$$0000000A  mc_w.l(entry8b.o)
    0x08000190   0x08000190   0x00000008   Code   RO         1777    .ARM.Collect$$$$0000000B  mc_w.l(entry9a.o)
    0x08000198   0x08000198   0x00000000   Code   RO         1779    .ARM.Collect$$$$0000000D  mc_w.l(entry10a.o)
    0x08000198   0x08000198   0x00000000   Code   RO         1781    .ARM.Collect$$$$0000000F  mc_w.l(entry11a.o)
    0x08000198   0x08000198   0x00000004   Code   RO         1770    .ARM.Collect$$$$00002712  mc_w.l(entry2.o)
    0x0800019c   0x0800019c   0x00000024   Code   RO          438    .text               startup_stm32f405xx.o
    0x080001c0   0x080001c0   0x00000062   Code   RO         1665    .text               mc_w.l(uldiv.o)
    0x08000222   0x08000222   0x00000062   Code   RO         1667    .text               mc_w.l(ldiv.o)
    0x08000284   0x08000284   0x00000024   Code   RO         1669    .text               mc_w.l(memseta.o)
    0x080002a8   0x080002a8   0x00000024   Code   RO         1671    .text               mc_w.l(strstr.o)
    0x080002cc   0x080002cc   0x00000014   Code   RO         1673    .text               mc_w.l(strchr.o)
    0x080002e0   0x080002e0   0x0000014e   Code   RO         1703    .text               mf_w.l(dadd.o)
    0x0800042e   0x0800042e   0x000000e4   Code   RO         1705    .text               mf_w.l(dmul.o)
    0x08000512   0x08000512   0x000000de   Code   RO         1707    .text               mf_w.l(ddiv.o)
    0x080005f0   0x080005f0   0x00000036   Code   RO         1709    .text               mf_w.l(dcmple.o)
    0x08000626   0x08000626   0x00000036   Code   RO         1711    .text               mf_w.l(dcmplt.o)
    0x0800065c   0x0800065c   0x00000036   Code   RO         1713    .text               mf_w.l(dcmpge.o)
    0x08000692   0x08000692   0x00000036   Code   RO         1715    .text               mf_w.l(dcmpgt.o)
    0x080006c8   0x080006c8   0x00000022   Code   RO         1719    .text               mf_w.l(dflti.o)
    0x080006ea   0x080006ea   0x0000001a   Code   RO         1721    .text               mf_w.l(dfltui.o)
    0x08000704   0x08000704   0x00000026   Code   RO         1723    .text               mf_w.l(f2d.o)
    0x0800072a   0x0800072a   0x00000038   Code   RO         1725    .text               mf_w.l(d2f.o)
    0x08000762   0x08000762   0x0000001e   Code   RO         1783    .text               mc_w.l(llshl.o)
    0x08000780   0x08000780   0x00000020   Code   RO         1785    .text               mc_w.l(llushr.o)
    0x080007a0   0x080007a0   0x00000024   Code   RO         1787    .text               mc_w.l(llsshr.o)
    0x080007c4   0x080007c4   0x00000000   Code   RO         1802    .text               mc_w.l(iusefp.o)
    0x080007c4   0x080007c4   0x0000006e   Code   RO         1803    .text               mf_w.l(fepilogue.o)
    0x08000832   0x08000832   0x000000ba   Code   RO         1805    .text               mf_w.l(depilogue.o)
    0x080008ec   0x080008ec   0x0000002e   Code   RO         1809    .text               mf_w.l(dscalb.o)
    0x0800091a   0x0800091a   0x00000002   PAD
    0x0800091c   0x0800091c   0x00000030   Code   RO         1813    .text               mf_w.l(cdrcmple.o)
    0x0800094c   0x0800094c   0x00000024   Code   RO         1815    .text               mc_w.l(init.o)
    0x08000970   0x08000970   0x000000a2   Code   RO         1817    .text               mf_w.l(dsqrt.o)
    0x08000a12   0x08000a12   0x00000002   PAD
    0x08000a14   0x08000a14   0x00000180   Code   RO          426    .text.ANOReceive    anohost.o
    0x08000b94   0x08000b94   0x0000003c   Code   RO          422    .text.ANOSendCheck  anohost.o
    0x08000bd0   0x08000bd0   0x00000050   Code   RO          111    .text.AttitudeInit  attitude.o
    0x08000c20   0x08000c20   0x0000074c   Code   RO          113    .text.AttitudeTask  attitude.o
    0x0800136c   0x0800136c   0x000000d2   Code   RO          350    .text.BMP280Init    bmp280.o
    0x0800143e   0x0800143e   0x00000002   PAD
    0x08001440   0x08001440   0x00000250   Code   RO          354    .text.BMP280Update  bmp280.o
    0x08001690   0x08001690   0x00000052   Code   RO          352    .text.BMPReadContinul  bmp280.o
    0x080016e2   0x080016e2   0x0000001c   Code   RO          166    .text.BatteryInit   battery.o
    0x080016fe   0x080016fe   0x00000002   PAD
    0x08001700   0x08001700   0x0000012c   Code   RO          168    .text.BatteryTask   battery.o
    0x0800182c   0x0800182c   0x00000004   PAD
    0x08001830   0x08001830   0x000000f0   Code   RO          302    .text.BiquadFilterInit  filter.o
    0x08001920   0x08001920   0x00000010   Code   RO          304    .text.BiquadFilterInitLPF  filter.o
    0x08001930   0x08001930   0x0000004e   Code   RO          300    .text.BiquadLPFFilter  filter.o
    0x0800197e   0x0800197e   0x00000002   PAD
    0x08001980   0x08001980   0x00000002   Code   RO           71    .text.BusFault_Handler  stm32f4xx_it.o
    0x08001982   0x08001982   0x0000002a   Code   RO          180    .text.DbgPrintInit  dbgprint.o
    0x080019ac   0x080019ac   0x00000084   Code   RO          182    .text.DbgPrintTask  dbgprint.o
    0x08001a30   0x08001a30   0x00000002   Code   RO           77    .text.DebugMon_Handler  stm32f4xx_it.o
    0x08001a32   0x08001a32   0x00000002   PAD
    0x08001a34   0x08001a34   0x00000114   Code   RO          567    .text.HAL_ADC_ConfigChannel  stm32f4xx_hal_adc.o
    0x08001b48   0x08001b48   0x00000004   Code   RO          571    .text.HAL_ADC_GetState  stm32f4xx_hal_adc.o
    0x08001b4c   0x08001b4c   0x00000006   Code   RO          563    .text.HAL_ADC_GetValue  stm32f4xx_hal_adc.o
    0x08001b52   0x08001b52   0x0000014c   Code   RO          525    .text.HAL_ADC_Init  stm32f4xx_hal_adc.o
    0x08001c9e   0x08001c9e   0x00000060   Code   RO           35    .text.HAL_ADC_MspInit  stm32f4xx_hal_msp.o
    0x08001cfe   0x08001cfe   0x00000002   PAD
    0x08001d00   0x08001d00   0x000000ae   Code   RO          537    .text.HAL_ADC_PollForConversion  stm32f4xx_hal_adc.o
    0x08001dae   0x08001dae   0x00000002   PAD
    0x08001db0   0x08001db0   0x00000104   Code   RO          533    .text.HAL_ADC_Start  stm32f4xx_hal_adc.o
    0x08001eb4   0x08001eb4   0x000000f0   Code   RO          621    .text.HAL_CAN_Init  stm32f4xx_hal_can.o
    0x08001fa4   0x08001fa4   0x0000007a   Code   RO           39    .text.HAL_CAN_MspInit  stm32f4xx_hal_msp.o
    0x0800201e   0x0800201e   0x00000002   PAD
    0x08002020   0x08002020   0x00000028   Code   RO          480    .text.HAL_Delay     stm32f4xx_hal.o
    0x08002048   0x08002048   0x000001b8   Code   RO          842    .text.HAL_GPIO_Init  stm32f4xx_hal_gpio.o
    0x08002200   0x08002200   0x0000000a   Code   RO          848    .text.HAL_GPIO_WritePin  stm32f4xx_hal_gpio.o
    0x0800220a   0x0800220a   0x0000000c   Code   RO          472    .text.HAL_GetTick   stm32f4xx_hal.o
    0x08002216   0x08002216   0x0000001a   Code   RO          470    .text.HAL_IncTick   stm32f4xx_hal.o
    0x08002230   0x08002230   0x00000036   Code   RO          460    .text.HAL_Init      stm32f4xx_hal.o
    0x08002266   0x08002266   0x00000050   Code   RO          462    .text.HAL_InitTick  stm32f4xx_hal.o
    0x080022b6   0x080022b6   0x00000038   Code   RO           33    .text.HAL_MspInit   stm32f4xx_hal_msp.o
    0x080022ee   0x080022ee   0x0000001e   Code   RO          705    .text.HAL_NVIC_EnableIRQ  stm32f4xx_hal_cortex.o
    0x0800230c   0x0800230c   0x00000056   Code   RO          703    .text.HAL_NVIC_SetPriority  stm32f4xx_hal_cortex.o
    0x08002362   0x08002362   0x00000020   Code   RO          701    .text.HAL_NVIC_SetPriorityGrouping  stm32f4xx_hal_cortex.o
    0x08002382   0x08002382   0x00000002   PAD
    0x08002384   0x08002384   0x0000014e   Code   RO          914    .text.HAL_RCC_ClockConfig  stm32f4xx_hal_rcc.o
    0x080024d2   0x080024d2   0x0000000c   Code   RO          924    .text.HAL_RCC_GetHCLKFreq  stm32f4xx_hal_rcc.o
    0x080024de   0x080024de   0x00000026   Code   RO          926    .text.HAL_RCC_GetPCLK1Freq  stm32f4xx_hal_rcc.o
    0x08002504   0x08002504   0x00000026   Code   RO          928    .text.HAL_RCC_GetPCLK2Freq  stm32f4xx_hal_rcc.o
    0x0800252a   0x0800252a   0x00000048   Code   RO          916    .text.HAL_RCC_GetSysClockFreq  stm32f4xx_hal_rcc.o
    0x08002572   0x08002572   0x00000002   PAD
    0x08002574   0x08002574   0x0000035c   Code   RO          912    .text.HAL_RCC_OscConfig  stm32f4xx_hal_rcc.o
    0x080028d0   0x080028d0   0x000000c4   Code   RO          946    .text.HAL_SPI_Init  stm32f4xx_hal_spi.o
    0x08002994   0x08002994   0x00000116   Code   RO           43    .text.HAL_SPI_MspInit  stm32f4xx_hal_msp.o
    0x08002aaa   0x08002aaa   0x00000002   PAD
    0x08002aac   0x08002aac   0x00000146   Code   RO          958    .text.HAL_SPI_Receive  stm32f4xx_hal_spi.o
    0x08002bf2   0x08002bf2   0x00000002   PAD
    0x08002bf4   0x08002bf4   0x00000174   Code   RO          954    .text.HAL_SPI_Transmit  stm32f4xx_hal_spi.o
    0x08002d68   0x08002d68   0x000001da   Code   RO          960    .text.HAL_SPI_TransmitReceive  stm32f4xx_hal_spi.o
    0x08002f42   0x08002f42   0x0000002c   Code   RO          713    .text.HAL_SYSTICK_Config  stm32f4xx_hal_cortex.o
    0x08002f6e   0x08002f6e   0x0000004c   Code   RO         1366    .text.HAL_TIMEx_ConfigBreakDeadTime  stm32f4xx_hal_tim_ex.o
    0x08002fba   0x08002fba   0x000000ae   Code   RO         1364    .text.HAL_TIMEx_MasterConfigSynchronization  stm32f4xx_hal_tim_ex.o
    0x08003068   0x08003068   0x00000058   Code   RO         1064    .text.HAL_TIM_Base_Init  stm32f4xx_hal_tim.o
    0x080030c0   0x080030c0   0x00000030   Code   RO           47    .text.HAL_TIM_Base_MspInit  stm32f4xx_hal_msp.o
    0x080030f0   0x080030f0   0x00000098   Code   RO         1074    .text.HAL_TIM_Base_Start  stm32f4xx_hal_tim.o
    0x08003188   0x08003188   0x0000018e   Code   RO         1250    .text.HAL_TIM_ConfigClockSource  stm32f4xx_hal_tim.o
    0x08003316   0x08003316   0x0000004e   Code   RO           49    .text.HAL_TIM_MspPostInit  stm32f4xx_hal_msp.o
    0x08003364   0x08003364   0x00000104   Code   RO         1100    .text.HAL_TIM_OC_Start  stm32f4xx_hal_tim.o
    0x08003468   0x08003468   0x00000094   Code   RO         1104    .text.HAL_TIM_OC_Stop  stm32f4xx_hal_tim.o
    0x080034fc   0x080034fc   0x00000096   Code   RO         1224    .text.HAL_TIM_PWM_ConfigChannel  stm32f4xx_hal_tim.o
    0x08003592   0x08003592   0x00000058   Code   RO         1118    .text.HAL_TIM_PWM_Init  stm32f4xx_hal_tim.o
    0x080035ea   0x080035ea   0x00000002   Code   RO         1120    .text.HAL_TIM_PWM_MspInit  stm32f4xx_hal_tim.o
    0x080035ec   0x080035ec   0x0000005c   Code   RO         1388    .text.HAL_UART_Init  stm32f4xx_hal_uart.o
    0x08003648   0x08003648   0x000000e2   Code   RO           53    .text.HAL_UART_MspInit  stm32f4xx_hal_msp.o
    0x0800372a   0x0800372a   0x00000002   PAD
    0x0800372c   0x0800372c   0x000000ca   Code   RO         1408    .text.HAL_UART_Receive  stm32f4xx_hal_uart.o
    0x080037f6   0x080037f6   0x00000002   PAD
    0x080037f8   0x080037f8   0x000000be   Code   RO         1404    .text.HAL_UART_Transmit  stm32f4xx_hal_uart.o
    0x080038b6   0x080038b6   0x00000002   PAD
    0x080038b8   0x080038b8   0x00000002   Code   RO           67    .text.HardFault_Handler  stm32f4xx_it.o
    0x080038ba   0x080038ba   0x00000002   PAD
    0x080038bc   0x080038bc   0x000004de   Code   RO           11    .text.HardWareInit  cpu.o
    0x08003d9a   0x08003d9a   0x00000008   Code   RO          280    .text.INT8UToINT16U  mymath.o
    0x08003da2   0x08003da2   0x00000002   PAD
    0x08003da4   0x08003da4   0x000000fc   Code   RO          406    .text.LORA433Init   lora433.o
    0x08003ea0   0x08003ea0   0x00000058   Code   RO          408    .text.LORASendAT    lora433.o
    0x08003ef8   0x08003ef8   0x00000012   Code   RO          410    .text.LORASendData  lora433.o
    0x08003f0a   0x08003f0a   0x000001bc   Code   RO          365    .text.LSM303DInit   lsm303d.o
    0x080040c6   0x080040c6   0x0000004e   Code   RO          367    .text.LSM303DUpdate  lsm303d.o
    0x08004114   0x08004114   0x00000050   Code   RO          369    .text.LSMReadContinul  lsm303d.o
    0x08004164   0x08004164   0x00000086   Code   RO          392    .text.LSMReadContinul  nrf24l01.o
    0x080041ea   0x080041ea   0x00000022   Code   RO          294    .text.LowPassFilter  filter.o
    0x0800420c   0x0800420c   0x000002d8   Code   RO          337    .text.MPU6000Init   mpu6000.o
    0x080044e4   0x080044e4   0x00000004   PAD
    0x080044e8   0x080044e8   0x00000104   Code   RO          339    .text.MPU6000Update  mpu6000.o
    0x080045ec   0x080045ec   0x00000052   Code   RO          335    .text.MPUReadReg    mpu6000.o
    0x0800463e   0x0800463e   0x00000002   PAD
    0x08004640   0x08004640   0x00000002   Code   RO           69    .text.MemManage_Handler  stm32f4xx_it.o
    0x08004642   0x08004642   0x0000003e   Code   RO          145    .text.MotorInit     motor.o
    0x08004680   0x08004680   0x00000014   Code   RO          147    .text.MotorLock     motor.o
    0x08004694   0x08004694   0x0000008e   Code   RO          149    .text.MotorLockCtrl  motor.o
    0x08004722   0x08004722   0x00000002   PAD
    0x08004724   0x08004724   0x00000062   Code   RO          153    .text.MotorSetDuty  motor.o
    0x08004786   0x08004786   0x00000012   Code   RO          151    .text.MotorUnLock   motor.o
    0x08004798   0x08004798   0x000000a8   Code   RO          276    .text.MyAcosApprox  mymath.o
    0x08004840   0x08004840   0x00000140   Code   RO          274    .text.MyAtan2Approx  mymath.o
    0x08004980   0x08004980   0x00000022   Code   RO          278    .text.MyConstrainF  mymath.o
    0x080049a2   0x080049a2   0x00000006   PAD
    0x080049a8   0x080049a8   0x00000030   Code   RO          272    .text.MyCosApprox   mymath.o
    0x080049d8   0x080049d8   0x00000006   Code   RO          250    .text.MyFP32Abs     mymath.o
    0x080049de   0x080049de   0x00000002   PAD
    0x080049e0   0x080049e0   0x0000018c   Code   RO          270    .text.MySinApprox   mymath.o
    0x08004b6c   0x08004b6c   0x00000002   Code   RO           65    .text.NMI_Handler   stm32f4xx_it.o
    0x08004b6e   0x08004b6e   0x00000002   PAD
    0x08004b70   0x08004b70   0x000000de   Code   RO          380    .text.NRFInit       nrf24l01.o
    0x08004c4e   0x08004c4e   0x0000004e   Code   RO          386    .text.NRFReadReg    nrf24l01.o
    0x08004c9c   0x08004c9c   0x00000036   Code   RO          390    .text.NRFReceiveData  nrf24l01.o
    0x08004cd2   0x08004cd2   0x0000004e   Code   RO          384    .text.NRFWriteContinul  nrf24l01.o
    0x08004d20   0x08004d20   0x00000050   Code   RO          388    .text.NRFWriteReg   nrf24l01.o
    0x08004d70   0x08004d70   0x00000080   Code   RO          314    .text.PIDInit       pid.o
    0x08004df0   0x08004df0   0x000000e0   Code   RO          316    .text.PIDUpdate     pid.o
    0x08004ed0   0x08004ed0   0x00000002   Code   RO           79    .text.PendSV_Handler  stm32f4xx_it.o
    0x08004ed2   0x08004ed2   0x00000020   Code   RO          203    .text.RemoteCtrlInit  remotectrl.o
    0x08004ef2   0x08004ef2   0x00000002   PAD
    0x08004ef4   0x08004ef4   0x00000088   Code   RO          205    .text.RemoteCtrlTask  remotectrl.o
    0x08004f7c   0x08004f7c   0x00000052   Code   RO          962    .text.SPI_EndRxTransaction  stm32f4xx_hal_spi.o
    0x08004fce   0x08004fce   0x00000002   PAD
    0x08004fd0   0x08004fd0   0x00000064   Code   RO          956    .text.SPI_EndRxTxTransaction  stm32f4xx_hal_spi.o
    0x08005034   0x08005034   0x000000c4   Code   RO         1054    .text.SPI_WaitFlagStateUntilTimeout  stm32f4xx_hal_spi.o
    0x080050f8   0x080050f8   0x00000002   Code   RO           75    .text.SVC_Handler   stm32f4xx_it.o
    0x080050fa   0x080050fa   0x00000002   PAD
    0x080050fc   0x080050fc   0x0000018c   Code   RO           93    .text.StabilizerInit  stabilizer.o
    0x08005288   0x08005288   0x000001fc   Code   RO           95    .text.StabilizerTask  stabilizer.o
    0x08005484   0x08005484   0x0000001e   Code   RO           81    .text.SysTick_Handler  stm32f4xx_it.o
    0x080054a2   0x080054a2   0x00000012   Code   RO          445    .text.SystemInit    system_stm32f4xx.o
    0x080054b4   0x080054b4   0x0000011c   Code   RO         1068    .text.TIM_Base_SetConfig  stm32f4xx_hal_tim.o
    0x080055d0   0x080055d0   0x00000064   Code   RO         1212    .text.TIM_OC1_SetConfig  stm32f4xx_hal_tim.o
    0x08005634   0x08005634   0x0000006a   Code   RO         1214    .text.TIM_OC2_SetConfig  stm32f4xx_hal_tim.o
    0x0800569e   0x0800569e   0x00000068   Code   RO         1216    .text.TIM_OC3_SetConfig  stm32f4xx_hal_tim.o
    0x08005706   0x08005706   0x0000004e   Code   RO         1218    .text.TIM_OC4_SetConfig  stm32f4xx_hal_tim.o
    0x08005754   0x08005754   0x0000000c   Code   RO           83    .text.UART4_IRQHandler  stm32f4xx_it.o
    0x08005760   0x08005760   0x000000dc   Code   RO         1392    .text.UART_SetConfig  stm32f4xx_hal_uart.o
    0x0800583c   0x0800583c   0x00000032   Code   RO         1414    .text.UART_Start_Receive_IT  stm32f4xx_hal_uart.o
    0x0800586e   0x0800586e   0x00000002   PAD
    0x08005870   0x08005870   0x0000005e   Code   RO         1406    .text.UART_WaitOnFlagUntilTimeout  stm32f4xx_hal_uart.o
    0x080058ce   0x080058ce   0x0000009e   Code   RO          186    .text.USER_UART_IRQHandler  dbgprint.o
    0x0800596c   0x0800596c   0x0000001a   Code   RO          207    .text.UpdateRocker  remotectrl.o
    0x08005986   0x08005986   0x00000012   Code   RO           97    .text.UpdateSetpoint  stabilizer.o
    0x08005998   0x08005998   0x00000002   Code   RO           73    .text.UsageFault_Handler  stm32f4xx_it.o
    0x0800599a   0x0800599a   0x00000002   PAD
    0x0800599c   0x0800599c   0x0000003e   Code   RO            2    .text.main          main.o
    0x080059da   0x080059da   0x00000030   Code   RO         1750    i.__ARM_fpclassify  m_wm.l(fpclassify.o)
    0x08005a0a   0x08005a0a   0x00000006   PAD
    0x08005a10   0x08005a10   0x00000c60   Code   RO         1643    i.__hardfp_pow      m_wm.l(pow.o)
    0x08006670   0x08006670   0x0000003a   Code   RO         1656    i.__hardfp_sqrtf    m_wm.l(sqrtf.o)
    0x080066aa   0x080066aa   0x000000f8   Code   RO         1752    i.__kernel_poly     m_wm.l(poly.o)
    0x080067a2   0x080067a2   0x00000006   PAD
    0x080067a8   0x080067a8   0x00000030   Code   RO         1730    i.__mathlib_dbl_divzero  m_wm.l(dunder.o)
    0x080067d8   0x080067d8   0x00000014   Code   RO         1732    i.__mathlib_dbl_infnan2  m_wm.l(dunder.o)
    0x080067ec   0x080067ec   0x00000004   PAD
    0x080067f0   0x080067f0   0x00000020   Code   RO         1733    i.__mathlib_dbl_invalid  m_wm.l(dunder.o)
    0x08006810   0x08006810   0x00000020   Code   RO         1734    i.__mathlib_dbl_overflow  m_wm.l(dunder.o)
    0x08006830   0x08006830   0x00000020   Code   RO         1736    i.__mathlib_dbl_underflow  m_wm.l(dunder.o)
    0x08006850   0x08006850   0x0000000e   Code   RO         1823    i.__scatterload_copy  mc_w.l(handlers.o)
    0x0800685e   0x0800685e   0x00000002   Code   RO         1824    i.__scatterload_null  mc_w.l(handlers.o)
    0x08006860   0x08006860   0x0000000e   Code   RO         1825    i.__scatterload_zeroinit  mc_w.l(handlers.o)
    0x0800686e   0x0800686e   0x00000002   PAD
    0x08006870   0x08006870   0x0000000c   Code   RO         1797    i.__set_errno       mc_w.l(errno.o)
    0x0800687c   0x0800687c   0x00000018   Code   RO         1746    i.fabs              m_wm.l(fabs.o)
    0x08006894   0x08006894   0x0000006e   Code   RO         1765    i.sqrt              m_wm.l(sqrt.o)
    0x08006902   0x08006902   0x00000006   PAD
    0x08006908   0x08006908   0x00000088   Data   RO         1646    .constdata          m_wm.l(pow.o)
    0x08006990   0x08006990   0x00000008   Data   RO         1754    .constdata          m_wm.l(qnan.o)
    0x08006998   0x08006998   0x00000010   Data   RO          450    .rodata.AHBPrescTable  system_stm32f4xx.o
    0x080069a8   0x080069a8   0x00000008   Data   RO          451    .rodata.APBPrescTable  system_stm32f4xx.o
    0x080069b0   0x080069b0   0x0000007c   Data   RO          100    .rodata.ControlParaDefault  stabilizer.o
    0x08006a2c   0x08006a2c   0x00000005   Data   RO          397    .rodata.RXAddress   nrf24l01.o
    0x08006a31   0x08006a31   0x00000003   PAD
    0x08006a34   0x08006a34   0x00000020   Data   RO         1822    Region$$Table       anon$$obj.o


    Execution Region RW_IRAM2 (Exec base: 0x10000000, Load base: 0x08006a70, Size: 0x00000000, Max: 0x00010000, ABSOLUTE)

    **** No section assigned to this execution region ****


    Execution Region RW_IRAM1 (Exec base: 0x20000000, Load base: 0x08006a58, Size: 0x00000c78, Max: 0x00020000, ABSOLUTE)

    Exec Addr    Load Addr    Size         Type   Attr      Idx    E Section Name        Object

    0x20000000   0x08006a58   0x00000004   Data   RW         1798    .data               mc_w.l(errno.o)
    0x20000004   0x08006a5c   0x00000004   Data   RW          449    .data.SystemCoreClock  system_stm32f4xx.o
    0x20000008   0x08006a60   0x00000004   Data   RW          127    .data.imuMagFastPGainSaleFactor.magFastPGainCount  attitude.o
    0x2000000c   0x08006a64   0x00000004   Data   RW          123    .data.q0            attitude.o
    0x20000010   0x08006a68   0x00000001   Data   RW          515    .data.uwTickFreq    stm32f4xx_hal.o
    0x20000011   0x08006a69   0x00000003   PAD
    0x20000014   0x08006a6c   0x00000004   Data   RW          514    .data.uwTickPrio    stm32f4xx_hal.o
    0x20000018        -       0x00000001   Zero   RW          119    .bss.AttitudeTask.s_AttitudeStage  attitude.o
    0x20000019   0x08006a70   0x00000007   PAD
    0x20000020        -       0x00000008   Zero   RW          118    .bss.AttitudeTask.s_SystemTime  attitude.o
    0x20000028        -       0x00000008   Zero   RW          170    .bss.BatteryCtrlMsg  battery.o
    0x20000030        -       0x00000008   Zero   RW          193    .bss.DbgPrintTask.s_SystemTime  dbgprint.o
    0x20000038        -       0x00000001   Zero   RW          102    .bss.StabilizerTask.s_StabilizerStage  stabilizer.o
    0x20000039   0x08006a70   0x00000007   PAD
    0x20000040        -       0x00000008   Zero   RW          101    .bss.StabilizerTask.s_SystemTime  stabilizer.o
    0x20000048        -       0x00000002   Zero   RW          194    .bss.USER_UART_IRQHandler.FrameHead  dbgprint.o
    0x2000004a   0x08006a70   0x00000006   PAD
    0x20000050        -       0x00000008   Zero   RW          171    .bss.UpdateBattery.s_SystemTime  battery.o
    0x20000058        -       0x00000054   Zero   RW          117    .bss.g_AcceLFPFilter  attitude.o
    0x200000ac        -       0x00000030   Zero   RW          115    .bss.g_AttitudeCtrlMsg  attitude.o
    0x200000dc        -       0x00000030   Zero   RW          356    .bss.g_BMPCtrlMsg   bmp280.o
    0x2000010c        -       0x00000038   Zero   RW          192    .bss.g_DbgPrintCtrlMsg  dbgprint.o
    0x20000144        -       0x00000054   Zero   RW          116    .bss.g_GyroLFPFilter  attitude.o
    0x20000198        -       0x0000000c   Zero   RW          371    .bss.g_LSMCtrLMsg   lsm303d.o
    0x200001a4        -       0x00000010   Zero   RW          341    .bss.g_MPUCtrlMsg   mpu6000.o
    0x200001b4        -       0x00000014   Zero   RW          157    .bss.g_MotorCtrlMsg  motor.o
    0x200001c8        -       0x00000051   Zero   RW          396    .bss.g_NRFCtrlMsg   nrf24l01.o
    0x20000219   0x08006a70   0x00000003   PAD
    0x2000021c        -       0x00000398   Zero   RW          324    .bss.g_PIDCtrlMsg   pid.o
    0x200005b4   0x08006a70   0x00000004   PAD
    0x200005b8        -       0x00000008   Zero   RW          209    .bss.g_RemoteCtrlMsg  remotectrl.o
    0x200005c0        -       0x00000028   Zero   RW           99    .bss.g_StabiliCtrlMsg  stabilizer.o
    0x200005e8        -       0x00000008   Zero   RW           85    .bss.g_SysTickTime  stm32f4xx_it.o
    0x200005f0        -       0x00000048   Zero   RW           17    .bss.hadc1          cpu.o
    0x20000638        -       0x00000028   Zero   RW           18    .bss.hcan2          cpu.o
    0x20000660        -       0x00000058   Zero   RW           19    .bss.hspi1          cpu.o
    0x200006b8        -       0x00000058   Zero   RW           20    .bss.hspi2          cpu.o
    0x20000710        -       0x00000058   Zero   RW           21    .bss.hspi3          cpu.o
    0x20000768        -       0x00000048   Zero   RW           22    .bss.htim1          cpu.o
    0x200007b0        -       0x00000044   Zero   RW           23    .bss.huart4         cpu.o
    0x200007f4        -       0x00000044   Zero   RW           24    .bss.huart6         cpu.o
    0x20000838        -       0x00000004   Zero   RW          120    .bss.imuMahonyAHRSupdate.integralAccX  attitude.o
    0x2000083c        -       0x00000004   Zero   RW          121    .bss.imuMahonyAHRSupdate.integralAccY  attitude.o
    0x20000840        -       0x00000004   Zero   RW          122    .bss.imuMahonyAHRSupdate.integralAccZ  attitude.o
    0x20000844        -       0x00000004   Zero   RW          124    .bss.q1             attitude.o
    0x20000848        -       0x00000004   Zero   RW          125    .bss.q2             attitude.o
    0x2000084c        -       0x00000004   Zero   RW          126    .bss.q3             attitude.o
    0x20000850        -       0x00000004   Zero   RW          128    .bss.rMat.0.0       attitude.o
    0x20000854        -       0x00000004   Zero   RW          129    .bss.rMat.0.1       attitude.o
    0x20000858        -       0x00000004   Zero   RW          130    .bss.rMat.0.2       attitude.o
    0x2000085c        -       0x00000004   Zero   RW          131    .bss.rMat.1.0       attitude.o
    0x20000860        -       0x00000004   Zero   RW          132    .bss.rMat.1.1       attitude.o
    0x20000864        -       0x00000004   Zero   RW          133    .bss.rMat.1.2       attitude.o
    0x20000868        -       0x00000004   Zero   RW          134    .bss.rMat.2.0       attitude.o
    0x2000086c        -       0x00000004   Zero   RW          135    .bss.rMat.2.1       attitude.o
    0x20000870        -       0x00000004   Zero   RW          136    .bss.rMat.2.2       attitude.o
    0x20000874        -       0x00000004   Zero   RW          516    .bss.uwTick         stm32f4xx_hal.o
    0x20000878        -       0x00000400   Zero   RW          435    STACK               startup_stm32f405xx.o


==============================================================================

Image component sizes


      Code (inc. data)   RO Data    RW Data    ZI Data      Debug   Object Name

       444         10          0          0          0       4433   anohost.o
      1948         64          0          8        285       6833   attitude.o
       328         28          0          0         16       4088   battery.o
       884         48          0          0         48       4727   bmp280.o
      1246          0          0          0        584      14287   cpu.o
       332          0          0          0         66       6263   dbgprint.o
       368         12          0          0          0       6019   filter.o
       358        140          0          0          0       4355   lora433.o
       602          0          0          0         12       3425   lsm303d.o
        62          0          0          0          0       1048   main.o
       340          4          0          0         20       5509   motor.o
      1070         12          0          0         16       4332   mpu6000.o
       980        148          0          0          0       7176   mymath.o
       646          0          5          0         81       4417   nrf24l01.o
       352          4          0          0        920       2949   pid.o
       194         16          0          0          8       1572   remotectrl.o
       922         44        124          0         49       3031   stabilizer.o
        36          8        392          0       1024        844   startup_stm32f405xx.o
       212          0          0          5          4       7218   stm32f4xx_hal.o
      1052          0          0          0          0      10749   stm32f4xx_hal_adc.o
       240          0          0          0          0      13194   stm32f4xx_hal_can.o
       192          0          0          0          0      10375   stm32f4xx_hal_cortex.o
       450          0          0          0          0       4999   stm32f4xx_hal_gpio.o
       904          0          0          0          0      14081   stm32f4xx_hal_msp.o
      1354          0          0          0          0       7212   stm32f4xx_hal_rcc.o
      1746          0          0          0          0      21547   stm32f4xx_hal_spi.o
      1958          4          0          0          0      48864   stm32f4xx_hal_tim.o
       250          0          0          0          0      20756   stm32f4xx_hal_tim_ex.o
       848          0          0          0          0      21192   stm32f4xx_hal_uart.o
        58          0          0          0          8       3993   stm32f4xx_it.o
        18          0         24          4          0       2618   system_stm32f4xx.o

    ----------------------------------------------------------------------
     20458        546        580         20       3168     272106   Object Totals
         0          0         32          0          0          0   (incl. Generated)
        64          4          3          3         27          0   (incl. Padding)

    ----------------------------------------------------------------------

      Code (inc. data)   RO Data    RW Data    ZI Data      Debug   Library Member Name

       164         44          0          0          0        620   dunder.o
        24          0          0          0          0        124   fabs.o
        48          0          0          0          0        124   fpclassify.o
       248          0          0          0          0        152   poly.o
      3168        296        136          0          0        352   pow.o
         0          0          8          0          0          0   qnan.o
       110          0          0          0          0        148   sqrt.o
        58          0          0          0          0        136   sqrtf.o
         0          0          0          0          0          0   entry.o
         0          0          0          0          0          0   entry10a.o
         0          0          0          0          0          0   entry11a.o
         8          4          0          0          0          0   entry2.o
         4          0          0          0          0          0   entry5.o
         0          0          0          0          0          0   entry7b.o
         0          0          0          0          0          0   entry8b.o
         8          4          0          0          0          0   entry9a.o
        12          6          0          4          0         68   errno.o
        30          0          0          0          0          0   handlers.o
        36          8          0          0          0         68   init.o
         0          0          0          0          0          0   iusefp.o
        98          0          0          0          0         84   ldiv.o
        30          0          0          0          0         68   llshl.o
        36          0          0          0          0         68   llsshr.o
        32          0          0          0          0         68   llushr.o
        36          0          0          0          0        108   memseta.o
        20          0          0          0          0         68   strchr.o
        36          0          0          0          0         80   strstr.o
        98          0          0          0          0         92   uldiv.o
        48          0          0          0          0         68   cdrcmple.o
        56          0          0          0          0         88   d2f.o
       334          0          0          0          0        148   dadd.o
        54          0          0          0          0         80   dcmpge.o
        54          0          0          0          0         80   dcmpgt.o
        54          0          0          0          0         80   dcmple.o
        54          0          0          0          0         80   dcmplt.o
       222          0          0          0          0        100   ddiv.o
       186          0          0          0          0        176   depilogue.o
        34          0          0          0          0         76   dflti.o
        26          0          0          0          0         76   dfltui.o
       228          0          0          0          0         96   dmul.o
        46          0          0          0          0         80   dscalb.o
       162          0          0          0          0        100   dsqrt.o
        38          0          0          0          0         68   f2d.o
       110          0          0          0          0        168   fepilogue.o

    ----------------------------------------------------------------------
      6038        362        144          4          0       3992   Library Totals
        28          0          0          0          0          0   (incl. Padding)

    ----------------------------------------------------------------------

      Code (inc. data)   RO Data    RW Data    ZI Data      Debug   Library Name

      3820        340        144          0          0       1656   m_wm.l
       484         22          0          4          0        772   mc_w.l
      1706          0          0          0          0       1564   mf_w.l

    ----------------------------------------------------------------------
      6038        362        144          4          0       3992   Library Totals

    ----------------------------------------------------------------------

==============================================================================


      Code (inc. data)   RO Data    RW Data    ZI Data      Debug   

     26496        908        724         24       3168     273526   Grand Totals
     26496        908        724         24       3168     273526   ELF Image Totals
     26496        908        724         24          0          0   ROM Totals

==============================================================================

    Total RO  Size (Code + RO Data)                27220 (  26.58kB)
    Total RW  Size (RW Data + ZI Data)              3192 (   3.12kB)
    Total ROM Size (Code + RO Data + RW Data)      27244 (  26.61kB)

==============================================================================

