<html>
<body>
<pre>
<h1>µVision Build Log</h1>
<h2>Tool Versions:</h2>
IDE-Version: ¦ÌVision V5.35.0.0
Copyright (C) 2021 ARM Ltd and ARM Germany GmbH. All rights reserved.
License Information: 1 Hyacincher, 3, LIC=ATTQ1-CV9SH-GKRBG-VQ0RW-E0BQF-K6NIE
 
Tool Versions:
Toolchain:       MDK-ARM Plus  Version: 5.35.0.2
Toolchain Path:  D:\Keil MDK\ARM\ARMCLANG\Bin
C Compiler:      ArmClang.exe V6.16
Assembler:       Armasm.exe V6.16
Linker/Locator:  ArmLink.exe V6.16
Library Manager: ArmAr.exe V6.16
Hex Converter:   FromElf.exe V6.16
CPU DLL:         SARMCM3.DLL V5.35.0.2
Dialog DLL:      DCM.DLL V1.17.3.0
Target DLL:      Segger\JL2CM3.dll V2.99.40.0
Dialog DLL:      TCM.DLL V1.53.0.0
 
<h2>Project:</h2>
C:\Users\Hyacincher\Desktop\Mainboard\Code\MDK-ARM\Mainboard.uvprojx
Project File Date:  07/18/2021

<h2>Output:</h2>
*** Using Compiler 'V6.16', folder: 'D:\Keil MDK\ARM\ARMCLANG\Bin'
*** Note: Rebuilding project, since 'Options->Output->Create Batch File' is selected.
Rebuild target 'Mainboard'
compiling main.c...
compiling cpu.c...
compiling stm32f4xx_hal_msp.c...
compiling stm32f4xx_it.c...
compiling Stabilizer.c...
compiling Attitude.c...
compiling Motor.c...
compiling Battery.c...
compiling DbgPrint.c...
compiling RemoteCtrl.c...
compiling FFT.c...
compiling Mymath.c...
compiling Filter.c...
compiling PID.c...
compiling MPU6000.c...
compiling BMP280.c...
compiling LSM303D.c...
compiling NRF24L01.c...
compiling LORA433.c...
compiling ANOHost.c...
assembling startup_stm32f405xx.s...
compiling system_stm32f4xx.c...
compiling stm32f4xx_hal.c...
compiling stm32f4xx_hal_adc.c...
compiling stm32f4xx_hal_adc_ex.c...
compiling stm32f4xx_hal_can.c...
compiling stm32f4xx_hal_cortex.c...
compiling stm32f4xx_hal_crc.c...
compiling stm32f4xx_hal_dma.c...
compiling stm32f4xx_hal_exti.c...
compiling stm32f4xx_hal_flash.c...
compiling stm32f4xx_hal_gpio.c...
compiling stm32f4xx_hal_i2c.c...
compiling stm32f4xx_hal_iwdg.c...
compiling stm32f4xx_hal_pwr.c...
compiling stm32f4xx_hal_rcc.c...
compiling stm32f4xx_hal_spi.c...
compiling stm32f4xx_hal_tim.c...
compiling stm32f4xx_hal_tim_ex.c...
compiling stm32f4xx_hal_uart.c...
compiling stm32f4xx_hal_usart.c...
compiling stm32f4xx_hal_wwdg.c...
compiling stm32f4xx_hal_flash_ex.c...
compiling stm32f4xx_hal_flash_ramfunc.c...
linking...
Program Size: Code=26856 RO-data=724 RW-data=24 ZI-data=3192  
FromELF: creating hex file...
".\Mainboard\Mainboard.axf" - 0 Error(s), 0 Warning(s).

<h2>Software Packages used:</h2>

Package Vendor: ARM
                http://www.keil.com/pack/ARM.CMSIS.5.8.0.pack
                ARM.CMSIS.5.8.0
                CMSIS (Common Microcontroller Software Interface Standard)
   * Component: CORE Version: 5.5.0

Package Vendor: Keil
                http://www.keil.com/pack/Keil.STM32F4xx_DFP.2.14.0.pack
                Keil.STM32F4xx_DFP.2.14.0
                STMicroelectronics STM32F4 Series Device Support, Drivers and Examples

<h2>Collection of Component include folders:</h2>
  .\RTE\_Mainboard
  D:\Keil MDK\package\ARM\CMSIS\5.8.0\CMSIS\Core\Include
  D:\Keil MDK\package\Keil\STM32F4xx_DFP\2.14.0\Drivers\CMSIS\Device\ST\STM32F4xx\Include

<h2>Collection of Component Files used:</h2>

   * Component: ARM::CMSIS:CORE:5.5.0
      Include file:  CMSIS\Core\Include\tz_context.h
Build Time Elapsed:  00:00:21
</pre>
</body>
</html>
