Component: ARM Compiler 6.16 Tool: armlink [5dfeaa00]

==============================================================================

Section Cross References

    main.o(.text.main) refers to cpu.o(.text.HardWareInit) for HardWareInit
    main.o(.text.main) refers to attitude.o(.text.AttitudeInit) for AttitudeInit
    main.o(.text.main) refers to height.o(.text.HeightInit) for HeightInit
    main.o(.text.main) refers to stabilizer.o(.text.StabilizerInit) for StabilizerInit
    main.o(.text.main) refers to battery.o(.text.BatteryInit) for BatteryInit
    main.o(.text.main) refers to remotectrl.o(.text.RemoteCtrlInit) for RemoteCtrlInit
    main.o(.text.main) refers to dbgprint.o(.text.DbgPrintInit) for DbgPrintInit
    main.o(.text.main) refers to flightmode.o(.text.FlightModeInit) for FlightModeInit
    main.o(.text.main) refers to sysstatus.o(.text.SysStatusInit) for SysStatusInit
    main.o(.text.main) refers to predictor2.o(.text.PredictorInit) for PredictorInit
    main.o(.text.main) refers to cpu.o(.text.MX_IWDG_Init) for MX_IWDG_Init
    main.o(.text.main) refers to attitude.o(.text.AttitudeTask) for AttitudeTask
    main.o(.text.main) refers to height.o(.text.HeightTask) for HeightTask
    main.o(.text.main) refers to stabilizer.o(.text.StabilizerTask) for StabilizerTask
    main.o(.text.main) refers to dbgprint.o(.text.DbgPrintTask) for DbgPrintTask
    main.o(.text.main) refers to battery.o(.text.BatteryTask) for BatteryTask
    main.o(.text.main) refers to remotectrl.o(.text.RemoteCtrlTask) for RemoteCtrlTask
    main.o(.text.main) refers to flightmode.o(.text.FlightModeTask) for FlightModeTask
    main.o(.text.main) refers to sysstatus.o(.text.SysStatusTask) for SysStatusTask
    main.o(.text.main) refers to predictor2.o(.text.PredictorTask) for PredictorTask
    main.o(.text.main) refers to cpu.o(.bss.hiwdg) for hiwdg
    main.o(.text.main) refers to stm32f4xx_hal_iwdg.o(.text.HAL_IWDG_Refresh) for HAL_IWDG_Refresh
    main.o(.ARM.exidx.text.main) refers to main.o(.text.main) for [Anonymous Symbol]
    cpu.o(.text.HardWareInit) refers to stm32f4xx_hal.o(.text.HAL_Init) for HAL_Init
    cpu.o(.text.HardWareInit) refers to cpu.o(.text.SystemClock_Config) for SystemClock_Config
    cpu.o(.text.HardWareInit) refers to cpu.o(.text.MX_GPIO_Init) for MX_GPIO_Init
    cpu.o(.text.HardWareInit) refers to cpu.o(.text.MX_DMA_Init) for MX_DMA_Init
    cpu.o(.text.HardWareInit) refers to cpu.o(.text.MX_ADC1_Init) for MX_ADC1_Init
    cpu.o(.text.HardWareInit) refers to cpu.o(.text.MX_CAN2_Init) for MX_CAN2_Init
    cpu.o(.text.HardWareInit) refers to cpu.o(.text.MX_SPI1_Init) for MX_SPI1_Init
    cpu.o(.text.HardWareInit) refers to cpu.o(.text.MX_SPI2_Init) for MX_SPI2_Init
    cpu.o(.text.HardWareInit) refers to cpu.o(.text.MX_SPI3_Init) for MX_SPI3_Init
    cpu.o(.text.HardWareInit) refers to cpu.o(.text.MX_TIM1_Init) for MX_TIM1_Init
    cpu.o(.text.HardWareInit) refers to cpu.o(.text.MX_UART4_Init) for MX_UART4_Init
    cpu.o(.text.HardWareInit) refers to cpu.o(.text.MX_USART6_UART_Init) for MX_USART6_UART_Init
    cpu.o(.ARM.exidx.text.HardWareInit) refers to cpu.o(.text.HardWareInit) for [Anonymous Symbol]
    cpu.o(.text.SystemClock_Config) refers to memseta.o(.text) for __aeabi_memclr4
    cpu.o(.text.SystemClock_Config) refers to stm32f4xx_hal_rcc.o(.text.HAL_RCC_OscConfig) for HAL_RCC_OscConfig
    cpu.o(.text.SystemClock_Config) refers to cpu.o(.text.Error_Handler) for Error_Handler
    cpu.o(.text.SystemClock_Config) refers to stm32f4xx_hal_rcc.o(.text.HAL_RCC_ClockConfig) for HAL_RCC_ClockConfig
    cpu.o(.text.SystemClock_Config) refers to stm32f4xx_hal_rcc.o(.text.HAL_RCC_GetHCLKFreq) for HAL_RCC_GetHCLKFreq
    cpu.o(.ARM.exidx.text.SystemClock_Config) refers to cpu.o(.text.SystemClock_Config) for [Anonymous Symbol]
    cpu.o(.text.MX_GPIO_Init) refers to stm32f4xx_hal_gpio.o(.text.HAL_GPIO_WritePin) for HAL_GPIO_WritePin
    cpu.o(.text.MX_GPIO_Init) refers to stm32f4xx_hal_gpio.o(.text.HAL_GPIO_Init) for HAL_GPIO_Init
    cpu.o(.ARM.exidx.text.MX_GPIO_Init) refers to cpu.o(.text.MX_GPIO_Init) for [Anonymous Symbol]
    cpu.o(.text.MX_DMA_Init) refers to stm32f4xx_hal_cortex.o(.text.HAL_NVIC_SetPriority) for HAL_NVIC_SetPriority
    cpu.o(.text.MX_DMA_Init) refers to stm32f4xx_hal_cortex.o(.text.HAL_NVIC_EnableIRQ) for HAL_NVIC_EnableIRQ
    cpu.o(.ARM.exidx.text.MX_DMA_Init) refers to cpu.o(.text.MX_DMA_Init) for [Anonymous Symbol]
    cpu.o(.text.MX_ADC1_Init) refers to cpu.o(.bss.hadc1) for hadc1
    cpu.o(.text.MX_ADC1_Init) refers to stm32f4xx_hal_adc.o(.text.HAL_ADC_Init) for HAL_ADC_Init
    cpu.o(.text.MX_ADC1_Init) refers to cpu.o(.text.Error_Handler) for Error_Handler
    cpu.o(.text.MX_ADC1_Init) refers to stm32f4xx_hal_adc.o(.text.HAL_ADC_ConfigChannel) for HAL_ADC_ConfigChannel
    cpu.o(.ARM.exidx.text.MX_ADC1_Init) refers to cpu.o(.text.MX_ADC1_Init) for [Anonymous Symbol]
    cpu.o(.text.MX_CAN2_Init) refers to cpu.o(.bss.hcan2) for hcan2
[...]
    UpdateRawIMU.s_GravityCaliTime           0x20000188   Data           8  predictor2.o(.bss.UpdateRawIMU.s_GravityCaliTime)
    [Anonymous Symbol]                       0x20000188   Section        0  predictor2.o(.bss.UpdateRawIMU.s_GravityCaliTime)
    VelCorrect                               0x20000190   Data          12  predictor2.o(.bss.VelCorrect)
    [Anonymous Symbol]                       0x20000190   Section        0  predictor2.o(.bss.VelCorrect)
    VelDelta                                 0x2000019c   Data          12  predictor2.o(.bss.VelDelta)
    [Anonymous Symbol]                       0x2000019c   Section        0  predictor2.o(.bss.VelDelta)
    imuMahonyAHRSupdate.integralAccX         0x20000a94   Data           4  attitude.o(.bss.imuMahonyAHRSupdate.integralAccX)
    [Anonymous Symbol]                       0x20000a94   Section        0  attitude.o(.bss.imuMahonyAHRSupdate.integralAccX)
    imuMahonyAHRSupdate.integralAccY         0x20000a98   Data           4  attitude.o(.bss.imuMahonyAHRSupdate.integralAccY)
    [Anonymous Symbol]                       0x20000a98   Section        0  attitude.o(.bss.imuMahonyAHRSupdate.integralAccY)
    imuMahonyAHRSupdate.integralAccZ         0x20000a9c   Data           4  attitude.o(.bss.imuMahonyAHRSupdate.integralAccZ)
    [Anonymous Symbol]                       0x20000a9c   Section        0  attitude.o(.bss.imuMahonyAHRSupdate.integralAccZ)
    q1                                       0x20000aa0   Data           4  attitude.o(.bss.q1)
    [Anonymous Symbol]                       0x20000aa0   Section        0  attitude.o(.bss.q1)
    q2                                       0x20000aa4   Data           4  attitude.o(.bss.q2)
    [Anonymous Symbol]                       0x20000aa4   Section        0  attitude.o(.bss.q2)
    q3                                       0x20000aa8   Data           4  attitude.o(.bss.q3)
    [Anonymous Symbol]                       0x20000aa8   Section        0  attitude.o(.bss.q3)
    rMat                                     0x20000aac   Data          36  attitude.o(.bss.rMat)
    [Anonymous Symbol]                       0x20000aac   Section        0  attitude.o(.bss.rMat)
    s_BaroCaliTimeout                        0x20000ad0   Data           4  bmp280.o(.bss.s_BaroCaliTimeout)
    [Anonymous Symbol]                       0x20000ad0   Section        0  bmp280.o(.bss.s_BaroCaliTimeout)
    s_BaroGndAltitude                        0x20000ad4   Data           4  bmp280.o(.bss.s_BaroGndAltitude)
    [Anonymous Symbol]                       0x20000ad4   Section        0  bmp280.o(.bss.s_BaroGndAltitude)
    s_MotorUnlock                            0x20000ad8   Data           1  motor.o(.bss.s_MotorUnlock)
    [Anonymous Symbol]                       0x20000ad8   Section        0  motor.o(.bss.s_MotorUnlock)
    STACK                                    0x20000ae0   Section     1024  startup_stm32f405xx.o(STACK)

    Global Symbols

    Symbol Name                              Value     Ov Type        Size  Object(Section)

    BuildAttributes$$THM_ISAv4$E$P$D$K$B$S$7EM$VFPi3$EXTD16$VFPS$VFMA$PE$A:L22UL41UL21$X:L11$S22US41US21$IEEE1$IW$~IW$USESV6$~STKCKD$USESV7$~SHL$OTIME$ROPI$IEEEX$EBA8$MICROLIB$REQ8$PRES8$EABIv2 0x00000000   Number         0  anon$$obj.o ABSOLUTE
    __cpp_initialize__aeabi_                  - Undefined Weak Reference
    __cxa_finalize                            - Undefined Weak Reference
    __decompress                              - Undefined Weak Reference
    _clock_init                               - Undefined Weak Reference
    _microlib_exit                            - Undefined Weak Reference
    __Vectors_Size                           0x00000188   Number         0  startup_stm32f405xx.o ABSOLUTE
    __Vectors                                0x08000000   Data           4  startup_stm32f405xx.o(RESET)
    __Vectors_End                            0x08000188   Data           0  startup_stm32f405xx.o(RESET)
    __main                                   0x08000189   Thumb Code     0  entry.o(.ARM.Collect$$$$00000000)
    _main_stk                                0x08000189   Thumb Code     0  entry2.o(.ARM.Collect$$$$00000001)
    _main_scatterload                        0x0800018d   Thumb Code     0  entry5.o(.ARM.Collect$$$$00000004)
    __main_after_scatterload                 0x08000191   Thumb Code     0  entry5.o(.ARM.Collect$$$$00000004)
    _main_clock                              0x08000191   Thumb Code     0  entry7b.o(.ARM.Collect$$$$00000008)
    _main_cpp_init                           0x08000191   Thumb Code     0  entry8b.o(.ARM.Collect$$$$0000000A)
    _main_init                               0x08000191   Thumb Code     0  entry9a.o(.ARM.Collect$$$$0000000B)
    __rt_final_cpp                           0x08000199   Thumb Code     0  entry10a.o(.ARM.Collect$$$$0000000D)
    __rt_final_exit                          0x08000199   Thumb Code     0  entry11a.o(.ARM.Collect$$$$0000000F)
    Reset_Handler                            0x0800019d   Thumb Code     8  startup_stm32f405xx.o(.text)
    ADC_IRQHandler                           0x080001b7   Thumb Code     0  startup_stm32f405xx.o(.text)
    CAN1_RX0_IRQHandler                      0x080001b7   Thumb Code     0  startup_stm32f405xx.o(.text)
    CAN1_RX1_IRQHandler                      0x080001b7   Thumb Code     0  startup_stm32f405xx.o(.text)
    CAN1_SCE_IRQHandler                      0x080001b7   Thumb Code     0  startup_stm32f405xx.o(.text)
    CAN1_TX_IRQHandler                       0x080001b7   Thumb Code     0  startup_stm32f405xx.o(.text)
    CAN2_RX0_IRQHandler                      0x080001b7   Thumb Code     0  startup_stm32f405xx.o(.text)
    CAN2_RX1_IRQHandler                      0x080001b7   Thumb Code     0  startup_stm32f405xx.o(.text)
    CAN2_SCE_IRQHandler                      0x080001b7   Thumb Code     0  startup_stm32f405xx.o(.text)
    CAN2_TX_IRQHandler                       0x080001b7   Thumb Code     0  startup_stm32f405xx.o(.text)
    DMA1_Stream0_IRQHandler                  0x080001b7   Thumb Code     0  startup_stm32f405xx.o(.text)
    DMA1_Stream1_IRQHandler                  0x080001b7   Thumb Code     0  startup_stm32f405xx.o(.text)
    DMA1_Stream2_IRQHandler                  0x080001b7   Thumb Code     0  startup_stm32f405xx.o(.text)
    DMA1_Stream3_IRQHandler                  0x080001b7   Thumb Code     0  startup_stm32f405xx.o(.text)
    DMA1_Stream5_IRQHandler                  0x080001b7   Thumb Code     0  startup_stm32f405xx.o(.text)
    DMA1_Stream6_IRQHandler                  0x080001b7   Thumb Code     0  startup_stm32f405xx.o(.text)
    DMA1_Stream7_IRQHandler                  0x080001b7   Thumb Code     0  startup_stm32f405xx.o(.text)
    DMA2_Stream0_IRQHandler                  0x080001b7   Thumb Code     0  startup_stm32f405xx.o(.text)
    DMA2_Stream1_IRQHandler                  0x080001b7   Thumb Code     0  startup_stm32f405xx.o(.text)
    DMA2_Stream2_IRQHandler                  0x080001b7   Thumb Code     0  startup_stm32f405xx.o(.text)
    DMA2_Stream3_IRQHandler                  0x080001b7   Thumb Code     0  startup_stm32f405xx.o(.text)
    DMA2_Stream4_IRQHandler                  0x080001b7   Thumb Code     0  startup_stm32f405xx.o(.text)
    DMA2_Stream5_IRQHandler                  0x080001b7   Thumb Code     0  startup_stm32f405xx.o(.text)
    DMA2_Stream6_IRQHandler                  0x080001b7   Thumb Code     0  startup_stm32f405xx.o(.text)
    DMA2_Stream7_IRQHandler                  0x080001b7   Thumb Code     0  startup_stm32f405xx.o(.text)
    EXTI0_IRQHandler                         0x080001b7   Thumb Code     0  startup_stm32f405xx.o(.text)
    EXTI15_10_IRQHandler                     0x080001b7   Thumb Code     0  startup_stm32f405xx.o(.text)
    EXTI1_IRQHandler                         0x080001b7   Thumb Code     0  startup_stm32f405xx.o(.text)
    EXTI2_IRQHandler                         0x080001b7   Thumb Code     0  startup_stm32f405xx.o(.text)
    EXTI3_IRQHandler                         0x080001b7   Thumb Code     0  startup_stm32f405xx.o(.text)
    EXTI4_IRQHandler                         0x080001b7   Thumb Code     0  startup_stm32f405xx.o(.text)
    EXTI9_5_IRQHandler                       0x080001b7   Thumb Code     0  startup_stm32f405xx.o(.text)
    FLASH_IRQHandler                         0x080001b7   Thumb Code     0  startup_stm32f405xx.o(.text)
    FMC_IRQHandler                           0x080001b7   Thumb Code     0  startup_stm32f405xx.o(.text)
    FPU_IRQHandler                           0x080001b7   Thumb Code     0  startup_stm32f405xx.o(.text)
    HASH_RNG_IRQHandler                      0x080001b7   Thumb Code     0  startup_stm32f405xx.o(.text)
    I2C1_ER_IRQHandler                       0x080001b7   Thumb Code     0  startup_stm32f405xx.o(.text)
    I2C1_EV_IRQHandler                       0x080001b7   Thumb Code     0  startup_stm32f405xx.o(.text)
    I2C2_ER_IRQHandler                       0x080001b7   Thumb Code     0  startup_stm32f405xx.o(.text)
    I2C2_EV_IRQHandler                       0x080001b7   Thumb Code     0  startup_stm32f405xx.o(.text)
    I2C3_ER_IRQHandler                       0x080001b7   Thumb Code     0  startup_stm32f405xx.o(.text)
    I2C3_EV_IRQHandler                       0x080001b7   Thumb Code     0  startup_stm32f405xx.o(.text)
    OTG_FS_IRQHandler                        0x080001b7   Thumb Code     0  startup_stm32f405xx.o(.text)
    OTG_FS_WKUP_IRQHandler                   0x080001b7   Thumb Code     0  startup_stm32f405xx.o(.text)
    OTG_HS_EP1_IN_IRQHandler                 0x080001b7   Thumb Code     0  startup_stm32f405xx.o(.text)
    OTG_HS_EP1_OUT_IRQHandler                0x080001b7   Thumb Code     0  startup_stm32f405xx.o(.text)
    OTG_HS_IRQHandler                        0x080001b7   Thumb Code     0  startup_stm32f405xx.o(.text)
    OTG_HS_WKUP_IRQHandler                   0x080001b7   Thumb Code     0  startup_stm32f405xx.o(.text)
    PVD_IRQHandler                           0x080001b7   Thumb Code     0  startup_stm32f405xx.o(.text)
    RCC_IRQHandler                           0x080001b7   Thumb Code     0  startup_stm32f405xx.o(.text)
    RTC_Alarm_IRQHandler                     0x080001b7   Thumb Code     0  startup_stm32f405xx.o(.text)
    RTC_WKUP_IRQHandler                      0x080001b7   Thumb Code     0  startup_stm32f405xx.o(.text)
    SDIO_IRQHandler                          0x080001b7   Thumb Code     0  startup_stm32f405xx.o(.text)
    SPI1_IRQHandler                          0x080001b7   Thumb Code     0  startup_stm32f405xx.o(.text)
    SPI2_IRQHandler                          0x080001b7   Thumb Code     0  startup_stm32f405xx.o(.text)
    SPI3_IRQHandler                          0x080001b7   Thumb Code     0  startup_stm32f405xx.o(.text)
    TAMP_STAMP_IRQHandler                    0x080001b7   Thumb Code     0  startup_stm32f405xx.o(.text)
    TIM1_BRK_TIM9_IRQHandler                 0x080001b7   Thumb Code     0  startup_stm32f405xx.o(.text)
    TIM1_CC_IRQHandler                       0x080001b7   Thumb Code     0  startup_stm32f405xx.o(.text)
    TIM1_TRG_COM_TIM11_IRQHandler            0x080001b7   Thumb Code     0  startup_stm32f405xx.o(.text)
    TIM1_UP_TIM10_IRQHandler                 0x080001b7   Thumb Code     0  startup_stm32f405xx.o(.text)
    TIM2_IRQHandler                          0x080001b7   Thumb Code     0  startup_stm32f405xx.o(.text)
    TIM3_IRQHandler                          0x080001b7   Thumb Code     0  startup_stm32f405xx.o(.text)
    TIM4_IRQHandler                          0x080001b7   Thumb Code     0  startup_stm32f405xx.o(.text)
    TIM5_IRQHandler                          0x080001b7   Thumb Code     0  startup_stm32f405xx.o(.text)
    TIM6_DAC_IRQHandler                      0x080001b7   Thumb Code     0  startup_stm32f405xx.o(.text)
    TIM7_IRQHandler                          0x080001b7   Thumb Code     0  startup_stm32f405xx.o(.text)
    TIM8_BRK_TIM12_IRQHandler                0x080001b7   Thumb Code     0  startup_stm32f405xx.o(.text)
    TIM8_CC_IRQHandler                       0x080001b7   Thumb Code     0  startup_stm32f405xx.o(.text)
    TIM8_TRG_COM_TIM14_IRQHandler            0x080001b7   Thumb Code     0  startup_stm32f405xx.o(.text)
    TIM8_UP_TIM13_IRQHandler                 0x080001b7   Thumb Code     0  startup_stm32f405xx.o(.text)
    UART5_IRQHandler                         0x080001b7   Thumb Code     0  startup_stm32f405xx.o(.text)
    USART1_IRQHandler                        0x080001b7   Thumb Code     0  startup_stm32f405xx.o(.text)
    USART2_IRQHandler                        0x080001b7   Thumb Code     0  startup_stm32f405xx.o(.text)
    USART3_IRQHandler                        0x080001b7   Thumb Code     0  startup_stm32f405xx.o(.text)
    USART6_IRQHandler                        0x080001b7   Thumb Code     0  startup_stm32f405xx.o(.text)
    WWDG_IRQHandler                          0x080001b7   Thumb Code     0  startup_stm32f405xx.o(.text)
    __aeabi_uldivmod                         0x080001c1   Thumb Code    98  uldiv.o(.text)
    __aeabi_ldivmod                          0x08000223   Thumb Code    98  ldiv.o(.text)
    __aeabi_memcpy                           0x08000285   Thumb Code    36  memcpya.o(.text)
    __aeabi_memcpy4                          0x08000285   Thumb Code     0  memcpya.o(.text)
    __aeabi_memcpy8                          0x08000285   Thumb Code     0  memcpya.o(.text)
    __aeabi_memset                           0x080002a9   Thumb Code    14  memseta.o(.text)
    __aeabi_memset4                          0x080002a9   Thumb Code     0  memseta.o(.text)
    __aeabi_memset8                          0x080002a9   Thumb Code     0  memseta.o(.text)
    __aeabi_memclr                           0x080002b7   Thumb Code     4  memseta.o(.text)
    __aeabi_memclr4                          0x080002b7   Thumb Code     0  memseta.o(.text)
    __aeabi_memclr8                          0x080002b7   Thumb Code     0  memseta.o(.text)
    _memset$wrapper                          0x080002bb   Thumb Code    18  memseta.o(.text)
    strstr                                   0x080002cd   Thumb Code    36  strstr.o(.text)
    strchr                                   0x080002f1   Thumb Code    20  strchr.o(.text)
    __aeabi_dadd                             0x08000305   Thumb Code   322  dadd.o(.text)
    __aeabi_dsub                             0x08000447   Thumb Code     6  dadd.o(.text)
    __aeabi_drsub                            0x0800044d   Thumb Code     6  dadd.o(.text)
    __aeabi_dmul                             0x08000453   Thumb Code   228  dmul.o(.text)
    __aeabi_ddiv                             0x08000537   Thumb Code   222  ddiv.o(.text)
    __aeabi_dcmple                           0x08000615   Thumb Code    54  dcmple.o(.text)
    __aeabi_dcmpge                           0x0800064b   Thumb Code    54  dcmpge.o(.text)
    __aeabi_i2d                              0x08000681   Thumb Code    34  dflti.o(.text)
    __aeabi_d2iz                             0x080006a3   Thumb Code    62  dfixi.o(.text)
    __aeabi_f2d                              0x080006e1   Thumb Code    38  f2d.o(.text)
    __aeabi_d2f                              0x08000707   Thumb Code    56  d2f.o(.text)
    __aeabi_llsl                             0x0800073f   Thumb Code    30  llshl.o(.text)
    _ll_shift_l                              0x0800073f   Thumb Code     0  llshl.o(.text)
    __aeabi_llsr                             0x0800075d   Thumb Code    32  llushr.o(.text)
    _ll_ushift_r                             0x0800075d   Thumb Code     0  llushr.o(.text)
    __aeabi_lasr                             0x0800077d   Thumb Code    36  llsshr.o(.text)
    _ll_sshift_r                             0x0800077d   Thumb Code     0  llsshr.o(.text)
    __I$use$fp                               0x080007a1   Thumb Code     0  iusefp.o(.text)
    _float_round                             0x080007a1   Thumb Code    18  fepilogue.o(.text)
    _float_epilogue                          0x080007b3   Thumb Code    92  fepilogue.o(.text)
    _double_round                            0x0800080f   Thumb Code    30  depilogue.o(.text)
    _double_epilogue                         0x0800082d   Thumb Code   156  depilogue.o(.text)
    __ARM_scalbn                             0x080008c9   Thumb Code    46  dscalb.o(.text)
    scalbn                                   0x080008c9   Thumb Code     0  dscalb.o(.text)
    __aeabi_cdrcmple                         0x080008f9   Thumb Code    48  cdrcmple.o(.text)
    __scatterload                            0x08000929   Thumb Code    28  init.o(.text)
    __scatterload_rt2                        0x08000929   Thumb Code     0  init.o(.text)
    _dsqrt                                   0x0800094d   Thumb Code   162  dsqrt.o(.text)
    ANOReceive                               0x08000b7d   Thumb Code  1008  anohost.o(.text.ANOReceive)
    ANOSendCheck                             0x08000f6d   Thumb Code    78  anohost.o(.text.ANOSendCheck)
    ANOSendPID                               0x08000fbd   Thumb Code   680  anohost.o(.text.ANOSendPID)
    ApplyDeadBand                            0x08001265   Thumb Code    76  mymath.o(.text.ApplyDeadBand)
    AttitudeInit                             0x08001325   Thumb Code   122  attitude.o(.text.AttitudeInit)
    AttitudeTask                             0x080013a1   Thumb Code   160  attitude.o(.text.AttitudeTask)
    BMP280Init                               0x08001441   Thumb Code   104  bmp280.o(.text.BMP280Init)
    BMP280Update                             0x080014a9   Thumb Code   268  bmp280.o(.text.BMP280Update)
    BatteryInit                              0x08001b05   Thumb Code    52  battery.o(.text.BatteryInit)
    BatteryTask                              0x08001b39   Thumb Code     8  battery.o(.text.BatteryTask)
    BiquadFilterInit                         0x08001b41   Thumb Code   480  filter.o(.text.BiquadFilterInit)
    BiquadFilterInitLPF                      0x08001d21   Thumb Code    66  filter.o(.text.BiquadFilterInitLPF)
    BiquadLPFFilter                          0x08001d65   Thumb Code   118  filter.o(.text.BiquadLPFFilter)
    BusFault_Handler                         0x08001ddd   Thumb Code     4  stm32f4xx_it.o(.text.BusFault_Handler)
    CRC_CHECK                                0x08001de1   Thumb Code   132  dbgprint.o(.text.CRC_CHECK)
    DMA1_Stream4_IRQHandler                  0x08001f6d   Thumb Code    16  stm32f4xx_it.o(.text.DMA1_Stream4_IRQHandler)
    DbgPrintInit                             0x08002115   Thumb Code    46  dbgprint.o(.text.DbgPrintInit)
    DbgPrintTask                             0x08002149   Thumb Code   248  dbgprint.o(.text.DbgPrintTask)
    DebugMon_Handler                         0x08002241   Thumb Code     2  stm32f4xx_it.o(.text.DebugMon_Handler)
    Error_Handler                            0x08002245   Thumb Code     6  cpu.o(.text.Error_Handler)
    FlightModeInit                           0x08002559   Thumb Code    20  flightmode.o(.text.FlightModeInit)
    FlightModeTask                           0x0800256d   Thumb Code   174  flightmode.o(.text.FlightModeTask)
    FlightStandBy                            0x0800261d   Thumb Code    22  flightmode.o(.text.FlightStandBy)
    FlightWorking                            0x08002635   Thumb Code   120  flightmode.o(.text.FlightWorking)
    GetMotorUnLock                           0x080026cd   Thumb Code    12  motor.o(.text.GetMotorUnLock)
    GetThrottleRate                          0x08002785   Thumb Code    48  remotectrl.o(.text.GetThrottleRate)
    HAL_ADC_ConfigChannel                    0x080027b5   Thumb Code   536  stm32f4xx_hal_adc.o(.text.HAL_ADC_ConfigChannel)
    HAL_ADC_GetState                         0x080029cd   Thumb Code    12  stm32f4xx_hal_adc.o(.text.HAL_ADC_GetState)
    HAL_ADC_GetValue                         0x080029d9   Thumb Code    14  stm32f4xx_hal_adc.o(.text.HAL_ADC_GetValue)
    HAL_ADC_Init                             0x080029e9   Thumb Code   168  stm32f4xx_hal_adc.o(.text.HAL_ADC_Init)
    HAL_ADC_MspInit                          0x08002a91   Thumb Code   136  stm32f4xx_hal_msp.o(.text.HAL_ADC_MspInit)
    HAL_ADC_PollForConversion                0x08002b19   Thumb Code   298  stm32f4xx_hal_adc.o(.text.HAL_ADC_PollForConversion)
    HAL_ADC_Start                            0x08002c45   Thumb Code   464  stm32f4xx_hal_adc.o(.text.HAL_ADC_Start)
    HAL_CAN_Init                             0x08002e15   Thumb Code   478  stm32f4xx_hal_can.o(.text.HAL_CAN_Init)
    HAL_CAN_MspInit                          0x08002ff5   Thumb Code   180  stm32f4xx_hal_msp.o(.text.HAL_CAN_MspInit)
    HAL_DMA_IRQHandler                       0x080030a9   Thumb Code   798  stm32f4xx_hal_dma.o(.text.HAL_DMA_IRQHandler)
    HAL_DMA_Init                             0x080033c9   Thumb Code   366  stm32f4xx_hal_dma.o(.text.HAL_DMA_Init)
    HAL_DMA_Start_IT                         0x08003539   Thumb Code   194  stm32f4xx_hal_dma.o(.text.HAL_DMA_Start_IT)
    HAL_GPIO_Init                            0x080035fd   Thumb Code   950  stm32f4xx_hal_gpio.o(.text.HAL_GPIO_Init)
    HAL_GPIO_TogglePin                       0x080039b5   Thumb Code    38  stm32f4xx_hal_gpio.o(.text.HAL_GPIO_TogglePin)
    HAL_GPIO_WritePin                        0x080039dd   Thumb Code    46  stm32f4xx_hal_gpio.o(.text.HAL_GPIO_WritePin)
    HAL_GetTick                              0x08003a0d   Thumb Code    12  stm32f4xx_hal.o(.text.HAL_GetTick)
    HAL_IWDG_Init                            0x08003a19   Thumb Code   140  stm32f4xx_hal_iwdg.o(.text.HAL_IWDG_Init)
    HAL_IWDG_Refresh                         0x08003aa5   Thumb Code    20  stm32f4xx_hal_iwdg.o(.text.HAL_IWDG_Refresh)
    HAL_IncTick                              0x08003ab9   Thumb Code    26  stm32f4xx_hal.o(.text.HAL_IncTick)
    HAL_Init                                 0x08003ad5   Thumb Code    60  stm32f4xx_hal.o(.text.HAL_Init)
    HAL_InitTick                             0x08003b11   Thumb Code   112  stm32f4xx_hal.o(.text.HAL_InitTick)
    HAL_MspInit                              0x08003b81   Thumb Code    74  stm32f4xx_hal_msp.o(.text.HAL_MspInit)
    HAL_NVIC_EnableIRQ                       0x08003bcd   Thumb Code    20  stm32f4xx_hal_cortex.o(.text.HAL_NVIC_EnableIRQ)
    HAL_NVIC_SetPriority                     0x08003be1   Thumb Code    50  stm32f4xx_hal_cortex.o(.text.HAL_NVIC_SetPriority)
    HAL_NVIC_SetPriorityGrouping             0x08003c15   Thumb Code    16  stm32f4xx_hal_cortex.o(.text.HAL_NVIC_SetPriorityGrouping)
    HAL_RCC_ClockConfig                      0x08003c25   Thumb Code   610  stm32f4xx_hal_rcc.o(.text.HAL_RCC_ClockConfig)
    HAL_RCC_GetHCLKFreq                      0x08003e89   Thumb Code    12  stm32f4xx_hal_rcc.o(.text.HAL_RCC_GetHCLKFreq)
    HAL_RCC_GetPCLK1Freq                     0x08003e95   Thumb Code    34  stm32f4xx_hal_rcc.o(.text.HAL_RCC_GetPCLK1Freq)
    HAL_RCC_GetPCLK2Freq                     0x08003eb9   Thumb Code    34  stm32f4xx_hal_rcc.o(.text.HAL_RCC_GetPCLK2Freq)
    HAL_RCC_GetSysClockFreq                  0x08003edd   Thumb Code   230  stm32f4xx_hal_rcc.o(.text.HAL_RCC_GetSysClockFreq)
    HAL_RCC_OscConfig                        0x08003fc5   Thumb Code  1726  stm32f4xx_hal_rcc.o(.text.HAL_RCC_OscConfig)
    HAL_SPI_Init                             0x08004685   Thumb Code   256  stm32f4xx_hal_spi.o(.text.HAL_SPI_Init)
    HAL_SPI_MspInit                          0x08004785   Thumb Code   394  stm32f4xx_hal_msp.o(.text.HAL_SPI_MspInit)
    HAL_SPI_Receive                          0x08004911   Thumb Code   560  stm32f4xx_hal_spi.o(.text.HAL_SPI_Receive)
    HAL_SPI_Transmit                         0x08004b41   Thumb Code   644  stm32f4xx_hal_spi.o(.text.HAL_SPI_Transmit)
    HAL_SPI_TransmitReceive                  0x08004dc5   Thumb Code   870  stm32f4xx_hal_spi.o(.text.HAL_SPI_TransmitReceive)
    HAL_SYSTICK_Config                       0x0800512d   Thumb Code    16  stm32f4xx_hal_cortex.o(.text.HAL_SYSTICK_Config)
    HAL_TIMEx_ConfigBreakDeadTime            0x0800513d   Thumb Code   178  stm32f4xx_hal_tim_ex.o(.text.HAL_TIMEx_ConfigBreakDeadTime)
    HAL_TIMEx_MasterConfigSynchronization    0x080051f1   Thumb Code   290  stm32f4xx_hal_tim_ex.o(.text.HAL_TIMEx_MasterConfigSynchronization)
    HAL_TIM_Base_Init                        0x08005315   Thumb Code   156  stm32f4xx_hal_tim.o(.text.HAL_TIM_Base_Init)
    HAL_TIM_Base_MspInit                     0x080053b1   Thumb Code    60  stm32f4xx_hal_msp.o(.text.HAL_TIM_Base_MspInit)
    HAL_TIM_Base_Start                       0x080053ed   Thumb Code   234  stm32f4xx_hal_tim.o(.text.HAL_TIM_Base_Start)
    HAL_TIM_ConfigClockSource                0x080054d9   Thumb Code   374  stm32f4xx_hal_tim.o(.text.HAL_TIM_ConfigClockSource)
    HAL_TIM_MspPostInit                      0x08005651   Thumb Code   106  stm32f4xx_hal_msp.o(.text.HAL_TIM_MspPostInit)
    HAL_TIM_OC_Start                         0x080056bd   Thumb Code   458  stm32f4xx_hal_tim.o(.text.HAL_TIM_OC_Start)
    HAL_TIM_OC_Stop                          0x08005889   Thumb Code   262  stm32f4xx_hal_tim.o(.text.HAL_TIM_OC_Stop)
    HAL_TIM_PWM_ConfigChannel                0x08005991   Thumb Code   308  stm32f4xx_hal_tim.o(.text.HAL_TIM_PWM_ConfigChannel)
    HAL_TIM_PWM_Init                         0x08005ac5   Thumb Code   156  stm32f4xx_hal_tim.o(.text.HAL_TIM_PWM_Init)
    HAL_TIM_PWM_MspInit                      0x08005b61   Thumb Code     8  stm32f4xx_hal_tim.o(.text.HAL_TIM_PWM_MspInit)
    HAL_UART_ErrorCallback                   0x08005b69   Thumb Code     8  stm32f4xx_hal_uart.o(.text.HAL_UART_ErrorCallback)
    HAL_UART_Init                            0x08005b71   Thumb Code   154  stm32f4xx_hal_uart.o(.text.HAL_UART_Init)
    HAL_UART_MspInit                         0x08005c0d   Thumb Code   370  stm32f4xx_hal_msp.o(.text.HAL_UART_MspInit)
    HAL_UART_Receive                         0x08005d81   Thumb Code   356  stm32f4xx_hal_uart.o(.text.HAL_UART_Receive)
    HAL_UART_Transmit                        0x08005ee5   Thumb Code   334  stm32f4xx_hal_uart.o(.text.HAL_UART_Transmit)
    HAL_UART_Transmit_DMA                    0x08006035   Thumb Code   246  stm32f4xx_hal_uart.o(.text.HAL_UART_Transmit_DMA)
    HAL_UART_TxCpltCallback                  0x0800612d   Thumb Code     8  stm32f4xx_hal_uart.o(.text.HAL_UART_TxCpltCallback)
    HAL_UART_TxHalfCpltCallback              0x08006135   Thumb Code     8  stm32f4xx_hal_uart.o(.text.HAL_UART_TxHalfCpltCallback)
    Hal_DelayMs                              0x0800613d   Thumb Code    82  cpu.o(.text.Hal_DelayMs)
    HardFault_Handler                        0x08006191   Thumb Code    26  stm32f4xx_it.o(.text.HardFault_Handler)
    HardWareInit                             0x080061ad   Thumb Code    52  cpu.o(.text.HardWareInit)
    HeightInit                               0x08006899   Thumb Code    26  height.o(.text.HeightInit)
    HeightTask                               0x080068b5   Thumb Code   170  height.o(.text.HeightTask)
    INT8UToINT16U                            0x08006961   Thumb Code    36  mymath.o(.text.INT8UToINT16U)
    LORA433Init                              0x08006985   Thumb Code   252  lora433.o(.text.LORA433Init)
    LORASendData                             0x08006b11   Thumb Code    52  lora433.o(.text.LORASendData)
    LSM303DInit                              0x08006b45   Thumb Code   148  lsm303d.o(.text.LSM303DInit)
    LSM303DUpdate                            0x08006bd9   Thumb Code   142  lsm303d.o(.text.LSM303DUpdate)
    LowPassFilter                            0x08006e09   Thumb Code    54  filter.o(.text.LowPassFilter)
    MPU6000Init                              0x08006e41   Thumb Code   322  mpu6000.o(.text.MPU6000Init)
    MPU6000Update                            0x08006f89   Thumb Code   540  mpu6000.o(.text.MPU6000Update)
    MPUReadReg                               0x080071a5   Thumb Code    94  mpu6000.o(.text.MPUReadReg)
    MPUWriteReg                              0x08007205   Thumb Code    88  mpu6000.o(.text.MPUWriteReg)
    MX_IWDG_Init                             0x08007551   Thumb Code    46  cpu.o(.text.MX_IWDG_Init)
    MemManage_Handler                        0x08007895   Thumb Code     4  stm32f4xx_it.o(.text.MemManage_Handler)
    MotorInit                                0x080078b9   Thumb Code    56  motor.o(.text.MotorInit)
    MotorLock                                0x080078f1   Thumb Code    40  motor.o(.text.MotorLock)
    MotorSetDuty                             0x08007939   Thumb Code    84  motor.o(.text.MotorSetDuty)
    MotorUnLock                              0x0800798d   Thumb Code   106  motor.o(.text.MotorUnLock)
    MyAcosApprox                             0x080079f9   Thumb Code   184  mymath.o(.text.MyAcosApprox)
    MyAtan2Approx                            0x08007ab1   Thumb Code   396  mymath.o(.text.MyAtan2Approx)
    MyConstrainF                             0x08007c3d   Thumb Code    82  mymath.o(.text.MyConstrainF)
    MyConstrainINT16U                        0x08007c91   Thumb Code    82  mymath.o(.text.MyConstrainINT16U)
    MyCosApprox                              0x08007ce9   Thumb Code    72  mymath.o(.text.MyCosApprox)
    MyFP32Abs                                0x08007d31   Thumb Code    54  mymath.o(.text.MyFP32Abs)
    MyFP32Max                                0x08007d69   Thumb Code    58  mymath.o(.text.MyFP32Max)
    MyFP32Min                                0x08007da5   Thumb Code    58  mymath.o(.text.MyFP32Min)
    MyINT32SAbs                              0x08007de1   Thumb Code    32  mymath.o(.text.MyINT32SAbs)
    MySinApprox                              0x08007e01   Thumb Code   528  mymath.o(.text.MySinApprox)
    NMI_Handler                              0x08008011   Thumb Code     4  stm32f4xx_it.o(.text.NMI_Handler)
    NRFInit                                  0x08008015   Thumb Code    60  nrf24l01.o(.text.NRFInit)
    NRFReceiveData                           0x080080b1   Thumb Code    82  nrf24l01.o(.text.NRFReceiveData)
    PIDInit                                  0x080084b1   Thumb Code   184  pid.o(.text.PIDInit)
    PIDReset                                 0x08008569   Thumb Code    26  pid.o(.text.PIDReset)
    PIDResetIntegral                         0x08008585   Thumb Code    14  pid.o(.text.PIDResetIntegral)
    PIDSetIntegral                           0x08008595   Thumb Code    18  pid.o(.text.PIDSetIntegral)
    PIDUpdate                                0x080085a9   Thumb Code   410  pid.o(.text.PIDUpdate)
    PendSV_Handler                           0x08008745   Thumb Code     2  stm32f4xx_it.o(.text.PendSV_Handler)
    PredictorInit                            0x08008781   Thumb Code    22  predictor2.o(.text.PredictorInit)
    PredictorTask                            0x08008799   Thumb Code   178  predictor2.o(.text.PredictorTask)
    QuickMedian3_INT32S                      0x08008905   Thumb Code    96  mymath.o(.text.QuickMedian3_INT32S)
    RemoteCtrlInit                           0x08008e4d   Thumb Code    46  remotectrl.o(.text.RemoteCtrlInit)
    RemoteCtrlTask                           0x08008e7d   Thumb Code    80  remotectrl.o(.text.RemoteCtrlTask)
    SVC_Handler                              0x080092c5   Thumb Code     2  stm32f4xx_it.o(.text.SVC_Handler)
    SensorAlign                              0x080092c9   Thumb Code   296  sensoralign.o(.text.SensorAlign)
    SetOriginFlyPara                         0x080093f1   Thumb Code    38  stabilizer.o(.text.SetOriginFlyPara)
    StabilizerInit                           0x08009419   Thumb Code   560  stabilizer.o(.text.StabilizerInit)
    StabilizerTask                           0x08009649   Thumb Code   164  stabilizer.o(.text.StabilizerTask)
    SysStatusInit                            0x08009839   Thumb Code     2  sysstatus.o(.text.SysStatusInit)
    SysStatusTask                            0x0800983d   Thumb Code    84  sysstatus.o(.text.SysStatusTask)
    SysTick_Handler                          0x080098e5   Thumb Code    30  stm32f4xx_it.o(.text.SysTick_Handler)
    SystemInit                               0x080099c9   Thumb Code    18  system_stm32f4xx.o(.text.SystemInit)
    TIM_Base_SetConfig                       0x080099dd   Thumb Code   410  stm32f4xx_hal_tim.o(.text.TIM_Base_SetConfig)
    TIM_CCxChannelCmd                        0x08009b79   Thumb Code    54  stm32f4xx_hal_tim.o(.text.TIM_CCxChannelCmd)
    TIM_ETR_SetConfig                        0x08009bb1   Thumb Code    52  stm32f4xx_hal_tim.o(.text.TIM_ETR_SetConfig)
    TIM_OC2_SetConfig                        0x08009cfd   Thumb Code   244  stm32f4xx_hal_tim.o(.text.TIM_OC2_SetConfig)
    TakeoffCheck                             0x0800a02d   Thumb Code    92  attitude.o(.text.TakeoffCheck)
    TransBodyVectorToNEU                     0x0800a141   Thumb Code   184  attitude.o(.text.TransBodyVectorToNEU)
    UART4_IRQHandler                         0x0800a1f9   Thumb Code    16  stm32f4xx_it.o(.text.UART4_IRQHandler)
    UART_Start_Receive_IT                    0x0800a485   Thumb Code   100  stm32f4xx_hal_uart.o(.text.UART_Start_Receive_IT)
    USER_UART_IRQHandler                     0x0800a585   Thumb Code   312  dbgprint.o(.text.USER_UART_IRQHandler)
    UpdateRocker                             0x0800ad95   Thumb Code    54  remotectrl.o(.text.UpdateRocker)
    UpdateSetpoint                           0x0800adcd   Thumb Code    46  stabilizer.o(.text.UpdateSetpoint)
    UsageFault_Handler                       0x0800adfd   Thumb Code     4  stm32f4xx_it.o(.text.UsageFault_Handler)
    VisualScope_Output                       0x0800ae01   Thumb Code   214  dbgprint.o(.text.VisualScope_Output)
    main                                     0x0800b931   Thumb Code   104  main.o(.text.main)
    __ARM_fpclassify                         0x0800b999   Thumb Code    48  fpclassify.o(i.__ARM_fpclassify)
    __hardfp_pow                             0x0800b9c9   Thumb Code  3088  pow.o(i.__hardfp_pow)
    __hardfp_sqrtf                           0x0800c629   Thumb Code    58  sqrtf.o(i.__hardfp_sqrtf)
    __kernel_poly                            0x0800c663   Thumb Code   248  poly.o(i.__kernel_poly)
    __mathlib_dbl_divzero                    0x0800c761   Thumb Code    28  dunder.o(i.__mathlib_dbl_divzero)
    __mathlib_dbl_infnan2                    0x0800c791   Thumb Code    20  dunder.o(i.__mathlib_dbl_infnan2)
    __mathlib_dbl_invalid                    0x0800c7a9   Thumb Code    24  dunder.o(i.__mathlib_dbl_invalid)
    __mathlib_dbl_overflow                   0x0800c7c9   Thumb Code    24  dunder.o(i.__mathlib_dbl_overflow)
    __mathlib_dbl_underflow                  0x0800c7e9   Thumb Code    24  dunder.o(i.__mathlib_dbl_underflow)
    __scatterload_copy                       0x0800c809   Thumb Code    14  handlers.o(i.__scatterload_copy)
    __scatterload_null                       0x0800c817   Thumb Code     2  handlers.o(i.__scatterload_null)
    __scatterload_zeroinit                   0x0800c819   Thumb Code    14  handlers.o(i.__scatterload_zeroinit)
    __set_errno                              0x0800c829   Thumb Code     6  errno.o(i.__set_errno)
    fabs                                     0x0800c835   Thumb Code    24  fabs.o(i.fabs)
    sqrt                                     0x0800c84d   Thumb Code   110  sqrt.o(i.sqrt)
    __mathlib_zero                           0x0800c948   Data           8  qnan.o(.constdata)
    AHBPrescTable                            0x0800c950   Data          16  system_stm32f4xx.o(.rodata.AHBPrescTable)
    APBPrescTable                            0x0800c960   Data           8  system_stm32f4xx.o(.rodata.APBPrescTable)
    Region$$Table$$Base                      0x0800c9f0   Number         0  anon$$obj.o(Region$$Table)
    Region$$Table$$Limit                     0x0800ca10   Number         0  anon$$obj.o(Region$$Table)
    SystemCoreClock                          0x2000008c   Data           4  system_stm32f4xx.o(.data.SystemCoreClock)
    uwTickFreq                               0x200000a0   Data           1  stm32f4xx_hal.o(.data.uwTickFreq)
    uwTickPrio                               0x200000a4   Data           4  stm32f4xx_hal.o(.data.uwTickPrio)
    g_AcceLFPFilter                          0x200001a8   Data          84  attitude.o(.bss.g_AcceLFPFilter)
    g_AttitudeCtrlMsg                        0x200001fc   Data          68  attitude.o(.bss.g_AttitudeCtrlMsg)
    g_BMPCtrlMsg                             0x20000240   Data          52  bmp280.o(.bss.g_BMPCtrlMsg)
    g_BatteryCtrlMsg                         0x20000274   Data           8  battery.o(.bss.g_BatteryCtrlMsg)
    g_DbgPrintCtrlMsg                        0x2000027c   Data          56  dbgprint.o(.bss.g_DbgPrintCtrlMsg)
    g_FlightModeCtrlMsg                      0x200002b4   Data           2  flightmode.o(.bss.g_FlightModeCtrlMsg)
    g_GyroLFPFilter                          0x200002b8   Data          84  attitude.o(.bss.g_GyroLFPFilter)
    g_HeightCtrlMsg                          0x2000030c   Data          16  height.o(.bss.g_HeightCtrlMsg)
    g_LORASendBuff                           0x2000031c   Data          50  lora433.o(.bss.g_LORASendBuff)
    g_LSMCtrLMsg                             0x2000034e   Data          12  lsm303d.o(.bss.g_LSMCtrLMsg)
    g_MPUCtrlMsg                             0x2000035c   Data          16  mpu6000.o(.bss.g_MPUCtrlMsg)
    g_NRFCtrlMsg                             0x2000036c   Data          81  nrf24l01.o(.bss.g_NRFCtrlMsg)
    g_PIDCtrlMsg                             0x200003c0   Data         880  pid.o(.bss.g_PIDCtrlMsg)
    g_PredictorCtrlMsg                       0x20000730   Data          68  predictor2.o(.bss.g_PredictorCtrlMsg)
    g_RemoteCtrlMsg                          0x20000778   Data          24  remotectrl.o(.bss.g_RemoteCtrlMsg)
    g_StabiliCtrlMsg                         0x20000790   Data          72  stabilizer.o(.bss.g_StabiliCtrlMsg)
    g_SysTickTime                            0x200007d8   Data           8  stm32f4xx_it.o(.bss.g_SysTickTime)
    hadc1                                    0x200007e0   Data          72  cpu.o(.bss.hadc1)
    hcan2                                    0x20000828   Data          40  cpu.o(.bss.hcan2)
    hdma_uart4_tx                            0x20000850   Data          96  cpu.o(.bss.hdma_uart4_tx)
    hiwdg                                    0x200008b0   Data          12  cpu.o(.bss.hiwdg)
    hspi1                                    0x200008bc   Data          88  cpu.o(.bss.hspi1)
    hspi2                                    0x20000914   Data          88  cpu.o(.bss.hspi2)
    hspi3                                    0x2000096c   Data          88  cpu.o(.bss.hspi3)
    htim1                                    0x200009c4   Data          72  cpu.o(.bss.htim1)
    huart4                                   0x20000a0c   Data          68  cpu.o(.bss.huart4)
    huart6                                   0x20000a50   Data          68  cpu.o(.bss.huart6)
    uwTick                                   0x20000adc   Data           4  stm32f4xx_hal.o(.bss.uwTick)
    __initial_sp                             0x20000ee0   Data           0  startup_stm32f405xx.o(STACK)



==============================================================================

Memory Map of the image

  Image Entry point : 0x08000189

  Load Region LR_IROM1 (Base: 0x08000000, Size: 0x0000cab8, Max: 0x00100000, ABSOLUTE)

    Execution Region ER_IROM1 (Exec base: 0x08000000, Load base: 0x08000000, Size: 0x0000ca10, Max: 0x00100000, ABSOLUTE)

    Exec Addr    Load Addr    Size         Type   Attr      Idx    E Section Name        Object

    0x08000000   0x08000000   0x00000188   Data   RO          608    RESET               startup_stm32f405xx.o
    0x08000188   0x08000188   0x00000000   Code   RO         1894  * .ARM.Collect$$$$00000000  mc_w.l(entry.o)
    0x08000188   0x08000188   0x00000004   Code   RO         1992    .ARM.Collect$$$$00000001  mc_w.l(entry2.o)
    0x0800018c   0x0800018c   0x00000004   Code   RO         1995    .ARM.Collect$$$$00000004  mc_w.l(entry5.o)
    0x08000190   0x08000190   0x00000000   Code   RO         1997    .ARM.Collect$$$$00000008  mc_w.l(entry7b.o)
    0x08000190   0x08000190   0x00000000   Code   RO         1999    .ARM.Collect$$$$0000000A  mc_w.l(entry8b.o)
    0x08000190   0x08000190   0x00000008   Code   RO         2000    .ARM.Collect$$$$0000000B  mc_w.l(entry9a.o)
    0x08000198   0x08000198   0x00000000   Code   RO         2002    .ARM.Collect$$$$0000000D  mc_w.l(entry10a.o)
    0x08000198   0x08000198   0x00000000   Code   RO         2004    .ARM.Collect$$$$0000000F  mc_w.l(entry11a.o)
    0x08000198   0x08000198   0x00000004   Code   RO         1993    .ARM.Collect$$$$00002712  mc_w.l(entry2.o)
    0x0800019c   0x0800019c   0x00000024   Code   RO          609    .text               startup_stm32f405xx.o
    0x080001c0   0x080001c0   0x00000062   Code   RO         1897    .text               mc_w.l(uldiv.o)
    0x08000222   0x08000222   0x00000062   Code   RO         1899    .text               mc_w.l(ldiv.o)
    0x08000284   0x08000284   0x00000024   Code   RO         1901    .text               mc_w.l(memcpya.o)
    0x080002a8   0x080002a8   0x00000024   Code   RO         1903    .text               mc_w.l(memseta.o)
    0x080002cc   0x080002cc   0x00000024   Code   RO         1905    .text               mc_w.l(strstr.o)
    0x080002f0   0x080002f0   0x00000014   Code   RO         1907    .text               mc_w.l(strchr.o)
    0x08000304   0x08000304   0x0000014e   Code   RO         1939    .text               mf_w.l(dadd.o)
    0x08000452   0x08000452   0x000000e4   Code   RO         1941    .text               mf_w.l(dmul.o)
    0x08000536   0x08000536   0x000000de   Code   RO         1943    .text               mf_w.l(ddiv.o)
    0x08000614   0x08000614   0x00000036   Code   RO         1945    .text               mf_w.l(dcmple.o)
    0x0800064a   0x0800064a   0x00000036   Code   RO         1949    .text               mf_w.l(dcmpge.o)
    0x08000680   0x08000680   0x00000022   Code   RO         1953    .text               mf_w.l(dflti.o)
    0x080006a2   0x080006a2   0x0000003e   Code   RO         1955    .text               mf_w.l(dfixi.o)
    0x080006e0   0x080006e0   0x00000026   Code   RO         1957    .text               mf_w.l(f2d.o)
    0x08000706   0x08000706   0x00000038   Code   RO         1959    .text               mf_w.l(d2f.o)
    0x0800073e   0x0800073e   0x0000001e   Code   RO         2006    .text               mc_w.l(llshl.o)
    0x0800075c   0x0800075c   0x00000020   Code   RO         2008    .text               mc_w.l(llushr.o)
    0x0800077c   0x0800077c   0x00000024   Code   RO         2010    .text               mc_w.l(llsshr.o)
    0x080007a0   0x080007a0   0x00000000   Code   RO         2021    .text               mc_w.l(iusefp.o)
    0x080007a0   0x080007a0   0x0000006e   Code   RO         2022    .text               mf_w.l(fepilogue.o)
    0x0800080e   0x0800080e   0x000000ba   Code   RO         2024    .text               mf_w.l(depilogue.o)
    0x080008c8   0x080008c8   0x0000002e   Code   RO         2028    .text               mf_w.l(dscalb.o)
    0x080008f6   0x080008f6   0x00000002   PAD
    0x080008f8   0x080008f8   0x00000030   Code   RO         2030    .text               mf_w.l(cdrcmple.o)
    0x08000928   0x08000928   0x00000024   Code   RO         2032    .text               mc_w.l(init.o)
    0x0800094c   0x0800094c   0x000000a2   Code   RO         2034    .text               mf_w.l(dsqrt.o)
    0x080009ee   0x080009ee   0x00000002   PAD
    0x080009f0   0x080009f0   0x0000018a   Code   RO          698    .text.ADC_Init      stm32f4xx_hal_adc.o
    0x08000b7a   0x08000b7a   0x00000002   PAD
    0x08000b7c   0x08000b7c   0x000003f0   Code   RO          596    .text.ANOReceive    anohost.o
    0x08000f6c   0x08000f6c   0x0000004e   Code   RO          592    .text.ANOSendCheck  anohost.o
    0x08000fba   0x08000fba   0x00000002   PAD
    0x08000fbc   0x08000fbc   0x000002a8   Code   RO          594    .text.ANOSendPID    anohost.o
    0x08001264   0x08001264   0x0000004c   Code   RO          384    .text.ApplyDeadBand  mymath.o
    0x080012b0   0x080012b0   0x00000074   Code   RO          127    .text.AttitudeControl  stabilizer.o
    0x08001324   0x08001324   0x0000007a   Code   RO          152    .text.AttitudeInit  attitude.o
    0x0800139e   0x0800139e   0x00000002   PAD
    0x080013a0   0x080013a0   0x000000a0   Code   RO          154    .text.AttitudeTask  attitude.o
    0x08001440   0x08001440   0x00000068   Code   RO          484    .text.BMP280Init    bmp280.o
    0x080014a8   0x080014a8   0x0000010c   Code   RO          492    .text.BMP280Update  bmp280.o
    0x080015b4   0x080015b4   0x000001e4   Code   RO          498    .text.BMPCompensateP  bmp280.o
    0x08001798   0x08001798   0x00000050   Code   RO          496    .text.BMPCompensateT  bmp280.o
    0x080017e8   0x080017e8   0x0000004c   Code   RO          494    .text.BMPGetData    bmp280.o
    0x08001834   0x08001834   0x00000062   Code   RO          488    .text.BMPReadContinul  bmp280.o
    0x08001896   0x08001896   0x00000002   PAD
    0x08001898   0x08001898   0x0000005e   Code   RO          486    .text.BMPReadReg    bmp280.o
    0x080018f6   0x080018f6   0x00000002   PAD
    0x080018f8   0x080018f8   0x00000058   Code   RO          490    .text.BMPWriteReg   bmp280.o
    0x08001950   0x08001950   0x000000d8   Code   RO          502    .text.BaroCalibration  bmp280.o
    0x08001a28   0x08001a28   0x000000da   Code   RO          500    .text.BaroMedianFilter  bmp280.o
    0x08001b02   0x08001b02   0x00000002   PAD
    0x08001b04   0x08001b04   0x00000034   Code   RO          200    .text.BatteryInit   battery.o
    0x08001b38   0x08001b38   0x00000008   Code   RO          202    .text.BatteryTask   battery.o
    0x08001b40   0x08001b40   0x000001e0   Code   RO          407    .text.BiquadFilterInit  filter.o
    0x08001d20   0x08001d20   0x00000042   Code   RO          409    .text.BiquadFilterInitLPF  filter.o
    0x08001d62   0x08001d62   0x00000002   PAD
    0x08001d64   0x08001d64   0x00000076   Code   RO          405    .text.BiquadLPFFilter  filter.o
    0x08001dda   0x08001dda   0x00000002   PAD
    0x08001ddc   0x08001ddc   0x00000004   Code   RO           97    .text.BusFault_Handler  stm32f4xx_it.o
    0x08001de0   0x08001de0   0x00000084   Code   RO          225    .text.CRC_CHECK     dbgprint.o
    0x08001e64   0x08001e64   0x0000004c   Code   RO          297    .text.CalculateAltitude  height.o
    0x08001eb0   0x08001eb0   0x00000044   Code   RO          158    .text.CalculateAttitude  attitude.o
    0x08001ef4   0x08001ef4   0x00000076   Code   RO          598    .text.CheckSum      anohost.o
    0x08001f6a   0x08001f6a   0x00000002   PAD
    0x08001f6c   0x08001f6c   0x00000010   Code   RO          111    .text.DMA1_Stream4_IRQHandler  stm32f4xx_it.o
    0x08001f7c   0x08001f7c   0x00000056   Code   RO          945    .text.DMA_CalcBaseAndBitshift  stm32f4xx_hal_dma.o
    0x08001fd2   0x08001fd2   0x00000002   PAD
    0x08001fd4   0x08001fd4   0x000000f0   Code   RO          943    .text.DMA_CheckFifoParam  stm32f4xx_hal_dma.o
    0x080020c4   0x080020c4   0x00000050   Code   RO          951    .text.DMA_SetConfig  stm32f4xx_hal_dma.o
    0x08002114   0x08002114   0x0000002e   Code   RO          215    .text.DbgPrintInit  dbgprint.o
    0x08002142   0x08002142   0x00000006   PAD
    0x08002148   0x08002148   0x000000f8   Code   RO          217    .text.DbgPrintTask  dbgprint.o
    0x08002240   0x08002240   0x00000002   Code   RO          103    .text.DebugMon_Handler  stm32f4xx_it.o
    0x08002242   0x08002242   0x00000002   PAD
    0x08002244   0x08002244   0x00000006   Code   RO           39    .text.Error_Handler  cpu.o
    0x0800224a   0x0800224a   0x00000006   PAD
    0x08002250   0x08002250   0x00000308   Code   RO          135    .text.FixedHeightCtrl  stabilizer.o
    0x08002558   0x08002558   0x00000014   Code   RO          264    .text.FlightModeInit  flightmode.o
    0x0800256c   0x0800256c   0x000000ae   Code   RO          266    .text.FlightModeTask  flightmode.o
    0x0800261a   0x0800261a   0x00000002   PAD
    0x0800261c   0x0800261c   0x00000016   Code   RO          270    .text.FlightStandBy  flightmode.o
    0x08002632   0x08002632   0x00000002   PAD
    0x08002634   0x08002634   0x00000078   Code   RO          268    .text.FlightWorking  flightmode.o
    0x080026ac   0x080026ac   0x0000000e   Code   RO          586    .text.GetHighByte   anohost.o
    0x080026ba   0x080026ba   0x00000002   PAD
    0x080026bc   0x080026bc   0x0000000e   Code   RO          588    .text.GetLowByte    anohost.o
    0x080026ca   0x080026ca   0x00000002   PAD
    0x080026cc   0x080026cc   0x0000000c   Code   RO          458    .text.GetMotorUnLock  motor.o
    0x080026d8   0x080026d8   0x0000004e   Code   RO          251    .text.GetSum        remotectrl.o
    0x08002726   0x08002726   0x00000002   PAD
    0x08002728   0x08002728   0x0000005c   Code   RO          590    .text.GetSum        anohost.o
    0x08002784   0x08002784   0x00000030   Code   RO          249    .text.GetThrottleRate  remotectrl.o
    0x080027b4   0x080027b4   0x00000218   Code   RO          738    .text.HAL_ADC_ConfigChannel  stm32f4xx_hal_adc.o
    0x080029cc   0x080029cc   0x0000000c   Code   RO          742    .text.HAL_ADC_GetState  stm32f4xx_hal_adc.o
    0x080029d8   0x080029d8   0x0000000e   Code   RO          734    .text.HAL_ADC_GetValue  stm32f4xx_hal_adc.o
    0x080029e6   0x080029e6   0x00000002   PAD
    0x080029e8   0x080029e8   0x000000a8   Code   RO          694    .text.HAL_ADC_Init  stm32f4xx_hal_adc.o
    0x08002a90   0x08002a90   0x00000088   Code   RO           62    .text.HAL_ADC_MspInit  stm32f4xx_hal_msp.o
    0x08002b18   0x08002b18   0x0000012a   Code   RO          708    .text.HAL_ADC_PollForConversion  stm32f4xx_hal_adc.o
    0x08002c42   0x08002c42   0x00000002   PAD
    0x08002c44   0x08002c44   0x000001d0   Code   RO          704    .text.HAL_ADC_Start  stm32f4xx_hal_adc.o
    0x08002e14   0x08002e14   0x000001de   Code   RO          790    .text.HAL_CAN_Init  stm32f4xx_hal_can.o
    0x08002ff2   0x08002ff2   0x00000002   PAD
    0x08002ff4   0x08002ff4   0x000000b4   Code   RO           66    .text.HAL_CAN_MspInit  stm32f4xx_hal_msp.o
    0x080030a8   0x080030a8   0x0000031e   Code   RO          961    .text.HAL_DMA_IRQHandler  stm32f4xx_hal_dma.o
    0x080033c6   0x080033c6   0x00000002   PAD
    0x080033c8   0x080033c8   0x0000016e   Code   RO          941    .text.HAL_DMA_Init  stm32f4xx_hal_dma.o
    0x08003536   0x08003536   0x00000002   PAD
    0x08003538   0x08003538   0x000000c2   Code   RO          953    .text.HAL_DMA_Start_IT  stm32f4xx_hal_dma.o
    0x080035fa   0x080035fa   0x00000002   PAD
    0x080035fc   0x080035fc   0x000003b6   Code   RO         1046    .text.HAL_GPIO_Init  stm32f4xx_hal_gpio.o
    0x080039b2   0x080039b2   0x00000002   PAD
    0x080039b4   0x080039b4   0x00000026   Code   RO         1054    .text.HAL_GPIO_TogglePin  stm32f4xx_hal_gpio.o
    0x080039da   0x080039da   0x00000002   PAD
    0x080039dc   0x080039dc   0x0000002e   Code   RO         1052    .text.HAL_GPIO_WritePin  stm32f4xx_hal_gpio.o
    0x08003a0a   0x08003a0a   0x00000002   PAD
    0x08003a0c   0x08003a0c   0x0000000c   Code   RO          642    .text.HAL_GetTick   stm32f4xx_hal.o
    0x08003a18   0x08003a18   0x0000008c   Code   RO         1070    .text.HAL_IWDG_Init  stm32f4xx_hal_iwdg.o
    0x08003aa4   0x08003aa4   0x00000014   Code   RO         1072    .text.HAL_IWDG_Refresh  stm32f4xx_hal_iwdg.o
    0x08003ab8   0x08003ab8   0x0000001a   Code   RO          640    .text.HAL_IncTick   stm32f4xx_hal.o
    0x08003ad2   0x08003ad2   0x00000002   PAD
    0x08003ad4   0x08003ad4   0x0000003c   Code   RO          630    .text.HAL_Init      stm32f4xx_hal.o
    0x08003b10   0x08003b10   0x00000070   Code   RO          632    .text.HAL_InitTick  stm32f4xx_hal.o
    0x08003b80   0x08003b80   0x0000004a   Code   RO           60    .text.HAL_MspInit   stm32f4xx_hal_msp.o
    0x08003bca   0x08003bca   0x00000002   PAD
    0x08003bcc   0x08003bcc   0x00000014   Code   RO          881    .text.HAL_NVIC_EnableIRQ  stm32f4xx_hal_cortex.o
    0x08003be0   0x08003be0   0x00000032   Code   RO          873    .text.HAL_NVIC_SetPriority  stm32f4xx_hal_cortex.o
    0x08003c12   0x08003c12   0x00000002   PAD
    0x08003c14   0x08003c14   0x00000010   Code   RO          869    .text.HAL_NVIC_SetPriorityGrouping  stm32f4xx_hal_cortex.o
    0x08003c24   0x08003c24   0x00000262   Code   RO         1126    .text.HAL_RCC_ClockConfig  stm32f4xx_hal_rcc.o
    0x08003e86   0x08003e86   0x00000002   PAD
    0x08003e88   0x08003e88   0x0000000c   Code   RO         1136    .text.HAL_RCC_GetHCLKFreq  stm32f4xx_hal_rcc.o
    0x08003e94   0x08003e94   0x00000022   Code   RO         1138    .text.HAL_RCC_GetPCLK1Freq  stm32f4xx_hal_rcc.o
    0x08003eb6   0x08003eb6   0x00000002   PAD
    0x08003eb8   0x08003eb8   0x00000022   Code   RO         1140    .text.HAL_RCC_GetPCLK2Freq  stm32f4xx_hal_rcc.o
    0x08003eda   0x08003eda   0x00000002   PAD
    0x08003edc   0x08003edc   0x000000e6   Code   RO         1128    .text.HAL_RCC_GetSysClockFreq  stm32f4xx_hal_rcc.o
    0x08003fc2   0x08003fc2   0x00000002   PAD
    0x08003fc4   0x08003fc4   0x000006be   Code   RO         1124    .text.HAL_RCC_OscConfig  stm32f4xx_hal_rcc.o
    0x08004682   0x08004682   0x00000002   PAD
    0x08004684   0x08004684   0x00000100   Code   RO         1157    .text.HAL_SPI_Init  stm32f4xx_hal_spi.o
    0x08004784   0x08004784   0x0000018a   Code   RO           70    .text.HAL_SPI_MspInit  stm32f4xx_hal_msp.o
    0x0800490e   0x0800490e   0x00000002   PAD
    0x08004910   0x08004910   0x00000230   Code   RO         1169    .text.HAL_SPI_Receive  stm32f4xx_hal_spi.o
    0x08004b40   0x08004b40   0x00000284   Code   RO         1165    .text.HAL_SPI_Transmit  stm32f4xx_hal_spi.o
    0x08004dc4   0x08004dc4   0x00000366   Code   RO         1171    .text.HAL_SPI_TransmitReceive  stm32f4xx_hal_spi.o
    0x0800512a   0x0800512a   0x00000002   PAD
    0x0800512c   0x0800512c   0x00000010   Code   RO          893    .text.HAL_SYSTICK_Config  stm32f4xx_hal_cortex.o
    0x0800513c   0x0800513c   0x000000b2   Code   RO         1589    .text.HAL_TIMEx_ConfigBreakDeadTime  stm32f4xx_hal_tim_ex.o
    0x080051ee   0x080051ee   0x00000002   PAD
    0x080051f0   0x080051f0   0x00000122   Code   RO         1587    .text.HAL_TIMEx_MasterConfigSynchronization  stm32f4xx_hal_tim_ex.o
    0x08005312   0x08005312   0x00000002   PAD
    0x08005314   0x08005314   0x0000009c   Code   RO         1274    .text.HAL_TIM_Base_Init  stm32f4xx_hal_tim.o
    0x080053b0   0x080053b0   0x0000003c   Code   RO           74    .text.HAL_TIM_Base_MspInit  stm32f4xx_hal_msp.o
    0x080053ec   0x080053ec   0x000000ea   Code   RO         1284    .text.HAL_TIM_Base_Start  stm32f4xx_hal_tim.o
    0x080054d6   0x080054d6   0x00000002   PAD
    0x080054d8   0x080054d8   0x00000176   Code   RO         1466    .text.HAL_TIM_ConfigClockSource  stm32f4xx_hal_tim.o
    0x0800564e   0x0800564e   0x00000002   PAD
    0x08005650   0x08005650   0x0000006a   Code   RO           76    .text.HAL_TIM_MspPostInit  stm32f4xx_hal_msp.o
    0x080056ba   0x080056ba   0x00000002   PAD
    0x080056bc   0x080056bc   0x000001ca   Code   RO         1310    .text.HAL_TIM_OC_Start  stm32f4xx_hal_tim.o
    0x08005886   0x08005886   0x00000002   PAD
    0x08005888   0x08005888   0x00000106   Code   RO         1314    .text.HAL_TIM_OC_Stop  stm32f4xx_hal_tim.o
    0x0800598e   0x0800598e   0x00000002   PAD
    0x08005990   0x08005990   0x00000134   Code   RO         1440    .text.HAL_TIM_PWM_ConfigChannel  stm32f4xx_hal_tim.o
    0x08005ac4   0x08005ac4   0x0000009c   Code   RO         1328    .text.HAL_TIM_PWM_Init  stm32f4xx_hal_tim.o
    0x08005b60   0x08005b60   0x00000008   Code   RO         1330    .text.HAL_TIM_PWM_MspInit  stm32f4xx_hal_tim.o
    0x08005b68   0x08005b68   0x00000008   Code   RO         1698    .text.HAL_UART_ErrorCallback  stm32f4xx_hal_uart.o
    0x08005b70   0x08005b70   0x0000009a   Code   RO         1610    .text.HAL_UART_Init  stm32f4xx_hal_uart.o
    0x08005c0a   0x08005c0a   0x00000002   PAD
    0x08005c0c   0x08005c0c   0x00000172   Code   RO           80    .text.HAL_UART_MspInit  stm32f4xx_hal_msp.o
    0x08005d7e   0x08005d7e   0x00000002   PAD
    0x08005d80   0x08005d80   0x00000164   Code   RO         1630    .text.HAL_UART_Receive  stm32f4xx_hal_uart.o
    0x08005ee4   0x08005ee4   0x0000014e   Code   RO         1626    .text.HAL_UART_Transmit  stm32f4xx_hal_uart.o
    0x08006032   0x08006032   0x00000002   PAD
    0x08006034   0x08006034   0x000000f6   Code   RO         1638    .text.HAL_UART_Transmit_DMA  stm32f4xx_hal_uart.o
    0x0800612a   0x0800612a   0x00000002   PAD
    0x0800612c   0x0800612c   0x00000008   Code   RO         1706    .text.HAL_UART_TxCpltCallback  stm32f4xx_hal_uart.o
    0x08006134   0x08006134   0x00000008   Code   RO         1708    .text.HAL_UART_TxHalfCpltCallback  stm32f4xx_hal_uart.o
    0x0800613c   0x0800613c   0x00000052   Code   RO           35    .text.Hal_DelayMs   cpu.o
    0x0800618e   0x0800618e   0x00000002   PAD
    0x08006190   0x08006190   0x0000001a   Code   RO           93    .text.HardFault_Handler  stm32f4xx_it.o
    0x080061aa   0x080061aa   0x00000002   PAD
    0x080061ac   0x080061ac   0x00000034   Code   RO           11    .text.HardWareInit  cpu.o
    0x080061e0   0x080061e0   0x00000308   Code   RO          137    .text.HeadDirectionCal  stabilizer.o
    0x080064e8   0x080064e8   0x000003b0   Code   RO          139    .text.HeadLessCal   stabilizer.o
    0x08006898   0x08006898   0x0000001a   Code   RO          293    .text.HeightInit    height.o
    0x080068b2   0x080068b2   0x00000002   PAD
    0x080068b4   0x080068b4   0x000000aa   Code   RO          295    .text.HeightTask    height.o
    0x0800695e   0x0800695e   0x00000002   PAD
    0x08006960   0x08006960   0x00000024   Code   RO          380    .text.INT8UToINT16U  mymath.o
    0x08006984   0x08006984   0x000000fc   Code   RO          569    .text.LORA433Init   lora433.o
    0x08006a80   0x08006a80   0x00000090   Code   RO          571    .text.LORASendAT    lora433.o
    0x08006b10   0x08006b10   0x00000034   Code   RO          573    .text.LORASendData  lora433.o
    0x08006b44   0x08006b44   0x00000094   Code   RO          520    .text.LSM303DInit   lsm303d.o
    0x08006bd8   0x08006bd8   0x0000008e   Code   RO          526    .text.LSM303DUpdate  lsm303d.o
    0x08006c66   0x08006c66   0x00000002   PAD
    0x08006c68   0x08006c68   0x00000062   Code   RO          528    .text.LSMReadContinul  lsm303d.o
    0x08006cca   0x08006cca   0x00000002   PAD
    0x08006ccc   0x08006ccc   0x00000082   Code   RO          552    .text.LSMReadContinul  nrf24l01.o
    0x08006d4e   0x08006d4e   0x00000002   PAD
    0x08006d50   0x08006d50   0x0000005e   Code   RO          522    .text.LSMReadReg    lsm303d.o
    0x08006dae   0x08006dae   0x00000002   PAD
    0x08006db0   0x08006db0   0x00000058   Code   RO          524    .text.LSMWriteReg   lsm303d.o
    0x08006e08   0x08006e08   0x00000036   Code   RO          397    .text.LowPassFilter  filter.o
    0x08006e3e   0x08006e3e   0x00000002   PAD
    0x08006e40   0x08006e40   0x00000142   Code   RO          472    .text.MPU6000Init   mpu6000.o
    0x08006f82   0x08006f82   0x00000006   PAD
    0x08006f88   0x08006f88   0x0000021c   Code   RO          474    .text.MPU6000Update  mpu6000.o
    0x080071a4   0x080071a4   0x0000005e   Code   RO          470    .text.MPUReadReg    mpu6000.o
    0x08007202   0x08007202   0x00000002   PAD
    0x08007204   0x08007204   0x00000058   Code   RO          468    .text.MPUWriteReg   mpu6000.o
    0x0800725c   0x0800725c   0x00000080   Code   RO           19    .text.MX_ADC1_Init  cpu.o
    0x080072dc   0x080072dc   0x00000046   Code   RO           21    .text.MX_CAN2_Init  cpu.o
    0x08007322   0x08007322   0x00000002   PAD
    0x08007324   0x08007324   0x0000003c   Code   RO           17    .text.MX_DMA_Init   cpu.o
    0x08007360   0x08007360   0x000001f0   Code   RO           15    .text.MX_GPIO_Init  cpu.o
    0x08007550   0x08007550   0x0000002e   Code   RO           37    .text.MX_IWDG_Init  cpu.o
    0x0800757e   0x0800757e   0x00000002   PAD
    0x08007580   0x08007580   0x00000052   Code   RO           23    .text.MX_SPI1_Init  cpu.o
    0x080075d2   0x080075d2   0x00000002   PAD
    0x080075d4   0x080075d4   0x0000004e   Code   RO           25    .text.MX_SPI2_Init  cpu.o
    0x08007622   0x08007622   0x00000002   PAD
    0x08007624   0x08007624   0x00000052   Code   RO           27    .text.MX_SPI3_Init  cpu.o
    0x08007676   0x08007676   0x00000002   PAD
    0x08007678   0x08007678   0x00000198   Code   RO           29    .text.MX_TIM1_Init  cpu.o
    0x08007810   0x08007810   0x00000040   Code   RO           31    .text.MX_UART4_Init  cpu.o
    0x08007850   0x08007850   0x00000044   Code   RO           33    .text.MX_USART6_UART_Init  cpu.o
    0x08007894   0x08007894   0x00000004   Code   RO           95    .text.MemManage_Handler  stm32f4xx_it.o
    0x08007898   0x08007898   0x00000020   Code   RO          452    .text.MotorClose    motor.o
    0x080078b8   0x080078b8   0x00000038   Code   RO          444    .text.MotorInit     motor.o
    0x080078f0   0x080078f0   0x00000028   Code   RO          446    .text.MotorLock     motor.o
    0x08007918   0x08007918   0x00000020   Code   RO          450    .text.MotorOpen     motor.o
    0x08007938   0x08007938   0x00000054   Code   RO          454    .text.MotorSetDuty  motor.o
    0x0800798c   0x0800798c   0x0000006a   Code   RO          448    .text.MotorUnLock   motor.o
    0x080079f6   0x080079f6   0x00000002   PAD
    0x080079f8   0x080079f8   0x000000b8   Code   RO          372    .text.MyAcosApprox  mymath.o
    0x08007ab0   0x08007ab0   0x0000018c   Code   RO          370    .text.MyAtan2Approx  mymath.o
    0x08007c3c   0x08007c3c   0x00000052   Code   RO          374    .text.MyConstrainF  mymath.o
    0x08007c8e   0x08007c8e   0x00000002   PAD
    0x08007c90   0x08007c90   0x00000052   Code   RO          378    .text.MyConstrainINT16U  mymath.o
    0x08007ce2   0x08007ce2   0x00000006   PAD
    0x08007ce8   0x08007ce8   0x00000048   Code   RO          368    .text.MyCosApprox   mymath.o
    0x08007d30   0x08007d30   0x00000036   Code   RO          344    .text.MyFP32Abs     mymath.o
    0x08007d66   0x08007d66   0x00000002   PAD
    0x08007d68   0x08007d68   0x0000003a   Code   RO          342    .text.MyFP32Max     mymath.o
    0x08007da2   0x08007da2   0x00000002   PAD
    0x08007da4   0x08007da4   0x0000003a   Code   RO          340    .text.MyFP32Min     mymath.o
    0x08007dde   0x08007dde   0x00000002   PAD
    0x08007de0   0x08007de0   0x00000020   Code   RO          348    .text.MyINT32SAbs   mymath.o
    0x08007e00   0x08007e00   0x00000210   Code   RO          366    .text.MySinApprox   mymath.o
    0x08008010   0x08008010   0x00000004   Code   RO           91    .text.NMI_Handler   stm32f4xx_it.o
    0x08008014   0x08008014   0x0000003c   Code   RO          538    .text.NRFInit       nrf24l01.o
    0x08008050   0x08008050   0x00000060   Code   RO          546    .text.NRFReadReg    nrf24l01.o
    0x080080b0   0x080080b0   0x00000052   Code   RO          550    .text.NRFReceiveData  nrf24l01.o
    0x08008102   0x08008102   0x00000002   PAD
    0x08008104   0x08008104   0x000000e0   Code   RO          540    .text.NRFRxMode     nrf24l01.o
    0x080081e4   0x080081e4   0x0000005e   Code   RO          544    .text.NRFWriteContinul  nrf24l01.o
    0x08008242   0x08008242   0x00000002   PAD
    0x08008244   0x08008244   0x0000002e   Code   RO          558    .text.NRFWriteRead  nrf24l01.o
    0x08008272   0x08008272   0x00000002   PAD
    0x08008274   0x08008274   0x00000056   Code   RO          548    .text.NRFWriteReg   nrf24l01.o
    0x080082ca   0x080082ca   0x00000002   PAD
    0x080082cc   0x080082cc   0x0000006c   Code   RO          879    .text.NVIC_EncodePriority  stm32f4xx_hal_cortex.o
    0x08008338   0x08008338   0x00000178   Code   RO          156    .text.NormailAttitude  attitude.o
    0x080084b0   0x080084b0   0x000000b8   Code   RO          418    .text.PIDInit       pid.o
    0x08008568   0x08008568   0x0000001a   Code   RO          422    .text.PIDReset      pid.o
    0x08008582   0x08008582   0x00000002   PAD
    0x08008584   0x08008584   0x0000000e   Code   RO          424    .text.PIDResetIntegral  pid.o
    0x08008592   0x08008592   0x00000002   PAD
    0x08008594   0x08008594   0x00000012   Code   RO          426    .text.PIDSetIntegral  pid.o
    0x080085a6   0x080085a6   0x00000002   PAD
    0x080085a8   0x080085a8   0x0000019a   Code   RO          420    .text.PIDUpdate     pid.o
    0x08008742   0x08008742   0x00000002   PAD
    0x08008744   0x08008744   0x00000002   Code   RO          105    .text.PendSV_Handler  stm32f4xx_it.o
    0x08008746   0x08008746   0x00000002   PAD
    0x08008748   0x08008748   0x00000038   Code   RO          556    .text.PowerOff      nrf24l01.o
    0x08008780   0x08008780   0x00000016   Code   RO          309    .text.PredictorInit  predictor2.o
    0x08008796   0x08008796   0x00000002   PAD
    0x08008798   0x08008798   0x000000b2   Code   RO          311    .text.PredictorTask  predictor2.o
    0x0800884a   0x0800884a   0x00000006   PAD
    0x08008850   0x08008850   0x000000b4   Code   RO          504    .text.PressureToAltitude  bmp280.o
    0x08008904   0x08008904   0x00000060   Code   RO          382    .text.QuickMedian3_INT32S  mymath.o
    0x08008964   0x08008964   0x00000278   Code   RO          245    .text.ReceiveKeyDeal  remotectrl.o
    0x08008bdc   0x08008bdc   0x0000026e   Code   RO          241    .text.ReceiveToRocker  remotectrl.o
    0x08008e4a   0x08008e4a   0x00000002   PAD
    0x08008e4c   0x08008e4c   0x0000002e   Code   RO          237    .text.RemoteCtrlInit  remotectrl.o
    0x08008e7a   0x08008e7a   0x00000002   PAD
    0x08008e7c   0x08008e7c   0x00000050   Code   RO          239    .text.RemoteCtrlTask  remotectrl.o
    0x08008ecc   0x08008ecc   0x00000004   PAD
    0x08008ed0   0x08008ed0   0x00000140   Code   RO          243    .text.RockerToAltitude  remotectrl.o
    0x08009010   0x08009010   0x000000e4   Code   RO         1173    .text.SPI_EndRxTransaction  stm32f4xx_hal_spi.o
    0x080090f4   0x080090f4   0x000000a4   Code   RO         1167    .text.SPI_EndRxTxTransaction  stm32f4xx_hal_spi.o
    0x08009198   0x08009198   0x0000012a   Code   RO         1265    .text.SPI_WaitFlagStateUntilTimeout  stm32f4xx_hal_spi.o
    0x080092c2   0x080092c2   0x00000002   PAD
    0x080092c4   0x080092c4   0x00000002   Code   RO          101    .text.SVC_Handler   stm32f4xx_it.o
    0x080092c6   0x080092c6   0x00000002   PAD
    0x080092c8   0x080092c8   0x00000128   Code   RO          436    .text.SensorAlign   sensoralign.o
    0x080093f0   0x080093f0   0x00000026   Code   RO          133    .text.SetOriginFlyPara  stabilizer.o
    0x08009416   0x08009416   0x00000002   PAD
    0x08009418   0x08009418   0x00000230   Code   RO          121    .text.StabilizerInit  stabilizer.o
    0x08009648   0x08009648   0x000000a4   Code   RO          123    .text.StabilizerTask  stabilizer.o
    0x080096ec   0x080096ec   0x0000014c   Code   RO          129    .text.StabilizerUpdate  stabilizer.o
    0x08009838   0x08009838   0x00000002   Code   RO          281    .text.SysStatusInit  sysstatus.o
    0x0800983a   0x0800983a   0x00000002   PAD
    0x0800983c   0x0800983c   0x00000054   Code   RO          283    .text.SysStatusTask  sysstatus.o
    0x08009890   0x08009890   0x00000052   Code   RO          895    .text.SysTick_Config  stm32f4xx_hal_cortex.o
    0x080098e2   0x080098e2   0x00000002   PAD
    0x080098e4   0x080098e4   0x0000001e   Code   RO          107    .text.SysTick_Handler  stm32f4xx_it.o
    0x08009902   0x08009902   0x00000002   PAD
    0x08009904   0x08009904   0x000000c4   Code   RO           13    .text.SystemClock_Config  cpu.o
    0x080099c8   0x080099c8   0x00000012   Code   RO          616    .text.SystemInit    system_stm32f4xx.o
    0x080099da   0x080099da   0x00000002   PAD
    0x080099dc   0x080099dc   0x0000019a   Code   RO         1278    .text.TIM_Base_SetConfig  stm32f4xx_hal_tim.o
    0x08009b76   0x08009b76   0x00000002   PAD
    0x08009b78   0x08009b78   0x00000036   Code   RO         1312    .text.TIM_CCxChannelCmd  stm32f4xx_hal_tim.o
    0x08009bae   0x08009bae   0x00000002   PAD
    0x08009bb0   0x08009bb0   0x00000034   Code   RO         1464    .text.TIM_ETR_SetConfig  stm32f4xx_hal_tim.o
    0x08009be4   0x08009be4   0x0000002a   Code   RO         1470    .text.TIM_ITRx_SetConfig  stm32f4xx_hal_tim.o
    0x08009c0e   0x08009c0e   0x00000002   PAD
    0x08009c10   0x08009c10   0x000000ea   Code   RO         1422    .text.TIM_OC1_SetConfig  stm32f4xx_hal_tim.o
    0x08009cfa   0x08009cfa   0x00000002   PAD
    0x08009cfc   0x08009cfc   0x000000f4   Code   RO         1424    .text.TIM_OC2_SetConfig  stm32f4xx_hal_tim.o
    0x08009df0   0x08009df0   0x000000f2   Code   RO         1426    .text.TIM_OC3_SetConfig  stm32f4xx_hal_tim.o
    0x08009ee2   0x08009ee2   0x00000002   PAD
    0x08009ee4   0x08009ee4   0x000000a4   Code   RO         1428    .text.TIM_OC4_SetConfig  stm32f4xx_hal_tim.o
    0x08009f88   0x08009f88   0x00000050   Code   RO         1468    .text.TIM_TI1_ConfigInputStage  stm32f4xx_hal_tim.o
    0x08009fd8   0x08009fd8   0x00000052   Code   RO         1472    .text.TIM_TI2_ConfigInputStage  stm32f4xx_hal_tim.o
    0x0800a02a   0x0800a02a   0x00000002   PAD
    0x0800a02c   0x0800a02c   0x0000005c   Code   RO          164    .text.TakeoffCheck  attitude.o
    0x0800a088   0x0800a088   0x000000b8   Code   RO          125    .text.ThrottleControl  stabilizer.o
    0x0800a140   0x0800a140   0x000000b8   Code   RO          160    .text.TransBodyVectorToNEU  attitude.o
    0x0800a1f8   0x0800a1f8   0x00000010   Code   RO          109    .text.UART4_IRQHandler  stm32f4xx_it.o
    0x0800a208   0x0800a208   0x0000007c   Code   RO         1644    .text.UART_DMAError  stm32f4xx_hal_uart.o
    0x0800a284   0x0800a284   0x00000046   Code   RO         1640    .text.UART_DMATransmitCplt  stm32f4xx_hal_uart.o
    0x0800a2ca   0x0800a2ca   0x00000002   PAD
    0x0800a2cc   0x0800a2cc   0x00000016   Code   RO         1642    .text.UART_DMATxHalfCplt  stm32f4xx_hal_uart.o
    0x0800a2e2   0x0800a2e2   0x00000002   PAD
    0x0800a2e4   0x0800a2e4   0x00000046   Code   RO         1658    .text.UART_EndRxTransfer  stm32f4xx_hal_uart.o
    0x0800a32a   0x0800a32a   0x00000002   PAD
    0x0800a32c   0x0800a32c   0x0000001c   Code   RO         1656    .text.UART_EndTxTransfer  stm32f4xx_hal_uart.o
    0x0800a348   0x0800a348   0x0000013a   Code   RO         1614    .text.UART_SetConfig  stm32f4xx_hal_uart.o
    0x0800a482   0x0800a482   0x00000002   PAD
    0x0800a484   0x0800a484   0x00000064   Code   RO         1636    .text.UART_Start_Receive_IT  stm32f4xx_hal_uart.o
    0x0800a4e8   0x0800a4e8   0x0000009c   Code   RO         1628    .text.UART_WaitOnFlagUntilTimeout  stm32f4xx_hal_uart.o
    0x0800a584   0x0800a584   0x00000138   Code   RO          223    .text.USER_UART_IRQHandler  dbgprint.o
    0x0800a6bc   0x0800a6bc   0x00000004   PAD
    0x0800a6c0   0x0800a6c0   0x0000022c   Code   RO          204    .text.UpdateBattery  battery.o
    0x0800a8ec   0x0800a8ec   0x00000004   PAD
    0x0800a8f0   0x0800a8f0   0x0000023c   Code   RO          317    .text.UpdatePredictorZ  predictor2.o
    0x0800ab2c   0x0800ab2c   0x00000048   Code   RO          313    .text.UpdateRawHeight  predictor2.o
    0x0800ab74   0x0800ab74   0x00000220   Code   RO          315    .text.UpdateRawIMU  predictor2.o
    0x0800ad94   0x0800ad94   0x00000036   Code   RO          247    .text.UpdateRocker  remotectrl.o
    0x0800adca   0x0800adca   0x00000002   PAD
    0x0800adcc   0x0800adcc   0x0000002e   Code   RO          131    .text.UpdateSetpoint  stabilizer.o
    0x0800adfa   0x0800adfa   0x00000002   PAD
    0x0800adfc   0x0800adfc   0x00000004   Code   RO           99    .text.UsageFault_Handler  stm32f4xx_it.o
    0x0800ae00   0x0800ae00   0x000000d6   Code   RO          219    .text.VisualScope_Output  dbgprint.o
    0x0800aed6   0x0800aed6   0x00000002   PAD
    0x0800aed8   0x0800aed8   0x00000030   Code   RO          883    .text.__NVIC_EnableIRQ  stm32f4xx_hal_cortex.o
    0x0800af08   0x0800af08   0x00000010   Code   RO          875    .text.__NVIC_GetPriorityGrouping  stm32f4xx_hal_cortex.o
    0x0800af18   0x0800af18   0x00000042   Code   RO          877    .text.__NVIC_SetPriority  stm32f4xx_hal_cortex.o
    0x0800af5a   0x0800af5a   0x00000002   PAD
    0x0800af5c   0x0800af5c   0x0000003c   Code   RO          871    .text.__NVIC_SetPriorityGrouping  stm32f4xx_hal_cortex.o
    0x0800af98   0x0800af98   0x00000182   Code   RO          174    .text.imuComputeRotationMatrix  attitude.o
    0x0800b11a   0x0800b11a   0x00000002   PAD
    0x0800b11c   0x0800b11c   0x0000002e   Code   RO          170    .text.imuMagFastPGainSaleFactor  attitude.o
    0x0800b14a   0x0800b14a   0x00000006   PAD
    0x0800b150   0x0800b150   0x000005e0   Code   RO          166    .text.imuMahonyAHRSupdate  attitude.o
    0x0800b730   0x0800b730   0x000001e0   Code   RO          168    .text.imuUpdateEulerAngles  attitude.o
    0x0800b910   0x0800b910   0x00000020   Code   RO          172    .text.invSqrt       attitude.o
    0x0800b930   0x0800b930   0x00000068   Code   RO            2    .text.main          main.o
    0x0800b998   0x0800b998   0x00000030   Code   RO         1981    i.__ARM_fpclassify  m_wm.l(fpclassify.o)
    0x0800b9c8   0x0800b9c8   0x00000c60   Code   RO         1881    i.__hardfp_pow      m_wm.l(pow.o)
    0x0800c628   0x0800c628   0x0000003a   Code   RO         1888    i.__hardfp_sqrtf    m_wm.l(sqrtf.o)
    0x0800c662   0x0800c662   0x000000f8   Code   RO         1983    i.__kernel_poly     m_wm.l(poly.o)
    0x0800c75a   0x0800c75a   0x00000006   PAD
    0x0800c760   0x0800c760   0x00000030   Code   RO         1961    i.__mathlib_dbl_divzero  m_wm.l(dunder.o)
    0x0800c790   0x0800c790   0x00000014   Code   RO         1963    i.__mathlib_dbl_infnan2  m_wm.l(dunder.o)
    0x0800c7a4   0x0800c7a4   0x00000004   PAD
    0x0800c7a8   0x0800c7a8   0x00000020   Code   RO         1964    i.__mathlib_dbl_invalid  m_wm.l(dunder.o)
    0x0800c7c8   0x0800c7c8   0x00000020   Code   RO         1965    i.__mathlib_dbl_overflow  m_wm.l(dunder.o)
    0x0800c7e8   0x0800c7e8   0x00000020   Code   RO         1967    i.__mathlib_dbl_underflow  m_wm.l(dunder.o)
    0x0800c808   0x0800c808   0x0000000e   Code   RO         2038    i.__scatterload_copy  mc_w.l(handlers.o)
    0x0800c816   0x0800c816   0x00000002   Code   RO         2039    i.__scatterload_null  mc_w.l(handlers.o)
    0x0800c818   0x0800c818   0x0000000e   Code   RO         2040    i.__scatterload_zeroinit  mc_w.l(handlers.o)
    0x0800c826   0x0800c826   0x00000002   PAD
    0x0800c828   0x0800c828   0x0000000c   Code   RO         2016    i.__set_errno       mc_w.l(errno.o)
    0x0800c834   0x0800c834   0x00000018   Code   RO         1977    i.fabs              m_wm.l(fabs.o)
    0x0800c84c   0x0800c84c   0x0000006e   Code   RO         1988    i.sqrt              m_wm.l(sqrt.o)
    0x0800c8ba   0x0800c8ba   0x00000006   PAD
    0x0800c8c0   0x0800c8c0   0x00000088   Data   RO         1884    .constdata          m_wm.l(pow.o)
    0x0800c948   0x0800c948   0x00000008   Data   RO         1985    .constdata          m_wm.l(qnan.o)
    0x0800c950   0x0800c950   0x00000010   Data   RO          621    .rodata.AHBPrescTable  system_stm32f4xx.o
    0x0800c960   0x0800c960   0x00000008   Data   RO          622    .rodata.APBPrescTable  system_stm32f4xx.o
    0x0800c968   0x0800c968   0x00000008   Data   RO          971    .rodata.DMA_CalcBaseAndBitshift.flagBitshiftOffset  stm32f4xx_hal_dma.o
    0x0800c970   0x0800c970   0x00000005   Data   RO          561    .rodata.RXAddress   nrf24l01.o
    0x0800c975   0x0800c975   0x00000078   Data   RO          576    .rodata.str1.1      lora433.o
    0x0800c9ed   0x0800c9ed   0x00000003   PAD
    0x0800c9f0   0x0800c9f0   0x00000020   Data   RO         2037    Region$$Table       anon$$obj.o


    Execution Region RW_IRAM2 (Exec base: 0x10000000, Load base: 0x0800cab8, Size: 0x00000000, Max: 0x00010000, ABSOLUTE)

    **** No section assigned to this execution region ****


    Execution Region RW_IRAM1 (Exec base: 0x20000000, Load base: 0x0800ca10, Size: 0x00000ee0, Max: 0x00020000, ABSOLUTE)

    Exec Addr    Load Addr    Size         Type   Attr      Idx    E Section Name        Object

    0x20000000   0x0800ca10   0x00000004   Data   RW         2017    .data               mc_w.l(errno.o)
    0x20000004   0x0800ca14   0x0000007c   Data   RW          142    .data.ControlParaDefault  stabilizer.o
    0x20000080   0x0800ca90   0x0000000c   Data   RW          325    .data.IntegralRateZ  predictor2.o
    0x2000008c   0x0800ca9c   0x00000004   Data   RW          620    .data.SystemCoreClock  system_stm32f4xx.o
    0x20000090   0x0800caa0   0x00000004   Data   RW          322    .data.UpdateRawIMU.s_CaliGravityCMSS  predictor2.o
    0x20000094   0x0800caa4   0x00000004   Data   RW          192    .data.imuMagFastPGainSaleFactor.magFastPGainCount  attitude.o
    0x20000098   0x0800caa8   0x00000004   Data   RW          188    .data.q0            attitude.o
    0x2000009c   0x0800caac   0x00000004   Data   RW          511    .data.s_BaroGndPressure  bmp280.o
    0x200000a0   0x0800cab0   0x00000001   Data   RW          685    .data.uwTickFreq    stm32f4xx_hal.o
    0x200000a1   0x0800cab1   0x00000003   PAD
    0x200000a4   0x0800cab4   0x00000004   Data   RW          684    .data.uwTickPrio    stm32f4xx_hal.o
    0x200000a8        -       0x0000000c   Zero   RW          326    .bss.AccCorrect     predictor2.o
    0x200000b4        -       0x0000000c   Zero   RW          324    .bss.AltitudeErr    predictor2.o
    0x200000c0        -       0x00000001   Zero   RW          180    .bss.AttitudeTask.s_AttitudeStage  attitude.o
    0x200000c1   0x0800cab8   0x00000007   PAD
    0x200000c8        -       0x00000008   Zero   RW          179    .bss.AttitudeTask.s_SystemTime  attitude.o
    0x200000d0        -       0x0000000c   Zero   RW          508    .bss.BaroMedianFilter.FilterBuff  bmp280.o
    0x200000dc        -       0x00000004   Zero   RW          509    .bss.BaroMedianFilter.FilterIndex  bmp280.o
    0x200000e0        -       0x00000001   Zero   RW          510    .bss.BaroMedianFilter.FilterIsReady  bmp280.o
    0x200000e1   0x0800cab8   0x00000007   PAD
    0x200000e8        -       0x00000008   Zero   RW          228    .bss.DbgPrintTask.s_SystemTime  dbgprint.o
    0x200000f0        -       0x0000000c   Zero   RW          329    .bss.EstiAcc        predictor2.o
    0x200000fc   0x0800cab8   0x00000004   PAD
    0x20000100        -       0x00000008   Zero   RW          273    .bss.FlightModeTask.s_SystemTime  flightmode.o
    0x20000108        -       0x00000001   Zero   RW          301    .bss.HeightTask.s_HeightStage  height.o
    0x20000109   0x0800cab8   0x00000007   PAD
    0x20000110        -       0x00000008   Zero   RW          300    .bss.HeightTask.s_SystemTime  height.o
    0x20000118        -       0x0000000c   Zero   RW          331    .bss.OriginPos      predictor2.o
    0x20000124        -       0x0000000c   Zero   RW          332    .bss.OriginVel      predictor2.o
    0x20000130        -       0x0000000c   Zero   RW          328    .bss.PosCorrect     predictor2.o
    0x2000013c        -       0x00000001   Zero   RW          321    .bss.PredictorTask.s_PredictorStage  predictor2.o
    0x2000013d   0x0800cab8   0x00000003   PAD
    0x20000140        -       0x00000008   Zero   RW          320    .bss.PredictorTask.s_SystemTime  predictor2.o
    0x20000148        -       0x00000001   Zero   RW          255    .bss.ReceiveKeyDeal.s_KeyCtrl  remotectrl.o
    0x20000149   0x0800cab8   0x00000007   PAD
    0x20000150        -       0x00000008   Zero   RW          256    .bss.ReceiveKeyDeal.s_StartTime  remotectrl.o
    0x20000158        -       0x00000008   Zero   RW          254    .bss.RemoteCtrlTask.s_SystemTime  remotectrl.o
    0x20000160        -       0x00000001   Zero   RW          144    .bss.StabilizerTask.s_StabilizerStage  stabilizer.o
    0x20000161   0x0800cab8   0x00000007   PAD
    0x20000168        -       0x00000008   Zero   RW          143    .bss.StabilizerTask.s_SystemTime  stabilizer.o
    0x20000170        -       0x00000008   Zero   RW          285    .bss.SysStatusTask.s_SystemTime  sysstatus.o
    0x20000178        -       0x00000002   Zero   RW          229    .bss.USER_UART_IRQHandler.FrameHead  dbgprint.o
    0x2000017a   0x0800cab8   0x00000006   PAD
    0x20000180        -       0x00000008   Zero   RW          207    .bss.UpdateBattery.s_SystemTime  battery.o
    0x20000188        -       0x00000008   Zero   RW          323    .bss.UpdateRawIMU.s_GravityCaliTime  predictor2.o
    0x20000190        -       0x0000000c   Zero   RW          327    .bss.VelCorrect     predictor2.o
    0x2000019c        -       0x0000000c   Zero   RW          330    .bss.VelDelta       predictor2.o
    0x200001a8        -       0x00000054   Zero   RW          178    .bss.g_AcceLFPFilter  attitude.o
    0x200001fc        -       0x00000044   Zero   RW          176    .bss.g_AttitudeCtrlMsg  attitude.o
    0x20000240        -       0x00000034   Zero   RW          506    .bss.g_BMPCtrlMsg   bmp280.o
    0x20000274        -       0x00000008   Zero   RW          206    .bss.g_BatteryCtrlMsg  battery.o
    0x2000027c        -       0x00000038   Zero   RW          227    .bss.g_DbgPrintCtrlMsg  dbgprint.o
    0x200002b4        -       0x00000002   Zero   RW          272    .bss.g_FlightModeCtrlMsg  flightmode.o
    0x200002b6   0x0800cab8   0x00000002   PAD
    0x200002b8        -       0x00000054   Zero   RW          177    .bss.g_GyroLFPFilter  attitude.o
    0x2000030c        -       0x00000010   Zero   RW          299    .bss.g_HeightCtrlMsg  height.o
    0x2000031c        -       0x00000032   Zero   RW          575    .bss.g_LORASendBuff  lora433.o
    0x2000034e        -       0x0000000c   Zero   RW          530    .bss.g_LSMCtrLMsg   lsm303d.o
    0x2000035a   0x0800cab8   0x00000002   PAD
    0x2000035c        -       0x00000010   Zero   RW          476    .bss.g_MPUCtrlMsg   mpu6000.o
    0x2000036c        -       0x00000051   Zero   RW          560    .bss.g_NRFCtrlMsg   nrf24l01.o
    0x200003bd   0x0800cab8   0x00000003   PAD
    0x200003c0        -       0x00000370   Zero   RW          428    .bss.g_PIDCtrlMsg   pid.o
    0x20000730        -       0x00000044   Zero   RW          319    .bss.g_PredictorCtrlMsg  predictor2.o
    0x20000774   0x0800cab8   0x00000004   PAD
    0x20000778        -       0x00000018   Zero   RW          253    .bss.g_RemoteCtrlMsg  remotectrl.o
    0x20000790        -       0x00000048   Zero   RW          141    .bss.g_StabiliCtrlMsg  stabilizer.o
    0x200007d8        -       0x00000008   Zero   RW          113    .bss.g_SysTickTime  stm32f4xx_it.o
    0x200007e0        -       0x00000048   Zero   RW           44    .bss.hadc1          cpu.o
    0x20000828        -       0x00000028   Zero   RW           45    .bss.hcan2          cpu.o
    0x20000850        -       0x00000060   Zero   RW           52    .bss.hdma_uart4_tx  cpu.o
    0x200008b0        -       0x0000000c   Zero   RW           43    .bss.hiwdg          cpu.o
    0x200008bc        -       0x00000058   Zero   RW           46    .bss.hspi1          cpu.o
    0x20000914        -       0x00000058   Zero   RW           47    .bss.hspi2          cpu.o
    0x2000096c        -       0x00000058   Zero   RW           48    .bss.hspi3          cpu.o
    0x200009c4        -       0x00000048   Zero   RW           49    .bss.htim1          cpu.o
    0x20000a0c        -       0x00000044   Zero   RW           50    .bss.huart4         cpu.o
    0x20000a50        -       0x00000044   Zero   RW           51    .bss.huart6         cpu.o
    0x20000a94        -       0x00000004   Zero   RW          182    .bss.imuMahonyAHRSupdate.integralAccX  attitude.o
    0x20000a98        -       0x00000004   Zero   RW          183    .bss.imuMahonyAHRSupdate.integralAccY  attitude.o
    0x20000a9c        -       0x00000004   Zero   RW          184    .bss.imuMahonyAHRSupdate.integralAccZ  attitude.o
    0x20000aa0        -       0x00000004   Zero   RW          189    .bss.q1             attitude.o
    0x20000aa4        -       0x00000004   Zero   RW          190    .bss.q2             attitude.o
    0x20000aa8        -       0x00000004   Zero   RW          191    .bss.q3             attitude.o
    0x20000aac        -       0x00000024   Zero   RW          181    .bss.rMat           attitude.o
    0x20000ad0        -       0x00000004   Zero   RW          512    .bss.s_BaroCaliTimeout  bmp280.o
    0x20000ad4        -       0x00000004   Zero   RW          507    .bss.s_BaroGndAltitude  bmp280.o
    0x20000ad8        -       0x00000001   Zero   RW          460    .bss.s_MotorUnlock  motor.o
    0x20000ad9   0x0800cab8   0x00000003   PAD
    0x20000adc        -       0x00000004   Zero   RW          686    .bss.uwTick         stm32f4xx_hal.o
    0x20000ae0        -       0x00000400   Zero   RW          606    STACK               startup_stm32f405xx.o


==============================================================================

Image component sizes


      Code (inc. data)   RO Data    RW Data    ZI Data      Debug   Object Name

      2004          8          0          0          0       4497   anohost.o
      3450         72          0          8        305       6130   attitude.o
       616         44          0          0         16       1312   battery.o
      1906         64          0          4         77       4532   bmp280.o
      1918          0          0          0        692      16328   cpu.o
       952          8          0          0         66       5319   dbgprint.o
       718          8          0          0          0       4887   filter.o
       336          0          0          0         10       1890   flightmode.o
       272          0          0          0         25       1256   height.o
       448          0        120          0         50       1687   lora433.o
       570          0          0          0         12       2311   lsm303d.o
       104          0          0          0          0        402   main.o
       362          4          0          0          1       4726   motor.o
      1044         12          0          0         16       2627   mpu6000.o
      1754        140          0          0          0       6036   mymath.o
       874          0          5          0         81       3086   nrf24l01.o
       652          0          0          0        880       2408   pid.o
      1388         48          0         16        181       2816   predictor2.o
      1880         72          0          0         41       3055   remotectrl.o
       296          8          0          0          0       1307   sensoralign.o
      3936        200          0        124         81       5187   stabilizer.o
        36          8        392          0       1024        844   startup_stm32f405xx.o
       210          0          0          5          4       7035   stm32f4xx_hal.o
      1886          0          0          0          0       9894   stm32f4xx_hal_adc.o
       478          0          0          0          0      11485   stm32f4xx_hal_can.o
       482          0          0          0          0       9355   stm32f4xx_hal_cortex.o
      1764          8          8          0          0       8366   stm32f4xx_hal_dma.o
      1034          0          0          0          0       5041   stm32f4xx_hal_gpio.o
       160          0          0          0          0       1464   stm32f4xx_hal_iwdg.o
      1320          0          0          0          0      13744   stm32f4xx_hal_msp.o
      2646          0          0          0          0       7521   stm32f4xx_hal_rcc.o
      3020          0          0          0          0      19607   stm32f4xx_hal_spi.o
      3560         14          0          0          0      34768   stm32f4xx_hal_tim.o
       468          0          0          0          0      14896   stm32f4xx_hal_tim_ex.o
      1998          0          0          0          0      17912   stm32f4xx_hal_uart.o
       110          0          0          0          8       2036   stm32f4xx_it.o
        86          0          0          0          8       1169   sysstatus.o
        18          0         24          4          0       2509   system_stm32f4xx.o

    ----------------------------------------------------------------------
     45004        722        584        164       3640     249445   Object Totals
         0          0         32          0          0          0   (incl. Generated)
       248          4          3          3         62          0   (incl. Padding)

    ----------------------------------------------------------------------

      Code (inc. data)   RO Data    RW Data    ZI Data      Debug   Library Member Name

       164         44          0          0          0        620   dunder.o
        24          0          0          0          0        124   fabs.o
        48          0          0          0          0        124   fpclassify.o
       248          0          0          0          0        152   poly.o
      3168        296        136          0          0        352   pow.o
         0          0          8          0          0          0   qnan.o
       110          0          0          0          0        148   sqrt.o
        58          0          0          0          0        136   sqrtf.o
         0          0          0          0          0          0   entry.o
         0          0          0          0          0          0   entry10a.o
         0          0          0          0          0          0   entry11a.o
         8          4          0          0          0          0   entry2.o
         4          0          0          0          0          0   entry5.o
         0          0          0          0          0          0   entry7b.o
         0          0          0          0          0          0   entry8b.o
         8          4          0          0          0          0   entry9a.o
        12          6          0          4          0         68   errno.o
        30          0          0          0          0          0   handlers.o
        36          8          0          0          0         68   init.o
         0          0          0          0          0          0   iusefp.o
        98          0          0          0          0         84   ldiv.o
        30          0          0          0          0         68   llshl.o
        36          0          0          0          0         68   llsshr.o
        32          0          0          0          0         68   llushr.o
        36          0          0          0          0         68   memcpya.o
        36          0          0          0          0        108   memseta.o
        20          0          0          0          0         68   strchr.o
        36          0          0          0          0         80   strstr.o
        98          0          0          0          0         92   uldiv.o
        48          0          0          0          0         68   cdrcmple.o
        56          0          0          0          0         88   d2f.o
       334          0          0          0          0        148   dadd.o
        54          0          0          0          0         80   dcmpge.o
        54          0          0          0          0         80   dcmple.o
       222          0          0          0          0        100   ddiv.o
       186          0          0          0          0        176   depilogue.o
        62          0          0          0          0         80   dfixi.o
        34          0          0          0          0         76   dflti.o
       228          0          0          0          0         96   dmul.o
        46          0          0          0          0         80   dscalb.o
       162          0          0          0          0        100   dsqrt.o
        38          0          0          0          0         68   f2d.o
       110          0          0          0          0        168   fepilogue.o

    ----------------------------------------------------------------------
      5996        362        144          4          0       3904   Library Totals
        22          0          0          0          0          0   (incl. Padding)

    ----------------------------------------------------------------------

      Code (inc. data)   RO Data    RW Data    ZI Data      Debug   Library Name

      3820        340        144          0          0       1656   m_wm.l
       520         22          0          4          0        840   mc_w.l
      1634          0          0          0          0       1408   mf_w.l

    ----------------------------------------------------------------------
      5996        362        144          4          0       3904   Library Totals

    ----------------------------------------------------------------------

==============================================================================


      Code (inc. data)   RO Data    RW Data    ZI Data      Debug   

     51000       1084        728        168       3640     250689   Grand Totals
     51000       1084        728        168       3640     250689   ELF Image Totals
     51000       1084        728        168          0          0   ROM Totals

==============================================================================

    Total RO  Size (Code + RO Data)                51728 (  50.52kB)
    Total RW  Size (RW Data + ZI Data)              3808 (   3.72kB)
    Total ROM Size (Code + RO Data + RW Data)      51896 (  50.68kB)

==============================================================================

