<html>
<body>
<pre>
<h1>µVision Build Log</h1>
<h2>Tool Versions:</h2>
IDE-Version: ¦ÌVision V5.35.0.0
Copyright (C) 2021 ARM Ltd and ARM Germany GmbH. All rights reserved.
License Information: 1 Hyacincher, 3, LIC=ATTQ1-CV9SH-GKRBG-VQ0RW-E0BQF-K6NIE
 
Tool Versions:
Toolchain:       MDK-ARM Plus  Version: 5.35.0.2
Toolchain Path:  D:\Keil MDK\ARM\ARMCLANG\Bin
C Compiler:      ArmClang.exe V6.16
Assembler:       Armasm.exe V6.16
Linker/Locator:  ArmLink.exe V6.16
Library Manager: ArmAr.exe V6.16
Hex Converter:   FromElf.exe V6.16
CPU DLL:         SARMCM3.DLL V5.35.0.2
Dialog DLL:      DCM.DLL V1.17.3.0
Target DLL:      Segger\JL2CM3.dll V2.99.40.0
Dialog DLL:      TCM.DLL V1.53.0.0
 
<h2>Project:</h2>
C:\Users\Hyacincher\Desktop\HyTelectrl\Code\Project\HyTelectrl.uvprojx
Project File Date:  12/30/2021

<h2>Output:</h2>
*** Using Compiler 'V6.16', folder: 'D:\Keil MDK\ARM\ARMCLANG\Bin'
Build target 'HyTelectrl'
creating list file for cpu.c...
compiling main.c...
compiling stm32f4xx_it.c...
creating list file for stm32f4xx_it.c...
creating list file for main.c...
compiling stm32f4xx_hal_msp.c...
creating list file for stm32f4xx_hal_msp.c...
compiling ADC.c...
creating list file for ADC.c...
creating list file for NRF24L01.c...
compiling cpu.c...
creating list file for ltdc.c...
compiling NRF24L01.c...
compiling ltdc.c...
creating list file for Flash.c...
compiling Power.c...
compiling Flash.c...
creating list file for Rocker.c...
creating list file for Power.c...
creating list file for Communi.c...
compiling Communi.c...
creating list file for DPort.c...
creating list file for lv_port_disp.c...
compiling Rocker.c...
compiling DPort.c...
creating list file for GUI_Main.c...
compiling GUI_Main.c...
compiling lv_port_disp.c...
linking...
Program Size: Code=166052 RO-data=46772 RW-data=2304148 ZI-data=99692  
FromELF: creating hex file...
"..\Output\HyTelectrl.axf" - 0 Error(s), 0 Warning(s).

<h2>Software Packages used:</h2>

Package Vendor: ARM
                http://www.keil.com/pack/ARM.CMSIS.5.8.0.pack
                ARM.CMSIS.5.8.0
                CMSIS (Common Microcontroller Software Interface Standard)
   * Component: CORE Version: 5.5.0

Package Vendor: Keil
                http://www.keil.com/pack/Keil.STM32F4xx_DFP.2.14.0.pack
                Keil.STM32F4xx_DFP.2.14.0
                STMicroelectronics STM32F4 Series Device Support, Drivers and Examples

<h2>Collection of Component include folders:</h2>
  .\RTE\_HyTelectrl
  D:\Keil MDK\package\ARM\CMSIS\5.8.0\CMSIS\Core\Include
  D:\Keil MDK\package\Keil\STM32F4xx_DFP\2.14.0\Drivers\CMSIS\Device\ST\STM32F4xx\Include

<h2>Collection of Component Files used:</h2>

   * Component: ARM::CMSIS:CORE:5.5.0
Build Time Elapsed:  00:00:18
</pre>
</body>
</html>
