<html>
<body>
<pre>
<h1>µVision Build Log</h1>
<h2>Tool Versions:</h2>
IDE-Version: ¦ÌVision V5.35.0.0
Copyright (C) 2021 ARM Ltd and ARM Germany GmbH. All rights reserved.
License Information: 1 Hyacincher, 3, LIC=ATTQ1-CV9SH-GKRBG-VQ0RW-E0BQF-K6NIE
 
Tool Versions:
Toolchain:       MDK-ARM Plus  Version: 5.35.0.2
Toolchain Path:  D:\Keil MDK\ARM\ARMCLANG\Bin
C Compiler:      ArmClang.exe V6.16
Assembler:       Armasm.exe V6.16
Linker/Locator:  ArmLink.exe V6.16
Library Manager: ArmAr.exe V6.16
Hex Converter:   FromElf.exe V6.16
CPU DLL:         SARMCM3.DLL V5.35.0.2
Dialog DLL:      DCM.DLL V1.17.3.0
Target DLL:      Segger\JL2CM3.dll V2.99.40.0
Dialog DLL:      TCM.DLL V1.53.0.0
 
<h2>Project:</h2>
C:\Users\Hyacincher\Desktop\HyTelectrl\Code\Project\HyTelectrl.uvprojx
Project File Date:  12/30/2021

<h2>Output:</h2>
*** Using Compiler 'V6.16', folder: 'D:\Keil MDK\ARM\ARMCLANG\Bin'
Build target 'HyTelectrl'
compiling system_stm32f4xx.c...
creating list file for system_stm32f4xx.c...
compiling stm32f4xx_it.c...
creating list file for stm32f4xx_hal_msp.c...
creating list file for stm32f4xx_it.c...
compiling stm32f4xx_hal_msp.c...
creating list file for cpu.c...
compiling Mymath.c...
creating list file for Mymath.c...
compiling cpu.c...
creating list file for stm32f4xx_hal.c...
compiling stm32f4xx_hal.c...
creating list file for stm32f4xx_hal_adc.c...
creating list file for stm32f4xx_hal_adc_ex.c...
compiling stm32f4xx_hal_adc.c...
compiling stm32f4xx_hal_adc_ex.c...
creating list file for stm32f4xx_hal_cortex.c...
compiling stm32f4xx_hal_cortex.c...
creating list file for stm32f4xx_hal_dma.c...
creating list file for stm32f4xx_hal_dma_ex.c...
compiling stm32f4xx_hal_dma.c...
compiling stm32f4xx_hal_dma_ex.c...
creating list file for stm32f4xx_hal_exti.c...
creating list file for stm32f4xx_hal_dma2d.c...
compiling stm32f4xx_hal_dma2d.c...
compiling stm32f4xx_hal_exti.c...
compiling stm32f4xx_hal_flash.c...
creating list file for stm32f4xx_hal_flash.c...
creating list file for stm32f4xx_hal_flash_ex.c...
compiling stm32f4xx_hal_flash_ex.c...
creating list file for stm32f4xx_hal_gpio.c...
compiling stm32f4xx_hal_gpio.c...
creating list file for stm32f4xx_hal_i2c_ex.c...
compiling stm32f4xx_hal_i2c_ex.c...
creating list file for stm32f4xx_hal_iwdg.c...
creating list file for stm32f4xx_hal_mmc.c...
compiling stm32f4xx_hal_iwdg.c...
compiling stm32f4xx_hal_mmc.c...
compiling stm32f4xx_hal_pwr.c...
creating list file for stm32f4xx_hal_pwr.c...
compiling stm32f4xx_hal_pwr_ex.c...
creating list file for stm32f4xx_hal_pwr_ex.c...
compiling stm32f4xx_hal_rcc.c...
creating list file for stm32f4xx_hal_rcc.c...
creating list file for stm32f4xx_hal_rcc_ex.c...
creating list file for stm32f4xx_hal_sdram.c...
creating list file for stm32f4xx_hal_i2c.c...
compiling stm32f4xx_hal_rcc_ex.c...
compiling stm32f4xx_hal_i2c.c...
compiling stm32f4xx_hal_sdram.c...
creating list file for stm32f4xx_hal_tim_ex.c...
compiling stm32f4xx_hal_uart.c...
compiling stm32f4xx_hal_tim_ex.c...
creating list file for stm32f4xx_hal_uart.c...
creating list file for stm32f4xx_hal_usart.c...
compiling stm32f4xx_hal_wwdg.c...
creating list file for stm32f4xx_hal_wwdg.c...
creating list file for stm32f4xx_hal_tim.c...
compiling stm32f4xx_hal_tim.c...
compiling stm32f4xx_hal_usart.c...
creating list file for stm32f4xx_hal_ltdc.c...
creating list file for stm32f4xx_hal_ltdc_ex.c...
compiling stm32f4xx_hal_ltdc.c...
compiling stm32f4xx_hal_ltdc_ex.c...
creating list file for stm32f4xx_hal_dsi.c...
creating list file for stm32f4xx_hal_lptim.c...
compiling stm32f4xx_hal_dsi.c...
compiling stm32f4xx_hal_lptim.c...
creating list file for stm32f4xx_hal_nand.c...
compiling stm32f4xx_hal_nand.c...
compiling stm32f4xx_hal_rng.c...
creating list file for stm32f4xx_hal_rng.c...
compiling stm32f4xx_hal_sram.c...
creating list file for stm32f4xx_hal_sram.c...
creating list file for stm32f4xx_hal_spi.c...
compiling stm32f4xx_hal_spi.c...
compiling sdram.c...
creating list file for stm32f4xx_ll_fmc.c...
creating list file for sdram.c...
compiling stm32f4xx_ll_fmc.c...
creating list file for ltdc.c...
compiling NRF24L01.c...
creating list file for Flash.c...
creating list file for NRF24L01.c...
compiling ADC.c...
creating list file for ADC.c...
compiling ltdc.c...
../Driver/Flash.c(24): warning: non-void function does not return a value [-Wreturn-type]
}
^
1 warning generated.
compiling Flash.c...
creating list file for Power.c...
compiling Communi.c...
compiling Power.c...
creating list file for Communi.c...
creating list file for Rocker.c...
compiling Rocker.c...
creating list file for lv_port_fs.c...
compiling lv_port_fs.c...
creating list file for DPort.c...
compiling DPort.c...
creating list file for lv_port_indev.c...
creating list file for lv_port_disp.c...
compiling lv_port_indev.c...
compiling lv_port_disp.c...
creating list file for lv_disp.c...
compiling lv_disp.c...
compiling lv_group.c...
compiling lv_event.c...
creating list file for lv_group.c...
creating list file for lv_event.c...
creating list file for lv_indev.c...
creating list file for lv_obj_class.c...
compiling lv_indev_scroll.c...
creating list file for lv_obj.c...
compiling lv_indev.c...
creating list file for lv_indev_scroll.c...
compiling lv_obj.c...
compiling lv_obj_class.c...
creating list file for lv_obj_draw.c...
compiling lv_obj_draw.c...
compiling lv_obj_scroll.c...
creating list file for lv_obj_pos.c...
creating list file for lv_obj_style.c...
compiling lv_obj_pos.c...
creating list file for lv_obj_scroll.c...
creating list file for lv_obj_style_gen.c...
compiling lv_obj_tree.c...
creating list file for lv_obj_tree.c...
compiling lv_obj_style_gen.c...
compiling lv_obj_style.c...
creating list file for lv_theme.c...
compiling lv_theme.c...
creating list file for lv_refr.c...
compiling lv_draw_arc.c...
compiling lv_refr.c...
creating list file for lv_draw_arc.c...
creating list file for lv_draw_img.c...
creating list file for lv_draw_blend.c...
compiling lv_draw_blend.c...
creating list file for lv_draw_line.c...
compiling lv_draw_img.c...
compiling lv_draw_line.c...
creating list file for lv_draw_label.c...
compiling lv_draw_label.c...
creating list file for lv_draw_triangle.c...
compiling lv_draw_triangle.c...
creating list file for lv_img_buf.c...
compiling lv_draw_mask.c...
creating list file for lv_draw_mask.c...
creating list file for lv_img_cache.c...
compiling lv_img_buf.c...
compiling lv_img_cache.c...
creating list file for lv_draw_rect.c...
compiling lv_draw_rect.c...
compiling lv_extra.c...
creating list file for lv_extra.c...
creating list file for lv_img_decoder.c...
compiling lv_img_decoder.c...
compiling lv_flex.c...
creating list file for lv_bmp.c...
compiling lv_bmp.c...
creating list file for lv_flex.c...
creating list file for lv_freetype.c...
compiling lv_grid.c...
creating list file for lv_grid.c...
compiling lv_freetype.c...
creating list file for lv_fs_fatfs.c...
creating list file for lv_fs_posix.c...
compiling lv_fs_fatfs.c...
compiling gifdec.c...
creating list file for gifdec.c...
compiling lv_fs_posix.c...
creating list file for lv_fs_win32.c...
compiling lv_fs_stdio.c...
creating list file for lv_fs_stdio.c...
compiling lv_fs_win32.c...
creating list file for lv_gif.c...
compiling lv_gif.c...
compiling lodepng.c...
creating list file for lodepng.c...
creating list file for lv_png.c...
compiling lv_png.c...
creating list file for lv_qrcode.c...
compiling lv_qrcode.c...
creating list file for lv_rlottie.c...
compiling lv_rlottie.c...
creating list file for lv_sjpg.c...
creating list file for tjpgd.c...
compiling lv_sjpg.c...
compiling tjpgd.c...
compiling lv_snapshot.c...
creating list file for lv_snapshot.c...
creating list file for qrcodegen.c...
compiling qrcodegen.c...
creating list file for lv_theme_basic.c...
compiling lv_animimg.c...
creating list file for lv_animimg.c...
compiling lv_theme_basic.c...
creating list file for lv_theme_mono.c...
compiling lv_theme_mono.c...
creating list file for lv_calendar_header_arrow.c...
compiling lv_calendar_header_arrow.c...
creating list file for lv_calendar_header_dropdown.c...
creating list file for lv_calendar.c...
compiling lv_calendar.c...
creating list file for lv_theme_default.c...
compiling lv_calendar_header_dropdown.c...
compiling lv_theme_default.c...
compiling lv_colorwheel.c...
creating list file for lv_keyboard.c...
compiling lv_imgbtn.c...
creating list file for lv_imgbtn.c...
creating list file for lv_colorwheel.c...
creating list file for lv_list.c...
compiling lv_keyboard.c...
compiling lv_list.c...
compiling lv_led.c...
compiling lv_chart.c...
creating list file for lv_led.c...
creating list file for lv_chart.c...
compiling lv_msgbox.c...
compiling lv_meter.c...
creating list file for lv_msgbox.c...
creating list file for lv_meter.c...
creating list file for lv_spinbox.c...
compiling lv_span.c...
compiling lv_spinbox.c...
creating list file for lv_span.c...
creating list file for lv_spinner.c...
creating list file for lv_tileview.c...
compiling lv_tileview.c...
compiling lv_spinner.c...
compiling lv_tabview.c...
creating list file for lv_tabview.c...
creating list file for lv_win.c...
compiling lv_font.c...
creating list file for lv_font.c...
compiling lv_win.c...
creating list file for lv_font_dejavu_16_persian_hebrew.c...
creating list file for lv_font_fmt_txt.c...
compiling lv_font_dejavu_16_persian_hebrew.c...
compiling lv_font_fmt_txt.c...
creating list file for lv_font_montserrat_16.c...
creating list file for lv_font_montserrat_8.c...
compiling lv_font_montserrat_8.c...
creating list file for lv_font_loader.c...
creating list file for lv_font_montserrat_14.c...
compiling lv_font_montserrat_14.c...
compiling lv_font_loader.c...
compiling lv_font_montserrat_16.c...
creating list file for lv_font_montserrat_24.c...
compiling lv_font_montserrat_24.c...
creating list file for lv_font_montserrat_32.c...
compiling lv_font_montserrat_32.c...
creating list file for lv_font_simsun_16_cjk.c...
compiling lv_font_simsun_16_cjk.c...
creating list file for lv_font_unscii_8.c...
compiling lv_font_unscii_8.c...
creating list file for lv_font_unscii_16.c...
compiling lv_font_unscii_16.c...
creating list file for lv_gpu_stm32_dma2d.c...
compiling lv_gpu_stm32_dma2d.c...
compiling lv_hal_disp.c...
creating list file for lv_hal_disp.c...
compiling lv_hal_tick.c...
creating list file for lv_hal_tick.c...
creating list file for lv_hal_indev.c...
compiling lv_hal_indev.c...
compiling lv_anim.c...
creating list file for lv_anim.c...
creating list file for lv_anim_timeline.c...
creating list file for lv_async.c...
compiling lv_anim_timeline.c...
creating list file for lv_bidi.c...
compiling lv_async.c...
creating list file for lv_area.c...
compiling lv_area.c...
compiling lv_bidi.c...
creating list file for lv_color.c...
creating list file for lv_gc.c...
compiling lv_fs.c...
compiling lv_gc.c...
compiling lv_color.c...
creating list file for lv_fs.c...
creating list file for lv_ll.c...
compiling lv_log.c...
creating list file for lv_log.c...
compiling lv_math.c...
compiling lv_ll.c...
creating list file for lv_math.c...
compiling lv_mem.c...
creating list file for lv_mem.c...
creating list file for lv_templ.c...
creating list file for lv_style_gen.c...
creating list file for lv_printf.c...
compiling lv_style.c...
creating list file for lv_style.c...
compiling lv_printf.c...
compiling lv_style_gen.c...
compiling lv_templ.c...
creating list file for lv_timer.c...
compiling lv_timer.c...
compiling lv_txt.c...
creating list file for lv_txt_ap.c...
creating list file for lv_txt.c...
creating list file for lv_tlsf.c...
compiling lv_txt_ap.c...
compiling lv_tlsf.c...
creating list file for lv_utils.c...
compiling lv_utils.c...
creating list file for lv_btn.c...
compiling lv_btn.c...
creating list file for lv_arc.c...
creating list file for lv_bar.c...
compiling lv_bar.c...
compiling lv_arc.c...
creating list file for lv_btnmatrix.c...
creating list file for lv_checkbox.c...
creating list file for lv_canvas.c...
compiling lv_checkbox.c...
creating list file for lv_dropdown.c...
compiling lv_btnmatrix.c...
compiling lv_canvas.c...
creating list file for lv_img.c...
compiling lv_dropdown.c...
compiling lv_line.c...
compiling lv_img.c...
creating list file for lv_line.c...
creating list file for lv_label.c...
compiling lv_label.c...
creating list file for lv_objx_templ.c...
compiling lv_objx_templ.c...
creating list file for lv_switch.c...
compiling lv_slider.c...
compiling lv_roller.c...
creating list file for lv_slider.c...
creating list file for lv_roller.c...
compiling lv_switch.c...
creating list file for GUI_Main.c...
creating list file for lv_table.c...
compiling GUI_Main.c...
compiling lv_table.c...
compiling lv_textarea.c...
creating list file for lv_textarea.c...
linking...
Program Size: Code=165184 RO-data=17904 RW-data=2304148 ZI-data=99668  
FromELF: creating hex file...
"..\Output\HyTelectrl.axf" - 0 Error(s), 1 Warning(s).

<h2>Software Packages used:</h2>

Package Vendor: ARM
                http://www.keil.com/pack/ARM.CMSIS.5.8.0.pack
                ARM.CMSIS.5.8.0
                CMSIS (Common Microcontroller Software Interface Standard)
   * Component: CORE Version: 5.5.0

Package Vendor: Keil
                http://www.keil.com/pack/Keil.STM32F4xx_DFP.2.14.0.pack
                Keil.STM32F4xx_DFP.2.14.0
                STMicroelectronics STM32F4 Series Device Support, Drivers and Examples

<h2>Collection of Component include folders:</h2>
  .\RTE\_HyTelectrl
  D:\Keil MDK\package\ARM\CMSIS\5.8.0\CMSIS\Core\Include
  D:\Keil MDK\package\Keil\STM32F4xx_DFP\2.14.0\Drivers\CMSIS\Device\ST\STM32F4xx\Include

<h2>Collection of Component Files used:</h2>

   * Component: ARM::CMSIS:CORE:5.5.0
Build Time Elapsed:  00:01:13
</pre>
</body>
</html>
