Component: ARM Compiler 6.16 Tool: armlink [5dfeaa00]

==============================================================================

Section Cross References

    main.o(.text.main) refers to cpu.o(.text.HardwareInit) for HardwareInit
    main.o(.text.main) refers to power.o(.text.PowerInit) for PowerInit
    main.o(.text.main) refers to communi.o(.text.CommnuniInit) for CommnuniInit
    main.o(.text.main) refers to ltdc.o(.text.LCD_ShowString) for LCD_ShowString
    main.o(.text.main) refers to power.o(.text.PowerTask) for PowerTask
    main.o(.text.main) refers to communi.o(.text.CommnuniTask) for CommnuniTask
    main.o(.ARM.exidx.text.main) refers to main.o(.text.main) for [Anonymous Symbol]
    stm32f4xx_hal_msp.o(.ARM.exidx.text.HAL_MspInit) refers to stm32f4xx_hal_msp.o(.text.HAL_MspInit) for [Anonymous Symbol]
    stm32f4xx_hal_msp.o(.text.HAL_ADC_MspInit) refers to memseta.o(.text) for __aeabi_memclr4
    stm32f4xx_hal_msp.o(.text.HAL_ADC_MspInit) refers to stm32f4xx_hal_gpio.o(.text.HAL_GPIO_Init) for HAL_GPIO_Init
    stm32f4xx_hal_msp.o(.text.HAL_ADC_MspInit) refers to cpu.o(.bss.hdma_adc1) for hdma_adc1
    stm32f4xx_hal_msp.o(.text.HAL_ADC_MspInit) refers to stm32f4xx_hal_dma.o(.text.HAL_DMA_Init) for HAL_DMA_Init
    stm32f4xx_hal_msp.o(.text.HAL_ADC_MspInit) refers to cpu.o(.text.Error_Handler) for Error_Handler
    stm32f4xx_hal_msp.o(.text.HAL_ADC_MspInit) refers to cpu.o(.bss.hdma_adc2) for hdma_adc2
    stm32f4xx_hal_msp.o(.ARM.exidx.text.HAL_ADC_MspInit) refers to stm32f4xx_hal_msp.o(.text.HAL_ADC_MspInit) for [Anonymous Symbol]
    stm32f4xx_hal_msp.o(.text.HAL_ADC_MspDeInit) refers to stm32f4xx_hal_gpio.o(.text.HAL_GPIO_DeInit) for HAL_GPIO_DeInit
    stm32f4xx_hal_msp.o(.text.HAL_ADC_MspDeInit) refers to stm32f4xx_hal_dma.o(.text.HAL_DMA_DeInit) for HAL_DMA_DeInit
    stm32f4xx_hal_msp.o(.ARM.exidx.text.HAL_ADC_MspDeInit) refers to stm32f4xx_hal_msp.o(.text.HAL_ADC_MspDeInit) for [Anonymous Symbol]
    stm32f4xx_hal_msp.o(.text.HAL_SPI_MspInit) refers to stm32f4xx_hal_gpio.o(.text.HAL_GPIO_Init) for HAL_GPIO_Init
    stm32f4xx_hal_msp.o(.ARM.exidx.text.HAL_SPI_MspInit) refers to stm32f4xx_hal_msp.o(.text.HAL_SPI_MspInit) for [Anonymous Symbol]
    stm32f4xx_hal_msp.o(.text.HAL_SPI_MspDeInit) refers to stm32f4xx_hal_gpio.o(.text.HAL_GPIO_DeInit) for HAL_GPIO_DeInit
    stm32f4xx_hal_msp.o(.ARM.exidx.text.HAL_SPI_MspDeInit) refers to stm32f4xx_hal_msp.o(.text.HAL_SPI_MspDeInit) for [Anonymous Symbol]
    stm32f4xx_hal_msp.o(.text.HAL_TIM_Base_MspInit) refers to memseta.o(.text) for __aeabi_memclr4
    stm32f4xx_hal_msp.o(.text.HAL_TIM_Base_MspInit) refers to stm32f4xx_hal_gpio.o(.text.HAL_GPIO_Init) for HAL_GPIO_Init
    stm32f4xx_hal_msp.o(.ARM.exidx.text.HAL_TIM_Base_MspInit) refers to stm32f4xx_hal_msp.o(.text.HAL_TIM_Base_MspInit) for [Anonymous Symbol]
    stm32f4xx_hal_msp.o(.text.HAL_TIM_PWM_MspInit) refers to stm32f4xx_hal_gpio.o(.text.HAL_GPIO_Init) for HAL_GPIO_Init
    stm32f4xx_hal_msp.o(.ARM.exidx.text.HAL_TIM_PWM_MspInit) refers to stm32f4xx_hal_msp.o(.text.HAL_TIM_PWM_MspInit) for [Anonymous Symbol]
    stm32f4xx_hal_msp.o(.text.HAL_TIM_Base_MspDeInit) refers to stm32f4xx_hal_gpio.o(.text.HAL_GPIO_DeInit) for HAL_GPIO_DeInit
    stm32f4xx_hal_msp.o(.ARM.exidx.text.HAL_TIM_Base_MspDeInit) refers to stm32f4xx_hal_msp.o(.text.HAL_TIM_Base_MspDeInit) for [Anonymous Symbol]
    stm32f4xx_hal_msp.o(.text.HAL_TIM_PWM_MspDeInit) refers to stm32f4xx_hal_gpio.o(.text.HAL_GPIO_DeInit) for HAL_GPIO_DeInit
    stm32f4xx_hal_msp.o(.ARM.exidx.text.HAL_TIM_PWM_MspDeInit) refers to stm32f4xx_hal_msp.o(.text.HAL_TIM_PWM_MspDeInit) for [Anonymous Symbol]
    stm32f4xx_hal_msp.o(.text.HAL_UART_MspInit) refers to memseta.o(.text) for __aeabi_memclr4
    stm32f4xx_hal_msp.o(.text.HAL_UART_MspInit) refers to stm32f4xx_hal_gpio.o(.text.HAL_GPIO_Init) for HAL_GPIO_Init
    stm32f4xx_hal_msp.o(.ARM.exidx.text.HAL_UART_MspInit) refers to stm32f4xx_hal_msp.o(.text.HAL_UART_MspInit) for [Anonymous Symbol]
    stm32f4xx_hal_msp.o(.text.HAL_UART_MspDeInit) refers to stm32f4xx_hal_gpio.o(.text.HAL_GPIO_DeInit) for HAL_GPIO_DeInit
    stm32f4xx_hal_msp.o(.ARM.exidx.text.HAL_UART_MspDeInit) refers to stm32f4xx_hal_msp.o(.text.HAL_UART_MspDeInit) for [Anonymous Symbol]
    stm32f4xx_it.o(.ARM.exidx.text.NMI_Handler) refers to stm32f4xx_it.o(.text.NMI_Handler) for [Anonymous Symbol]
    stm32f4xx_it.o(.ARM.exidx.text.HardFault_Handler) refers to stm32f4xx_it.o(.text.HardFault_Handler) for [Anonymous Symbol]
    stm32f4xx_it.o(.ARM.exidx.text.MemManage_Handler) refers to stm32f4xx_it.o(.text.MemManage_Handler) for [Anonymous Symbol]
    stm32f4xx_it.o(.ARM.exidx.text.BusFault_Handler) refers to stm32f4xx_it.o(.text.BusFault_Handler) for [Anonymous Symbol]
    stm32f4xx_it.o(.ARM.exidx.text.UsageFault_Handler) refers to stm32f4xx_it.o(.text.UsageFault_Handler) for [Anonymous Symbol]
    stm32f4xx_it.o(.ARM.exidx.text.SVC_Handler) refers to stm32f4xx_it.o(.text.SVC_Handler) for [Anonymous Symbol]
[...]
    Removing stm32f4xx_hal_spi.o(.text.HAL_SPI_GetState), (6 bytes).
    Removing stm32f4xx_hal_spi.o(.ARM.exidx.text.HAL_SPI_GetState), (8 bytes).
    Removing stm32f4xx_hal_spi.o(.text.HAL_SPI_GetError), (4 bytes).
    Removing stm32f4xx_hal_spi.o(.ARM.exidx.text.HAL_SPI_GetError), (8 bytes).
    Removing stm32f4xx_hal_spi.o(.text.SPI_CloseRxTx_ISR), (164 bytes).
    Removing stm32f4xx_hal_spi.o(.ARM.exidx.text.SPI_CloseRxTx_ISR), (8 bytes).
    Removing stm32f4xx_hal_spi.o(.text.SPI_CloseRx_ISR), (94 bytes).
    Removing stm32f4xx_hal_spi.o(.ARM.exidx.text.SPI_CloseRx_ISR), (8 bytes).
    Removing stm32f4xx_hal_spi.o(.text.SPI_CloseTx_ISR), (148 bytes).
    Removing stm32f4xx_hal_spi.o(.ARM.exidx.text.SPI_CloseTx_ISR), (8 bytes).
    Removing stm32f4xx_hal_spi.o(.ARM.exidx.text.SPI_WaitFlagStateUntilTimeout), (8 bytes).
    Removing stm32f4xx_hal_sram.o(.text), (0 bytes).
    Removing stm32f4xx_ll_fmc.o(.text), (0 bytes).
    Removing stm32f4xx_ll_fmc.o(.text.FMC_NORSRAM_Init), (120 bytes).
    Removing stm32f4xx_ll_fmc.o(.ARM.exidx.text.FMC_NORSRAM_Init), (8 bytes).
    Removing stm32f4xx_ll_fmc.o(.text.FMC_NORSRAM_DeInit), (48 bytes).
    Removing stm32f4xx_ll_fmc.o(.ARM.exidx.text.FMC_NORSRAM_DeInit), (8 bytes).
    Removing stm32f4xx_ll_fmc.o(.text.FMC_NORSRAM_Timing_Init), (94 bytes).
    Removing stm32f4xx_ll_fmc.o(.ARM.exidx.text.FMC_NORSRAM_Timing_Init), (8 bytes).
    Removing stm32f4xx_ll_fmc.o(.text.FMC_NORSRAM_Extended_Timing_Init), (66 bytes).
    Removing stm32f4xx_ll_fmc.o(.ARM.exidx.text.FMC_NORSRAM_Extended_Timing_Init), (8 bytes).
    Removing stm32f4xx_ll_fmc.o(.text.FMC_NORSRAM_WriteOperation_Enable), (18 bytes).
    Removing stm32f4xx_ll_fmc.o(.ARM.exidx.text.FMC_NORSRAM_WriteOperation_Enable), (8 bytes).
    Removing stm32f4xx_ll_fmc.o(.text.FMC_NORSRAM_WriteOperation_Disable), (18 bytes).
    Removing stm32f4xx_ll_fmc.o(.ARM.exidx.text.FMC_NORSRAM_WriteOperation_Disable), (8 bytes).
    Removing stm32f4xx_ll_fmc.o(.text.FMC_NAND_Init), (62 bytes).
    Removing stm32f4xx_ll_fmc.o(.ARM.exidx.text.FMC_NAND_Init), (8 bytes).
    Removing stm32f4xx_ll_fmc.o(.text.FMC_NAND_CommonSpace_Timing_Init), (42 bytes).
    Removing stm32f4xx_ll_fmc.o(.ARM.exidx.text.FMC_NAND_CommonSpace_Timing_Init), (8 bytes).
    Removing stm32f4xx_ll_fmc.o(.text.FMC_NAND_AttributeSpace_Timing_Init), (42 bytes).
    Removing stm32f4xx_ll_fmc.o(.ARM.exidx.text.FMC_NAND_AttributeSpace_Timing_Init), (8 bytes).
    Removing stm32f4xx_ll_fmc.o(.text.FMC_NAND_DeInit), (68 bytes).
    Removing stm32f4xx_ll_fmc.o(.ARM.exidx.text.FMC_NAND_DeInit), (8 bytes).
    Removing stm32f4xx_ll_fmc.o(.text.FMC_NAND_ECC_Enable), (20 bytes).
    Removing stm32f4xx_ll_fmc.o(.ARM.exidx.text.FMC_NAND_ECC_Enable), (8 bytes).
    Removing stm32f4xx_ll_fmc.o(.text.FMC_NAND_ECC_Disable), (20 bytes).
    Removing stm32f4xx_ll_fmc.o(.ARM.exidx.text.FMC_NAND_ECC_Disable), (8 bytes).
    Removing stm32f4xx_ll_fmc.o(.text.FMC_NAND_GetECC), (96 bytes).
    Removing stm32f4xx_ll_fmc.o(.ARM.exidx.text.FMC_NAND_GetECC), (8 bytes).
    Removing stm32f4xx_ll_fmc.o(.text.FMC_PCCARD_Init), (44 bytes).
    Removing stm32f4xx_ll_fmc.o(.ARM.exidx.text.FMC_PCCARD_Init), (8 bytes).
    Removing stm32f4xx_ll_fmc.o(.text.FMC_PCCARD_CommonSpace_Timing_Init), (30 bytes).
    Removing stm32f4xx_ll_fmc.o(.ARM.exidx.text.FMC_PCCARD_CommonSpace_Timing_Init), (8 bytes).
    Removing stm32f4xx_ll_fmc.o(.text.FMC_PCCARD_AttributeSpace_Timing_Init), (30 bytes).
    Removing stm32f4xx_ll_fmc.o(.ARM.exidx.text.FMC_PCCARD_AttributeSpace_Timing_Init), (8 bytes).
    Removing stm32f4xx_ll_fmc.o(.text.FMC_PCCARD_IOSpace_Timing_Init), (30 bytes).
    Removing stm32f4xx_ll_fmc.o(.ARM.exidx.text.FMC_PCCARD_IOSpace_Timing_Init), (8 bytes).
    Removing stm32f4xx_ll_fmc.o(.text.FMC_PCCARD_DeInit), (32 bytes).
    Removing stm32f4xx_ll_fmc.o(.ARM.exidx.text.FMC_PCCARD_DeInit), (8 bytes).
    Removing stm32f4xx_ll_fmc.o(.ARM.exidx.text.FMC_SDRAM_Init), (8 bytes).
    Removing stm32f4xx_ll_fmc.o(.ARM.exidx.text.FMC_SDRAM_Timing_Init), (8 bytes).
    Removing stm32f4xx_ll_fmc.o(.text.FMC_SDRAM_DeInit), (32 bytes).
    Removing stm32f4xx_ll_fmc.o(.ARM.exidx.text.FMC_SDRAM_DeInit), (8 bytes).
    Removing stm32f4xx_ll_fmc.o(.text.FMC_SDRAM_WriteProtection_Enable), (18 bytes).
    Removing stm32f4xx_ll_fmc.o(.ARM.exidx.text.FMC_SDRAM_WriteProtection_Enable), (8 bytes).
    Removing stm32f4xx_ll_fmc.o(.text.FMC_SDRAM_WriteProtection_Disable), (18 bytes).
    Removing stm32f4xx_ll_fmc.o(.ARM.exidx.text.FMC_SDRAM_WriteProtection_Disable), (8 bytes).
    Removing stm32f4xx_ll_fmc.o(.ARM.exidx.text.FMC_SDRAM_SendCommand), (8 bytes).
    Removing stm32f4xx_ll_fmc.o(.ARM.exidx.text.FMC_SDRAM_ProgramRefreshRate), (8 bytes).
    Removing stm32f4xx_ll_fmc.o(.text.FMC_SDRAM_SetAutoRefreshNumber), (14 bytes).
    Removing stm32f4xx_ll_fmc.o(.ARM.exidx.text.FMC_SDRAM_SetAutoRefreshNumber), (8 bytes).
    Removing stm32f4xx_ll_fmc.o(.text.FMC_SDRAM_GetModeStatus), (14 bytes).
    Removing stm32f4xx_ll_fmc.o(.ARM.exidx.text.FMC_SDRAM_GetModeStatus), (8 bytes).
    Removing sdram.o(.text), (0 bytes).
    Removing sdram.o(.ARM.exidx.text.SDRAM_Init), (8 bytes).
    Removing sdram.o(.ARM.exidx.text.SDRAM_Initialization_Sequence), (8 bytes).
    Removing sdram.o(.text.SDRAM_Send_Cmd), (64 bytes).
    Removing sdram.o(.ARM.exidx.text.SDRAM_Send_Cmd), (8 bytes).
    Removing sdram.o(.ARM.exidx.text.HAL_SDRAM_MspInit), (8 bytes).
    Removing sdram.o(.text.FMC_SDRAM_WriteBuffer), (22 bytes).
    Removing sdram.o(.ARM.exidx.text.FMC_SDRAM_WriteBuffer), (8 bytes).
    Removing sdram.o(.text.FMC_SDRAM_ReadBuffer), (22 bytes).
    Removing sdram.o(.ARM.exidx.text.FMC_SDRAM_ReadBuffer), (8 bytes).
    Removing ltdc.o(.text), (0 bytes).
    Removing ltdc.o(.text.LTDC_Switch), (46 bytes).
    Removing ltdc.o(.ARM.exidx.text.LTDC_Switch), (8 bytes).
    Removing ltdc.o(.text.LTDC_Layer_Switch), (78 bytes).
    Removing ltdc.o(.ARM.exidx.text.LTDC_Layer_Switch), (8 bytes).
    Removing ltdc.o(.text.LTDC_Select_Layer), (12 bytes).
    Removing ltdc.o(.ARM.exidx.text.LTDC_Select_Layer), (8 bytes).
    Removing ltdc.o(.text.LTDC_Display_Dir), (40 bytes).
    Removing ltdc.o(.ARM.exidx.text.LTDC_Display_Dir), (8 bytes).
    Removing ltdc.o(.ARM.exidx.text.LTDC_Draw_Point), (8 bytes).
    Removing ltdc.o(.text.LTDC_Read_Point), (58 bytes).
    Removing ltdc.o(.ARM.exidx.text.LTDC_Read_Point), (8 bytes).
    Removing ltdc.o(.ARM.exidx.text.LTDC_Fill), (8 bytes).
    Removing ltdc.o(.text.LTDC_Color_Fill), (210 bytes).
    Removing ltdc.o(.ARM.exidx.text.LTDC_Color_Fill), (8 bytes).
    Removing ltdc.o(.text.LTDC_Clear), (42 bytes).
    Removing ltdc.o(.ARM.exidx.text.LTDC_Clear), (8 bytes).
    Removing ltdc.o(.text.LTDC_Clk_Set), (30 bytes).
    Removing ltdc.o(.ARM.exidx.text.LTDC_Clk_Set), (8 bytes).
    Removing ltdc.o(.text.LTDC_Layer_Window_Config), (44 bytes).
    Removing ltdc.o(.ARM.exidx.text.LTDC_Layer_Window_Config), (8 bytes).
    Removing ltdc.o(.text.LTDC_Layer_Parameter_Config), (90 bytes).
    Removing ltdc.o(.ARM.exidx.text.LTDC_Layer_Parameter_Config), (8 bytes).
    Removing ltdc.o(.ARM.exidx.text.LTDC_Init), (8 bytes).
    Removing ltdc.o(.ARM.exidx.text.HAL_LTDC_MspInit), (8 bytes).
    Removing ltdc.o(.text.LCD_Fill_Pic), (12 bytes).
    Removing ltdc.o(.ARM.exidx.text.LCD_Fill_Pic), (8 bytes).
    Removing ltdc.o(.ARM.exidx.text.LCD_ShowChar0816), (8 bytes).
    Removing ltdc.o(.ARM.exidx.text.LCD_ShowChar1632), (8 bytes).
    Removing ltdc.o(.ARM.exidx.text.LCD_ShowString), (8 bytes).
    Removing ltdc.o(.ARM.exidx.text.SPI_WriteComm), (8 bytes).
    Removing ltdc.o(.ARM.exidx.text.SPI_WriteData), (8 bytes).
    Removing ltdc.o(.ARM.exidx.text.LCD_WriteByteSPI), (8 bytes).
    Removing ltdc.o(.bss.DMA2D_Handler), (64 bytes).
    Removing adc.o(.text), (0 bytes).
    Removing adc.o(.ARM.exidx.text.HAL_ADC_ConvCpltCallback), (8 bytes).
    Removing nrf24l01.o(.text), (0 bytes).
    Removing nrf24l01.o(.ARM.exidx.text.NRFInit), (8 bytes).
    Removing nrf24l01.o(.ARM.exidx.text.NRFTransmitData), (8 bytes).
    Removing nrf24l01.o(.ARM.exidx.text.NRFWriteContinul), (8 bytes).
    Removing nrf24l01.o(.ARM.exidx.text.NRFReadReg), (8 bytes).
    Removing nrf24l01.o(.ARM.exidx.text.NRFWriteReg), (8 bytes).
    Removing nrf24l01.o(.text.NRFReceiveData), (60 bytes).
    Removing nrf24l01.o(.ARM.exidx.text.NRFReceiveData), (8 bytes).
    Removing nrf24l01.o(.ARM.exidx.text.NRFReadContinul), (8 bytes).
    Removing nrf24l01.o(.text.GetRemoteCtrlMsg), (16 bytes).
    Removing nrf24l01.o(.ARM.exidx.text.GetRemoteCtrlMsg), (8 bytes).
    Removing power.o(.text), (0 bytes).
    Removing power.o(.ARM.exidx.text.PowerInit), (8 bytes).
    Removing power.o(.ARM.exidx.text.PowerTask), (8 bytes).
    Removing communi.o(.text), (0 bytes).
    Removing communi.o(.ARM.exidx.text.CommnuniInit), (8 bytes).
    Removing communi.o(.ARM.exidx.text.CommnuniTask), (8 bytes).
    Removing dadd.o(.text), (334 bytes).
    Removing dmul.o(.text), (228 bytes).
    Removing ddiv.o(.text), (222 bytes).
    Removing dfixul.o(.text), (48 bytes).
    Removing cdrcmple.o(.text), (48 bytes).
    Removing depilogue.o(.text), (186 bytes).

1470 unused section(s) (total 73778 bytes) removed from the image.

==============================================================================

Image Symbol Table

    Local Symbols

    Symbol Name                              Value     Ov Type        Size  Object(Section)

    ../clib/division.s                       0x00000000   Number         0  aeabi_sdiv.o ABSOLUTE
    ../clib/microlib/division.c              0x00000000   Number         0  uldiv.o ABSOLUTE
    ../clib/microlib/division.c              0x00000000   Number         0  uidiv.o ABSOLUTE
    ../clib/microlib/init/entry.s            0x00000000   Number         0  entry.o ABSOLUTE
    ../clib/microlib/init/entry.s            0x00000000   Number         0  entry2.o ABSOLUTE
    ../clib/microlib/init/entry.s            0x00000000   Number         0  entry5.o ABSOLUTE
    ../clib/microlib/init/entry.s            0x00000000   Number         0  entry7a.o ABSOLUTE
    ../clib/microlib/init/entry.s            0x00000000   Number         0  entry7b.o ABSOLUTE
    ../clib/microlib/init/entry.s            0x00000000   Number         0  entry8a.o ABSOLUTE
    ../clib/microlib/init/entry.s            0x00000000   Number         0  entry8b.o ABSOLUTE
    ../clib/microlib/init/entry.s            0x00000000   Number         0  entry9a.o ABSOLUTE
    ../clib/microlib/init/entry.s            0x00000000   Number         0  entry9b.o ABSOLUTE
    ../clib/microlib/init/entry.s            0x00000000   Number         0  entry10a.o ABSOLUTE
    ../clib/microlib/init/entry.s            0x00000000   Number         0  entry10b.o ABSOLUTE
    ../clib/microlib/init/entry.s            0x00000000   Number         0  entry11a.o ABSOLUTE
    ../clib/microlib/init/entry.s            0x00000000   Number         0  entry11b.o ABSOLUTE
    ../clib/microlib/longlong.c              0x00000000   Number         0  llshl.o ABSOLUTE
    ../clib/microlib/longlong.c              0x00000000   Number         0  llushr.o ABSOLUTE
    ../clib/microlib/longlong.c              0x00000000   Number         0  llsshr.o ABSOLUTE
    ../clib/microlib/printf/printf.c         0x00000000   Number         0  printfb.o ABSOLUTE
    ../clib/microlib/printf/printf.c         0x00000000   Number         0  printf0.o ABSOLUTE
    ../clib/microlib/printf/printf.c         0x00000000   Number         0  printf1.o ABSOLUTE
    ../clib/microlib/printf/printf.c         0x00000000   Number         0  printf2.o ABSOLUTE
    ../clib/microlib/printf/printf.c         0x00000000   Number         0  printf3.o ABSOLUTE
    ../clib/microlib/printf/printf.c         0x00000000   Number         0  printf4.o ABSOLUTE
    ../clib/microlib/printf/printf.c         0x00000000   Number         0  printf5.o ABSOLUTE
    ../clib/microlib/printf/printf.c         0x00000000   Number         0  printf6.o ABSOLUTE
    ../clib/microlib/printf/printf.c         0x00000000   Number         0  printf7.o ABSOLUTE
    ../clib/microlib/printf/printf.c         0x00000000   Number         0  printf8.o ABSOLUTE
    ../clib/microlib/printf/printf.c         0x00000000   Number         0  printfa.o ABSOLUTE
    ../clib/microlib/printf/stubs.s          0x00000000   Number         0  printfstubs.o ABSOLUTE
    ../clib/microlib/stdio/fputc.c           0x00000000   Number         0  fputc.o ABSOLUTE
    ../clib/microlib/stdio/fputc.c           0x00000000   Number         0  fputc_h.o ABSOLUTE
    ../clib/microlib/stdio/semi.s            0x00000000   Number         0  semi.o ABSOLUTE
    ../clib/microlib/stdio/streams.c         0x00000000   Number         0  stdout.o ABSOLUTE
    ../clib/microlib/string/memset.c         0x00000000   Number         0  memseta.o ABSOLUTE
    ../clib/microlib/string/strlen.c         0x00000000   Number         0  strlen.o ABSOLUTE
    ../clib/microlib/stubs.s                 0x00000000   Number         0  iusefp.o ABSOLUTE
    ../clib/microlib/stubs.s                 0x00000000   Number         0  iusesemip.o ABSOLUTE
    ../fplib/microlib/fpadd.c                0x00000000   Number         0  dadd.o ABSOLUTE
    ../fplib/microlib/fpdiv.c                0x00000000   Number         0  ddiv.o ABSOLUTE
    ../fplib/microlib/fpepilogue.c           0x00000000   Number         0  depilogue.o ABSOLUTE
    ../fplib/microlib/fpfix.c                0x00000000   Number         0  dfixul.o ABSOLUTE
    ../fplib/microlib/fpmul.c                0x00000000   Number         0  dmul.o ABSOLUTE
    ..\User\startup_stm32f429xx.s            0x00000000   Number         0  startup_stm32f429xx.o ABSOLUTE
    ADC.c                                    0x00000000   Number         0  adc.o ABSOLUTE
    Communi.c                                0x00000000   Number         0  communi.o ABSOLUTE
    NRF24L01.c                               0x00000000   Number         0  nrf24l01.o ABSOLUTE
    Power.c                                  0x00000000   Number         0  power.o ABSOLUTE
    cdrcmple.s                               0x00000000   Number         0  cdrcmple.o ABSOLUTE
    cpu.c                                    0x00000000   Number         0  cpu.o ABSOLUTE
    dc.s                                     0x00000000   Number         0  dc.o ABSOLUTE
    handlers.s                               0x00000000   Number         0  handlers.o ABSOLUTE
    init.s                                   0x00000000   Number         0  init.o ABSOLUTE
    ltdc.c                                   0x00000000   Number         0  ltdc.o ABSOLUTE
    main.c                                   0x00000000   Number         0  main.o ABSOLUTE
    sdram.c                                  0x00000000   Number         0  sdram.o ABSOLUTE
    stm32f4xx_hal.c                          0x00000000   Number         0  stm32f4xx_hal.o ABSOLUTE
    stm32f4xx_hal_adc.c                      0x00000000   Number         0  stm32f4xx_hal_adc.o ABSOLUTE
    stm32f4xx_hal_adc_ex.c                   0x00000000   Number         0  stm32f4xx_hal_adc_ex.o ABSOLUTE
    stm32f4xx_hal_cortex.c                   0x00000000   Number         0  stm32f4xx_hal_cortex.o ABSOLUTE
    stm32f4xx_hal_dma.c                      0x00000000   Number         0  stm32f4xx_hal_dma.o ABSOLUTE
    stm32f4xx_hal_dma2d.c                    0x00000000   Number         0  stm32f4xx_hal_dma2d.o ABSOLUTE
    stm32f4xx_hal_dma_ex.c                   0x00000000   Number         0  stm32f4xx_hal_dma_ex.o ABSOLUTE
    stm32f4xx_hal_dsi.c                      0x00000000   Number         0  stm32f4xx_hal_dsi.o ABSOLUTE
    stm32f4xx_hal_exti.c                     0x00000000   Number         0  stm32f4xx_hal_exti.o ABSOLUTE
    stm32f4xx_hal_flash.c                    0x00000000   Number         0  stm32f4xx_hal_flash.o ABSOLUTE
    stm32f4xx_hal_flash_ex.c                 0x00000000   Number         0  stm32f4xx_hal_flash_ex.o ABSOLUTE
    stm32f4xx_hal_gpio.c                     0x00000000   Number         0  stm32f4xx_hal_gpio.o ABSOLUTE
    stm32f4xx_hal_i2c.c                      0x00000000   Number         0  stm32f4xx_hal_i2c.o ABSOLUTE
    stm32f4xx_hal_i2c_ex.c                   0x00000000   Number         0  stm32f4xx_hal_i2c_ex.o ABSOLUTE
    stm32f4xx_hal_iwdg.c                     0x00000000   Number         0  stm32f4xx_hal_iwdg.o ABSOLUTE
    stm32f4xx_hal_lptim.c                    0x00000000   Number         0  stm32f4xx_hal_lptim.o ABSOLUTE
    stm32f4xx_hal_ltdc.c                     0x00000000   Number         0  stm32f4xx_hal_ltdc.o ABSOLUTE
    stm32f4xx_hal_ltdc_ex.c                  0x00000000   Number         0  stm32f4xx_hal_ltdc_ex.o ABSOLUTE
    stm32f4xx_hal_mmc.c                      0x00000000   Number         0  stm32f4xx_hal_mmc.o ABSOLUTE
    stm32f4xx_hal_msp.c                      0x00000000   Number         0  stm32f4xx_hal_msp.o ABSOLUTE
    stm32f4xx_hal_nand.c                     0x00000000   Number         0  stm32f4xx_hal_nand.o ABSOLUTE
    stm32f4xx_hal_pwr.c                      0x00000000   Number         0  stm32f4xx_hal_pwr.o ABSOLUTE
    stm32f4xx_hal_pwr_ex.c                   0x00000000   Number         0  stm32f4xx_hal_pwr_ex.o ABSOLUTE
    stm32f4xx_hal_rcc.c                      0x00000000   Number         0  stm32f4xx_hal_rcc.o ABSOLUTE
    stm32f4xx_hal_rcc_ex.c                   0x00000000   Number         0  stm32f4xx_hal_rcc_ex.o ABSOLUTE
    stm32f4xx_hal_rng.c                      0x00000000   Number         0  stm32f4xx_hal_rng.o ABSOLUTE
    stm32f4xx_hal_sdram.c                    0x00000000   Number         0  stm32f4xx_hal_sdram.o ABSOLUTE
    stm32f4xx_hal_spi.c                      0x00000000   Number         0  stm32f4xx_hal_spi.o ABSOLUTE
    stm32f4xx_hal_sram.c                     0x00000000   Number         0  stm32f4xx_hal_sram.o ABSOLUTE
    stm32f4xx_hal_tim.c                      0x00000000   Number         0  stm32f4xx_hal_tim.o ABSOLUTE
    stm32f4xx_hal_tim_ex.c                   0x00000000   Number         0  stm32f4xx_hal_tim_ex.o ABSOLUTE
    stm32f4xx_hal_uart.c                     0x00000000   Number         0  stm32f4xx_hal_uart.o ABSOLUTE
    stm32f4xx_hal_usart.c                    0x00000000   Number         0  stm32f4xx_hal_usart.o ABSOLUTE
    stm32f4xx_hal_wwdg.c                     0x00000000   Number         0  stm32f4xx_hal_wwdg.o ABSOLUTE
    stm32f4xx_it.c                           0x00000000   Number         0  stm32f4xx_it.o ABSOLUTE
    stm32f4xx_ll_fmc.c                       0x00000000   Number         0  stm32f4xx_ll_fmc.o ABSOLUTE
    system_stm32f4xx.c                       0x00000000   Number         0  system_stm32f4xx.o ABSOLUTE
    RESET                                    0x08000000   Section      428  startup_stm32f429xx.o(RESET)
    .ARM.Collect$$$$00000000                 0x080001ac   Section        0  entry.o(.ARM.Collect$$$$00000000)
    .ARM.Collect$$$$00000001                 0x080001ac   Section        4  entry2.o(.ARM.Collect$$$$00000001)
    .ARM.Collect$$$$00000004                 0x080001b0   Section        4  entry5.o(.ARM.Collect$$$$00000004)
    .ARM.Collect$$$$00000008                 0x080001b4   Section        0  entry7b.o(.ARM.Collect$$$$00000008)
    .ARM.Collect$$$$0000000A                 0x080001b4   Section        0  entry8b.o(.ARM.Collect$$$$0000000A)
    .ARM.Collect$$$$0000000B                 0x080001b4   Section        8  entry9a.o(.ARM.Collect$$$$0000000B)
    __lit__00000000                          0x080001bc   Data           4  entry2.o(.ARM.Collect$$$$00002712)
    .ARM.Collect$$$$0000000D                 0x080001bc   Section        0  entry10a.o(.ARM.Collect$$$$0000000D)
    .ARM.Collect$$$$0000000F                 0x080001bc   Section        0  entry11a.o(.ARM.Collect$$$$0000000F)
    .ARM.Collect$$$$00002712                 0x080001bc   Section        4  entry2.o(.ARM.Collect$$$$00002712)
    $v0                                      0x080001c0   Number         0  startup_stm32f429xx.o(.text)
    .text                                    0x080001c0   Section       36  startup_stm32f429xx.o(.text)
    .text                                    0x080001e4   Section        0  uldiv.o(.text)
    .text                                    0x08000246   Section        0  memseta.o(.text)
    .text                                    0x0800026a   Section        0  strlen.o(.text)
    .text                                    0x08000278   Section        0  uidiv.o(.text)
    .text                                    0x080002a4   Section        0  llshl.o(.text)
    .text                                    0x080002c2   Section        0  llushr.o(.text)
    .text                                    0x080002e4   Section       36  init.o(.text)
    ADC_DMAConvCplt                          0x08000309   Thumb Code   108  stm32f4xx_hal_adc.o(.text.ADC_DMAConvCplt)
    [Anonymous Symbol]                       0x08000308   Section        0  stm32f4xx_hal_adc.o(.text.ADC_DMAConvCplt)
    ADC_DMAError                             0x08000375   Thumb Code    18  stm32f4xx_hal_adc.o(.text.ADC_DMAError)
    [Anonymous Symbol]                       0x08000374   Section        0  stm32f4xx_hal_adc.o(.text.ADC_DMAError)
    ADC_DMAHalfConvCplt                      0x08000387   Thumb Code     6  stm32f4xx_hal_adc.o(.text.ADC_DMAHalfConvCplt)
    [Anonymous Symbol]                       0x08000386   Section        0  stm32f4xx_hal_adc.o(.text.ADC_DMAHalfConvCplt)
    [Anonymous Symbol]                       0x0800038c   Section        0  stm32f4xx_it.o(.text.BusFault_Handler)
    [Anonymous Symbol]                       0x0800038e   Section        0  communi.o(.text.CommnuniInit)
    [Anonymous Symbol]                       0x080003a0   Section        0  communi.o(.text.CommnuniTask)
    [Anonymous Symbol]                       0x080003f8   Section        0  stm32f4xx_it.o(.text.DMA2_Stream0_IRQHandler)
    [Anonymous Symbol]                       0x08000404   Section        0  stm32f4xx_it.o(.text.DMA2_Stream2_IRQHandler)
    [Anonymous Symbol]                       0x08000410   Section        0  stm32f4xx_it.o(.text.DebugMon_Handler)
    [Anonymous Symbol]                       0x08000414   Section        0  cpu.o(.text.Error_Handler)
    [Anonymous Symbol]                       0x0800041e   Section        0  stm32f4xx_ll_fmc.o(.text.FMC_SDRAM_Init)
    [Anonymous Symbol]                       0x080004a0   Section        0  stm32f4xx_ll_fmc.o(.text.FMC_SDRAM_ProgramRefreshRate)
    [Anonymous Symbol]                       0x080004b0   Section        0  stm32f4xx_ll_fmc.o(.text.FMC_SDRAM_SendCommand)
    [Anonymous Symbol]                       0x08000508   Section        0  stm32f4xx_ll_fmc.o(.text.FMC_SDRAM_Timing_Init)
    [Anonymous Symbol]                       0x080005e4   Section        0  stm32f4xx_hal_adc.o(.text.HAL_ADC_ConfigChannel)
    [Anonymous Symbol]                       0x0800070c   Section        0  adc.o(.text.HAL_ADC_ConvCpltCallback)
    [Anonymous Symbol]                       0x08000844   Section        0  stm32f4xx_hal_adc.o(.text.HAL_ADC_ConvHalfCpltCallback)
    [Anonymous Symbol]                       0x08000846   Section        0  stm32f4xx_hal_adc.o(.text.HAL_ADC_ErrorCallback)
    [Anonymous Symbol]                       0x08000848   Section        0  stm32f4xx_hal_adc.o(.text.HAL_ADC_Init)
    [Anonymous Symbol]                       0x08000994   Section        0  stm32f4xx_hal_msp.o(.text.HAL_ADC_MspInit)
    [Anonymous Symbol]                       0x08000b48   Section        0  stm32f4xx_hal_adc.o(.text.HAL_ADC_Start_DMA)
    [Anonymous Symbol]                       0x08000ca8   Section        0  stm32f4xx_hal_dma.o(.text.HAL_DMA_IRQHandler)
    [Anonymous Symbol]                       0x08000e28   Section        0  stm32f4xx_hal_dma.o(.text.HAL_DMA_Init)
    [Anonymous Symbol]                       0x08000f70   Section        0  stm32f4xx_hal_dma.o(.text.HAL_DMA_Start_IT)
    [Anonymous Symbol]                       0x0800100c   Section        0  stm32f4xx_hal.o(.text.HAL_Delay)
    [Anonymous Symbol]                       0x08001034   Section        0  stm32f4xx_hal_gpio.o(.text.HAL_GPIO_Init)
    [Anonymous Symbol]                       0x080011ec   Section        0  stm32f4xx_hal_gpio.o(.text.HAL_GPIO_WritePin)
    [Anonymous Symbol]                       0x080011f6   Section        0  stm32f4xx_hal.o(.text.HAL_GetTick)
    [Anonymous Symbol]                       0x08001202   Section        0  stm32f4xx_hal.o(.text.HAL_IncTick)
    [Anonymous Symbol]                       0x0800121c   Section        0  stm32f4xx_hal.o(.text.HAL_Init)
    [Anonymous Symbol]                       0x08001252   Section        0  stm32f4xx_hal.o(.text.HAL_InitTick)
    [Anonymous Symbol]                       0x080012a2   Section        0  stm32f4xx_hal_ltdc.o(.text.HAL_LTDC_ConfigLayer)
    [Anonymous Symbol]                       0x08001318   Section        0  stm32f4xx_hal_ltdc.o(.text.HAL_LTDC_Init)
    [Anonymous Symbol]                       0x080013fc   Section        0  ltdc.o(.text.HAL_LTDC_MspInit)
    [Anonymous Symbol]                       0x08001562   Section        0  stm32f4xx_hal_ltdc.o(.text.HAL_LTDC_SetWindowPosition)
    [Anonymous Symbol]                       0x080015b2   Section        0  stm32f4xx_hal_ltdc.o(.text.HAL_LTDC_SetWindowSize)
    [Anonymous Symbol]                       0x08001602   Section        0  stm32f4xx_hal_msp.o(.text.HAL_MspInit)
    [Anonymous Symbol]                       0x0800163a   Section        0  stm32f4xx_hal_cortex.o(.text.HAL_NVIC_EnableIRQ)
    [Anonymous Symbol]                       0x08001658   Section        0  stm32f4xx_hal_cortex.o(.text.HAL_NVIC_SetPriority)
    [Anonymous Symbol]                       0x080016ae   Section        0  stm32f4xx_hal_cortex.o(.text.HAL_NVIC_SetPriorityGrouping)
    [Anonymous Symbol]                       0x080016d0   Section        0  stm32f4xx_hal_rcc_ex.o(.text.HAL_RCCEx_PeriphCLKConfig)
    [Anonymous Symbol]                       0x0800190c   Section        0  stm32f4xx_hal_rcc.o(.text.HAL_RCC_ClockConfig)
    [Anonymous Symbol]                       0x08001a5a   Section        0  stm32f4xx_hal_rcc.o(.text.HAL_RCC_GetPCLK1Freq)
    [Anonymous Symbol]                       0x08001a80   Section        0  stm32f4xx_hal_rcc.o(.text.HAL_RCC_GetPCLK2Freq)
    [Anonymous Symbol]                       0x08001aa6   Section        0  stm32f4xx_hal_rcc.o(.text.HAL_RCC_GetSysClockFreq)
    [Anonymous Symbol]                       0x08001b10   Section        0  stm32f4xx_hal_rcc.o(.text.HAL_RCC_OscConfig)
    [Anonymous Symbol]                       0x08001e6c   Section        0  stm32f4xx_hal_sdram.o(.text.HAL_SDRAM_Init)
    [Anonymous Symbol]                       0x08001eac   Section        0  sdram.o(.text.HAL_SDRAM_MspInit)
    [Anonymous Symbol]                       0x08001fb0   Section        0  stm32f4xx_hal_sdram.o(.text.HAL_SDRAM_ProgramRefreshRate)
    [Anonymous Symbol]                       0x08001fd6   Section        0  stm32f4xx_hal_sdram.o(.text.HAL_SDRAM_SendCommand)
    [Anonymous Symbol]                       0x08002008   Section        0  stm32f4xx_hal_spi.o(.text.HAL_SPI_Init)
    [Anonymous Symbol]                       0x080020cc   Section        0  stm32f4xx_hal_msp.o(.text.HAL_SPI_MspInit)
    [Anonymous Symbol]                       0x08002134   Section        0  stm32f4xx_hal_spi.o(.text.HAL_SPI_Transmit)
    [Anonymous Symbol]                       0x080022a8   Section        0  stm32f4xx_hal_spi.o(.text.HAL_SPI_TransmitReceive)
    [Anonymous Symbol]                       0x08002482   Section        0  stm32f4xx_hal_cortex.o(.text.HAL_SYSTICK_Config)
    [Anonymous Symbol]                       0x080024ae   Section        0  stm32f4xx_hal_tim_ex.o(.text.HAL_TIMEx_MasterConfigSynchronization)
    [Anonymous Symbol]                       0x0800255c   Section        0  stm32f4xx_hal_tim.o(.text.HAL_TIM_Base_Init)
    [Anonymous Symbol]                       0x080025b4   Section        0  stm32f4xx_hal_msp.o(.text.HAL_TIM_Base_MspInit)
    [Anonymous Symbol]                       0x080026c8   Section        0  stm32f4xx_hal_tim.o(.text.HAL_TIM_Base_Start)
    [Anonymous Symbol]                       0x08002760   Section        0  stm32f4xx_hal_tim.o(.text.HAL_TIM_ConfigClockSource)
    [Anonymous Symbol]                       0x080028f8   Section        0  stm32f4xx_hal_tim.o(.text.HAL_TIM_PWM_ConfigChannel)
    [Anonymous Symbol]                       0x08002990   Section        0  stm32f4xx_hal_tim.o(.text.HAL_TIM_PWM_Init)
    [Anonymous Symbol]                       0x080029e8   Section        0  stm32f4xx_hal_msp.o(.text.HAL_TIM_PWM_MspInit)
    [Anonymous Symbol]                       0x08002a4a   Section        0  stm32f4xx_hal_tim.o(.text.HAL_TIM_PWM_Start)
    [Anonymous Symbol]                       0x08002b4e   Section        0  stm32f4xx_hal_uart.o(.text.HAL_UART_Init)
    [Anonymous Symbol]                       0x08002baa   Section        0  stm32f4xx_hal_msp.o(.text.HAL_UART_MspInit)
    [Anonymous Symbol]                       0x08002c70   Section        0  stm32f4xx_it.o(.text.HardFault_Handler)
    [Anonymous Symbol]                       0x08002c74   Section        0  cpu.o(.text.HardwareInit)
    [Anonymous Symbol]                       0x08003578   Section        0  ltdc.o(.text.LCD_ShowChar0816)
    [Anonymous Symbol]                       0x080035f0   Section        0  ltdc.o(.text.LCD_ShowChar1632)
    [Anonymous Symbol]                       0x080036b4   Section        0  ltdc.o(.text.LCD_ShowString)
    LCD_WriteByteSPI                         0x08003745   Thumb Code    64  ltdc.o(.text.LCD_WriteByteSPI)
    [Anonymous Symbol]                       0x08003744   Section        0  ltdc.o(.text.LCD_WriteByteSPI)
    [Anonymous Symbol]                       0x08003784   Section        0  ltdc.o(.text.LTDC_Draw_Point)
    [Anonymous Symbol]                       0x080037c0   Section        0  ltdc.o(.text.LTDC_Fill)
    [Anonymous Symbol]                       0x08003896   Section        0  ltdc.o(.text.LTDC_Init)
    LTDC_SetConfig                           0x08003cbf   Thumb Code   288  stm32f4xx_hal_ltdc.o(.text.LTDC_SetConfig)
    [Anonymous Symbol]                       0x08003cbe   Section        0  stm32f4xx_hal_ltdc.o(.text.LTDC_SetConfig)
    [Anonymous Symbol]                       0x08003de0   Section        0  stm32f4xx_it.o(.text.MemManage_Handler)
    [Anonymous Symbol]                       0x08003de4   Section        0  stm32f4xx_it.o(.text.NMI_Handler)
    [Anonymous Symbol]                       0x08003de8   Section        0  nrf24l01.o(.text.NRFInit)
    NRFReadContinul                          0x08003ee5   Thumb Code   134  nrf24l01.o(.text.NRFReadContinul)
    [Anonymous Symbol]                       0x08003ee4   Section        0  nrf24l01.o(.text.NRFReadContinul)
    NRFReadReg                               0x08003f6b   Thumb Code    78  nrf24l01.o(.text.NRFReadReg)
    [Anonymous Symbol]                       0x08003f6a   Section        0  nrf24l01.o(.text.NRFReadReg)
    [Anonymous Symbol]                       0x08003fb8   Section        0  nrf24l01.o(.text.NRFTransmitData)
    NRFWriteContinul                         0x08004005   Thumb Code    78  nrf24l01.o(.text.NRFWriteContinul)
    [Anonymous Symbol]                       0x08004004   Section        0  nrf24l01.o(.text.NRFWriteContinul)
    NRFWriteReg                              0x08004053   Thumb Code    80  nrf24l01.o(.text.NRFWriteReg)
    [Anonymous Symbol]                       0x08004052   Section        0  nrf24l01.o(.text.NRFWriteReg)
    [Anonymous Symbol]                       0x080040a2   Section        0  stm32f4xx_it.o(.text.PendSV_Handler)
    [Anonymous Symbol]                       0x080040a4   Section        0  power.o(.text.PowerInit)
    [Anonymous Symbol]                       0x080040b8   Section        0  power.o(.text.PowerTask)
    [Anonymous Symbol]                       0x08004150   Section        0  sdram.o(.text.SDRAM_Init)
    [Anonymous Symbol]                       0x080041b8   Section        0  sdram.o(.text.SDRAM_Initialization_Sequence)
    SPI_EndRxTxTransaction                   0x08004241   Thumb Code   100  stm32f4xx_hal_spi.o(.text.SPI_EndRxTxTransaction)
    [Anonymous Symbol]                       0x08004240   Section        0  stm32f4xx_hal_spi.o(.text.SPI_EndRxTxTransaction)
    SPI_WaitFlagStateUntilTimeout            0x080042a5   Thumb Code   196  stm32f4xx_hal_spi.o(.text.SPI_WaitFlagStateUntilTimeout)
    [Anonymous Symbol]                       0x080042a4   Section        0  stm32f4xx_hal_spi.o(.text.SPI_WaitFlagStateUntilTimeout)
    SPI_WriteComm                            0x08004369   Thumb Code    48  ltdc.o(.text.SPI_WriteComm)
    [Anonymous Symbol]                       0x08004368   Section        0  ltdc.o(.text.SPI_WriteComm)
    SPI_WriteData                            0x08004399   Thumb Code    48  ltdc.o(.text.SPI_WriteData)
    [Anonymous Symbol]                       0x08004398   Section        0  ltdc.o(.text.SPI_WriteData)
    [Anonymous Symbol]                       0x080043c8   Section        0  stm32f4xx_it.o(.text.SVC_Handler)
    [Anonymous Symbol]                       0x080043ca   Section        0  cpu.o(.text.SysTickISR)
    [Anonymous Symbol]                       0x080043da   Section        0  stm32f4xx_it.o(.text.SysTick_Handler)
    [Anonymous Symbol]                       0x080043e8   Section        0  cpu.o(.text.SystemClock_Config)
    [Anonymous Symbol]                       0x08004496   Section        0  system_stm32f4xx.o(.text.SystemInit)
    [Anonymous Symbol]                       0x080044a8   Section        0  stm32f4xx_hal_tim.o(.text.TIM_Base_SetConfig)
    TIM_OC1_SetConfig                        0x080045c5   Thumb Code   100  stm32f4xx_hal_tim.o(.text.TIM_OC1_SetConfig)
    [Anonymous Symbol]                       0x080045c4   Section        0  stm32f4xx_hal_tim.o(.text.TIM_OC1_SetConfig)
    [Anonymous Symbol]                       0x08004628   Section        0  stm32f4xx_hal_tim.o(.text.TIM_OC2_SetConfig)
    TIM_OC3_SetConfig                        0x08004693   Thumb Code   104  stm32f4xx_hal_tim.o(.text.TIM_OC3_SetConfig)
    [Anonymous Symbol]                       0x08004692   Section        0  stm32f4xx_hal_tim.o(.text.TIM_OC3_SetConfig)
    TIM_OC4_SetConfig                        0x080046fb   Thumb Code    78  stm32f4xx_hal_tim.o(.text.TIM_OC4_SetConfig)
    [Anonymous Symbol]                       0x080046fa   Section        0  stm32f4xx_hal_tim.o(.text.TIM_OC4_SetConfig)
    UART_SetConfig                           0x08004749   Thumb Code   220  stm32f4xx_hal_uart.o(.text.UART_SetConfig)
    [Anonymous Symbol]                       0x08004748   Section        0  stm32f4xx_hal_uart.o(.text.UART_SetConfig)
    [Anonymous Symbol]                       0x08004824   Section        0  stm32f4xx_it.o(.text.UsageFault_Handler)
    [Anonymous Symbol]                       0x08004828   Section        0  main.o(.text.main)
    i.__0sprintf$1                           0x08004868   Section        0  printf1.o(i.__0sprintf$1)
    i.__scatterload_copy                     0x08004890   Section       14  handlers.o(i.__scatterload_copy)
    i.__scatterload_null                     0x0800489e   Section        2  handlers.o(i.__scatterload_null)
    i.__scatterload_zeroinit                 0x080048a0   Section       14  handlers.o(i.__scatterload_zeroinit)
    _printf_core                             0x080048b1   Thumb Code   336  printf1.o(i._printf_core)
    i._printf_core                           0x080048b0   Section        0  printf1.o(i._printf_core)
    _sputc                                   0x08004a05   Thumb Code    10  printf1.o(i._sputc)
    i._sputc                                 0x08004a04   Section        0  printf1.o(i._sputc)
    FontAscii0816                            0x08004a26   Data        1536  ltdc.o(.rodata.FontAscii0816)
    [Anonymous Symbol]                       0x08004a26   Section        0  ltdc.o(.rodata.FontAscii0816)
    FontAscii1632                            0x08005026   Data        6144  ltdc.o(.rodata.FontAscii1632)
    [Anonymous Symbol]                       0x08005026   Section        0  ltdc.o(.rodata.FontAscii1632)
    RXAddress                                0x08006826   Data           5  nrf24l01.o(.rodata.RXAddress)
    [Anonymous Symbol]                       0x08006826   Section        0  nrf24l01.o(.rodata.RXAddress)
    TXAddress                                0x0800682b   Data           5  nrf24l01.o(.rodata.TXAddress)
    [Anonymous Symbol]                       0x0800682b   Section        0  nrf24l01.o(.rodata.TXAddress)
    .Lswitch.table.HAL_LTDC_SetPitch_NoReload 0x08006830   Data          32  stm32f4xx_hal_ltdc.o(.rodata.cst32)
    DMA_CalcBaseAndBitshift.flagBitshiftOffset 0x08006850   Data           8  stm32f4xx_hal_dma.o(.rodata.cst8)
    [Anonymous Symbol]                       0x08006850   Section        0  stm32f4xx_hal_dma.o(.rodata.cst8)
    STACK                                    0x200006c0   Section     4096  startup_stm32f429xx.o(STACK)

    Global Symbols

    Symbol Name                              Value     Ov Type        Size  Object(Section)

    BuildAttributes$$THM_ISAv4$E$P$D$K$B$S$7EM$VFPi3$EXTD16$VFPS$VFMA$PE$A:L22UL41UL21$X:L11$S22US41US21$IEEE1$IW$~IW$USESV6$~STKCKD$USESV7$~SHL$OSPACE$ROPI$EBA8$MICROLIB$REQ8$PRES8$EABIv2 0x00000000   Number         0  anon$$obj.o ABSOLUTE
    _printf_a                                0x00000000   Number         0  printfstubs.o ABSOLUTE
    _printf_c                                0x00000000   Number         0  printfstubs.o ABSOLUTE
    _printf_charcount                        0x00000000   Number         0  printfstubs.o ABSOLUTE
    _printf_d                                0x00000000   Number         0  printfstubs.o ABSOLUTE
    _printf_e                                0x00000000   Number         0  printfstubs.o ABSOLUTE
    _printf_f                                0x00000000   Number         0  printfstubs.o ABSOLUTE
    _printf_flags                            0x00000000   Number         0  printfstubs.o ABSOLUTE
    _printf_fp_dec                           0x00000000   Number         0  printfstubs.o ABSOLUTE
    _printf_fp_hex                           0x00000000   Number         0  printfstubs.o ABSOLUTE
    _printf_g                                0x00000000   Number         0  printfstubs.o ABSOLUTE
    _printf_i                                0x00000000   Number         0  printfstubs.o ABSOLUTE
    _printf_int_dec                          0x00000000   Number         0  printfstubs.o ABSOLUTE
    _printf_l                                0x00000000   Number         0  printfstubs.o ABSOLUTE
    _printf_lc                               0x00000000   Number         0  printfstubs.o ABSOLUTE
    _printf_ll                               0x00000000   Number         0  printfstubs.o ABSOLUTE
    _printf_lld                              0x00000000   Number         0  printfstubs.o ABSOLUTE
    _printf_lli                              0x00000000   Number         0  printfstubs.o ABSOLUTE
    _printf_llo                              0x00000000   Number         0  printfstubs.o ABSOLUTE
    _printf_llu                              0x00000000   Number         0  printfstubs.o ABSOLUTE
    _printf_llx                              0x00000000   Number         0  printfstubs.o ABSOLUTE
    _printf_longlong_dec                     0x00000000   Number         0  printfstubs.o ABSOLUTE
    _printf_longlong_hex                     0x00000000   Number         0  printfstubs.o ABSOLUTE
    _printf_longlong_oct                     0x00000000   Number         0  printfstubs.o ABSOLUTE
    _printf_ls                               0x00000000   Number         0  printfstubs.o ABSOLUTE
    _printf_mbtowc                           0x00000000   Number         0  printfstubs.o ABSOLUTE
    _printf_n                                0x00000000   Number         0  printfstubs.o ABSOLUTE
    _printf_o                                0x00000000   Number         0  printfstubs.o ABSOLUTE
    _printf_p                                0x00000000   Number         0  printfstubs.o ABSOLUTE
    _printf_percent                          0x00000000   Number         0  printfstubs.o ABSOLUTE
    _printf_pre_padding                      0x00000000   Number         0  printfstubs.o ABSOLUTE
    _printf_return_value                     0x00000000   Number         0  printfstubs.o ABSOLUTE
    _printf_s                                0x00000000   Number         0  printfstubs.o ABSOLUTE
    _printf_sizespec                         0x00000000   Number         0  printfstubs.o ABSOLUTE
    _printf_str                              0x00000000   Number         0  printfstubs.o ABSOLUTE
    _printf_truncate_signed                  0x00000000   Number         0  printfstubs.o ABSOLUTE
    _printf_truncate_unsigned                0x00000000   Number         0  printfstubs.o ABSOLUTE
    _printf_u                                0x00000000   Number         0  printfstubs.o ABSOLUTE
    _printf_wc                               0x00000000   Number         0  printfstubs.o ABSOLUTE
    _printf_wctomb                           0x00000000   Number         0  printfstubs.o ABSOLUTE
    _printf_widthprec                        0x00000000   Number         0  printfstubs.o ABSOLUTE
    _printf_x                                0x00000000   Number         0  printfstubs.o ABSOLUTE
    __cpp_initialize__aeabi_                  - Undefined Weak Reference
    __cxa_finalize                            - Undefined Weak Reference
    __decompress                              - Undefined Weak Reference
    _clock_init                               - Undefined Weak Reference
    _microlib_exit                            - Undefined Weak Reference
    __Vectors_Size                           0x000001ac   Number         0  startup_stm32f429xx.o ABSOLUTE
    __Vectors                                0x08000000   Data           4  startup_stm32f429xx.o(RESET)
    __Vectors_End                            0x080001ac   Data           0  startup_stm32f429xx.o(RESET)
    __main                                   0x080001ad   Thumb Code     0  entry.o(.ARM.Collect$$$$00000000)
    _main_stk                                0x080001ad   Thumb Code     0  entry2.o(.ARM.Collect$$$$00000001)
    _main_scatterload                        0x080001b1   Thumb Code     0  entry5.o(.ARM.Collect$$$$00000004)
    __main_after_scatterload                 0x080001b5   Thumb Code     0  entry5.o(.ARM.Collect$$$$00000004)
    _main_clock                              0x080001b5   Thumb Code     0  entry7b.o(.ARM.Collect$$$$00000008)
    _main_cpp_init                           0x080001b5   Thumb Code     0  entry8b.o(.ARM.Collect$$$$0000000A)
    _main_init                               0x080001b5   Thumb Code     0  entry9a.o(.ARM.Collect$$$$0000000B)
    __rt_final_cpp                           0x080001bd   Thumb Code     0  entry10a.o(.ARM.Collect$$$$0000000D)
    __rt_final_exit                          0x080001bd   Thumb Code     0  entry11a.o(.ARM.Collect$$$$0000000F)
    Reset_Handler                            0x080001c1   Thumb Code     8  startup_stm32f429xx.o(.text)
    ADC_IRQHandler                           0x080001db   Thumb Code     0  startup_stm32f429xx.o(.text)
    CAN1_RX0_IRQHandler                      0x080001db   Thumb Code     0  startup_stm32f429xx.o(.text)
    CAN1_RX1_IRQHandler                      0x080001db   Thumb Code     0  startup_stm32f429xx.o(.text)
    CAN1_SCE_IRQHandler                      0x080001db   Thumb Code     0  startup_stm32f429xx.o(.text)
    CAN1_TX_IRQHandler                       0x080001db   Thumb Code     0  startup_stm32f429xx.o(.text)
    CAN2_RX0_IRQHandler                      0x080001db   Thumb Code     0  startup_stm32f429xx.o(.text)
    CAN2_RX1_IRQHandler                      0x080001db   Thumb Code     0  startup_stm32f429xx.o(.text)
    CAN2_SCE_IRQHandler                      0x080001db   Thumb Code     0  startup_stm32f429xx.o(.text)
    CAN2_TX_IRQHandler                       0x080001db   Thumb Code     0  startup_stm32f429xx.o(.text)
    DCMI_IRQHandler                          0x080001db   Thumb Code     0  startup_stm32f429xx.o(.text)
    DMA1_Stream0_IRQHandler                  0x080001db   Thumb Code     0  startup_stm32f429xx.o(.text)
    DMA1_Stream1_IRQHandler                  0x080001db   Thumb Code     0  startup_stm32f429xx.o(.text)
    DMA1_Stream2_IRQHandler                  0x080001db   Thumb Code     0  startup_stm32f429xx.o(.text)
    DMA1_Stream3_IRQHandler                  0x080001db   Thumb Code     0  startup_stm32f429xx.o(.text)
    DMA1_Stream4_IRQHandler                  0x080001db   Thumb Code     0  startup_stm32f429xx.o(.text)
    DMA1_Stream5_IRQHandler                  0x080001db   Thumb Code     0  startup_stm32f429xx.o(.text)
    DMA1_Stream6_IRQHandler                  0x080001db   Thumb Code     0  startup_stm32f429xx.o(.text)
    DMA1_Stream7_IRQHandler                  0x080001db   Thumb Code     0  startup_stm32f429xx.o(.text)
    DMA2D_IRQHandler                         0x080001db   Thumb Code     0  startup_stm32f429xx.o(.text)
    DMA2_Stream1_IRQHandler                  0x080001db   Thumb Code     0  startup_stm32f429xx.o(.text)
    DMA2_Stream3_IRQHandler                  0x080001db   Thumb Code     0  startup_stm32f429xx.o(.text)
    DMA2_Stream4_IRQHandler                  0x080001db   Thumb Code     0  startup_stm32f429xx.o(.text)
    DMA2_Stream5_IRQHandler                  0x080001db   Thumb Code     0  startup_stm32f429xx.o(.text)
    DMA2_Stream6_IRQHandler                  0x080001db   Thumb Code     0  startup_stm32f429xx.o(.text)
    DMA2_Stream7_IRQHandler                  0x080001db   Thumb Code     0  startup_stm32f429xx.o(.text)
    ETH_IRQHandler                           0x080001db   Thumb Code     0  startup_stm32f429xx.o(.text)
    ETH_WKUP_IRQHandler                      0x080001db   Thumb Code     0  startup_stm32f429xx.o(.text)
    EXTI0_IRQHandler                         0x080001db   Thumb Code     0  startup_stm32f429xx.o(.text)
    EXTI15_10_IRQHandler                     0x080001db   Thumb Code     0  startup_stm32f429xx.o(.text)
    EXTI1_IRQHandler                         0x080001db   Thumb Code     0  startup_stm32f429xx.o(.text)
    EXTI2_IRQHandler                         0x080001db   Thumb Code     0  startup_stm32f429xx.o(.text)
    EXTI3_IRQHandler                         0x080001db   Thumb Code     0  startup_stm32f429xx.o(.text)
    EXTI4_IRQHandler                         0x080001db   Thumb Code     0  startup_stm32f429xx.o(.text)
    EXTI9_5_IRQHandler                       0x080001db   Thumb Code     0  startup_stm32f429xx.o(.text)
    FLASH_IRQHandler                         0x080001db   Thumb Code     0  startup_stm32f429xx.o(.text)
    FMC_IRQHandler                           0x080001db   Thumb Code     0  startup_stm32f429xx.o(.text)
    FPU_IRQHandler                           0x080001db   Thumb Code     0  startup_stm32f429xx.o(.text)
    HASH_RNG_IRQHandler                      0x080001db   Thumb Code     0  startup_stm32f429xx.o(.text)
    I2C1_ER_IRQHandler                       0x080001db   Thumb Code     0  startup_stm32f429xx.o(.text)
    I2C1_EV_IRQHandler                       0x080001db   Thumb Code     0  startup_stm32f429xx.o(.text)
    I2C2_ER_IRQHandler                       0x080001db   Thumb Code     0  startup_stm32f429xx.o(.text)
    I2C2_EV_IRQHandler                       0x080001db   Thumb Code     0  startup_stm32f429xx.o(.text)
    I2C3_ER_IRQHandler                       0x080001db   Thumb Code     0  startup_stm32f429xx.o(.text)
    I2C3_EV_IRQHandler                       0x080001db   Thumb Code     0  startup_stm32f429xx.o(.text)
    LTDC_ER_IRQHandler                       0x080001db   Thumb Code     0  startup_stm32f429xx.o(.text)
    LTDC_IRQHandler                          0x080001db   Thumb Code     0  startup_stm32f429xx.o(.text)
    OTG_FS_IRQHandler                        0x080001db   Thumb Code     0  startup_stm32f429xx.o(.text)
    OTG_FS_WKUP_IRQHandler                   0x080001db   Thumb Code     0  startup_stm32f429xx.o(.text)
    OTG_HS_EP1_IN_IRQHandler                 0x080001db   Thumb Code     0  startup_stm32f429xx.o(.text)
    OTG_HS_EP1_OUT_IRQHandler                0x080001db   Thumb Code     0  startup_stm32f429xx.o(.text)
    OTG_HS_IRQHandler                        0x080001db   Thumb Code     0  startup_stm32f429xx.o(.text)
    OTG_HS_WKUP_IRQHandler                   0x080001db   Thumb Code     0  startup_stm32f429xx.o(.text)
    PVD_IRQHandler                           0x080001db   Thumb Code     0  startup_stm32f429xx.o(.text)
    RCC_IRQHandler                           0x080001db   Thumb Code     0  startup_stm32f429xx.o(.text)
    RTC_Alarm_IRQHandler                     0x080001db   Thumb Code     0  startup_stm32f429xx.o(.text)
    RTC_WKUP_IRQHandler                      0x080001db   Thumb Code     0  startup_stm32f429xx.o(.text)
    SAI1_IRQHandler                          0x080001db   Thumb Code     0  startup_stm32f429xx.o(.text)
    SDIO_IRQHandler                          0x080001db   Thumb Code     0  startup_stm32f429xx.o(.text)
    SPI1_IRQHandler                          0x080001db   Thumb Code     0  startup_stm32f429xx.o(.text)
    SPI2_IRQHandler                          0x080001db   Thumb Code     0  startup_stm32f429xx.o(.text)
    SPI3_IRQHandler                          0x080001db   Thumb Code     0  startup_stm32f429xx.o(.text)
    SPI4_IRQHandler                          0x080001db   Thumb Code     0  startup_stm32f429xx.o(.text)
    SPI5_IRQHandler                          0x080001db   Thumb Code     0  startup_stm32f429xx.o(.text)
    SPI6_IRQHandler                          0x080001db   Thumb Code     0  startup_stm32f429xx.o(.text)
    TAMP_STAMP_IRQHandler                    0x080001db   Thumb Code     0  startup_stm32f429xx.o(.text)
    TIM1_BRK_TIM9_IRQHandler                 0x080001db   Thumb Code     0  startup_stm32f429xx.o(.text)
    TIM1_CC_IRQHandler                       0x080001db   Thumb Code     0  startup_stm32f429xx.o(.text)
    TIM1_TRG_COM_TIM11_IRQHandler            0x080001db   Thumb Code     0  startup_stm32f429xx.o(.text)
    TIM1_UP_TIM10_IRQHandler                 0x080001db   Thumb Code     0  startup_stm32f429xx.o(.text)
    TIM2_IRQHandler                          0x080001db   Thumb Code     0  startup_stm32f429xx.o(.text)
    TIM3_IRQHandler                          0x080001db   Thumb Code     0  startup_stm32f429xx.o(.text)
    TIM4_IRQHandler                          0x080001db   Thumb Code     0  startup_stm32f429xx.o(.text)
    TIM5_IRQHandler                          0x080001db   Thumb Code     0  startup_stm32f429xx.o(.text)
    TIM6_DAC_IRQHandler                      0x080001db   Thumb Code     0  startup_stm32f429xx.o(.text)
    TIM7_IRQHandler                          0x080001db   Thumb Code     0  startup_stm32f429xx.o(.text)
    TIM8_BRK_TIM12_IRQHandler                0x080001db   Thumb Code     0  startup_stm32f429xx.o(.text)
    TIM8_CC_IRQHandler                       0x080001db   Thumb Code     0  startup_stm32f429xx.o(.text)
    TIM8_TRG_COM_TIM14_IRQHandler            0x080001db   Thumb Code     0  startup_stm32f429xx.o(.text)
    TIM8_UP_TIM13_IRQHandler                 0x080001db   Thumb Code     0  startup_stm32f429xx.o(.text)
    UART4_IRQHandler                         0x080001db   Thumb Code     0  startup_stm32f429xx.o(.text)
    UART5_IRQHandler                         0x080001db   Thumb Code     0  startup_stm32f429xx.o(.text)
    UART7_IRQHandler                         0x080001db   Thumb Code     0  startup_stm32f429xx.o(.text)
    UART8_IRQHandler                         0x080001db   Thumb Code     0  startup_stm32f429xx.o(.text)
    USART1_IRQHandler                        0x080001db   Thumb Code     0  startup_stm32f429xx.o(.text)
    USART2_IRQHandler                        0x080001db   Thumb Code     0  startup_stm32f429xx.o(.text)
    USART3_IRQHandler                        0x080001db   Thumb Code     0  startup_stm32f429xx.o(.text)
    USART6_IRQHandler                        0x080001db   Thumb Code     0  startup_stm32f429xx.o(.text)
    WWDG_IRQHandler                          0x080001db   Thumb Code     0  startup_stm32f429xx.o(.text)
    __aeabi_uldivmod                         0x080001e5   Thumb Code    98  uldiv.o(.text)
    __aeabi_memset                           0x08000247   Thumb Code    14  memseta.o(.text)
    __aeabi_memset4                          0x08000247   Thumb Code     0  memseta.o(.text)
    __aeabi_memset8                          0x08000247   Thumb Code     0  memseta.o(.text)
    __aeabi_memclr                           0x08000255   Thumb Code     4  memseta.o(.text)
    __aeabi_memclr4                          0x08000255   Thumb Code     0  memseta.o(.text)
    __aeabi_memclr8                          0x08000255   Thumb Code     0  memseta.o(.text)
    _memset$wrapper                          0x08000259   Thumb Code    18  memseta.o(.text)
    strlen                                   0x0800026b   Thumb Code    14  strlen.o(.text)
    __aeabi_uidiv                            0x08000279   Thumb Code     0  uidiv.o(.text)
    __aeabi_uidivmod                         0x08000279   Thumb Code    44  uidiv.o(.text)
    __aeabi_llsl                             0x080002a5   Thumb Code    30  llshl.o(.text)
    _ll_shift_l                              0x080002a5   Thumb Code     0  llshl.o(.text)
    __aeabi_llsr                             0x080002c3   Thumb Code    32  llushr.o(.text)
    _ll_ushift_r                             0x080002c3   Thumb Code     0  llushr.o(.text)
    __scatterload                            0x080002e5   Thumb Code    28  init.o(.text)
    __scatterload_rt2                        0x080002e5   Thumb Code     0  init.o(.text)
    BusFault_Handler                         0x0800038d   Thumb Code     2  stm32f4xx_it.o(.text.BusFault_Handler)
    CommnuniInit                             0x0800038f   Thumb Code    18  communi.o(.text.CommnuniInit)
    CommnuniTask                             0x080003a1   Thumb Code    88  communi.o(.text.CommnuniTask)
    DMA2_Stream0_IRQHandler                  0x080003f9   Thumb Code    12  stm32f4xx_it.o(.text.DMA2_Stream0_IRQHandler)
    DMA2_Stream2_IRQHandler                  0x08000405   Thumb Code    12  stm32f4xx_it.o(.text.DMA2_Stream2_IRQHandler)
    DebugMon_Handler                         0x08000411   Thumb Code     2  stm32f4xx_it.o(.text.DebugMon_Handler)
    Error_Handler                            0x08000415   Thumb Code    10  cpu.o(.text.Error_Handler)
    FMC_SDRAM_Init                           0x0800041f   Thumb Code   130  stm32f4xx_ll_fmc.o(.text.FMC_SDRAM_Init)
    FMC_SDRAM_ProgramRefreshRate             0x080004a1   Thumb Code    14  stm32f4xx_ll_fmc.o(.text.FMC_SDRAM_ProgramRefreshRate)
    FMC_SDRAM_SendCommand                    0x080004b1   Thumb Code    88  stm32f4xx_ll_fmc.o(.text.FMC_SDRAM_SendCommand)
    FMC_SDRAM_Timing_Init                    0x08000509   Thumb Code   218  stm32f4xx_ll_fmc.o(.text.FMC_SDRAM_Timing_Init)
    HAL_ADC_ConfigChannel                    0x080005e5   Thumb Code   296  stm32f4xx_hal_adc.o(.text.HAL_ADC_ConfigChannel)
    HAL_ADC_ConvCpltCallback                 0x0800070d   Thumb Code   312  adc.o(.text.HAL_ADC_ConvCpltCallback)
    HAL_ADC_ConvHalfCpltCallback             0x08000845   Thumb Code     2  stm32f4xx_hal_adc.o(.text.HAL_ADC_ConvHalfCpltCallback)
    HAL_ADC_ErrorCallback                    0x08000847   Thumb Code     2  stm32f4xx_hal_adc.o(.text.HAL_ADC_ErrorCallback)
    HAL_ADC_Init                             0x08000849   Thumb Code   332  stm32f4xx_hal_adc.o(.text.HAL_ADC_Init)
    HAL_ADC_MspInit                          0x08000995   Thumb Code   436  stm32f4xx_hal_msp.o(.text.HAL_ADC_MspInit)
    HAL_ADC_Start_DMA                        0x08000b49   Thumb Code   352  stm32f4xx_hal_adc.o(.text.HAL_ADC_Start_DMA)
    HAL_DMA_IRQHandler                       0x08000ca9   Thumb Code   384  stm32f4xx_hal_dma.o(.text.HAL_DMA_IRQHandler)
    HAL_DMA_Init                             0x08000e29   Thumb Code   328  stm32f4xx_hal_dma.o(.text.HAL_DMA_Init)
    HAL_DMA_Start_IT                         0x08000f71   Thumb Code   156  stm32f4xx_hal_dma.o(.text.HAL_DMA_Start_IT)
    HAL_Delay                                0x0800100d   Thumb Code    40  stm32f4xx_hal.o(.text.HAL_Delay)
    HAL_GPIO_Init                            0x08001035   Thumb Code   440  stm32f4xx_hal_gpio.o(.text.HAL_GPIO_Init)
    HAL_GPIO_WritePin                        0x080011ed   Thumb Code    10  stm32f4xx_hal_gpio.o(.text.HAL_GPIO_WritePin)
    HAL_GetTick                              0x080011f7   Thumb Code    12  stm32f4xx_hal.o(.text.HAL_GetTick)
    HAL_IncTick                              0x08001203   Thumb Code    26  stm32f4xx_hal.o(.text.HAL_IncTick)
    HAL_Init                                 0x0800121d   Thumb Code    54  stm32f4xx_hal.o(.text.HAL_Init)
    HAL_InitTick                             0x08001253   Thumb Code    80  stm32f4xx_hal.o(.text.HAL_InitTick)
    HAL_LTDC_ConfigLayer                     0x080012a3   Thumb Code   118  stm32f4xx_hal_ltdc.o(.text.HAL_LTDC_ConfigLayer)
    HAL_LTDC_Init                            0x08001319   Thumb Code   228  stm32f4xx_hal_ltdc.o(.text.HAL_LTDC_Init)
    HAL_LTDC_MspInit                         0x080013fd   Thumb Code   358  ltdc.o(.text.HAL_LTDC_MspInit)
    HAL_LTDC_SetWindowPosition               0x08001563   Thumb Code    80  stm32f4xx_hal_ltdc.o(.text.HAL_LTDC_SetWindowPosition)
    HAL_LTDC_SetWindowSize                   0x080015b3   Thumb Code    80  stm32f4xx_hal_ltdc.o(.text.HAL_LTDC_SetWindowSize)
    HAL_MspInit                              0x08001603   Thumb Code    56  stm32f4xx_hal_msp.o(.text.HAL_MspInit)
    HAL_NVIC_EnableIRQ                       0x0800163b   Thumb Code    30  stm32f4xx_hal_cortex.o(.text.HAL_NVIC_EnableIRQ)
    HAL_NVIC_SetPriority                     0x08001659   Thumb Code    86  stm32f4xx_hal_cortex.o(.text.HAL_NVIC_SetPriority)
    HAL_NVIC_SetPriorityGrouping             0x080016af   Thumb Code    32  stm32f4xx_hal_cortex.o(.text.HAL_NVIC_SetPriorityGrouping)
    HAL_RCCEx_PeriphCLKConfig                0x080016d1   Thumb Code   570  stm32f4xx_hal_rcc_ex.o(.text.HAL_RCCEx_PeriphCLKConfig)
    HAL_RCC_ClockConfig                      0x0800190d   Thumb Code   334  stm32f4xx_hal_rcc.o(.text.HAL_RCC_ClockConfig)
    HAL_RCC_GetPCLK1Freq                     0x08001a5b   Thumb Code    38  stm32f4xx_hal_rcc.o(.text.HAL_RCC_GetPCLK1Freq)
    HAL_RCC_GetPCLK2Freq                     0x08001a81   Thumb Code    38  stm32f4xx_hal_rcc.o(.text.HAL_RCC_GetPCLK2Freq)
    HAL_RCC_GetSysClockFreq                  0x08001aa7   Thumb Code   104  stm32f4xx_hal_rcc.o(.text.HAL_RCC_GetSysClockFreq)
    HAL_RCC_OscConfig                        0x08001b11   Thumb Code   860  stm32f4xx_hal_rcc.o(.text.HAL_RCC_OscConfig)
    HAL_SDRAM_Init                           0x08001e6d   Thumb Code    64  stm32f4xx_hal_sdram.o(.text.HAL_SDRAM_Init)
    HAL_SDRAM_MspInit                        0x08001ead   Thumb Code   260  sdram.o(.text.HAL_SDRAM_MspInit)
    HAL_SDRAM_ProgramRefreshRate             0x08001fb1   Thumb Code    38  stm32f4xx_hal_sdram.o(.text.HAL_SDRAM_ProgramRefreshRate)
    HAL_SDRAM_SendCommand                    0x08001fd7   Thumb Code    50  stm32f4xx_hal_sdram.o(.text.HAL_SDRAM_SendCommand)
    HAL_SPI_Init                             0x08002009   Thumb Code   196  stm32f4xx_hal_spi.o(.text.HAL_SPI_Init)
    HAL_SPI_MspInit                          0x080020cd   Thumb Code   102  stm32f4xx_hal_msp.o(.text.HAL_SPI_MspInit)
    HAL_SPI_Transmit                         0x08002135   Thumb Code   372  stm32f4xx_hal_spi.o(.text.HAL_SPI_Transmit)
    HAL_SPI_TransmitReceive                  0x080022a9   Thumb Code   474  stm32f4xx_hal_spi.o(.text.HAL_SPI_TransmitReceive)
    HAL_SYSTICK_Config                       0x08002483   Thumb Code    44  stm32f4xx_hal_cortex.o(.text.HAL_SYSTICK_Config)
    HAL_TIMEx_MasterConfigSynchronization    0x080024af   Thumb Code   174  stm32f4xx_hal_tim_ex.o(.text.HAL_TIMEx_MasterConfigSynchronization)
    HAL_TIM_Base_Init                        0x0800255d   Thumb Code    88  stm32f4xx_hal_tim.o(.text.HAL_TIM_Base_Init)
    HAL_TIM_Base_MspInit                     0x080025b5   Thumb Code   276  stm32f4xx_hal_msp.o(.text.HAL_TIM_Base_MspInit)
    HAL_TIM_Base_Start                       0x080026c9   Thumb Code   152  stm32f4xx_hal_tim.o(.text.HAL_TIM_Base_Start)
    HAL_TIM_ConfigClockSource                0x08002761   Thumb Code   406  stm32f4xx_hal_tim.o(.text.HAL_TIM_ConfigClockSource)
    HAL_TIM_PWM_ConfigChannel                0x080028f9   Thumb Code   152  stm32f4xx_hal_tim.o(.text.HAL_TIM_PWM_ConfigChannel)
    HAL_TIM_PWM_Init                         0x08002991   Thumb Code    88  stm32f4xx_hal_tim.o(.text.HAL_TIM_PWM_Init)
    HAL_TIM_PWM_MspInit                      0x080029e9   Thumb Code    98  stm32f4xx_hal_msp.o(.text.HAL_TIM_PWM_MspInit)
    HAL_TIM_PWM_Start                        0x08002a4b   Thumb Code   260  stm32f4xx_hal_tim.o(.text.HAL_TIM_PWM_Start)
    HAL_UART_Init                            0x08002b4f   Thumb Code    92  stm32f4xx_hal_uart.o(.text.HAL_UART_Init)
    HAL_UART_MspInit                         0x08002bab   Thumb Code   196  stm32f4xx_hal_msp.o(.text.HAL_UART_MspInit)
    HardFault_Handler                        0x08002c71   Thumb Code     2  stm32f4xx_it.o(.text.HardFault_Handler)
    HardwareInit                             0x08002c75   Thumb Code  2308  cpu.o(.text.HardwareInit)
    LCD_ShowChar0816                         0x08003579   Thumb Code   118  ltdc.o(.text.LCD_ShowChar0816)
    LCD_ShowChar1632                         0x080035f1   Thumb Code   194  ltdc.o(.text.LCD_ShowChar1632)
    LCD_ShowString                           0x080036b5   Thumb Code   144  ltdc.o(.text.LCD_ShowString)
    LTDC_Draw_Point                          0x08003785   Thumb Code    58  ltdc.o(.text.LTDC_Draw_Point)
    LTDC_Fill                                0x080037c1   Thumb Code   214  ltdc.o(.text.LTDC_Fill)
    LTDC_Init                                0x08003897   Thumb Code  1064  ltdc.o(.text.LTDC_Init)
    MemManage_Handler                        0x08003de1   Thumb Code     2  stm32f4xx_it.o(.text.MemManage_Handler)
    NMI_Handler                              0x08003de5   Thumb Code     2  stm32f4xx_it.o(.text.NMI_Handler)
    NRFInit                                  0x08003de9   Thumb Code   250  nrf24l01.o(.text.NRFInit)
    NRFTransmitData                          0x08003fb9   Thumb Code    76  nrf24l01.o(.text.NRFTransmitData)
    PendSV_Handler                           0x080040a3   Thumb Code     2  stm32f4xx_it.o(.text.PendSV_Handler)
    PowerInit                                0x080040a5   Thumb Code    18  power.o(.text.PowerInit)
    PowerTask                                0x080040b9   Thumb Code   136  power.o(.text.PowerTask)
    SDRAM_Init                               0x08004151   Thumb Code   104  sdram.o(.text.SDRAM_Init)
    SDRAM_Initialization_Sequence            0x080041b9   Thumb Code   134  sdram.o(.text.SDRAM_Initialization_Sequence)
    SVC_Handler                              0x080043c9   Thumb Code     2  stm32f4xx_it.o(.text.SVC_Handler)
    SysTickISR                               0x080043cb   Thumb Code    16  cpu.o(.text.SysTickISR)
    SysTick_Handler                          0x080043db   Thumb Code    14  stm32f4xx_it.o(.text.SysTick_Handler)
    SystemClock_Config                       0x080043e9   Thumb Code   174  cpu.o(.text.SystemClock_Config)
    SystemInit                               0x08004497   Thumb Code    18  system_stm32f4xx.o(.text.SystemInit)
    TIM_Base_SetConfig                       0x080044a9   Thumb Code   284  stm32f4xx_hal_tim.o(.text.TIM_Base_SetConfig)
    TIM_OC2_SetConfig                        0x08004629   Thumb Code   106  stm32f4xx_hal_tim.o(.text.TIM_OC2_SetConfig)
    UsageFault_Handler                       0x08004825   Thumb Code     2  stm32f4xx_it.o(.text.UsageFault_Handler)
    main                                     0x08004829   Thumb Code    48  main.o(.text.main)
    __0sprintf$1                             0x08004869   Thumb Code    34  printf1.o(i.__0sprintf$1)
    __1sprintf$1                             0x08004869   Thumb Code     0  printf1.o(i.__0sprintf$1)
    __2sprintf                               0x08004869   Thumb Code     0  printf1.o(i.__0sprintf$1)
    __scatterload_copy                       0x08004891   Thumb Code    14  handlers.o(i.__scatterload_copy)
    __scatterload_null                       0x0800489f   Thumb Code     2  handlers.o(i.__scatterload_null)
    __scatterload_zeroinit                   0x080048a1   Thumb Code    14  handlers.o(i.__scatterload_zeroinit)
    AHBPrescTable                            0x08004a0e   Data          16  system_stm32f4xx.o(.rodata.AHBPrescTable)
    APBPrescTable                            0x08004a1e   Data           8  system_stm32f4xx.o(.rodata.APBPrescTable)
    Region$$Table$$Base                      0x08006858   Number         0  anon$$obj.o(Region$$Table)
    Region$$Table$$Limit                     0x08006878   Number         0  anon$$obj.o(Region$$Table)
    SystemCoreClock                          0x20000000   Data           4  system_stm32f4xx.o(.data.SystemCoreClock)
    uwTickFreq                               0x20000004   Data           1  stm32f4xx_hal.o(.data.uwTickFreq)
    uwTickPrio                               0x20000008   Data           4  stm32f4xx_hal.o(.data.uwTickPrio)
    LTDC_Handler                             0x20000010   Data         168  ltdc.o(.bss.LTDC_Handler)
    SDRAM_Handler                            0x200000b8   Data          52  sdram.o(.bss.SDRAM_Handler)
    g_ADC1Volt                               0x200000ec   Data          10  adc.o(.bss.g_ADC1Volt)
    g_ADC1_Buff                              0x200000f6   Data         200  cpu.o(.bss.g_ADC1_Buff)
    g_ADC2Volt                               0x200001be   Data          10  adc.o(.bss.g_ADC2Volt)
    g_ADC2_Buff                              0x200001c8   Data         200  cpu.o(.bss.g_ADC2_Buff)
    g_CommuniCtrlMsg                         0x20000290   Data           8  communi.o(.bss.g_CommuniCtrlMsg)
    g_LCDCtrlMsg                             0x20000298   Data          32  ltdc.o(.bss.g_LCDCtrlMsg)
    g_LCD_FrameBuff                          0x200002b8   Data           8  ltdc.o(.bss.g_LCD_FrameBuff)
    g_NRFCtrlMsg                             0x200002c0   Data          81  nrf24l01.o(.bss.g_NRFCtrlMsg)
    g_PowerCtrlMsg                           0x20000314   Data          12  power.o(.bss.g_PowerCtrlMsg)
    g_SystemTime                             0x20000320   Data           4  cpu.o(.bss.g_SystemTime)
    hadc1                                    0x20000324   Data          72  cpu.o(.bss.hadc1)
    hadc2                                    0x2000036c   Data          72  cpu.o(.bss.hadc2)
    hdma_adc1                                0x200003b4   Data          96  cpu.o(.bss.hdma_adc1)
    hdma_adc2                                0x20000414   Data          96  cpu.o(.bss.hdma_adc2)
    hspi2                                    0x20000474   Data          88  cpu.o(.bss.hspi2)
    htim2                                    0x200004cc   Data          72  cpu.o(.bss.htim2)
    htim3                                    0x20000514   Data          72  cpu.o(.bss.htim3)
    htim4                                    0x2000055c   Data          72  cpu.o(.bss.htim4)
    htim5                                    0x200005a4   Data          72  cpu.o(.bss.htim5)
    htim9                                    0x200005ec   Data          72  cpu.o(.bss.htim9)
    huart1                                   0x20000634   Data          68  cpu.o(.bss.huart1)
    huart6                                   0x20000678   Data          68  cpu.o(.bss.huart6)
    uwTick                                   0x200006bc   Data           4  stm32f4xx_hal.o(.bss.uwTick)
    __initial_sp                             0x200016c0   Data           0  startup_stm32f429xx.o(STACK)
    g_LCD_Cache                              0xc0000000   Data       768000  ltdc.o(.ARM.__at_0xC0000000)



==============================================================================

Memory Map of the image

  Image Entry point : 0x080001ad

  Load Region LR_IROM1 (Base: 0x08000000, Size: 0x00006888, Max: 0x00100000, ABSOLUTE)

    Execution Region ER_IROM1 (Exec base: 0x08000000, Load base: 0x08000000, Size: 0x00006878, Max: 0x00100000, ABSOLUTE)

    Exec Addr    Load Addr    Size         Type   Attr      Idx    E Section Name        Object

    0x08000000   0x08000000   0x000001ac   Data   RO           86    RESET               startup_stm32f429xx.o
    0x080001ac   0x080001ac   0x00000000   Code   RO         1875  * .ARM.Collect$$$$00000000  mc_w.l(entry.o)
    0x080001ac   0x080001ac   0x00000004   Code   RO         2145    .ARM.Collect$$$$00000001  mc_w.l(entry2.o)
    0x080001b0   0x080001b0   0x00000004   Code   RO         2148    .ARM.Collect$$$$00000004  mc_w.l(entry5.o)
    0x080001b4   0x080001b4   0x00000000   Code   RO         2150    .ARM.Collect$$$$00000008  mc_w.l(entry7b.o)
    0x080001b4   0x080001b4   0x00000000   Code   RO         2152    .ARM.Collect$$$$0000000A  mc_w.l(entry8b.o)
    0x080001b4   0x080001b4   0x00000008   Code   RO         2153    .ARM.Collect$$$$0000000B  mc_w.l(entry9a.o)
    0x080001bc   0x080001bc   0x00000000   Code   RO         2155    .ARM.Collect$$$$0000000D  mc_w.l(entry10a.o)
    0x080001bc   0x080001bc   0x00000000   Code   RO         2157    .ARM.Collect$$$$0000000F  mc_w.l(entry11a.o)
    0x080001bc   0x080001bc   0x00000004   Code   RO         2146    .ARM.Collect$$$$00002712  mc_w.l(entry2.o)
    0x080001c0   0x080001c0   0x00000024   Code   RO           87    .text               startup_stm32f429xx.o
    0x080001e4   0x080001e4   0x00000062   Code   RO         1878    .text               mc_w.l(uldiv.o)
    0x08000246   0x08000246   0x00000024   Code   RO         1880    .text               mc_w.l(memseta.o)
    0x0800026a   0x0800026a   0x0000000e   Code   RO         1882    .text               mc_w.l(strlen.o)
    0x08000278   0x08000278   0x0000002c   Code   RO         2173    .text               mc_w.l(uidiv.o)
    0x080002a4   0x080002a4   0x0000001e   Code   RO         2175    .text               mc_w.l(llshl.o)
    0x080002c2   0x080002c2   0x00000020   Code   RO         2177    .text               mc_w.l(llushr.o)
    0x080002e2   0x080002e2   0x00000002   PAD
    0x080002e4   0x080002e4   0x00000024   Code   RO         2190    .text               mc_w.l(init.o)
    0x08000308   0x08000308   0x0000006c   Code   RO          223    .text.ADC_DMAConvCplt  stm32f4xx_hal_adc.o
    0x08000374   0x08000374   0x00000012   Code   RO          227    .text.ADC_DMAError  stm32f4xx_hal_adc.o
    0x08000386   0x08000386   0x00000006   Code   RO          225    .text.ADC_DMAHalfConvCplt  stm32f4xx_hal_adc.o
    0x0800038c   0x0800038c   0x00000002   Code   RO           47    .text.BusFault_Handler  stm32f4xx_it.o
    0x0800038e   0x0800038e   0x00000012   Code   RO         1864    .text.CommnuniInit  communi.o
    0x080003a0   0x080003a0   0x00000058   Code   RO         1866    .text.CommnuniTask  communi.o
    0x080003f8   0x080003f8   0x0000000c   Code   RO           59    .text.DMA2_Stream0_IRQHandler  stm32f4xx_it.o
    0x08000404   0x08000404   0x0000000c   Code   RO           61    .text.DMA2_Stream2_IRQHandler  stm32f4xx_it.o
    0x08000410   0x08000410   0x00000002   Code   RO           53    .text.DebugMon_Handler  stm32f4xx_it.o
    0x08000412   0x08000412   0x00000002   PAD
    0x08000414   0x08000414   0x0000000a   Code   RO          100    .text.Error_Handler  cpu.o
    0x0800041e   0x0800041e   0x00000082   Code   RO         1710    .text.FMC_SDRAM_Init  stm32f4xx_ll_fmc.o
    0x080004a0   0x080004a0   0x0000000e   Code   RO         1722    .text.FMC_SDRAM_ProgramRefreshRate  stm32f4xx_ll_fmc.o
    0x080004ae   0x080004ae   0x00000002   PAD
    0x080004b0   0x080004b0   0x00000058   Code   RO         1720    .text.FMC_SDRAM_SendCommand  stm32f4xx_ll_fmc.o
    0x08000508   0x08000508   0x000000da   Code   RO         1712    .text.FMC_SDRAM_Timing_Init  stm32f4xx_ll_fmc.o
    0x080005e2   0x080005e2   0x00000002   PAD
    0x080005e4   0x080005e4   0x00000128   Code   RO          235    .text.HAL_ADC_ConfigChannel  stm32f4xx_hal_adc.o
    0x0800070c   0x0800070c   0x00000138   Code   RO         1814    .text.HAL_ADC_ConvCpltCallback  adc.o
    0x08000844   0x08000844   0x00000002   Code   RO          233    .text.HAL_ADC_ConvHalfCpltCallback  stm32f4xx_hal_adc.o
    0x08000846   0x08000846   0x00000002   Code   RO          219    .text.HAL_ADC_ErrorCallback  stm32f4xx_hal_adc.o
    0x08000848   0x08000848   0x0000014c   Code   RO          193    .text.HAL_ADC_Init  stm32f4xx_hal_adc.o
    0x08000994   0x08000994   0x000001b4   Code   RO           13    .text.HAL_ADC_MspInit  stm32f4xx_hal_msp.o
    0x08000b48   0x08000b48   0x00000160   Code   RO          221    .text.HAL_ADC_Start_DMA  stm32f4xx_hal_adc.o
    0x08000ca8   0x08000ca8   0x00000180   Code   RO          349    .text.HAL_DMA_IRQHandler  stm32f4xx_hal_dma.o
    0x08000e28   0x08000e28   0x00000148   Code   RO          335    .text.HAL_DMA_Init  stm32f4xx_hal_dma.o
    0x08000f70   0x08000f70   0x0000009c   Code   RO          341    .text.HAL_DMA_Start_IT  stm32f4xx_hal_dma.o
    0x0800100c   0x0800100c   0x00000028   Code   RO          144    .text.HAL_Delay     stm32f4xx_hal.o
    0x08001034   0x08001034   0x000001b8   Code   RO          547    .text.HAL_GPIO_Init  stm32f4xx_hal_gpio.o
    0x080011ec   0x080011ec   0x0000000a   Code   RO          553    .text.HAL_GPIO_WritePin  stm32f4xx_hal_gpio.o
    0x080011f6   0x080011f6   0x0000000c   Code   RO          136    .text.HAL_GetTick   stm32f4xx_hal.o
    0x08001202   0x08001202   0x0000001a   Code   RO          134    .text.HAL_IncTick   stm32f4xx_hal.o
    0x0800121c   0x0800121c   0x00000036   Code   RO          124    .text.HAL_Init      stm32f4xx_hal.o
    0x08001252   0x08001252   0x00000050   Code   RO          126    .text.HAL_InitTick  stm32f4xx_hal.o
    0x080012a2   0x080012a2   0x00000076   Code   RO         1477    .text.HAL_LTDC_ConfigLayer  stm32f4xx_hal_ltdc.o
    0x08001318   0x08001318   0x000000e4   Code   RO         1461    .text.HAL_LTDC_Init  stm32f4xx_hal_ltdc.o
    0x080013fc   0x080013fc   0x00000166   Code   RO         1783    .text.HAL_LTDC_MspInit  ltdc.o
    0x08001562   0x08001562   0x00000050   Code   RO         1499    .text.HAL_LTDC_SetWindowPosition  stm32f4xx_hal_ltdc.o
    0x080015b2   0x080015b2   0x00000050   Code   RO         1497    .text.HAL_LTDC_SetWindowSize  stm32f4xx_hal_ltdc.o
    0x08001602   0x08001602   0x00000038   Code   RO           11    .text.HAL_MspInit   stm32f4xx_hal_msp.o
    0x0800163a   0x0800163a   0x0000001e   Code   RO          293    .text.HAL_NVIC_EnableIRQ  stm32f4xx_hal_cortex.o
    0x08001658   0x08001658   0x00000056   Code   RO          291    .text.HAL_NVIC_SetPriority  stm32f4xx_hal_cortex.o
    0x080016ae   0x080016ae   0x00000020   Code   RO          289    .text.HAL_NVIC_SetPriorityGrouping  stm32f4xx_hal_cortex.o
    0x080016ce   0x080016ce   0x00000002   PAD
    0x080016d0   0x080016d0   0x0000023a   Code   RO          830    .text.HAL_RCCEx_PeriphCLKConfig  stm32f4xx_hal_rcc_ex.o
    0x0800190a   0x0800190a   0x00000002   PAD
    0x0800190c   0x0800190c   0x0000014e   Code   RO          798    .text.HAL_RCC_ClockConfig  stm32f4xx_hal_rcc.o
    0x08001a5a   0x08001a5a   0x00000026   Code   RO          810    .text.HAL_RCC_GetPCLK1Freq  stm32f4xx_hal_rcc.o
    0x08001a80   0x08001a80   0x00000026   Code   RO          812    .text.HAL_RCC_GetPCLK2Freq  stm32f4xx_hal_rcc.o
    0x08001aa6   0x08001aa6   0x00000068   Code   RO          800    .text.HAL_RCC_GetSysClockFreq  stm32f4xx_hal_rcc.o
    0x08001b0e   0x08001b0e   0x00000002   PAD
    0x08001b10   0x08001b10   0x0000035c   Code   RO          796    .text.HAL_RCC_OscConfig  stm32f4xx_hal_rcc.o
    0x08001e6c   0x08001e6c   0x00000040   Code   RO          854    .text.HAL_SDRAM_Init  stm32f4xx_hal_sdram.o
    0x08001eac   0x08001eac   0x00000104   Code   RO         1742    .text.HAL_SDRAM_MspInit  sdram.o
    0x08001fb0   0x08001fb0   0x00000026   Code   RO          892    .text.HAL_SDRAM_ProgramRefreshRate  stm32f4xx_hal_sdram.o
    0x08001fd6   0x08001fd6   0x00000032   Code   RO          890    .text.HAL_SDRAM_SendCommand  stm32f4xx_hal_sdram.o
    0x08002008   0x08002008   0x000000c4   Code   RO         1555    .text.HAL_SPI_Init  stm32f4xx_hal_spi.o
    0x080020cc   0x080020cc   0x00000066   Code   RO           17    .text.HAL_SPI_MspInit  stm32f4xx_hal_msp.o
    0x08002132   0x08002132   0x00000002   PAD
    0x08002134   0x08002134   0x00000174   Code   RO         1563    .text.HAL_SPI_Transmit  stm32f4xx_hal_spi.o
    0x080022a8   0x080022a8   0x000001da   Code   RO         1569    .text.HAL_SPI_TransmitReceive  stm32f4xx_hal_spi.o
    0x08002482   0x08002482   0x0000002c   Code   RO          301    .text.HAL_SYSTICK_Config  stm32f4xx_hal_cortex.o
    0x080024ae   0x080024ae   0x000000ae   Code   RO         1209    .text.HAL_TIMEx_MasterConfigSynchronization  stm32f4xx_hal_tim_ex.o
    0x0800255c   0x0800255c   0x00000058   Code   RO          908    .text.HAL_TIM_Base_Init  stm32f4xx_hal_tim.o
    0x080025b4   0x080025b4   0x00000114   Code   RO           21    .text.HAL_TIM_Base_MspInit  stm32f4xx_hal_msp.o
    0x080026c8   0x080026c8   0x00000098   Code   RO          918    .text.HAL_TIM_Base_Start  stm32f4xx_hal_tim.o
    0x08002760   0x08002760   0x00000196   Code   RO         1094    .text.HAL_TIM_ConfigClockSource  stm32f4xx_hal_tim.o
    0x080028f6   0x080028f6   0x00000002   PAD
    0x080028f8   0x080028f8   0x00000098   Code   RO         1068    .text.HAL_TIM_PWM_ConfigChannel  stm32f4xx_hal_tim.o
    0x08002990   0x08002990   0x00000058   Code   RO          962    .text.HAL_TIM_PWM_Init  stm32f4xx_hal_tim.o
    0x080029e8   0x080029e8   0x00000062   Code   RO           23    .text.HAL_TIM_PWM_MspInit  stm32f4xx_hal_msp.o
    0x08002a4a   0x08002a4a   0x00000104   Code   RO          970    .text.HAL_TIM_PWM_Start  stm32f4xx_hal_tim.o
    0x08002b4e   0x08002b4e   0x0000005c   Code   RO         1233    .text.HAL_UART_Init  stm32f4xx_hal_uart.o
    0x08002baa   0x08002baa   0x000000c4   Code   RO           29    .text.HAL_UART_MspInit  stm32f4xx_hal_msp.o
    0x08002c6e   0x08002c6e   0x00000002   PAD
    0x08002c70   0x08002c70   0x00000002   Code   RO           43    .text.HardFault_Handler  stm32f4xx_it.o
    0x08002c72   0x08002c72   0x00000002   PAD
    0x08002c74   0x08002c74   0x00000904   Code   RO           94    .text.HardwareInit  cpu.o
    0x08003578   0x08003578   0x00000076   Code   RO         1787    .text.LCD_ShowChar0816  ltdc.o
    0x080035ee   0x080035ee   0x00000002   PAD
    0x080035f0   0x080035f0   0x000000c2   Code   RO         1789    .text.LCD_ShowChar1632  ltdc.o
    0x080036b2   0x080036b2   0x00000002   PAD
    0x080036b4   0x080036b4   0x00000090   Code   RO         1791    .text.LCD_ShowString  ltdc.o
    0x08003744   0x08003744   0x00000040   Code   RO         1797    .text.LCD_WriteByteSPI  ltdc.o
    0x08003784   0x08003784   0x0000003a   Code   RO         1765    .text.LTDC_Draw_Point  ltdc.o
    0x080037be   0x080037be   0x00000002   PAD
    0x080037c0   0x080037c0   0x000000d6   Code   RO         1769    .text.LTDC_Fill     ltdc.o
    0x08003896   0x08003896   0x00000428   Code   RO         1781    .text.LTDC_Init     ltdc.o
    0x08003cbe   0x08003cbe   0x00000120   Code   RO         1479    .text.LTDC_SetConfig  stm32f4xx_hal_ltdc.o
    0x08003dde   0x08003dde   0x00000002   PAD
    0x08003de0   0x08003de0   0x00000002   Code   RO           45    .text.MemManage_Handler  stm32f4xx_it.o
    0x08003de2   0x08003de2   0x00000002   PAD
    0x08003de4   0x08003de4   0x00000002   Code   RO           41    .text.NMI_Handler   stm32f4xx_it.o
    0x08003de6   0x08003de6   0x00000002   PAD
    0x08003de8   0x08003de8   0x000000fa   Code   RO         1825    .text.NRFInit       nrf24l01.o
    0x08003ee2   0x08003ee2   0x00000002   PAD
    0x08003ee4   0x08003ee4   0x00000086   Code   RO         1837    .text.NRFReadContinul  nrf24l01.o
    0x08003f6a   0x08003f6a   0x0000004e   Code   RO         1831    .text.NRFReadReg    nrf24l01.o
    0x08003fb8   0x08003fb8   0x0000004c   Code   RO         1827    .text.NRFTransmitData  nrf24l01.o
    0x08004004   0x08004004   0x0000004e   Code   RO         1829    .text.NRFWriteContinul  nrf24l01.o
    0x08004052   0x08004052   0x00000050   Code   RO         1833    .text.NRFWriteReg   nrf24l01.o
    0x080040a2   0x080040a2   0x00000002   Code   RO           55    .text.PendSV_Handler  stm32f4xx_it.o
    0x080040a4   0x080040a4   0x00000012   Code   RO         1852    .text.PowerInit     power.o
    0x080040b6   0x080040b6   0x00000002   PAD
    0x080040b8   0x080040b8   0x00000098   Code   RO         1854    .text.PowerTask     power.o
    0x08004150   0x08004150   0x00000068   Code   RO         1736    .text.SDRAM_Init    sdram.o
    0x080041b8   0x080041b8   0x00000086   Code   RO         1738    .text.SDRAM_Initialization_Sequence  sdram.o
    0x0800423e   0x0800423e   0x00000002   PAD
    0x08004240   0x08004240   0x00000064   Code   RO         1565    .text.SPI_EndRxTxTransaction  stm32f4xx_hal_spi.o
    0x080042a4   0x080042a4   0x000000c4   Code   RO         1663    .text.SPI_WaitFlagStateUntilTimeout  stm32f4xx_hal_spi.o
    0x08004368   0x08004368   0x00000030   Code   RO         1793    .text.SPI_WriteComm  ltdc.o
    0x08004398   0x08004398   0x00000030   Code   RO         1795    .text.SPI_WriteData  ltdc.o
    0x080043c8   0x080043c8   0x00000002   Code   RO           51    .text.SVC_Handler   stm32f4xx_it.o
    0x080043ca   0x080043ca   0x00000010   Code   RO           98    .text.SysTickISR    cpu.o
    0x080043da   0x080043da   0x0000000e   Code   RO           57    .text.SysTick_Handler  stm32f4xx_it.o
    0x080043e8   0x080043e8   0x000000ae   Code   RO           96    .text.SystemClock_Config  cpu.o
    0x08004496   0x08004496   0x00000012   Code   RO           70    .text.SystemInit    system_stm32f4xx.o
    0x080044a8   0x080044a8   0x0000011c   Code   RO          912    .text.TIM_Base_SetConfig  stm32f4xx_hal_tim.o
    0x080045c4   0x080045c4   0x00000064   Code   RO         1056    .text.TIM_OC1_SetConfig  stm32f4xx_hal_tim.o
    0x08004628   0x08004628   0x0000006a   Code   RO         1058    .text.TIM_OC2_SetConfig  stm32f4xx_hal_tim.o
    0x08004692   0x08004692   0x00000068   Code   RO         1060    .text.TIM_OC3_SetConfig  stm32f4xx_hal_tim.o
    0x080046fa   0x080046fa   0x0000004e   Code   RO         1062    .text.TIM_OC4_SetConfig  stm32f4xx_hal_tim.o
    0x08004748   0x08004748   0x000000dc   Code   RO         1237    .text.UART_SetConfig  stm32f4xx_hal_uart.o
    0x08004824   0x08004824   0x00000002   Code   RO           49    .text.UsageFault_Handler  stm32f4xx_it.o
    0x08004826   0x08004826   0x00000002   PAD
    0x08004828   0x08004828   0x00000040   Code   RO            2    .text.main          main.o
    0x08004868   0x08004868   0x00000028   Code   RO         1931    i.__0sprintf$1      mc_w.l(printf1.o)
    0x08004890   0x08004890   0x0000000e   Code   RO         2200    i.__scatterload_copy  mc_w.l(handlers.o)
    0x0800489e   0x0800489e   0x00000002   Code   RO         2201    i.__scatterload_null  mc_w.l(handlers.o)
    0x080048a0   0x080048a0   0x0000000e   Code   RO         2202    i.__scatterload_zeroinit  mc_w.l(handlers.o)
    0x080048ae   0x080048ae   0x00000002   PAD
    0x080048b0   0x080048b0   0x00000154   Code   RO         1936    i._printf_core      mc_w.l(printf1.o)
    0x08004a04   0x08004a04   0x0000000a   Code   RO         1938    i._sputc            mc_w.l(printf1.o)
    0x08004a0e   0x08004a0e   0x00000010   Data   RO           75    .rodata.AHBPrescTable  system_stm32f4xx.o
    0x08004a1e   0x08004a1e   0x00000008   Data   RO           76    .rodata.APBPrescTable  system_stm32f4xx.o
    0x08004a26   0x08004a26   0x00000600   Data   RO         1803    .rodata.FontAscii0816  ltdc.o
    0x08005026   0x08005026   0x00001800   Data   RO         1805    .rodata.FontAscii1632  ltdc.o
    0x08006826   0x08006826   0x00000005   Data   RO         1843    .rodata.RXAddress   nrf24l01.o
    0x0800682b   0x0800682b   0x00000005   Data   RO         1842    .rodata.TXAddress   nrf24l01.o
    0x08006830   0x08006830   0x00000020   Data   RO         1541    .rodata.cst32       stm32f4xx_hal_ltdc.o
    0x08006850   0x08006850   0x00000008   Data   RO          359    .rodata.cst8        stm32f4xx_hal_dma.o
    0x08006858   0x08006858   0x00000020   Data   RO         2199    Region$$Table       anon$$obj.o


    Execution Region RW_IRAM1 (Exec base: 0x20000000, Load base: 0x08006878, Size: 0x000016c0, Max: 0x00030000, ABSOLUTE)

    Exec Addr    Load Addr    Size         Type   Attr      Idx    E Section Name        Object

    0x20000000   0x08006878   0x00000004   Data   RW           74    .data.SystemCoreClock  system_stm32f4xx.o
    0x20000004   0x0800687c   0x00000001   Data   RW          183    .data.uwTickFreq    stm32f4xx_hal.o
    0x20000005   0x0800687d   0x00000003   PAD
    0x20000008   0x08006880   0x00000004   Data   RW          182    .data.uwTickPrio    stm32f4xx_hal.o
    0x2000000c   0x08006884   0x00000004   PAD
    0x20000010        -       0x000000a8   Zero   RW         1799    .bss.LTDC_Handler   ltdc.o
    0x200000b8        -       0x00000034   Zero   RW         1748    .bss.SDRAM_Handler  sdram.o
    0x200000ec        -       0x0000000a   Zero   RW         1816    .bss.g_ADC1Volt     adc.o
    0x200000f6        -       0x000000c8   Zero   RW          104    .bss.g_ADC1_Buff    cpu.o
    0x200001be        -       0x0000000a   Zero   RW         1817    .bss.g_ADC2Volt     adc.o
    0x200001c8        -       0x000000c8   Zero   RW          106    .bss.g_ADC2_Buff    cpu.o
    0x20000290        -       0x00000008   Zero   RW         1868    .bss.g_CommuniCtrlMsg  communi.o
    0x20000298        -       0x00000020   Zero   RW         1800    .bss.g_LCDCtrlMsg   ltdc.o
    0x200002b8        -       0x00000008   Zero   RW         1801    .bss.g_LCD_FrameBuff  ltdc.o
    0x200002c0        -       0x00000051   Zero   RW         1841    .bss.g_NRFCtrlMsg   nrf24l01.o
    0x20000311   0x08006884   0x00000003   PAD
    0x20000314        -       0x0000000c   Zero   RW         1856    .bss.g_PowerCtrlMsg  power.o
    0x20000320        -       0x00000004   Zero   RW          102    .bss.g_SystemTime   cpu.o
    0x20000324        -       0x00000048   Zero   RW          103    .bss.hadc1          cpu.o
    0x2000036c        -       0x00000048   Zero   RW          105    .bss.hadc2          cpu.o
    0x200003b4        -       0x00000060   Zero   RW          108    .bss.hdma_adc1      cpu.o
    0x20000414        -       0x00000060   Zero   RW          109    .bss.hdma_adc2      cpu.o
    0x20000474        -       0x00000058   Zero   RW          110    .bss.hspi2          cpu.o
    0x200004cc        -       0x00000048   Zero   RW          111    .bss.htim2          cpu.o
    0x20000514        -       0x00000048   Zero   RW          112    .bss.htim3          cpu.o
    0x2000055c        -       0x00000048   Zero   RW          113    .bss.htim4          cpu.o
    0x200005a4        -       0x00000048   Zero   RW          107    .bss.htim5          cpu.o
    0x200005ec        -       0x00000048   Zero   RW          114    .bss.htim9          cpu.o
    0x20000634        -       0x00000044   Zero   RW          115    .bss.huart1         cpu.o
    0x20000678        -       0x00000044   Zero   RW          116    .bss.huart6         cpu.o
    0x200006bc        -       0x00000004   Zero   RW          184    .bss.uwTick         stm32f4xx_hal.o
    0x200006c0        -       0x00001000   Zero   RW           84    STACK               startup_stm32f429xx.o



  Load Region LR$$.ARM.__at_0xC0000000 (Base: 0xc0000000, Size: 0x000bb800, Max: 0x000bb800, ABSOLUTE)

    Execution Region ER$$.ARM.__at_0xC0000000 (Exec base: 0xc0000000, Load base: 0xc0000000, Size: 0x000bb800, Max: 0x000bb800, ABSOLUTE, UNINIT)

    Exec Addr    Load Addr    Size         Type   Attr      Idx    E Section Name        Object

    0xc0000000   0xc0000000   0x000bb800   Data   RW         1802    .ARM.__at_0xC0000000  ltdc.o


==============================================================================

Image component sizes


      Code (inc. data)   RO Data    RW Data    ZI Data      Debug   Object Name

       312          8          0          0         20       3843   adc.o
       106          0          0          0          8        971   communi.o
      2508          0          0          0       1324      15846   cpu.o
      2310          0       7680     768000        208      16577   ltdc.o
        64         16          0          0          0        546   main.o
       696          0         10          0         81       4518   nrf24l01.o
       170         16          0          0         12       1433   power.o
       498          0          0          0         52       6948   sdram.o
        36          8        428          0       4096        844   startup_stm32f429xx.o
       212          0          0          5          4       7626   stm32f4xx_hal.o
      1116          0          0          0          0      10787   stm32f4xx_hal_adc.o
       192          0          0          0          0      10538   stm32f4xx_hal_cortex.o
       868          4          8          0          0       9636   stm32f4xx_hal_dma.o
       450          0          0          0          0       5056   stm32f4xx_hal_gpio.o
       794          0         32          0          0      14896   stm32f4xx_hal_ltdc.o
      1164          4          0          0          0      11004   stm32f4xx_hal_msp.o
      1374          0          0          0          0       7312   stm32f4xx_hal_rcc.o
       570          0          0          0          0       5535   stm32f4xx_hal_rcc_ex.o
       152          0          0          0          0      10485   stm32f4xx_hal_sdram.o
      1338          0          0          0          0      21557   stm32f4xx_hal_spi.o
      1818          4          0          0          0      50286   stm32f4xx_hal_tim.o
       174          0          0          0          0      21073   stm32f4xx_hal_tim_ex.o
       312          0          0          0          0      25012   stm32f4xx_hal_uart.o
        54          0          0          0          0       2867   stm32f4xx_it.o
       450          0          0          0          0      12101   stm32f4xx_ll_fmc.o
        18          0         24          4          0       2608   system_stm32f4xx.o

    ----------------------------------------------------------------------
     17796         60       8214     768012       5812     279905   Object Totals
         0          0         32          0          0          0   (incl. Generated)
        40          0          0          3          7          0   (incl. Padding)

    ----------------------------------------------------------------------

      Code (inc. data)   RO Data    RW Data    ZI Data      Debug   Library Member Name

         0          0          0          0          0          0   entry.o
         0          0          0          0          0          0   entry10a.o
         0          0          0          0          0          0   entry11a.o
         8          4          0          0          0          0   entry2.o
         4          0          0          0          0          0   entry5.o
         0          0          0          0          0          0   entry7b.o
         0          0          0          0          0          0   entry8b.o
         8          4          0          0          0          0   entry9a.o
        30          0          0          0          0          0   handlers.o
        36          8          0          0          0         68   init.o
        30          0          0          0          0         68   llshl.o
        32          0          0          0          0         68   llushr.o
        36          0          0          0          0        108   memseta.o
       390         10          0          0          0        252   printf1.o
        14          0          0          0          0         68   strlen.o
        44          0          0          0          0         80   uidiv.o
        98          0          0          0          0         92   uldiv.o

    ----------------------------------------------------------------------
       734         26          0          0          0        804   Library Totals
         4          0          0          0          0          0   (incl. Padding)

    ----------------------------------------------------------------------

      Code (inc. data)   RO Data    RW Data    ZI Data      Debug   Library Name

       730         26          0          0          0        804   mc_w.l

    ----------------------------------------------------------------------
       734         26          0          0          0        804   Library Totals

    ----------------------------------------------------------------------

==============================================================================


      Code (inc. data)   RO Data    RW Data    ZI Data      Debug   

     18530         86       8214     768012       5812     280121   Grand Totals
     18530         86       8214     768012       5812     280121   ELF Image Totals
     18530         86       8214     768012          0          0   ROM Totals

==============================================================================

    Total RO  Size (Code + RO Data)                26744 (  26.12kB)
    Total RW  Size (RW Data + ZI Data)            773824 ( 755.69kB)
    Total ROM Size (Code + RO Data + RW Data)     794756 ( 776.13kB)

==============================================================================

