	.text
	.syntax unified
	.eabi_attribute	67, "2.09"	@ Tag_conformance
	.cpu	cortex-m4
	.eabi_attribute	6, 13	@ Tag_CPU_arch
	.eabi_attribute	7, 77	@ Tag_CPU_arch_profile
	.eabi_attribute	8, 0	@ Tag_ARM_ISA_use
	.eabi_attribute	9, 2	@ Tag_THUMB_ISA_use
	.fpu	fpv4-sp-d16
	.eabi_attribute	27, 1	@ Tag_ABI_HardFP_use
	.eabi_attribute	36, 1	@ Tag_FP_HP_extension
	.eabi_attribute	34, 1	@ Tag_CPU_unaligned_access
	.eabi_attribute	17, 1	@ Tag_ABI_PCS_GOT_use
	.eabi_attribute	20, 2	@ Tag_ABI_FP_denormal
	.eabi_attribute	21, 0	@ Tag_ABI_FP_exceptions
	.eabi_attribute	23, 1	@ Tag_ABI_FP_number_model
	.eabi_attribute	24, 1	@ Tag_ABI_align_needed
	.eabi_attribute	25, 1	@ Tag_ABI_align_preserved
	.eabi_attribute	28, 1	@ Tag_ABI_VFP_args
	.eabi_attribute	38, 1	@ Tag_ABI_FP_16bit_format
	.eabi_attribute	18, 2	@ Tag_ABI_PCS_wchar_t
	.eabi_attribute	26, 1	@ Tag_ABI_enum_size
	.eabi_attribute	14, 0	@ Tag_ABI_PCS_R9_use
	.file	"stm32f4xx_it.c"
	.file	1 "C:\\Users\\Hyacincher\\Desktop\\HyTelectrl\\Code\\Project" "../Library/STM32F4xx_HAL_Driver/Inc/stm32f4xx_hal_def.h"
	.file	2 "C:\\Users\\Hyacincher\\Desktop\\HyTelectrl\\Code\\Project" "../Library/STM32F4xx_HAL_Driver/Inc\\stm32f4xx_hal_dma.h"
	.file	3 "D:\\Keil MDK\\ARM\\ARMCLANG\\Bin\\..\\include" "stdint.h"
	.file	4 "C:\\Users\\Hyacincher\\Desktop\\HyTelectrl\\Code\\Project" "../Library/CMSIS/stm32f429xx.h"
	.section	.text.NMI_Handler,"ax",%progbits
	.hidden	NMI_Handler                     @ -- Begin function NMI_Handler
	.globl	NMI_Handler
	.p2align	1
	.type	NMI_Handler,%function
	.code	16                              @ @NMI_Handler
	.thumb_func
NMI_Handler:
.Lfunc_begin0:
	.file	5 "C:\\Users\\Hyacincher\\Desktop\\HyTelectrl\\Code\\Project" "../User/stm32f4xx_it.c"
	.loc	5 73 0                          @ ../User/stm32f4xx_it.c:73:0
	.fnstart
	.cfi_sections .debug_frame
	.cfi_startproc
@ %bb.0:
	.p2align	2
.LBB0_1:                                @ =>This Inner Loop Header: Depth=1
	.loc	5 78 3 prologue_end             @ ../User/stm32f4xx_it.c:78:3
	b	.LBB0_1
.Ltmp0:
.Lfunc_end0:
	.size	NMI_Handler, .Lfunc_end0-NMI_Handler
	.cfi_endproc
	.cantunwind
	.fnend
                                        @ -- End function
	.section	.text.HardFault_Handler,"ax",%progbits
	.hidden	HardFault_Handler               @ -- Begin function HardFault_Handler
	.globl	HardFault_Handler
	.p2align	1
	.type	HardFault_Handler,%function
	.code	16                              @ @HardFault_Handler
	.thumb_func
HardFault_Handler:
.Lfunc_begin1:
	.loc	5 88 0                          @ ../User/stm32f4xx_it.c:88:0
	.fnstart
	.cfi_startproc
@ %bb.0:
	.p2align	2
.LBB1_1:                                @ =>This Inner Loop Header: Depth=1
	.loc	5 92 3 prologue_end             @ ../User/stm32f4xx_it.c:92:3
	b	.LBB1_1
.Ltmp1:
.Lfunc_end1:
	.size	HardFault_Handler, .Lfunc_end1-HardFault_Handler
	.cfi_endproc
	.cantunwind
	.fnend
                                        @ -- End function
	.section	.text.MemManage_Handler,"ax",%progbits
	.hidden	MemManage_Handler               @ -- Begin function MemManage_Handler
	.globl	MemManage_Handler
	.p2align	1
	.type	MemManage_Handler,%function
	.code	16                              @ @MemManage_Handler
	.thumb_func
MemManage_Handler:
.Lfunc_begin2:
	.loc	5 103 0                         @ ../User/stm32f4xx_it.c:103:0
	.fnstart
	.cfi_startproc
@ %bb.0:
	.p2align	2
.LBB2_1:                                @ =>This Inner Loop Header: Depth=1
	.loc	5 107 3 prologue_end            @ ../User/stm32f4xx_it.c:107:3
	b	.LBB2_1
.Ltmp2:
.Lfunc_end2:
	.size	MemManage_Handler, .Lfunc_end2-MemManage_Handler
	.cfi_endproc
	.cantunwind
	.fnend
                                        @ -- End function
	.section	.text.BusFault_Handler,"ax",%progbits
	.hidden	BusFault_Handler                @ -- Begin function BusFault_Handler
	.globl	BusFault_Handler
	.p2align	1
	.type	BusFault_Handler,%function
	.code	16                              @ @BusFault_Handler
	.thumb_func
BusFault_Handler:
.Lfunc_begin3:
	.loc	5 118 0                         @ ../User/stm32f4xx_it.c:118:0
	.fnstart
	.cfi_startproc
@ %bb.0:
	.p2align	2
.LBB3_1:                                @ =>This Inner Loop Header: Depth=1
	.loc	5 122 3 prologue_end            @ ../User/stm32f4xx_it.c:122:3
	b	.LBB3_1
.Ltmp3:
.Lfunc_end3:
	.size	BusFault_Handler, .Lfunc_end3-BusFault_Handler
	.cfi_endproc
	.cantunwind
	.fnend
                                        @ -- End function
	.section	.text.UsageFault_Handler,"ax",%progbits
	.hidden	UsageFault_Handler              @ -- Begin function UsageFault_Handler
	.globl	UsageFault_Handler
	.p2align	1
	.type	UsageFault_Handler,%function
	.code	16                              @ @UsageFault_Handler
	.thumb_func
UsageFault_Handler:
.Lfunc_begin4:
	.loc	5 133 0                         @ ../User/stm32f4xx_it.c:133:0
	.fnstart
	.cfi_startproc
@ %bb.0:
	.p2align	2
.LBB4_1:                                @ =>This Inner Loop Header: Depth=1
	.loc	5 137 3 prologue_end            @ ../User/stm32f4xx_it.c:137:3
	b	.LBB4_1
.Ltmp4:
.Lfunc_end4:
	.size	UsageFault_Handler, .Lfunc_end4-UsageFault_Handler
	.cfi_endproc
	.cantunwind
	.fnend
                                        @ -- End function
	.section	.text.SVC_Handler,"ax",%progbits
	.hidden	SVC_Handler                     @ -- Begin function SVC_Handler
	.globl	SVC_Handler
	.p2align	1
	.type	SVC_Handler,%function
	.code	16                              @ @SVC_Handler
	.thumb_func
SVC_Handler:
.Lfunc_begin5:
	.loc	5 148 0                         @ ../User/stm32f4xx_it.c:148:0
	.fnstart
	.cfi_startproc
@ %bb.0:
	.loc	5 155 1 prologue_end            @ ../User/stm32f4xx_it.c:155:1
	bx	lr
.Ltmp5:
.Lfunc_end5:
	.size	SVC_Handler, .Lfunc_end5-SVC_Handler
	.cfi_endproc
	.cantunwind
	.fnend
                                        @ -- End function
	.section	.text.DebugMon_Handler,"ax",%progbits
	.hidden	DebugMon_Handler                @ -- Begin function DebugMon_Handler
	.globl	DebugMon_Handler
	.p2align	1
	.type	DebugMon_Handler,%function
	.code	16                              @ @DebugMon_Handler
	.thumb_func
DebugMon_Handler:
.Lfunc_begin6:
	.loc	5 161 0                         @ ../User/stm32f4xx_it.c:161:0
	.fnstart
	.cfi_startproc
@ %bb.0:
	.loc	5 168 1 prologue_end            @ ../User/stm32f4xx_it.c:168:1
	bx	lr
.Ltmp6:
.Lfunc_end6:
	.size	DebugMon_Handler, .Lfunc_end6-DebugMon_Handler
	.cfi_endproc
	.cantunwind
	.fnend
                                        @ -- End function
	.section	.text.PendSV_Handler,"ax",%progbits
	.hidden	PendSV_Handler                  @ -- Begin function PendSV_Handler
	.globl	PendSV_Handler
	.p2align	1
	.type	PendSV_Handler,%function
	.code	16                              @ @PendSV_Handler
	.thumb_func
PendSV_Handler:
.Lfunc_begin7:
	.loc	5 174 0                         @ ../User/stm32f4xx_it.c:174:0
	.fnstart
	.cfi_startproc
@ %bb.0:
	.loc	5 181 1 prologue_end            @ ../User/stm32f4xx_it.c:181:1
	bx	lr
.Ltmp7:
.Lfunc_end7:
	.size	PendSV_Handler, .Lfunc_end7-PendSV_Handler
	.cfi_endproc
	.cantunwind
	.fnend
                                        @ -- End function
	.section	.text.SysTick_Handler,"ax",%progbits
	.hidden	SysTick_Handler                 @ -- Begin function SysTick_Handler
	.globl	SysTick_Handler
	.p2align	1
	.type	SysTick_Handler,%function
	.code	16                              @ @SysTick_Handler
	.thumb_func
SysTick_Handler:
.Lfunc_begin8:
	.loc	5 187 0                         @ ../User/stm32f4xx_it.c:187:0
	.fnstart
	.cfi_startproc
@ %bb.0:
	.save	{r7, lr}
	push	{r7, lr}
	.cfi_def_cfa_offset 8
	.cfi_offset lr, -4
	.cfi_offset r7, -8
.Ltmp8:
	.loc	5 191 3 prologue_end            @ ../User/stm32f4xx_it.c:191:3
	bl	HAL_IncTick
.Ltmp9:
	.loc	5 193 5                         @ ../User/stm32f4xx_it.c:193:5
	bl	SysTickISR
.Ltmp10:
	.loc	5 194 5                         @ ../User/stm32f4xx_it.c:194:5
	movs	r0, #1
	pop.w	{r7, lr}
.Ltmp11:
	b	lv_tick_inc
.Ltmp12:
.Lfunc_end8:
	.size	SysTick_Handler, .Lfunc_end8-SysTick_Handler
	.cfi_endproc
	.file	6 "C:\\Users\\Hyacincher\\Desktop\\HyTelectrl\\Code\\Project" "../GUILib/src/hal/lv_hal_tick.h"
	.cantunwind
	.fnend
                                        @ -- End function
	.section	.text.DMA2_Stream0_IRQHandler,"ax",%progbits
	.hidden	DMA2_Stream0_IRQHandler         @ -- Begin function DMA2_Stream0_IRQHandler
	.globl	DMA2_Stream0_IRQHandler
	.p2align	1
	.type	DMA2_Stream0_IRQHandler,%function
	.code	16                              @ @DMA2_Stream0_IRQHandler
	.thumb_func
DMA2_Stream0_IRQHandler:
.Lfunc_begin9:
	.loc	5 209 0                         @ ../User/stm32f4xx_it.c:209:0
	.fnstart
	.cfi_startproc
@ %bb.0:
	.loc	5 213 3 prologue_end            @ ../User/stm32f4xx_it.c:213:3
	movw	r0, :lower16:hdma_adc1
	movt	r0, :upper16:hdma_adc1
.Ltmp13:
	b	HAL_DMA_IRQHandler
.Ltmp14:
.Lfunc_end9:
	.size	DMA2_Stream0_IRQHandler, .Lfunc_end9-DMA2_Stream0_IRQHandler
	.cfi_endproc
	.cantunwind
	.fnend
                                        @ -- End function
	.section	.text.DMA2_Stream2_IRQHandler,"ax",%progbits
	.hidden	DMA2_Stream2_IRQHandler         @ -- Begin function DMA2_Stream2_IRQHandler
	.globl	DMA2_Stream2_IRQHandler
	.p2align	1
	.type	DMA2_Stream2_IRQHandler,%function
	.code	16                              @ @DMA2_Stream2_IRQHandler
	.thumb_func
DMA2_Stream2_IRQHandler:
.Lfunc_begin10:
	.loc	5 223 0                         @ ../User/stm32f4xx_it.c:223:0
	.fnstart
	.cfi_startproc
@ %bb.0:
	.loc	5 227 3 prologue_end            @ ../User/stm32f4xx_it.c:227:3
	movw	r0, :lower16:hdma_adc2
	movt	r0, :upper16:hdma_adc2
.Ltmp15:
	b	HAL_DMA_IRQHandler
.Ltmp16:
.Lfunc_end10:
	.size	DMA2_Stream2_IRQHandler, .Lfunc_end10-DMA2_Stream2_IRQHandler
	.cfi_endproc
	.cantunwind
	.fnend
                                        @ -- End function
	.section	.text.DMA2D_IRQHandler,"ax",%progbits
	.hidden	DMA2D_IRQHandler                @ -- Begin function DMA2D_IRQHandler
	.globl	DMA2D_IRQHandler
	.p2align	1
	.type	DMA2D_IRQHandler,%function
	.code	16                              @ @DMA2D_IRQHandler
	.thumb_func
DMA2D_IRQHandler:
.Lfunc_begin11:
	.loc	5 234 0                         @ ../User/stm32f4xx_it.c:234:0
	.fnstart
	.cfi_startproc
@ %bb.0:
	movw	r0, #45056
	movt	r0, #16386
.Ltmp17:
	.loc	5 236 17 prologue_end           @ ../User/stm32f4xx_it.c:236:17
	ldr	r1, [r0, #4]
.Ltmp18:
	.loc	5 236 9 is_stmt 0               @ ../User/stm32f4xx_it.c:236:9
	lsls	r1, r1, #30
.Ltmp19:
	.loc	5 238 21 is_stmt 1              @ ../User/stm32f4xx_it.c:238:21
	itt	mi
	ldrmi	r1, [r0]
.Ltmp20:
	.loc	5 238 13 is_stmt 0              @ ../User/stm32f4xx_it.c:238:13
	lslsmi.w	r1, r1, #22
	bmi	.LBB11_2
.Ltmp21:
@ %bb.1:
	.loc	5 249 1 is_stmt 1               @ ../User/stm32f4xx_it.c:249:1
	bx	lr
.LBB11_2:
.Ltmp22:
	.loc	5 240 23                        @ ../User/stm32f4xx_it.c:240:23
	ldr	r1, [r0]
	bic	r1, r1, #512
	str	r1, [r0]
	movs	r1, #2
	.loc	5 241 25                        @ ../User/stm32f4xx_it.c:241:25
	str	r1, [r0, #8]
.Ltmp23:
	.loc	5 242 17                        @ ../User/stm32f4xx_it.c:242:17
	movw	r0, :lower16:g_GPUTransStart
	movt	r0, :upper16:g_GPUTransStart
	ldrb	r1, [r0]
.Ltmp24:
	.loc	5 242 17 is_stmt 0              @ ../User/stm32f4xx_it.c:242:17
	cmp	r1, #1
.Ltmp25:
	.loc	5 249 1 is_stmt 1               @ ../User/stm32f4xx_it.c:249:1
	it	ne
	bxne	lr
.LBB11_3:
	.loc	5 0 1 is_stmt 0                 @ ../User/stm32f4xx_it.c:0:1
	movs	r1, #0
.Ltmp26:
	.loc	5 244 33 is_stmt 1              @ ../User/stm32f4xx_it.c:244:33
	strb	r1, [r0]
.Ltmp27:
	.loc	5 245 17                        @ ../User/stm32f4xx_it.c:245:17
	b	GPUTransCallBack
.Ltmp28:
.Lfunc_end11:
	.size	DMA2D_IRQHandler, .Lfunc_end11-DMA2D_IRQHandler
	.cfi_endproc
	.cantunwind
	.fnend
                                        @ -- End function
	.section	.debug_abbrev,"",%progbits
	.byte	1                               @ Abbreviation Code
	.byte	17                              @ DW_TAG_compile_unit
	.byte	1                               @ DW_CHILDREN_yes
	.byte	37                              @ DW_AT_producer
	.byte	14                              @ DW_FORM_strp
	.byte	19                              @ DW_AT_language
	.byte	5                               @ DW_FORM_data2
	.byte	3                               @ DW_AT_name
	.byte	14                              @ DW_FORM_strp
	.byte	16                              @ DW_AT_stmt_list
	.byte	23                              @ DW_FORM_sec_offset
	.byte	27                              @ DW_AT_comp_dir
	.byte	14                              @ DW_FORM_strp
	.byte	17                              @ DW_AT_low_pc
	.byte	1                               @ DW_FORM_addr
	.byte	85                              @ DW_AT_ranges
	.byte	23                              @ DW_FORM_sec_offset
	.byte	0                               @ EOM(1)
	.byte	0                               @ EOM(2)
	.byte	2                               @ Abbreviation Code
	.byte	4                               @ DW_TAG_enumeration_type
	.byte	1                               @ DW_CHILDREN_yes
	.byte	73                              @ DW_AT_type
	.byte	19                              @ DW_FORM_ref4
	.byte	11                              @ DW_AT_byte_size
	.byte	11                              @ DW_FORM_data1
	.byte	58                              @ DW_AT_decl_file
	.byte	11                              @ DW_FORM_data1
	.byte	59                              @ DW_AT_decl_line
	.byte	11                              @ DW_FORM_data1
	.byte	0                               @ EOM(1)
	.byte	0                               @ EOM(2)
	.byte	3                               @ Abbreviation Code
	.byte	40                              @ DW_TAG_enumerator
	.byte	0                               @ DW_CHILDREN_no
	.byte	3                               @ DW_AT_name
	.byte	14                              @ DW_FORM_strp
	.byte	28                              @ DW_AT_const_value
	.byte	15                              @ DW_FORM_udata
	.byte	0                               @ EOM(1)
	.byte	0                               @ EOM(2)
	.byte	4                               @ Abbreviation Code
	.byte	36                              @ DW_TAG_base_type
	.byte	0                               @ DW_CHILDREN_no
	.byte	3                               @ DW_AT_name
	.byte	14                              @ DW_FORM_strp
	.byte	62                              @ DW_AT_encoding
	.byte	11                              @ DW_FORM_data1
	.byte	11                              @ DW_AT_byte_size
	.byte	11                              @ DW_FORM_data1
	.byte	0                               @ EOM(1)
	.byte	0                               @ EOM(2)
	.byte	5                               @ Abbreviation Code
	.byte	15                              @ DW_TAG_pointer_type
	.byte	0                               @ DW_CHILDREN_no
	.byte	73                              @ DW_AT_type
	.byte	19                              @ DW_FORM_ref4
	.byte	0                               @ EOM(1)
	.byte	0                               @ EOM(2)
	.byte	6                               @ Abbreviation Code
	.byte	22                              @ DW_TAG_typedef
	.byte	0                               @ DW_CHILDREN_no
	.byte	73                              @ DW_AT_type
	.byte	19                              @ DW_FORM_ref4
	.byte	3                               @ DW_AT_name
	.byte	14                              @ DW_FORM_strp
	.byte	58                              @ DW_AT_decl_file
	.byte	11                              @ DW_FORM_data1
	.byte	59                              @ DW_AT_decl_line
	.byte	5                               @ DW_FORM_data2
	.byte	0                               @ EOM(1)
	.byte	0                               @ EOM(2)
	.byte	7                               @ Abbreviation Code
	.byte	19                              @ DW_TAG_structure_type
	.byte	1                               @ DW_CHILDREN_yes
	.byte	11                              @ DW_AT_byte_size
	.byte	5                               @ DW_FORM_data2
	.byte	58                              @ DW_AT_decl_file
	.byte	11                              @ DW_FORM_data1
	.byte	59                              @ DW_AT_decl_line
	.byte	5                               @ DW_FORM_data2
	.byte	0                               @ EOM(1)
	.byte	0                               @ EOM(2)
	.byte	8                               @ Abbreviation Code
	.byte	13                              @ DW_TAG_member
	.byte	0                               @ DW_CHILDREN_no
	.byte	3                               @ DW_AT_name
	.byte	14                              @ DW_FORM_strp
	.byte	73                              @ DW_AT_type
	.byte	19                              @ DW_FORM_ref4
	.byte	58                              @ DW_AT_decl_file
	.byte	11                              @ DW_FORM_data1
	.byte	59                              @ DW_AT_decl_line
	.byte	5                               @ DW_FORM_data2
	.byte	56                              @ DW_AT_data_member_location
	.byte	11                              @ DW_FORM_data1
	.byte	0                               @ EOM(1)
	.byte	0                               @ EOM(2)
	.byte	9                               @ Abbreviation Code
	.byte	13                              @ DW_TAG_member
	.byte	0                               @ DW_CHILDREN_no
	.byte	3                               @ DW_AT_name
	.byte	14                              @ DW_FORM_strp
	.byte	73                              @ DW_AT_type
	.byte	19                              @ DW_FORM_ref4
	.byte	58                              @ DW_AT_decl_file
	.byte	11                              @ DW_FORM_data1
	.byte	59                              @ DW_AT_decl_line
	.byte	5                               @ DW_FORM_data2
	.byte	56                              @ DW_AT_data_member_location
	.byte	5                               @ DW_FORM_data2
	.byte	0                               @ EOM(1)
	.byte	0                               @ EOM(2)
	.byte	10                              @ Abbreviation Code
	.byte	53                              @ DW_TAG_volatile_type
	.byte	0                               @ DW_CHILDREN_no
	.byte	73                              @ DW_AT_type
	.byte	19                              @ DW_FORM_ref4
	.byte	0                               @ EOM(1)
	.byte	0                               @ EOM(2)
	.byte	11                              @ Abbreviation Code
	.byte	22                              @ DW_TAG_typedef
	.byte	0                               @ DW_CHILDREN_no
	.byte	73                              @ DW_AT_type
	.byte	19                              @ DW_FORM_ref4
	.byte	3                               @ DW_AT_name
	.byte	14                              @ DW_FORM_strp
	.byte	58                              @ DW_AT_decl_file
	.byte	11                              @ DW_FORM_data1
	.byte	59                              @ DW_AT_decl_line
	.byte	11                              @ DW_FORM_data1
	.byte	0                               @ EOM(1)
	.byte	0                               @ EOM(2)
	.byte	12                              @ Abbreviation Code
	.byte	1                               @ DW_TAG_array_type
	.byte	1                               @ DW_CHILDREN_yes
	.byte	73                              @ DW_AT_type
	.byte	19                              @ DW_FORM_ref4
	.byte	0                               @ EOM(1)
	.byte	0                               @ EOM(2)
	.byte	13                              @ Abbreviation Code
	.byte	33                              @ DW_TAG_subrange_type
	.byte	0                               @ DW_CHILDREN_no
	.byte	73                              @ DW_AT_type
	.byte	19                              @ DW_FORM_ref4
	.byte	55                              @ DW_AT_count
	.byte	11                              @ DW_FORM_data1
	.byte	0                               @ EOM(1)
	.byte	0                               @ EOM(2)
	.byte	14                              @ Abbreviation Code
	.byte	36                              @ DW_TAG_base_type
	.byte	0                               @ DW_CHILDREN_no
	.byte	3                               @ DW_AT_name
	.byte	14                              @ DW_FORM_strp
	.byte	11                              @ DW_AT_byte_size
	.byte	11                              @ DW_FORM_data1
	.byte	62                              @ DW_AT_encoding
	.byte	11                              @ DW_FORM_data1
	.byte	0                               @ EOM(1)
	.byte	0                               @ EOM(2)
	.byte	15                              @ Abbreviation Code
	.byte	33                              @ DW_TAG_subrange_type
	.byte	0                               @ DW_CHILDREN_no
	.byte	73                              @ DW_AT_type
	.byte	19                              @ DW_FORM_ref4
	.byte	55                              @ DW_AT_count
	.byte	5                               @ DW_FORM_data2
	.byte	0                               @ EOM(1)
	.byte	0                               @ EOM(2)
	.byte	16                              @ Abbreviation Code
	.byte	46                              @ DW_TAG_subprogram
	.byte	0                               @ DW_CHILDREN_no
	.byte	17                              @ DW_AT_low_pc
	.byte	1                               @ DW_FORM_addr
	.byte	18                              @ DW_AT_high_pc
	.byte	6                               @ DW_FORM_data4
	.byte	64                              @ DW_AT_frame_base
	.byte	24                              @ DW_FORM_exprloc
	.ascii	"\227B"                         @ DW_AT_GNU_all_call_sites
	.byte	25                              @ DW_FORM_flag_present
	.byte	3                               @ DW_AT_name
	.byte	14                              @ DW_FORM_strp
	.byte	58                              @ DW_AT_decl_file
	.byte	11                              @ DW_FORM_data1
	.byte	59                              @ DW_AT_decl_line
	.byte	11                              @ DW_FORM_data1
	.byte	39                              @ DW_AT_prototyped
	.byte	25                              @ DW_FORM_flag_present
	.byte	63                              @ DW_AT_external
	.byte	25                              @ DW_FORM_flag_present
	.byte	0                               @ EOM(1)
	.byte	0                               @ EOM(2)
	.byte	17                              @ Abbreviation Code
	.byte	46                              @ DW_TAG_subprogram
	.byte	1                               @ DW_CHILDREN_yes
	.byte	17                              @ DW_AT_low_pc
	.byte	1                               @ DW_FORM_addr
	.byte	18                              @ DW_AT_high_pc
	.byte	6                               @ DW_FORM_data4
	.byte	64                              @ DW_AT_frame_base
	.byte	24                              @ DW_FORM_exprloc
	.ascii	"\227B"                         @ DW_AT_GNU_all_call_sites
	.byte	25                              @ DW_FORM_flag_present
	.byte	3                               @ DW_AT_name
	.byte	14                              @ DW_FORM_strp
	.byte	58                              @ DW_AT_decl_file
	.byte	11                              @ DW_FORM_data1
	.byte	59                              @ DW_AT_decl_line
	.byte	11                              @ DW_FORM_data1
	.byte	39                              @ DW_AT_prototyped
	.byte	25                              @ DW_FORM_flag_present
	.byte	63                              @ DW_AT_external
	.byte	25                              @ DW_FORM_flag_present
	.byte	0                               @ EOM(1)
	.byte	0                               @ EOM(2)
	.byte	18                              @ Abbreviation Code
	.ascii	"\211\202\001"                  @ DW_TAG_GNU_call_site
	.byte	0                               @ DW_CHILDREN_no
	.byte	49                              @ DW_AT_abstract_origin
	.byte	19                              @ DW_FORM_ref4
	.ascii	"\225B"                         @ DW_AT_GNU_tail_call
	.byte	25                              @ DW_FORM_flag_present
	.byte	17                              @ DW_AT_low_pc
	.byte	1                               @ DW_FORM_addr
	.byte	0                               @ EOM(1)
	.byte	0                               @ EOM(2)
	.byte	19                              @ Abbreviation Code
	.byte	46                              @ DW_TAG_subprogram
	.byte	1                               @ DW_CHILDREN_yes
	.byte	3                               @ DW_AT_name
	.byte	14                              @ DW_FORM_strp
	.byte	58                              @ DW_AT_decl_file
	.byte	11                              @ DW_FORM_data1
	.byte	59                              @ DW_AT_decl_line
	.byte	11                              @ DW_FORM_data1
	.byte	39                              @ DW_AT_prototyped
	.byte	25                              @ DW_FORM_flag_present
	.byte	60                              @ DW_AT_declaration
	.byte	25                              @ DW_FORM_flag_present
	.byte	63                              @ DW_AT_external
	.byte	25                              @ DW_FORM_flag_present
	.byte	0                               @ EOM(1)
	.byte	0                               @ EOM(2)
	.byte	20                              @ Abbreviation Code
	.byte	5                               @ DW_TAG_formal_parameter
	.byte	0                               @ DW_CHILDREN_no
	.byte	73                              @ DW_AT_type
	.byte	19                              @ DW_FORM_ref4
	.byte	0                               @ EOM(1)
	.byte	0                               @ EOM(2)
	.byte	21                              @ Abbreviation Code
	.byte	46                              @ DW_TAG_subprogram
	.byte	1                               @ DW_CHILDREN_yes
	.byte	3                               @ DW_AT_name
	.byte	14                              @ DW_FORM_strp
	.byte	58                              @ DW_AT_decl_file
	.byte	11                              @ DW_FORM_data1
	.byte	59                              @ DW_AT_decl_line
	.byte	5                               @ DW_FORM_data2
	.byte	39                              @ DW_AT_prototyped
	.byte	25                              @ DW_FORM_flag_present
	.byte	60                              @ DW_AT_declaration
	.byte	25                              @ DW_FORM_flag_present
	.byte	63                              @ DW_AT_external
	.byte	25                              @ DW_FORM_flag_present
	.byte	0                               @ EOM(1)
	.byte	0                               @ EOM(2)
	.byte	22                              @ Abbreviation Code
	.byte	19                              @ DW_TAG_structure_type
	.byte	1                               @ DW_CHILDREN_yes
	.byte	3                               @ DW_AT_name
	.byte	14                              @ DW_FORM_strp
	.byte	11                              @ DW_AT_byte_size
	.byte	11                              @ DW_FORM_data1
	.byte	58                              @ DW_AT_decl_file
	.byte	11                              @ DW_FORM_data1
	.byte	59                              @ DW_AT_decl_line
	.byte	11                              @ DW_FORM_data1
	.byte	0                               @ EOM(1)
	.byte	0                               @ EOM(2)
	.byte	23                              @ Abbreviation Code
	.byte	13                              @ DW_TAG_member
	.byte	0                               @ DW_CHILDREN_no
	.byte	3                               @ DW_AT_name
	.byte	14                              @ DW_FORM_strp
	.byte	73                              @ DW_AT_type
	.byte	19                              @ DW_FORM_ref4
	.byte	58                              @ DW_AT_decl_file
	.byte	11                              @ DW_FORM_data1
	.byte	59                              @ DW_AT_decl_line
	.byte	11                              @ DW_FORM_data1
	.byte	56                              @ DW_AT_data_member_location
	.byte	11                              @ DW_FORM_data1
	.byte	0                               @ EOM(1)
	.byte	0                               @ EOM(2)
	.byte	24                              @ Abbreviation Code
	.byte	19                              @ DW_TAG_structure_type
	.byte	1                               @ DW_CHILDREN_yes
	.byte	11                              @ DW_AT_byte_size
	.byte	11                              @ DW_FORM_data1
	.byte	58                              @ DW_AT_decl_file
	.byte	11                              @ DW_FORM_data1
	.byte	59                              @ DW_AT_decl_line
	.byte	5                               @ DW_FORM_data2
	.byte	0                               @ EOM(1)
	.byte	0                               @ EOM(2)
	.byte	25                              @ Abbreviation Code
	.byte	19                              @ DW_TAG_structure_type
	.byte	1                               @ DW_CHILDREN_yes
	.byte	11                              @ DW_AT_byte_size
	.byte	11                              @ DW_FORM_data1
	.byte	58                              @ DW_AT_decl_file
	.byte	11                              @ DW_FORM_data1
	.byte	59                              @ DW_AT_decl_line
	.byte	11                              @ DW_FORM_data1
	.byte	0                               @ EOM(1)
	.byte	0                               @ EOM(2)
	.byte	26                              @ Abbreviation Code
	.byte	15                              @ DW_TAG_pointer_type
	.byte	0                               @ DW_CHILDREN_no
	.byte	0                               @ EOM(1)
	.byte	0                               @ EOM(2)
	.byte	27                              @ Abbreviation Code
	.byte	21                              @ DW_TAG_subroutine_type
	.byte	1                               @ DW_CHILDREN_yes
	.byte	39                              @ DW_AT_prototyped
	.byte	25                              @ DW_FORM_flag_present
	.byte	0                               @ EOM(1)
	.byte	0                               @ EOM(2)
	.byte	28                              @ Abbreviation Code
	.byte	46                              @ DW_TAG_subprogram
	.byte	0                               @ DW_CHILDREN_no
	.byte	3                               @ DW_AT_name
	.byte	14                              @ DW_FORM_strp
	.byte	58                              @ DW_AT_decl_file
	.byte	11                              @ DW_FORM_data1
	.byte	59                              @ DW_AT_decl_line
	.byte	11                              @ DW_FORM_data1
	.byte	39                              @ DW_AT_prototyped
	.byte	25                              @ DW_FORM_flag_present
	.byte	60                              @ DW_AT_declaration
	.byte	25                              @ DW_FORM_flag_present
	.byte	63                              @ DW_AT_external
	.byte	25                              @ DW_FORM_flag_present
	.byte	0                               @ EOM(1)
	.byte	0                               @ EOM(2)
	.byte	0                               @ EOM(3)
	.section	.debug_info,"",%progbits
.Lcu_begin0:
	.long	.Ldebug_info_end0-.Ldebug_info_start0 @ Length of Unit
.Ldebug_info_start0:
	.short	4                               @ DWARF version number
	.long	.debug_abbrev                   @ Offset Into Abbrev. Section
	.byte	4                               @ Address Size (in bytes)
	.byte	1                               @ Abbrev [1] 0xb:0x4da DW_TAG_compile_unit
	.long	.Linfo_string0                  @ DW_AT_producer
	.short	12                              @ DW_AT_language
	.long	.Linfo_string1                  @ DW_AT_name
	.long	.Lline_table_start0             @ DW_AT_stmt_list
	.long	.Linfo_string2                  @ DW_AT_comp_dir
	.long	0                               @ DW_AT_low_pc
	.long	.Ldebug_ranges0                 @ DW_AT_ranges
	.byte	2                               @ Abbrev [2] 0x26:0x15 DW_TAG_enumeration_type
	.long	59                              @ DW_AT_type
	.byte	1                               @ DW_AT_byte_size
	.byte	1                               @ DW_AT_decl_file
	.byte	50                              @ DW_AT_decl_line
	.byte	3                               @ Abbrev [3] 0x2e:0x6 DW_TAG_enumerator
	.long	.Linfo_string4                  @ DW_AT_name
	.byte	0                               @ DW_AT_const_value
	.byte	3                               @ Abbrev [3] 0x34:0x6 DW_TAG_enumerator
	.long	.Linfo_string5                  @ DW_AT_name
	.byte	1                               @ DW_AT_const_value
	.byte	0                               @ End Of Children Mark
	.byte	4                               @ Abbrev [4] 0x3b:0x7 DW_TAG_base_type
	.long	.Linfo_string3                  @ DW_AT_name
	.byte	8                               @ DW_AT_encoding
	.byte	1                               @ DW_AT_byte_size
	.byte	2                               @ Abbrev [2] 0x42:0x2d DW_TAG_enumeration_type
	.long	59                              @ DW_AT_type
	.byte	1                               @ DW_AT_byte_size
	.byte	2                               @ DW_AT_decl_file
	.byte	103                             @ DW_AT_decl_line
	.byte	3                               @ Abbrev [3] 0x4a:0x6 DW_TAG_enumerator
	.long	.Linfo_string6                  @ DW_AT_name
	.byte	0                               @ DW_AT_const_value
	.byte	3                               @ Abbrev [3] 0x50:0x6 DW_TAG_enumerator
	.long	.Linfo_string7                  @ DW_AT_name
	.byte	1                               @ DW_AT_const_value
	.byte	3                               @ Abbrev [3] 0x56:0x6 DW_TAG_enumerator
	.long	.Linfo_string8                  @ DW_AT_name
	.byte	2                               @ DW_AT_const_value
	.byte	3                               @ Abbrev [3] 0x5c:0x6 DW_TAG_enumerator
	.long	.Linfo_string9                  @ DW_AT_name
	.byte	3                               @ DW_AT_const_value
	.byte	3                               @ Abbrev [3] 0x62:0x6 DW_TAG_enumerator
	.long	.Linfo_string10                 @ DW_AT_name
	.byte	4                               @ DW_AT_const_value
	.byte	3                               @ Abbrev [3] 0x68:0x6 DW_TAG_enumerator
	.long	.Linfo_string11                 @ DW_AT_name
	.byte	5                               @ DW_AT_const_value
	.byte	0                               @ End Of Children Mark
	.byte	5                               @ Abbrev [5] 0x6f:0x5 DW_TAG_pointer_type
	.long	116                             @ DW_AT_type
	.byte	6                               @ Abbrev [6] 0x74:0xc DW_TAG_typedef
	.long	128                             @ DW_AT_type
	.long	.Linfo_string38                 @ DW_AT_name
	.byte	4                               @ DW_AT_decl_file
	.short	400                             @ DW_AT_decl_line
	.byte	7                               @ Abbrev [7] 0x80:0x134 DW_TAG_structure_type
	.short	3072                            @ DW_AT_byte_size
	.byte	4                               @ DW_AT_decl_file
	.short	375                             @ DW_AT_decl_line
	.byte	8                               @ Abbrev [8] 0x86:0xd DW_TAG_member
	.long	.Linfo_string12                 @ DW_AT_name
	.long	436                             @ DW_AT_type
	.byte	4                               @ DW_AT_decl_file
	.short	377                             @ DW_AT_decl_line
	.byte	0                               @ DW_AT_data_member_location
	.byte	8                               @ Abbrev [8] 0x93:0xd DW_TAG_member
	.long	.Linfo_string15                 @ DW_AT_name
	.long	436                             @ DW_AT_type
	.byte	4                               @ DW_AT_decl_file
	.short	378                             @ DW_AT_decl_line
	.byte	4                               @ DW_AT_data_member_location
	.byte	8                               @ Abbrev [8] 0xa0:0xd DW_TAG_member
	.long	.Linfo_string16                 @ DW_AT_name
	.long	436                             @ DW_AT_type
	.byte	4                               @ DW_AT_decl_file
	.short	379                             @ DW_AT_decl_line
	.byte	8                               @ DW_AT_data_member_location
	.byte	8                               @ Abbrev [8] 0xad:0xd DW_TAG_member
	.long	.Linfo_string17                 @ DW_AT_name
	.long	436                             @ DW_AT_type
	.byte	4                               @ DW_AT_decl_file
	.short	380                             @ DW_AT_decl_line
	.byte	12                              @ DW_AT_data_member_location
	.byte	8                               @ Abbrev [8] 0xba:0xd DW_TAG_member
	.long	.Linfo_string18                 @ DW_AT_name
	.long	436                             @ DW_AT_type
	.byte	4                               @ DW_AT_decl_file
	.short	381                             @ DW_AT_decl_line
	.byte	16                              @ DW_AT_data_member_location
	.byte	8                               @ Abbrev [8] 0xc7:0xd DW_TAG_member
	.long	.Linfo_string19                 @ DW_AT_name
	.long	436                             @ DW_AT_type
	.byte	4                               @ DW_AT_decl_file
	.short	382                             @ DW_AT_decl_line
	.byte	20                              @ DW_AT_data_member_location
	.byte	8                               @ Abbrev [8] 0xd4:0xd DW_TAG_member
	.long	.Linfo_string20                 @ DW_AT_name
	.long	436                             @ DW_AT_type
	.byte	4                               @ DW_AT_decl_file
	.short	383                             @ DW_AT_decl_line
	.byte	24                              @ DW_AT_data_member_location
	.byte	8                               @ Abbrev [8] 0xe1:0xd DW_TAG_member
	.long	.Linfo_string21                 @ DW_AT_name
	.long	436                             @ DW_AT_type
	.byte	4                               @ DW_AT_decl_file
	.short	384                             @ DW_AT_decl_line
	.byte	28                              @ DW_AT_data_member_location
	.byte	8                               @ Abbrev [8] 0xee:0xd DW_TAG_member
	.long	.Linfo_string22                 @ DW_AT_name
	.long	436                             @ DW_AT_type
	.byte	4                               @ DW_AT_decl_file
	.short	385                             @ DW_AT_decl_line
	.byte	32                              @ DW_AT_data_member_location
	.byte	8                               @ Abbrev [8] 0xfb:0xd DW_TAG_member
	.long	.Linfo_string23                 @ DW_AT_name
	.long	436                             @ DW_AT_type
	.byte	4                               @ DW_AT_decl_file
	.short	386                             @ DW_AT_decl_line
	.byte	36                              @ DW_AT_data_member_location
	.byte	8                               @ Abbrev [8] 0x108:0xd DW_TAG_member
	.long	.Linfo_string24                 @ DW_AT_name
	.long	436                             @ DW_AT_type
	.byte	4                               @ DW_AT_decl_file
	.short	387                             @ DW_AT_decl_line
	.byte	40                              @ DW_AT_data_member_location
	.byte	8                               @ Abbrev [8] 0x115:0xd DW_TAG_member
	.long	.Linfo_string25                 @ DW_AT_name
	.long	436                             @ DW_AT_type
	.byte	4                               @ DW_AT_decl_file
	.short	388                             @ DW_AT_decl_line
	.byte	44                              @ DW_AT_data_member_location
	.byte	8                               @ Abbrev [8] 0x122:0xd DW_TAG_member
	.long	.Linfo_string26                 @ DW_AT_name
	.long	436                             @ DW_AT_type
	.byte	4                               @ DW_AT_decl_file
	.short	389                             @ DW_AT_decl_line
	.byte	48                              @ DW_AT_data_member_location
	.byte	8                               @ Abbrev [8] 0x12f:0xd DW_TAG_member
	.long	.Linfo_string27                 @ DW_AT_name
	.long	436                             @ DW_AT_type
	.byte	4                               @ DW_AT_decl_file
	.short	390                             @ DW_AT_decl_line
	.byte	52                              @ DW_AT_data_member_location
	.byte	8                               @ Abbrev [8] 0x13c:0xd DW_TAG_member
	.long	.Linfo_string28                 @ DW_AT_name
	.long	436                             @ DW_AT_type
	.byte	4                               @ DW_AT_decl_file
	.short	391                             @ DW_AT_decl_line
	.byte	56                              @ DW_AT_data_member_location
	.byte	8                               @ Abbrev [8] 0x149:0xd DW_TAG_member
	.long	.Linfo_string29                 @ DW_AT_name
	.long	436                             @ DW_AT_type
	.byte	4                               @ DW_AT_decl_file
	.short	392                             @ DW_AT_decl_line
	.byte	60                              @ DW_AT_data_member_location
	.byte	8                               @ Abbrev [8] 0x156:0xd DW_TAG_member
	.long	.Linfo_string30                 @ DW_AT_name
	.long	436                             @ DW_AT_type
	.byte	4                               @ DW_AT_decl_file
	.short	393                             @ DW_AT_decl_line
	.byte	64                              @ DW_AT_data_member_location
	.byte	8                               @ Abbrev [8] 0x163:0xd DW_TAG_member
	.long	.Linfo_string31                 @ DW_AT_name
	.long	436                             @ DW_AT_type
	.byte	4                               @ DW_AT_decl_file
	.short	394                             @ DW_AT_decl_line
	.byte	68                              @ DW_AT_data_member_location
	.byte	8                               @ Abbrev [8] 0x170:0xd DW_TAG_member
	.long	.Linfo_string32                 @ DW_AT_name
	.long	436                             @ DW_AT_type
	.byte	4                               @ DW_AT_decl_file
	.short	395                             @ DW_AT_decl_line
	.byte	72                              @ DW_AT_data_member_location
	.byte	8                               @ Abbrev [8] 0x17d:0xd DW_TAG_member
	.long	.Linfo_string33                 @ DW_AT_name
	.long	436                             @ DW_AT_type
	.byte	4                               @ DW_AT_decl_file
	.short	396                             @ DW_AT_decl_line
	.byte	76                              @ DW_AT_data_member_location
	.byte	8                               @ Abbrev [8] 0x18a:0xd DW_TAG_member
	.long	.Linfo_string34                 @ DW_AT_name
	.long	459                             @ DW_AT_type
	.byte	4                               @ DW_AT_decl_file
	.short	397                             @ DW_AT_decl_line
	.byte	80                              @ DW_AT_data_member_location
	.byte	9                               @ Abbrev [9] 0x197:0xe DW_TAG_member
	.long	.Linfo_string36                 @ DW_AT_name
	.long	478                             @ DW_AT_type
	.byte	4                               @ DW_AT_decl_file
	.short	398                             @ DW_AT_decl_line
	.short	1024                            @ DW_AT_data_member_location
	.byte	9                               @ Abbrev [9] 0x1a5:0xe DW_TAG_member
	.long	.Linfo_string37                 @ DW_AT_name
	.long	478                             @ DW_AT_type
	.byte	4                               @ DW_AT_decl_file
	.short	399                             @ DW_AT_decl_line
	.short	2048                            @ DW_AT_data_member_location
	.byte	0                               @ End Of Children Mark
	.byte	10                              @ Abbrev [10] 0x1b4:0x5 DW_TAG_volatile_type
	.long	441                             @ DW_AT_type
	.byte	11                              @ Abbrev [11] 0x1b9:0xb DW_TAG_typedef
	.long	452                             @ DW_AT_type
	.long	.Linfo_string14                 @ DW_AT_name
	.byte	3                               @ DW_AT_decl_file
	.byte	64                              @ DW_AT_decl_line
	.byte	4                               @ Abbrev [4] 0x1c4:0x7 DW_TAG_base_type
	.long	.Linfo_string13                 @ DW_AT_name
	.byte	7                               @ DW_AT_encoding
	.byte	4                               @ DW_AT_byte_size
	.byte	12                              @ Abbrev [12] 0x1cb:0xc DW_TAG_array_type
	.long	441                             @ DW_AT_type
	.byte	13                              @ Abbrev [13] 0x1d0:0x6 DW_TAG_subrange_type
	.long	471                             @ DW_AT_type
	.byte	236                             @ DW_AT_count
	.byte	0                               @ End Of Children Mark
	.byte	14                              @ Abbrev [14] 0x1d7:0x7 DW_TAG_base_type
	.long	.Linfo_string35                 @ DW_AT_name
	.byte	8                               @ DW_AT_byte_size
	.byte	7                               @ DW_AT_encoding
	.byte	12                              @ Abbrev [12] 0x1de:0xd DW_TAG_array_type
	.long	436                             @ DW_AT_type
	.byte	15                              @ Abbrev [15] 0x1e3:0x7 DW_TAG_subrange_type
	.long	471                             @ DW_AT_type
	.short	256                             @ DW_AT_count
	.byte	0                               @ End Of Children Mark
	.byte	16                              @ Abbrev [16] 0x1eb:0x11 DW_TAG_subprogram
	.long	.Lfunc_begin0                   @ DW_AT_low_pc
	.long	.Lfunc_end0-.Lfunc_begin0       @ DW_AT_high_pc
	.byte	1                               @ DW_AT_frame_base
	.byte	93
                                        @ DW_AT_GNU_all_call_sites
	.long	.Linfo_string78                 @ DW_AT_name
	.byte	5                               @ DW_AT_decl_file
	.byte	72                              @ DW_AT_decl_line
                                        @ DW_AT_prototyped
                                        @ DW_AT_external
	.byte	16                              @ Abbrev [16] 0x1fc:0x11 DW_TAG_subprogram
	.long	.Lfunc_begin1                   @ DW_AT_low_pc
	.long	.Lfunc_end1-.Lfunc_begin1       @ DW_AT_high_pc
	.byte	1                               @ DW_AT_frame_base
	.byte	93
                                        @ DW_AT_GNU_all_call_sites
	.long	.Linfo_string79                 @ DW_AT_name
	.byte	5                               @ DW_AT_decl_file
	.byte	87                              @ DW_AT_decl_line
                                        @ DW_AT_prototyped
                                        @ DW_AT_external
	.byte	16                              @ Abbrev [16] 0x20d:0x11 DW_TAG_subprogram
	.long	.Lfunc_begin2                   @ DW_AT_low_pc
	.long	.Lfunc_end2-.Lfunc_begin2       @ DW_AT_high_pc
	.byte	1                               @ DW_AT_frame_base
	.byte	93
                                        @ DW_AT_GNU_all_call_sites
	.long	.Linfo_string80                 @ DW_AT_name
	.byte	5                               @ DW_AT_decl_file
	.byte	102                             @ DW_AT_decl_line
                                        @ DW_AT_prototyped
                                        @ DW_AT_external
	.byte	16                              @ Abbrev [16] 0x21e:0x11 DW_TAG_subprogram
	.long	.Lfunc_begin3                   @ DW_AT_low_pc
	.long	.Lfunc_end3-.Lfunc_begin3       @ DW_AT_high_pc
	.byte	1                               @ DW_AT_frame_base
	.byte	93
                                        @ DW_AT_GNU_all_call_sites
	.long	.Linfo_string81                 @ DW_AT_name
	.byte	5                               @ DW_AT_decl_file
	.byte	117                             @ DW_AT_decl_line
                                        @ DW_AT_prototyped
                                        @ DW_AT_external
	.byte	16                              @ Abbrev [16] 0x22f:0x11 DW_TAG_subprogram
	.long	.Lfunc_begin4                   @ DW_AT_low_pc
	.long	.Lfunc_end4-.Lfunc_begin4       @ DW_AT_high_pc
	.byte	1                               @ DW_AT_frame_base
	.byte	93
                                        @ DW_AT_GNU_all_call_sites
	.long	.Linfo_string82                 @ DW_AT_name
	.byte	5                               @ DW_AT_decl_file
	.byte	132                             @ DW_AT_decl_line
                                        @ DW_AT_prototyped
                                        @ DW_AT_external
	.byte	16                              @ Abbrev [16] 0x240:0x11 DW_TAG_subprogram
	.long	.Lfunc_begin5                   @ DW_AT_low_pc
	.long	.Lfunc_end5-.Lfunc_begin5       @ DW_AT_high_pc
	.byte	1                               @ DW_AT_frame_base
	.byte	93
                                        @ DW_AT_GNU_all_call_sites
	.long	.Linfo_string83                 @ DW_AT_name
	.byte	5                               @ DW_AT_decl_file
	.byte	147                             @ DW_AT_decl_line
                                        @ DW_AT_prototyped
                                        @ DW_AT_external
	.byte	16                              @ Abbrev [16] 0x251:0x11 DW_TAG_subprogram
	.long	.Lfunc_begin6                   @ DW_AT_low_pc
	.long	.Lfunc_end6-.Lfunc_begin6       @ DW_AT_high_pc
	.byte	1                               @ DW_AT_frame_base
	.byte	93
                                        @ DW_AT_GNU_all_call_sites
	.long	.Linfo_string84                 @ DW_AT_name
	.byte	5                               @ DW_AT_decl_file
	.byte	160                             @ DW_AT_decl_line
                                        @ DW_AT_prototyped
                                        @ DW_AT_external
	.byte	16                              @ Abbrev [16] 0x262:0x11 DW_TAG_subprogram
	.long	.Lfunc_begin7                   @ DW_AT_low_pc
	.long	.Lfunc_end7-.Lfunc_begin7       @ DW_AT_high_pc
	.byte	1                               @ DW_AT_frame_base
	.byte	93
                                        @ DW_AT_GNU_all_call_sites
	.long	.Linfo_string85                 @ DW_AT_name
	.byte	5                               @ DW_AT_decl_file
	.byte	173                             @ DW_AT_decl_line
                                        @ DW_AT_prototyped
                                        @ DW_AT_external
	.byte	17                              @ Abbrev [17] 0x273:0x1b DW_TAG_subprogram
	.long	.Lfunc_begin8                   @ DW_AT_low_pc
	.long	.Lfunc_end8-.Lfunc_begin8       @ DW_AT_high_pc
	.byte	1                               @ DW_AT_frame_base
	.byte	93
                                        @ DW_AT_GNU_all_call_sites
	.long	.Linfo_string86                 @ DW_AT_name
	.byte	5                               @ DW_AT_decl_file
	.byte	186                             @ DW_AT_decl_line
                                        @ DW_AT_prototyped
                                        @ DW_AT_external
	.byte	18                              @ Abbrev [18] 0x284:0x9 DW_TAG_GNU_call_site
	.long	654                             @ DW_AT_abstract_origin
                                        @ DW_AT_GNU_tail_call
	.long	.Ltmp12                         @ DW_AT_low_pc
	.byte	0                               @ End Of Children Mark
	.byte	19                              @ Abbrev [19] 0x28e:0xd DW_TAG_subprogram
	.long	.Linfo_string39                 @ DW_AT_name
	.byte	6                               @ DW_AT_decl_file
	.byte	43                              @ DW_AT_decl_line
                                        @ DW_AT_prototyped
                                        @ DW_AT_declaration
                                        @ DW_AT_external
	.byte	20                              @ Abbrev [20] 0x295:0x5 DW_TAG_formal_parameter
	.long	452                             @ DW_AT_type
	.byte	0                               @ End Of Children Mark
	.byte	17                              @ Abbrev [17] 0x29b:0x1b DW_TAG_subprogram
	.long	.Lfunc_begin9                   @ DW_AT_low_pc
	.long	.Lfunc_end9-.Lfunc_begin9       @ DW_AT_high_pc
	.byte	1                               @ DW_AT_frame_base
	.byte	93
                                        @ DW_AT_GNU_all_call_sites
	.long	.Linfo_string87                 @ DW_AT_name
	.byte	5                               @ DW_AT_decl_file
	.byte	208                             @ DW_AT_decl_line
                                        @ DW_AT_prototyped
                                        @ DW_AT_external
	.byte	18                              @ Abbrev [18] 0x2ac:0x9 DW_TAG_GNU_call_site
	.long	694                             @ DW_AT_abstract_origin
                                        @ DW_AT_GNU_tail_call
	.long	.Ltmp14                         @ DW_AT_low_pc
	.byte	0                               @ End Of Children Mark
	.byte	21                              @ Abbrev [21] 0x2b6:0xe DW_TAG_subprogram
	.long	.Linfo_string40                 @ DW_AT_name
	.byte	2                               @ DW_AT_decl_file
	.short	668                             @ DW_AT_decl_line
                                        @ DW_AT_prototyped
                                        @ DW_AT_declaration
                                        @ DW_AT_external
	.byte	20                              @ Abbrev [20] 0x2be:0x5 DW_TAG_formal_parameter
	.long	708                             @ DW_AT_type
	.byte	0                               @ End Of Children Mark
	.byte	5                               @ Abbrev [5] 0x2c4:0x5 DW_TAG_pointer_type
	.long	713                             @ DW_AT_type
	.byte	22                              @ Abbrev [22] 0x2c9:0xb1 DW_TAG_structure_type
	.long	.Linfo_string76                 @ DW_AT_name
	.byte	96                              @ DW_AT_byte_size
	.byte	2                               @ DW_AT_decl_file
	.byte	139                             @ DW_AT_decl_line
	.byte	23                              @ Abbrev [23] 0x2d1:0xc DW_TAG_member
	.long	.Linfo_string41                 @ DW_AT_name
	.long	890                             @ DW_AT_type
	.byte	2                               @ DW_AT_decl_file
	.byte	141                             @ DW_AT_decl_line
	.byte	0                               @ DW_AT_data_member_location
	.byte	23                              @ Abbrev [23] 0x2dd:0xc DW_TAG_member
	.long	.Linfo_string48                 @ DW_AT_name
	.long	991                             @ DW_AT_type
	.byte	2                               @ DW_AT_decl_file
	.byte	143                             @ DW_AT_decl_line
	.byte	4                               @ DW_AT_data_member_location
	.byte	23                              @ Abbrev [23] 0x2e9:0xc DW_TAG_member
	.long	.Linfo_string62                 @ DW_AT_name
	.long	1151                            @ DW_AT_type
	.byte	2                               @ DW_AT_decl_file
	.byte	145                             @ DW_AT_decl_line
	.byte	52                              @ DW_AT_data_member_location
	.byte	23                              @ Abbrev [23] 0x2f5:0xc DW_TAG_member
	.long	.Linfo_string64                 @ DW_AT_name
	.long	1162                            @ DW_AT_type
	.byte	2                               @ DW_AT_decl_file
	.byte	147                             @ DW_AT_decl_line
	.byte	53                              @ DW_AT_data_member_location
	.byte	23                              @ Abbrev [23] 0x301:0xc DW_TAG_member
	.long	.Linfo_string66                 @ DW_AT_name
	.long	1178                            @ DW_AT_type
	.byte	2                               @ DW_AT_decl_file
	.byte	149                             @ DW_AT_decl_line
	.byte	56                              @ DW_AT_data_member_location
	.byte	23                              @ Abbrev [23] 0x30d:0xc DW_TAG_member
	.long	.Linfo_string67                 @ DW_AT_name
	.long	1179                            @ DW_AT_type
	.byte	2                               @ DW_AT_decl_file
	.byte	151                             @ DW_AT_decl_line
	.byte	60                              @ DW_AT_data_member_location
	.byte	23                              @ Abbrev [23] 0x319:0xc DW_TAG_member
	.long	.Linfo_string68                 @ DW_AT_name
	.long	1179                            @ DW_AT_type
	.byte	2                               @ DW_AT_decl_file
	.byte	153                             @ DW_AT_decl_line
	.byte	64                              @ DW_AT_data_member_location
	.byte	23                              @ Abbrev [23] 0x325:0xc DW_TAG_member
	.long	.Linfo_string69                 @ DW_AT_name
	.long	1179                            @ DW_AT_type
	.byte	2                               @ DW_AT_decl_file
	.byte	155                             @ DW_AT_decl_line
	.byte	68                              @ DW_AT_data_member_location
	.byte	23                              @ Abbrev [23] 0x331:0xc DW_TAG_member
	.long	.Linfo_string70                 @ DW_AT_name
	.long	1179                            @ DW_AT_type
	.byte	2                               @ DW_AT_decl_file
	.byte	157                             @ DW_AT_decl_line
	.byte	72                              @ DW_AT_data_member_location
	.byte	23                              @ Abbrev [23] 0x33d:0xc DW_TAG_member
	.long	.Linfo_string71                 @ DW_AT_name
	.long	1179                            @ DW_AT_type
	.byte	2                               @ DW_AT_decl_file
	.byte	159                             @ DW_AT_decl_line
	.byte	76                              @ DW_AT_data_member_location
	.byte	23                              @ Abbrev [23] 0x349:0xc DW_TAG_member
	.long	.Linfo_string72                 @ DW_AT_name
	.long	1179                            @ DW_AT_type
	.byte	2                               @ DW_AT_decl_file
	.byte	161                             @ DW_AT_decl_line
	.byte	80                              @ DW_AT_data_member_location
	.byte	23                              @ Abbrev [23] 0x355:0xc DW_TAG_member
	.long	.Linfo_string73                 @ DW_AT_name
	.long	436                             @ DW_AT_type
	.byte	2                               @ DW_AT_decl_file
	.byte	163                             @ DW_AT_decl_line
	.byte	84                              @ DW_AT_data_member_location
	.byte	23                              @ Abbrev [23] 0x361:0xc DW_TAG_member
	.long	.Linfo_string74                 @ DW_AT_name
	.long	441                             @ DW_AT_type
	.byte	2                               @ DW_AT_decl_file
	.byte	165                             @ DW_AT_decl_line
	.byte	88                              @ DW_AT_data_member_location
	.byte	23                              @ Abbrev [23] 0x36d:0xc DW_TAG_member
	.long	.Linfo_string75                 @ DW_AT_name
	.long	441                             @ DW_AT_type
	.byte	2                               @ DW_AT_decl_file
	.byte	167                             @ DW_AT_decl_line
	.byte	92                              @ DW_AT_data_member_location
	.byte	0                               @ End Of Children Mark
	.byte	5                               @ Abbrev [5] 0x37a:0x5 DW_TAG_pointer_type
	.long	895                             @ DW_AT_type
	.byte	6                               @ Abbrev [6] 0x37f:0xc DW_TAG_typedef
	.long	907                             @ DW_AT_type
	.long	.Linfo_string47                 @ DW_AT_name
	.byte	4                               @ DW_AT_decl_file
	.short	361                             @ DW_AT_decl_line
	.byte	24                              @ Abbrev [24] 0x38b:0x54 DW_TAG_structure_type
	.byte	24                              @ DW_AT_byte_size
	.byte	4                               @ DW_AT_decl_file
	.short	353                             @ DW_AT_decl_line
	.byte	8                               @ Abbrev [8] 0x390:0xd DW_TAG_member
	.long	.Linfo_string12                 @ DW_AT_name
	.long	436                             @ DW_AT_type
	.byte	4                               @ DW_AT_decl_file
	.short	355                             @ DW_AT_decl_line
	.byte	0                               @ DW_AT_data_member_location
	.byte	8                               @ Abbrev [8] 0x39d:0xd DW_TAG_member
	.long	.Linfo_string42                 @ DW_AT_name
	.long	436                             @ DW_AT_type
	.byte	4                               @ DW_AT_decl_file
	.short	356                             @ DW_AT_decl_line
	.byte	4                               @ DW_AT_data_member_location
	.byte	8                               @ Abbrev [8] 0x3aa:0xd DW_TAG_member
	.long	.Linfo_string43                 @ DW_AT_name
	.long	436                             @ DW_AT_type
	.byte	4                               @ DW_AT_decl_file
	.short	357                             @ DW_AT_decl_line
	.byte	8                               @ DW_AT_data_member_location
	.byte	8                               @ Abbrev [8] 0x3b7:0xd DW_TAG_member
	.long	.Linfo_string44                 @ DW_AT_name
	.long	436                             @ DW_AT_type
	.byte	4                               @ DW_AT_decl_file
	.short	358                             @ DW_AT_decl_line
	.byte	12                              @ DW_AT_data_member_location
	.byte	8                               @ Abbrev [8] 0x3c4:0xd DW_TAG_member
	.long	.Linfo_string45                 @ DW_AT_name
	.long	436                             @ DW_AT_type
	.byte	4                               @ DW_AT_decl_file
	.short	359                             @ DW_AT_decl_line
	.byte	16                              @ DW_AT_data_member_location
	.byte	8                               @ Abbrev [8] 0x3d1:0xd DW_TAG_member
	.long	.Linfo_string46                 @ DW_AT_name
	.long	436                             @ DW_AT_type
	.byte	4                               @ DW_AT_decl_file
	.short	360                             @ DW_AT_decl_line
	.byte	20                              @ DW_AT_data_member_location
	.byte	0                               @ End Of Children Mark
	.byte	11                              @ Abbrev [11] 0x3df:0xb DW_TAG_typedef
	.long	1002                            @ DW_AT_type
	.long	.Linfo_string61                 @ DW_AT_name
	.byte	2                               @ DW_AT_decl_file
	.byte	97                              @ DW_AT_decl_line
	.byte	25                              @ Abbrev [25] 0x3ea:0x95 DW_TAG_structure_type
	.byte	48                              @ DW_AT_byte_size
	.byte	2                               @ DW_AT_decl_file
	.byte	49                              @ DW_AT_decl_line
	.byte	23                              @ Abbrev [23] 0x3ee:0xc DW_TAG_member
	.long	.Linfo_string49                 @ DW_AT_name
	.long	441                             @ DW_AT_type
	.byte	2                               @ DW_AT_decl_file
	.byte	51                              @ DW_AT_decl_line
	.byte	0                               @ DW_AT_data_member_location
	.byte	23                              @ Abbrev [23] 0x3fa:0xc DW_TAG_member
	.long	.Linfo_string50                 @ DW_AT_name
	.long	441                             @ DW_AT_type
	.byte	2                               @ DW_AT_decl_file
	.byte	54                              @ DW_AT_decl_line
	.byte	4                               @ DW_AT_data_member_location
	.byte	23                              @ Abbrev [23] 0x406:0xc DW_TAG_member
	.long	.Linfo_string51                 @ DW_AT_name
	.long	441                             @ DW_AT_type
	.byte	2                               @ DW_AT_decl_file
	.byte	58                              @ DW_AT_decl_line
	.byte	8                               @ DW_AT_data_member_location
	.byte	23                              @ Abbrev [23] 0x412:0xc DW_TAG_member
	.long	.Linfo_string52                 @ DW_AT_name
	.long	441                             @ DW_AT_type
	.byte	2                               @ DW_AT_decl_file
	.byte	61                              @ DW_AT_decl_line
	.byte	12                              @ DW_AT_data_member_location
	.byte	23                              @ Abbrev [23] 0x41e:0xc DW_TAG_member
	.long	.Linfo_string53                 @ DW_AT_name
	.long	441                             @ DW_AT_type
	.byte	2                               @ DW_AT_decl_file
	.byte	64                              @ DW_AT_decl_line
	.byte	16                              @ DW_AT_data_member_location
	.byte	23                              @ Abbrev [23] 0x42a:0xc DW_TAG_member
	.long	.Linfo_string54                 @ DW_AT_name
	.long	441                             @ DW_AT_type
	.byte	2                               @ DW_AT_decl_file
	.byte	67                              @ DW_AT_decl_line
	.byte	20                              @ DW_AT_data_member_location
	.byte	23                              @ Abbrev [23] 0x436:0xc DW_TAG_member
	.long	.Linfo_string55                 @ DW_AT_name
	.long	441                             @ DW_AT_type
	.byte	2                               @ DW_AT_decl_file
	.byte	70                              @ DW_AT_decl_line
	.byte	24                              @ DW_AT_data_member_location
	.byte	23                              @ Abbrev [23] 0x442:0xc DW_TAG_member
	.long	.Linfo_string56                 @ DW_AT_name
	.long	441                             @ DW_AT_type
	.byte	2                               @ DW_AT_decl_file
	.byte	75                              @ DW_AT_decl_line
	.byte	28                              @ DW_AT_data_member_location
	.byte	23                              @ Abbrev [23] 0x44e:0xc DW_TAG_member
	.long	.Linfo_string57                 @ DW_AT_name
	.long	441                             @ DW_AT_type
	.byte	2                               @ DW_AT_decl_file
	.byte	78                              @ DW_AT_decl_line
	.byte	32                              @ DW_AT_data_member_location
	.byte	23                              @ Abbrev [23] 0x45a:0xc DW_TAG_member
	.long	.Linfo_string58                 @ DW_AT_name
	.long	441                             @ DW_AT_type
	.byte	2                               @ DW_AT_decl_file
	.byte	83                              @ DW_AT_decl_line
	.byte	36                              @ DW_AT_data_member_location
	.byte	23                              @ Abbrev [23] 0x466:0xc DW_TAG_member
	.long	.Linfo_string59                 @ DW_AT_name
	.long	441                             @ DW_AT_type
	.byte	2                               @ DW_AT_decl_file
	.byte	86                              @ DW_AT_decl_line
	.byte	40                              @ DW_AT_data_member_location
	.byte	23                              @ Abbrev [23] 0x472:0xc DW_TAG_member
	.long	.Linfo_string60                 @ DW_AT_name
	.long	441                             @ DW_AT_type
	.byte	2                               @ DW_AT_decl_file
	.byte	92                              @ DW_AT_decl_line
	.byte	44                              @ DW_AT_data_member_location
	.byte	0                               @ End Of Children Mark
	.byte	11                              @ Abbrev [11] 0x47f:0xb DW_TAG_typedef
	.long	38                              @ DW_AT_type
	.long	.Linfo_string63                 @ DW_AT_name
	.byte	1                               @ DW_AT_decl_file
	.byte	54                              @ DW_AT_decl_line
	.byte	10                              @ Abbrev [10] 0x48a:0x5 DW_TAG_volatile_type
	.long	1167                            @ DW_AT_type
	.byte	11                              @ Abbrev [11] 0x48f:0xb DW_TAG_typedef
	.long	66                              @ DW_AT_type
	.long	.Linfo_string65                 @ DW_AT_name
	.byte	2                               @ DW_AT_decl_file
	.byte	111                             @ DW_AT_decl_line
	.byte	26                              @ Abbrev [26] 0x49a:0x1 DW_TAG_pointer_type
	.byte	5                               @ Abbrev [5] 0x49b:0x5 DW_TAG_pointer_type
	.long	1184                            @ DW_AT_type
	.byte	27                              @ Abbrev [27] 0x4a0:0x7 DW_TAG_subroutine_type
                                        @ DW_AT_prototyped
	.byte	20                              @ Abbrev [20] 0x4a1:0x5 DW_TAG_formal_parameter
	.long	708                             @ DW_AT_type
	.byte	0                               @ End Of Children Mark
	.byte	17                              @ Abbrev [17] 0x4a7:0x1b DW_TAG_subprogram
	.long	.Lfunc_begin10                  @ DW_AT_low_pc
	.long	.Lfunc_end10-.Lfunc_begin10     @ DW_AT_high_pc
	.byte	1                               @ DW_AT_frame_base
	.byte	93
                                        @ DW_AT_GNU_all_call_sites
	.long	.Linfo_string88                 @ DW_AT_name
	.byte	5                               @ DW_AT_decl_file
	.byte	222                             @ DW_AT_decl_line
                                        @ DW_AT_prototyped
                                        @ DW_AT_external
	.byte	18                              @ Abbrev [18] 0x4b8:0x9 DW_TAG_GNU_call_site
	.long	694                             @ DW_AT_abstract_origin
                                        @ DW_AT_GNU_tail_call
	.long	.Ltmp16                         @ DW_AT_low_pc
	.byte	0                               @ End Of Children Mark
	.byte	17                              @ Abbrev [17] 0x4c2:0x1b DW_TAG_subprogram
	.long	.Lfunc_begin11                  @ DW_AT_low_pc
	.long	.Lfunc_end11-.Lfunc_begin11     @ DW_AT_high_pc
	.byte	1                               @ DW_AT_frame_base
	.byte	93
                                        @ DW_AT_GNU_all_call_sites
	.long	.Linfo_string89                 @ DW_AT_name
	.byte	5                               @ DW_AT_decl_file
	.byte	233                             @ DW_AT_decl_line
                                        @ DW_AT_prototyped
                                        @ DW_AT_external
	.byte	18                              @ Abbrev [18] 0x4d3:0x9 DW_TAG_GNU_call_site
	.long	1245                            @ DW_AT_abstract_origin
                                        @ DW_AT_GNU_tail_call
	.long	.Ltmp28                         @ DW_AT_low_pc
	.byte	0                               @ End Of Children Mark
	.byte	28                              @ Abbrev [28] 0x4dd:0x7 DW_TAG_subprogram
	.long	.Linfo_string77                 @ DW_AT_name
	.byte	5                               @ DW_AT_decl_file
	.byte	55                              @ DW_AT_decl_line
                                        @ DW_AT_prototyped
                                        @ DW_AT_declaration
                                        @ DW_AT_external
	.byte	0                               @ End Of Children Mark
.Ldebug_info_end0:
	.section	.debug_ranges,"",%progbits
.Ldebug_ranges0:
	.long	.Lfunc_begin0
	.long	.Lfunc_end0
	.long	.Lfunc_begin1
	.long	.Lfunc_end1
	.long	.Lfunc_begin2
	.long	.Lfunc_end2
	.long	.Lfunc_begin3
	.long	.Lfunc_end3
	.long	.Lfunc_begin4
	.long	.Lfunc_end4
	.long	.Lfunc_begin5
	.long	.Lfunc_end5
	.long	.Lfunc_begin6
	.long	.Lfunc_end6
	.long	.Lfunc_begin7
	.long	.Lfunc_end7
	.long	.Lfunc_begin8
	.long	.Lfunc_end8
	.long	.Lfunc_begin9
	.long	.Lfunc_end9
	.long	.Lfunc_begin10
	.long	.Lfunc_end10
	.long	.Lfunc_begin11
	.long	.Lfunc_end11
	.long	0
	.long	0
	.section	.debug_str,"MS",%progbits,1
.Linfo_string0:
	.asciz	"Component: ARM Compiler 6.16 Tool: armclang [5dfeb700]" @ string offset=0
.Linfo_string1:
	.asciz	"../User\\stm32f4xx_it.c"       @ string offset=55
.Linfo_string2:
	.asciz	"C:\\Users\\Hyacincher\\Desktop\\HyTelectrl\\Code\\Project" @ string offset=78
.Linfo_string3:
	.asciz	"unsigned char"                 @ string offset=130
.Linfo_string4:
	.asciz	"HAL_UNLOCKED"                  @ string offset=144
.Linfo_string5:
	.asciz	"HAL_LOCKED"                    @ string offset=157
.Linfo_string6:
	.asciz	"HAL_DMA_STATE_RESET"           @ string offset=168
.Linfo_string7:
	.asciz	"HAL_DMA_STATE_READY"           @ string offset=188
.Linfo_string8:
	.asciz	"HAL_DMA_STATE_BUSY"            @ string offset=208
.Linfo_string9:
	.asciz	"HAL_DMA_STATE_TIMEOUT"         @ string offset=227
.Linfo_string10:
	.asciz	"HAL_DMA_STATE_ERROR"           @ string offset=249
.Linfo_string11:
	.asciz	"HAL_DMA_STATE_ABORT"           @ string offset=269
.Linfo_string12:
	.asciz	"CR"                            @ string offset=289
.Linfo_string13:
	.asciz	"unsigned int"                  @ string offset=292
.Linfo_string14:
	.asciz	"uint32_t"                      @ string offset=305
.Linfo_string15:
	.asciz	"ISR"                           @ string offset=314
.Linfo_string16:
	.asciz	"IFCR"                          @ string offset=318
.Linfo_string17:
	.asciz	"FGMAR"                         @ string offset=323
.Linfo_string18:
	.asciz	"FGOR"                          @ string offset=329
.Linfo_string19:
	.asciz	"BGMAR"                         @ string offset=334
.Linfo_string20:
	.asciz	"BGOR"                          @ string offset=340
.Linfo_string21:
	.asciz	"FGPFCCR"                       @ string offset=345
.Linfo_string22:
	.asciz	"FGCOLR"                        @ string offset=353
.Linfo_string23:
	.asciz	"BGPFCCR"                       @ string offset=360
.Linfo_string24:
	.asciz	"BGCOLR"                        @ string offset=368
.Linfo_string25:
	.asciz	"FGCMAR"                        @ string offset=375
.Linfo_string26:
	.asciz	"BGCMAR"                        @ string offset=382
.Linfo_string27:
	.asciz	"OPFCCR"                        @ string offset=389
.Linfo_string28:
	.asciz	"OCOLR"                         @ string offset=396
.Linfo_string29:
	.asciz	"OMAR"                          @ string offset=402
.Linfo_string30:
	.asciz	"OOR"                           @ string offset=407
.Linfo_string31:
	.asciz	"NLR"                           @ string offset=411
.Linfo_string32:
	.asciz	"LWR"                           @ string offset=415
.Linfo_string33:
	.asciz	"AMTCR"                         @ string offset=419
.Linfo_string34:
	.asciz	"RESERVED"                      @ string offset=425
.Linfo_string35:
	.asciz	"__ARRAY_SIZE_TYPE__"           @ string offset=434
.Linfo_string36:
	.asciz	"FGCLUT"                        @ string offset=454
.Linfo_string37:
	.asciz	"BGCLUT"                        @ string offset=461
.Linfo_string38:
	.asciz	"DMA2D_TypeDef"                 @ string offset=468
.Linfo_string39:
	.asciz	"lv_tick_inc"                   @ string offset=482
.Linfo_string40:
	.asciz	"HAL_DMA_IRQHandler"            @ string offset=494
.Linfo_string41:
	.asciz	"Instance"                      @ string offset=513
.Linfo_string42:
	.asciz	"NDTR"                          @ string offset=522
.Linfo_string43:
	.asciz	"PAR"                           @ string offset=527
.Linfo_string44:
	.asciz	"M0AR"                          @ string offset=531
.Linfo_string45:
	.asciz	"M1AR"                          @ string offset=536
.Linfo_string46:
	.asciz	"FCR"                           @ string offset=541
.Linfo_string47:
	.asciz	"DMA_Stream_TypeDef"            @ string offset=545
.Linfo_string48:
	.asciz	"Init"                          @ string offset=564
.Linfo_string49:
	.asciz	"Channel"                       @ string offset=569
.Linfo_string50:
	.asciz	"Direction"                     @ string offset=577
.Linfo_string51:
	.asciz	"PeriphInc"                     @ string offset=587
.Linfo_string52:
	.asciz	"MemInc"                        @ string offset=597
.Linfo_string53:
	.asciz	"PeriphDataAlignment"           @ string offset=604
.Linfo_string54:
	.asciz	"MemDataAlignment"              @ string offset=624
.Linfo_string55:
	.asciz	"Mode"                          @ string offset=641
.Linfo_string56:
	.asciz	"Priority"                      @ string offset=646
.Linfo_string57:
	.asciz	"FIFOMode"                      @ string offset=655
.Linfo_string58:
	.asciz	"FIFOThreshold"                 @ string offset=664
.Linfo_string59:
	.asciz	"MemBurst"                      @ string offset=678
.Linfo_string60:
	.asciz	"PeriphBurst"                   @ string offset=687
.Linfo_string61:
	.asciz	"DMA_InitTypeDef"               @ string offset=699
.Linfo_string62:
	.asciz	"Lock"                          @ string offset=715
.Linfo_string63:
	.asciz	"HAL_LockTypeDef"               @ string offset=720
.Linfo_string64:
	.asciz	"State"                         @ string offset=736
.Linfo_string65:
	.asciz	"HAL_DMA_StateTypeDef"          @ string offset=742
.Linfo_string66:
	.asciz	"Parent"                        @ string offset=763
.Linfo_string67:
	.asciz	"XferCpltCallback"              @ string offset=770
.Linfo_string68:
	.asciz	"XferHalfCpltCallback"          @ string offset=787
.Linfo_string69:
	.asciz	"XferM1CpltCallback"            @ string offset=808
.Linfo_string70:
	.asciz	"XferM1HalfCpltCallback"        @ string offset=827
.Linfo_string71:
	.asciz	"XferErrorCallback"             @ string offset=850
.Linfo_string72:
	.asciz	"XferAbortCallback"             @ string offset=868
.Linfo_string73:
	.asciz	"ErrorCode"                     @ string offset=886
.Linfo_string74:
	.asciz	"StreamBaseAddress"             @ string offset=896
.Linfo_string75:
	.asciz	"StreamIndex"                   @ string offset=914
.Linfo_string76:
	.asciz	"__DMA_HandleTypeDef"           @ string offset=926
.Linfo_string77:
	.asciz	"GPUTransCallBack"              @ string offset=946
.Linfo_string78:
	.asciz	"NMI_Handler"                   @ string offset=963
.Linfo_string79:
	.asciz	"HardFault_Handler"             @ string offset=975
.Linfo_string80:
	.asciz	"MemManage_Handler"             @ string offset=993
.Linfo_string81:
	.asciz	"BusFault_Handler"              @ string offset=1011
.Linfo_string82:
	.asciz	"UsageFault_Handler"            @ string offset=1028
.Linfo_string83:
	.asciz	"SVC_Handler"                   @ string offset=1047
.Linfo_string84:
	.asciz	"DebugMon_Handler"              @ string offset=1059
.Linfo_string85:
	.asciz	"PendSV_Handler"                @ string offset=1076
.Linfo_string86:
	.asciz	"SysTick_Handler"               @ string offset=1091
.Linfo_string87:
	.asciz	"DMA2_Stream0_IRQHandler"       @ string offset=1107
.Linfo_string88:
	.asciz	"DMA2_Stream2_IRQHandler"       @ string offset=1131
.Linfo_string89:
	.asciz	"DMA2D_IRQHandler"              @ string offset=1155
	.ident	"Component: ARM Compiler 6.16 Tool: armclang [5dfeb700]"
	.section	".note.GNU-stack","",%progbits
	.eabi_attribute	30, 3	@ Tag_ABI_optimization_goals
	.ARM_attribute	16, 1	@ Tag_AV_eba
	.section	.debug_line,"",%progbits
.Lline_table_start0:
