	.text
	.syntax unified
	.eabi_attribute	67, "2.09"	@ Tag_conformance
	.cpu	cortex-m4
	.eabi_attribute	6, 13	@ Tag_CPU_arch
	.eabi_attribute	7, 77	@ Tag_CPU_arch_profile
	.eabi_attribute	8, 0	@ Tag_ARM_ISA_use
	.eabi_attribute	9, 2	@ Tag_THUMB_ISA_use
	.fpu	fpv4-sp-d16
	.eabi_attribute	27, 1	@ Tag_ABI_HardFP_use
	.eabi_attribute	36, 1	@ Tag_FP_HP_extension
	.eabi_attribute	34, 1	@ Tag_CPU_unaligned_access
	.eabi_attribute	17, 1	@ Tag_ABI_PCS_GOT_use
	.eabi_attribute	20, 2	@ Tag_ABI_FP_denormal
	.eabi_attribute	21, 0	@ Tag_ABI_FP_exceptions
	.eabi_attribute	23, 1	@ Tag_ABI_FP_number_model
	.eabi_attribute	24, 1	@ Tag_ABI_align_needed
	.eabi_attribute	25, 1	@ Tag_ABI_align_preserved
	.eabi_attribute	28, 1	@ Tag_ABI_VFP_args
	.eabi_attribute	38, 1	@ Tag_ABI_FP_16bit_format
	.eabi_attribute	18, 2	@ Tag_ABI_PCS_wchar_t
	.eabi_attribute	26, 1	@ Tag_ABI_enum_size
	.eabi_attribute	14, 0	@ Tag_ABI_PCS_R9_use
	.file	"stm32f4xx_hal_wwdg.c"
	.file	1 "C:\\Users\\Hyacincher\\Desktop\\HyTelectrl\\Code\\Project" "../Library/STM32F4xx_HAL_Driver/Inc/stm32f4xx_hal_def.h"
	.file	2 "C:\\Users\\Hyacincher\\Desktop\\HyTelectrl\\Code\\Project" "../Library/CMSIS\\stm32f4xx.h"
	.section	.text.HAL_WWDG_Init,"ax",%progbits
	.hidden	HAL_WWDG_Init                   @ -- Begin function HAL_WWDG_Init
	.globl	HAL_WWDG_Init
	.p2align	1
	.type	HAL_WWDG_Init,%function
	.code	16                              @ @HAL_WWDG_Init
	.thumb_func
HAL_WWDG_Init:
.Lfunc_begin0:
	.file	3 "C:\\Users\\Hyacincher\\Desktop\\HyTelectrl\\Code\\Project" "../Library/STM32F4xx_HAL_Driver/Src/stm32f4xx_hal_wwdg.c"
	.loc	3 177 0                         @ ../Library/STM32F4xx_HAL_Driver/Src/stm32f4xx_hal_wwdg.c:177:0
	.fnstart
	.cfi_sections .debug_frame
	.cfi_startproc
@ %bb.0:
	@DEBUG_VALUE: HAL_WWDG_Init:hwwdg <- $r0
	@DEBUG_VALUE: HAL_WWDG_Init:hwwdg <- $r0
	.loc	3 179 7 prologue_end            @ ../Library/STM32F4xx_HAL_Driver/Src/stm32f4xx_hal_wwdg.c:179:7
	cbz	r0, .LBB0_2
.Ltmp0:
@ %bb.1:
	@DEBUG_VALUE: HAL_WWDG_Init:hwwdg <- $r0
	.save	{r4, lr}
	push	{r4, lr}
	.cfi_def_cfa_offset 8
	.cfi_offset lr, -4
	.cfi_offset r4, -8
	mov	r4, r0
.Ltmp1:
	@DEBUG_VALUE: HAL_WWDG_Init:hwwdg <- $r4
	.loc	3 207 3                         @ ../Library/STM32F4xx_HAL_Driver/Src/stm32f4xx_hal_wwdg.c:207:3
	bl	HAL_WWDG_MspInit
.Ltmp2:
	.loc	3 211 3                         @ ../Library/STM32F4xx_HAL_Driver/Src/stm32f4xx_hal_wwdg.c:211:3
	ldr	r2, [r4, #12]
	ldm.w	r4, {r0, r1, r3}
	orr	r2, r2, #128
	str	r2, [r0]
	.loc	3 214 3                         @ ../Library/STM32F4xx_HAL_Driver/Src/stm32f4xx_hal_wwdg.c:214:3
	ldr	r2, [r4, #16]
	orrs	r1, r2
	orrs	r1, r3
	str	r1, [r0, #4]
	movs	r0, #0
	pop	{r4, pc}
.Ltmp3:
.LBB0_2:
	@DEBUG_VALUE: HAL_WWDG_Init:hwwdg <- $r0
	.loc	3 0 3 is_stmt 0                 @ ../Library/STM32F4xx_HAL_Driver/Src/stm32f4xx_hal_wwdg.c:0:3
	movs	r0, #1
.Ltmp4:
	@DEBUG_VALUE: HAL_WWDG_Init:hwwdg <- [DW_OP_LLVM_entry_value 1] $r0
	.loc	3 218 1 is_stmt 1               @ ../Library/STM32F4xx_HAL_Driver/Src/stm32f4xx_hal_wwdg.c:218:1
	bx	lr
.Ltmp5:
.Lfunc_end0:
	.size	HAL_WWDG_Init, .Lfunc_end0-HAL_WWDG_Init
	.cfi_endproc
	.cantunwind
	.fnend
                                        @ -- End function
	.section	.text.HAL_WWDG_MspInit,"ax",%progbits
	.hidden	HAL_WWDG_MspInit                @ -- Begin function HAL_WWDG_MspInit
	.weak	HAL_WWDG_MspInit
	.p2align	1
	.type	HAL_WWDG_MspInit,%function
	.code	16                              @ @HAL_WWDG_MspInit
	.thumb_func
HAL_WWDG_MspInit:
.Lfunc_begin1:
	.loc	3 231 0                         @ ../Library/STM32F4xx_HAL_Driver/Src/stm32f4xx_hal_wwdg.c:231:0
	.fnstart
	.cfi_startproc
@ %bb.0:
	@DEBUG_VALUE: HAL_WWDG_MspInit:hwwdg <- $r0
	.loc	3 238 1 prologue_end            @ ../Library/STM32F4xx_HAL_Driver/Src/stm32f4xx_hal_wwdg.c:238:1
	bx	lr
.Ltmp6:
.Lfunc_end1:
	.size	HAL_WWDG_MspInit, .Lfunc_end1-HAL_WWDG_MspInit
	.cfi_endproc
	.cantunwind
	.fnend
                                        @ -- End function
	.section	.text.HAL_WWDG_Refresh,"ax",%progbits
	.hidden	HAL_WWDG_Refresh                @ -- Begin function HAL_WWDG_Refresh
	.globl	HAL_WWDG_Refresh
	.p2align	1
	.type	HAL_WWDG_Refresh,%function
	.code	16                              @ @HAL_WWDG_Refresh
	.thumb_func
HAL_WWDG_Refresh:
.Lfunc_begin2:
	.loc	3 344 0                         @ ../Library/STM32F4xx_HAL_Driver/Src/stm32f4xx_hal_wwdg.c:344:0
	.fnstart
	.cfi_startproc
@ %bb.0:
	@DEBUG_VALUE: HAL_WWDG_Refresh:hwwdg <- $r0
	@DEBUG_VALUE: HAL_WWDG_Refresh:hwwdg <- $r0
	.loc	3 346 3 prologue_end            @ ../Library/STM32F4xx_HAL_Driver/Src/stm32f4xx_hal_wwdg.c:346:3
	ldr	r1, [r0]
	ldr	r2, [r0, #12]
	.loc	3 349 3                         @ ../Library/STM32F4xx_HAL_Driver/Src/stm32f4xx_hal_wwdg.c:349:3
	movs	r0, #0
.Ltmp7:
	@DEBUG_VALUE: HAL_WWDG_Refresh:hwwdg <- [DW_OP_LLVM_entry_value 1] $r0
	.loc	3 346 3                         @ ../Library/STM32F4xx_HAL_Driver/Src/stm32f4xx_hal_wwdg.c:346:3
	str	r2, [r1]
	.loc	3 349 3                         @ ../Library/STM32F4xx_HAL_Driver/Src/stm32f4xx_hal_wwdg.c:349:3
	bx	lr
.Ltmp8:
.Lfunc_end2:
	.size	HAL_WWDG_Refresh, .Lfunc_end2-HAL_WWDG_Refresh
	.cfi_endproc
	.cantunwind
	.fnend
                                        @ -- End function
	.section	.text.HAL_WWDG_IRQHandler,"ax",%progbits
	.hidden	HAL_WWDG_IRQHandler             @ -- Begin function HAL_WWDG_IRQHandler
	.globl	HAL_WWDG_IRQHandler
	.p2align	1
	.type	HAL_WWDG_IRQHandler,%function
	.code	16                              @ @HAL_WWDG_IRQHandler
	.thumb_func
HAL_WWDG_IRQHandler:
.Lfunc_begin3:
	.loc	3 367 0                         @ ../Library/STM32F4xx_HAL_Driver/Src/stm32f4xx_hal_wwdg.c:367:0
	.fnstart
	.cfi_startproc
@ %bb.0:
	@DEBUG_VALUE: HAL_WWDG_IRQHandler:hwwdg <- $r0
	@DEBUG_VALUE: HAL_WWDG_IRQHandler:hwwdg <- $r0
	.loc	3 369 7 prologue_end            @ ../Library/STM32F4xx_HAL_Driver/Src/stm32f4xx_hal_wwdg.c:369:7
	ldr	r1, [r0]
	ldr	r2, [r1, #4]
.Ltmp9:
	.loc	3 369 7 is_stmt 0               @ ../Library/STM32F4xx_HAL_Driver/Src/stm32f4xx_hal_wwdg.c:369:7
	lsls	r2, r2, #22
	.loc	3 386 1 is_stmt 1               @ ../Library/STM32F4xx_HAL_Driver/Src/stm32f4xx_hal_wwdg.c:386:1
	it	pl
	bxpl	lr
.Ltmp10:
.LBB3_1:
	@DEBUG_VALUE: HAL_WWDG_IRQHandler:hwwdg <- $r0
	.loc	3 372 9                         @ ../Library/STM32F4xx_HAL_Driver/Src/stm32f4xx_hal_wwdg.c:372:9
	ldr	r2, [r1, #8]
.Ltmp11:
	.loc	3 372 9 is_stmt 0               @ ../Library/STM32F4xx_HAL_Driver/Src/stm32f4xx_hal_wwdg.c:372:9
	lsls	r2, r2, #31
	bne	.LBB3_3
.Ltmp12:
@ %bb.2:
	@DEBUG_VALUE: HAL_WWDG_IRQHandler:hwwdg <- $r0
	.loc	3 386 1 is_stmt 1               @ ../Library/STM32F4xx_HAL_Driver/Src/stm32f4xx_hal_wwdg.c:386:1
	bx	lr
.Ltmp13:
.LBB3_3:
	@DEBUG_VALUE: HAL_WWDG_IRQHandler:hwwdg <- $r0
	.loc	3 0 1 is_stmt 0                 @ ../Library/STM32F4xx_HAL_Driver/Src/stm32f4xx_hal_wwdg.c:0:1
	mvn	r2, #1
.Ltmp14:
	.loc	3 375 7 is_stmt 1               @ ../Library/STM32F4xx_HAL_Driver/Src/stm32f4xx_hal_wwdg.c:375:7
	str	r2, [r1, #8]
.Ltmp15:
	.loc	3 382 7                         @ ../Library/STM32F4xx_HAL_Driver/Src/stm32f4xx_hal_wwdg.c:382:7
	b	HAL_WWDG_EarlyWakeupCallback
.Ltmp16:
.Lfunc_end3:
	.size	HAL_WWDG_IRQHandler, .Lfunc_end3-HAL_WWDG_IRQHandler
	.cfi_endproc
	.cantunwind
	.fnend
                                        @ -- End function
	.section	.text.HAL_WWDG_EarlyWakeupCallback,"ax",%progbits
	.hidden	HAL_WWDG_EarlyWakeupCallback    @ -- Begin function HAL_WWDG_EarlyWakeupCallback
	.weak	HAL_WWDG_EarlyWakeupCallback
	.p2align	1
	.type	HAL_WWDG_EarlyWakeupCallback,%function
	.code	16                              @ @HAL_WWDG_EarlyWakeupCallback
	.thumb_func
HAL_WWDG_EarlyWakeupCallback:
.Lfunc_begin4:
	.loc	3 396 0                         @ ../Library/STM32F4xx_HAL_Driver/Src/stm32f4xx_hal_wwdg.c:396:0
	.fnstart
	.cfi_startproc
@ %bb.0:
	@DEBUG_VALUE: HAL_WWDG_EarlyWakeupCallback:hwwdg <- $r0
	.loc	3 403 1 prologue_end            @ ../Library/STM32F4xx_HAL_Driver/Src/stm32f4xx_hal_wwdg.c:403:1
	bx	lr
.Ltmp17:
.Lfunc_end4:
	.size	HAL_WWDG_EarlyWakeupCallback, .Lfunc_end4-HAL_WWDG_EarlyWakeupCallback
	.cfi_endproc
	.cantunwind
	.fnend
                                        @ -- End function
	.file	4 "D:\\Keil MDK\\ARM\\ARMCLANG\\Bin\\..\\include" "stdint.h"
	.file	5 "C:\\Users\\Hyacincher\\Desktop\\HyTelectrl\\Code\\Project" "../Library/CMSIS/stm32f429xx.h"
	.file	6 "C:\\Users\\Hyacincher\\Desktop\\HyTelectrl\\Code\\Project" "../Library/STM32F4xx_HAL_Driver/Inc\\stm32f4xx_hal_wwdg.h"
	.section	.debug_loc,"",%progbits
.Ldebug_loc0:
	.long	-1
	.long	.Lfunc_begin0                   @   base address
	.long	.Lfunc_begin0-.Lfunc_begin0
	.long	.Ltmp1-.Lfunc_begin0
	.short	1                               @ Loc expr size
	.byte	80                              @ DW_OP_reg0
	.long	.Ltmp1-.Lfunc_begin0
	.long	.Ltmp3-.Lfunc_begin0
	.short	1                               @ Loc expr size
	.byte	84                              @ DW_OP_reg4
	.long	.Ltmp3-.Lfunc_begin0
	.long	.Ltmp4-.Lfunc_begin0
	.short	1                               @ Loc expr size
	.byte	80                              @ DW_OP_reg0
	.long	.Ltmp4-.Lfunc_begin0
	.long	.Lfunc_end0-.Lfunc_begin0
	.short	4                               @ Loc expr size
	.byte	243                             @ DW_OP_GNU_entry_value
	.byte	1                               @ 1
	.byte	80                              @ DW_OP_reg0
	.byte	159                             @ DW_OP_stack_value
	.long	0
	.long	0
.Ldebug_loc1:
	.long	-1
	.long	.Lfunc_begin2                   @   base address
	.long	.Lfunc_begin2-.Lfunc_begin2
	.long	.Ltmp7-.Lfunc_begin2
	.short	1                               @ Loc expr size
	.byte	80                              @ DW_OP_reg0
	.long	.Ltmp7-.Lfunc_begin2
	.long	.Lfunc_end2-.Lfunc_begin2
	.short	4                               @ Loc expr size
	.byte	243                             @ DW_OP_GNU_entry_value
	.byte	1                               @ 1
	.byte	80                              @ DW_OP_reg0
	.byte	159                             @ DW_OP_stack_value
	.long	0
	.long	0
	.section	.debug_abbrev,"",%progbits
	.byte	1                               @ Abbreviation Code
	.byte	17                              @ DW_TAG_compile_unit
	.byte	1                               @ DW_CHILDREN_yes
	.byte	37                              @ DW_AT_producer
	.byte	14                              @ DW_FORM_strp
	.byte	19                              @ DW_AT_language
	.byte	5                               @ DW_FORM_data2
	.byte	3                               @ DW_AT_name
	.byte	14                              @ DW_FORM_strp
	.byte	16                              @ DW_AT_stmt_list
	.byte	23                              @ DW_FORM_sec_offset
	.byte	27                              @ DW_AT_comp_dir
	.byte	14                              @ DW_FORM_strp
	.byte	17                              @ DW_AT_low_pc
	.byte	1                               @ DW_FORM_addr
	.byte	85                              @ DW_AT_ranges
	.byte	23                              @ DW_FORM_sec_offset
	.byte	0                               @ EOM(1)
	.byte	0                               @ EOM(2)
	.byte	2                               @ Abbreviation Code
	.byte	4                               @ DW_TAG_enumeration_type
	.byte	1                               @ DW_CHILDREN_yes
	.byte	73                              @ DW_AT_type
	.byte	19                              @ DW_FORM_ref4
	.byte	11                              @ DW_AT_byte_size
	.byte	11                              @ DW_FORM_data1
	.byte	58                              @ DW_AT_decl_file
	.byte	11                              @ DW_FORM_data1
	.byte	59                              @ DW_AT_decl_line
	.byte	11                              @ DW_FORM_data1
	.byte	0                               @ EOM(1)
	.byte	0                               @ EOM(2)
	.byte	3                               @ Abbreviation Code
	.byte	40                              @ DW_TAG_enumerator
	.byte	0                               @ DW_CHILDREN_no
	.byte	3                               @ DW_AT_name
	.byte	14                              @ DW_FORM_strp
	.byte	28                              @ DW_AT_const_value
	.byte	15                              @ DW_FORM_udata
	.byte	0                               @ EOM(1)
	.byte	0                               @ EOM(2)
	.byte	4                               @ Abbreviation Code
	.byte	36                              @ DW_TAG_base_type
	.byte	0                               @ DW_CHILDREN_no
	.byte	3                               @ DW_AT_name
	.byte	14                              @ DW_FORM_strp
	.byte	62                              @ DW_AT_encoding
	.byte	11                              @ DW_FORM_data1
	.byte	11                              @ DW_AT_byte_size
	.byte	11                              @ DW_FORM_data1
	.byte	0                               @ EOM(1)
	.byte	0                               @ EOM(2)
	.byte	5                               @ Abbreviation Code
	.byte	46                              @ DW_TAG_subprogram
	.byte	1                               @ DW_CHILDREN_yes
	.byte	17                              @ DW_AT_low_pc
	.byte	1                               @ DW_FORM_addr
	.byte	18                              @ DW_AT_high_pc
	.byte	6                               @ DW_FORM_data4
	.byte	64                              @ DW_AT_frame_base
	.byte	24                              @ DW_FORM_exprloc
	.ascii	"\227B"                         @ DW_AT_GNU_all_call_sites
	.byte	25                              @ DW_FORM_flag_present
	.byte	3                               @ DW_AT_name
	.byte	14                              @ DW_FORM_strp
	.byte	58                              @ DW_AT_decl_file
	.byte	11                              @ DW_FORM_data1
	.byte	59                              @ DW_AT_decl_line
	.byte	11                              @ DW_FORM_data1
	.byte	39                              @ DW_AT_prototyped
	.byte	25                              @ DW_FORM_flag_present
	.byte	73                              @ DW_AT_type
	.byte	19                              @ DW_FORM_ref4
	.byte	63                              @ DW_AT_external
	.byte	25                              @ DW_FORM_flag_present
	.byte	0                               @ EOM(1)
	.byte	0                               @ EOM(2)
	.byte	6                               @ Abbreviation Code
	.byte	5                               @ DW_TAG_formal_parameter
	.byte	0                               @ DW_CHILDREN_no
	.byte	2                               @ DW_AT_location
	.byte	23                              @ DW_FORM_sec_offset
	.byte	3                               @ DW_AT_name
	.byte	14                              @ DW_FORM_strp
	.byte	58                              @ DW_AT_decl_file
	.byte	11                              @ DW_FORM_data1
	.byte	59                              @ DW_AT_decl_line
	.byte	11                              @ DW_FORM_data1
	.byte	73                              @ DW_AT_type
	.byte	19                              @ DW_FORM_ref4
	.byte	0                               @ EOM(1)
	.byte	0                               @ EOM(2)
	.byte	7                               @ Abbreviation Code
	.byte	46                              @ DW_TAG_subprogram
	.byte	1                               @ DW_CHILDREN_yes
	.byte	17                              @ DW_AT_low_pc
	.byte	1                               @ DW_FORM_addr
	.byte	18                              @ DW_AT_high_pc
	.byte	6                               @ DW_FORM_data4
	.byte	64                              @ DW_AT_frame_base
	.byte	24                              @ DW_FORM_exprloc
	.ascii	"\227B"                         @ DW_AT_GNU_all_call_sites
	.byte	25                              @ DW_FORM_flag_present
	.byte	3                               @ DW_AT_name
	.byte	14                              @ DW_FORM_strp
	.byte	58                              @ DW_AT_decl_file
	.byte	11                              @ DW_FORM_data1
	.byte	59                              @ DW_AT_decl_line
	.byte	11                              @ DW_FORM_data1
	.byte	39                              @ DW_AT_prototyped
	.byte	25                              @ DW_FORM_flag_present
	.byte	63                              @ DW_AT_external
	.byte	25                              @ DW_FORM_flag_present
	.byte	0                               @ EOM(1)
	.byte	0                               @ EOM(2)
	.byte	8                               @ Abbreviation Code
	.byte	5                               @ DW_TAG_formal_parameter
	.byte	0                               @ DW_CHILDREN_no
	.byte	2                               @ DW_AT_location
	.byte	24                              @ DW_FORM_exprloc
	.byte	3                               @ DW_AT_name
	.byte	14                              @ DW_FORM_strp
	.byte	58                              @ DW_AT_decl_file
	.byte	11                              @ DW_FORM_data1
	.byte	59                              @ DW_AT_decl_line
	.byte	11                              @ DW_FORM_data1
	.byte	73                              @ DW_AT_type
	.byte	19                              @ DW_FORM_ref4
	.byte	0                               @ EOM(1)
	.byte	0                               @ EOM(2)
	.byte	9                               @ Abbreviation Code
	.byte	46                              @ DW_TAG_subprogram
	.byte	1                               @ DW_CHILDREN_yes
	.byte	17                              @ DW_AT_low_pc
	.byte	1                               @ DW_FORM_addr
	.byte	18                              @ DW_AT_high_pc
	.byte	6                               @ DW_FORM_data4
	.byte	64                              @ DW_AT_frame_base
	.byte	24                              @ DW_FORM_exprloc
	.ascii	"\227B"                         @ DW_AT_GNU_all_call_sites
	.byte	25                              @ DW_FORM_flag_present
	.byte	3                               @ DW_AT_name
	.byte	14                              @ DW_FORM_strp
	.byte	58                              @ DW_AT_decl_file
	.byte	11                              @ DW_FORM_data1
	.byte	59                              @ DW_AT_decl_line
	.byte	5                               @ DW_FORM_data2
	.byte	39                              @ DW_AT_prototyped
	.byte	25                              @ DW_FORM_flag_present
	.byte	73                              @ DW_AT_type
	.byte	19                              @ DW_FORM_ref4
	.byte	63                              @ DW_AT_external
	.byte	25                              @ DW_FORM_flag_present
	.byte	0                               @ EOM(1)
	.byte	0                               @ EOM(2)
	.byte	10                              @ Abbreviation Code
	.byte	5                               @ DW_TAG_formal_parameter
	.byte	0                               @ DW_CHILDREN_no
	.byte	2                               @ DW_AT_location
	.byte	23                              @ DW_FORM_sec_offset
	.byte	3                               @ DW_AT_name
	.byte	14                              @ DW_FORM_strp
	.byte	58                              @ DW_AT_decl_file
	.byte	11                              @ DW_FORM_data1
	.byte	59                              @ DW_AT_decl_line
	.byte	5                               @ DW_FORM_data2
	.byte	73                              @ DW_AT_type
	.byte	19                              @ DW_FORM_ref4
	.byte	0                               @ EOM(1)
	.byte	0                               @ EOM(2)
	.byte	11                              @ Abbreviation Code
	.byte	46                              @ DW_TAG_subprogram
	.byte	1                               @ DW_CHILDREN_yes
	.byte	17                              @ DW_AT_low_pc
	.byte	1                               @ DW_FORM_addr
	.byte	18                              @ DW_AT_high_pc
	.byte	6                               @ DW_FORM_data4
	.byte	64                              @ DW_AT_frame_base
	.byte	24                              @ DW_FORM_exprloc
	.ascii	"\227B"                         @ DW_AT_GNU_all_call_sites
	.byte	25                              @ DW_FORM_flag_present
	.byte	3                               @ DW_AT_name
	.byte	14                              @ DW_FORM_strp
	.byte	58                              @ DW_AT_decl_file
	.byte	11                              @ DW_FORM_data1
	.byte	59                              @ DW_AT_decl_line
	.byte	5                               @ DW_FORM_data2
	.byte	39                              @ DW_AT_prototyped
	.byte	25                              @ DW_FORM_flag_present
	.byte	63                              @ DW_AT_external
	.byte	25                              @ DW_FORM_flag_present
	.byte	0                               @ EOM(1)
	.byte	0                               @ EOM(2)
	.byte	12                              @ Abbreviation Code
	.byte	5                               @ DW_TAG_formal_parameter
	.byte	0                               @ DW_CHILDREN_no
	.byte	2                               @ DW_AT_location
	.byte	24                              @ DW_FORM_exprloc
	.byte	3                               @ DW_AT_name
	.byte	14                              @ DW_FORM_strp
	.byte	58                              @ DW_AT_decl_file
	.byte	11                              @ DW_FORM_data1
	.byte	59                              @ DW_AT_decl_line
	.byte	5                               @ DW_FORM_data2
	.byte	73                              @ DW_AT_type
	.byte	19                              @ DW_FORM_ref4
	.byte	0                               @ EOM(1)
	.byte	0                               @ EOM(2)
	.byte	13                              @ Abbreviation Code
	.ascii	"\211\202\001"                  @ DW_TAG_GNU_call_site
	.byte	0                               @ DW_CHILDREN_no
	.byte	49                              @ DW_AT_abstract_origin
	.byte	19                              @ DW_FORM_ref4
	.ascii	"\225B"                         @ DW_AT_GNU_tail_call
	.byte	25                              @ DW_FORM_flag_present
	.byte	17                              @ DW_AT_low_pc
	.byte	1                               @ DW_FORM_addr
	.byte	0                               @ EOM(1)
	.byte	0                               @ EOM(2)
	.byte	14                              @ Abbreviation Code
	.byte	22                              @ DW_TAG_typedef
	.byte	0                               @ DW_CHILDREN_no
	.byte	73                              @ DW_AT_type
	.byte	19                              @ DW_FORM_ref4
	.byte	3                               @ DW_AT_name
	.byte	14                              @ DW_FORM_strp
	.byte	58                              @ DW_AT_decl_file
	.byte	11                              @ DW_FORM_data1
	.byte	59                              @ DW_AT_decl_line
	.byte	11                              @ DW_FORM_data1
	.byte	0                               @ EOM(1)
	.byte	0                               @ EOM(2)
	.byte	15                              @ Abbreviation Code
	.byte	15                              @ DW_TAG_pointer_type
	.byte	0                               @ DW_CHILDREN_no
	.byte	73                              @ DW_AT_type
	.byte	19                              @ DW_FORM_ref4
	.byte	0                               @ EOM(1)
	.byte	0                               @ EOM(2)
	.byte	16                              @ Abbreviation Code
	.byte	19                              @ DW_TAG_structure_type
	.byte	1                               @ DW_CHILDREN_yes
	.byte	11                              @ DW_AT_byte_size
	.byte	11                              @ DW_FORM_data1
	.byte	58                              @ DW_AT_decl_file
	.byte	11                              @ DW_FORM_data1
	.byte	59                              @ DW_AT_decl_line
	.byte	11                              @ DW_FORM_data1
	.byte	0                               @ EOM(1)
	.byte	0                               @ EOM(2)
	.byte	17                              @ Abbreviation Code
	.byte	13                              @ DW_TAG_member
	.byte	0                               @ DW_CHILDREN_no
	.byte	3                               @ DW_AT_name
	.byte	14                              @ DW_FORM_strp
	.byte	73                              @ DW_AT_type
	.byte	19                              @ DW_FORM_ref4
	.byte	58                              @ DW_AT_decl_file
	.byte	11                              @ DW_FORM_data1
	.byte	59                              @ DW_AT_decl_line
	.byte	11                              @ DW_FORM_data1
	.byte	56                              @ DW_AT_data_member_location
	.byte	11                              @ DW_FORM_data1
	.byte	0                               @ EOM(1)
	.byte	0                               @ EOM(2)
	.byte	18                              @ Abbreviation Code
	.byte	22                              @ DW_TAG_typedef
	.byte	0                               @ DW_CHILDREN_no
	.byte	73                              @ DW_AT_type
	.byte	19                              @ DW_FORM_ref4
	.byte	3                               @ DW_AT_name
	.byte	14                              @ DW_FORM_strp
	.byte	58                              @ DW_AT_decl_file
	.byte	11                              @ DW_FORM_data1
	.byte	59                              @ DW_AT_decl_line
	.byte	5                               @ DW_FORM_data2
	.byte	0                               @ EOM(1)
	.byte	0                               @ EOM(2)
	.byte	19                              @ Abbreviation Code
	.byte	19                              @ DW_TAG_structure_type
	.byte	1                               @ DW_CHILDREN_yes
	.byte	11                              @ DW_AT_byte_size
	.byte	11                              @ DW_FORM_data1
	.byte	58                              @ DW_AT_decl_file
	.byte	11                              @ DW_FORM_data1
	.byte	59                              @ DW_AT_decl_line
	.byte	5                               @ DW_FORM_data2
	.byte	0                               @ EOM(1)
	.byte	0                               @ EOM(2)
	.byte	20                              @ Abbreviation Code
	.byte	13                              @ DW_TAG_member
	.byte	0                               @ DW_CHILDREN_no
	.byte	3                               @ DW_AT_name
	.byte	14                              @ DW_FORM_strp
	.byte	73                              @ DW_AT_type
	.byte	19                              @ DW_FORM_ref4
	.byte	58                              @ DW_AT_decl_file
	.byte	11                              @ DW_FORM_data1
	.byte	59                              @ DW_AT_decl_line
	.byte	5                               @ DW_FORM_data2
	.byte	56                              @ DW_AT_data_member_location
	.byte	11                              @ DW_FORM_data1
	.byte	0                               @ EOM(1)
	.byte	0                               @ EOM(2)
	.byte	21                              @ Abbreviation Code
	.byte	53                              @ DW_TAG_volatile_type
	.byte	0                               @ DW_CHILDREN_no
	.byte	73                              @ DW_AT_type
	.byte	19                              @ DW_FORM_ref4
	.byte	0                               @ EOM(1)
	.byte	0                               @ EOM(2)
	.byte	0                               @ EOM(3)
	.section	.debug_info,"",%progbits
.Lcu_begin0:
	.long	.Ldebug_info_end0-.Ldebug_info_start0 @ Length of Unit
.Ldebug_info_start0:
	.short	4                               @ DWARF version number
	.long	.debug_abbrev                   @ Offset Into Abbrev. Section
	.byte	4                               @ Address Size (in bytes)
	.byte	1                               @ Abbrev [1] 0xb:0x1dc DW_TAG_compile_unit
	.long	.Linfo_string0                  @ DW_AT_producer
	.short	12                              @ DW_AT_language
	.long	.Linfo_string1                  @ DW_AT_name
	.long	.Lline_table_start0             @ DW_AT_stmt_list
	.long	.Linfo_string2                  @ DW_AT_comp_dir
	.long	0                               @ DW_AT_low_pc
	.long	.Ldebug_ranges0                 @ DW_AT_ranges
	.byte	2                               @ Abbrev [2] 0x26:0x21 DW_TAG_enumeration_type
	.long	71                              @ DW_AT_type
	.byte	1                               @ DW_AT_byte_size
	.byte	1                               @ DW_AT_decl_file
	.byte	39                              @ DW_AT_decl_line
	.byte	3                               @ Abbrev [3] 0x2e:0x6 DW_TAG_enumerator
	.long	.Linfo_string4                  @ DW_AT_name
	.byte	0                               @ DW_AT_const_value
	.byte	3                               @ Abbrev [3] 0x34:0x6 DW_TAG_enumerator
	.long	.Linfo_string5                  @ DW_AT_name
	.byte	1                               @ DW_AT_const_value
	.byte	3                               @ Abbrev [3] 0x3a:0x6 DW_TAG_enumerator
	.long	.Linfo_string6                  @ DW_AT_name
	.byte	2                               @ DW_AT_const_value
	.byte	3                               @ Abbrev [3] 0x40:0x6 DW_TAG_enumerator
	.long	.Linfo_string7                  @ DW_AT_name
	.byte	3                               @ DW_AT_const_value
	.byte	0                               @ End Of Children Mark
	.byte	4                               @ Abbrev [4] 0x47:0x7 DW_TAG_base_type
	.long	.Linfo_string3                  @ DW_AT_name
	.byte	8                               @ DW_AT_encoding
	.byte	1                               @ DW_AT_byte_size
	.byte	2                               @ Abbrev [2] 0x4e:0x15 DW_TAG_enumeration_type
	.long	71                              @ DW_AT_type
	.byte	1                               @ DW_AT_byte_size
	.byte	2                               @ DW_AT_decl_file
	.byte	185                             @ DW_AT_decl_line
	.byte	3                               @ Abbrev [3] 0x56:0x6 DW_TAG_enumerator
	.long	.Linfo_string8                  @ DW_AT_name
	.byte	0                               @ DW_AT_const_value
	.byte	3                               @ Abbrev [3] 0x5c:0x6 DW_TAG_enumerator
	.long	.Linfo_string9                  @ DW_AT_name
	.byte	1                               @ DW_AT_const_value
	.byte	0                               @ End Of Children Mark
	.byte	5                               @ Abbrev [5] 0x63:0x25 DW_TAG_subprogram
	.long	.Lfunc_begin0                   @ DW_AT_low_pc
	.long	.Lfunc_end0-.Lfunc_begin0       @ DW_AT_high_pc
	.byte	1                               @ DW_AT_frame_base
	.byte	93
                                        @ DW_AT_GNU_all_call_sites
	.long	.Linfo_string10                 @ DW_AT_name
	.byte	3                               @ DW_AT_decl_file
	.byte	176                             @ DW_AT_decl_line
                                        @ DW_AT_prototyped
	.long	281                             @ DW_AT_type
                                        @ DW_AT_external
	.byte	6                               @ Abbrev [6] 0x78:0xf DW_TAG_formal_parameter
	.long	.Ldebug_loc0                    @ DW_AT_location
	.long	.Linfo_string16                 @ DW_AT_name
	.byte	3                               @ DW_AT_decl_file
	.byte	176                             @ DW_AT_decl_line
	.long	292                             @ DW_AT_type
	.byte	0                               @ End Of Children Mark
	.byte	7                               @ Abbrev [7] 0x88:0x1f DW_TAG_subprogram
	.long	.Lfunc_begin1                   @ DW_AT_low_pc
	.long	.Lfunc_end1-.Lfunc_begin1       @ DW_AT_high_pc
	.byte	1                               @ DW_AT_frame_base
	.byte	93
                                        @ DW_AT_GNU_all_call_sites
	.long	.Linfo_string12                 @ DW_AT_name
	.byte	3                               @ DW_AT_decl_file
	.byte	230                             @ DW_AT_decl_line
                                        @ DW_AT_prototyped
                                        @ DW_AT_external
	.byte	8                               @ Abbrev [8] 0x99:0xd DW_TAG_formal_parameter
	.byte	1                               @ DW_AT_location
	.byte	80
	.long	.Linfo_string16                 @ DW_AT_name
	.byte	3                               @ DW_AT_decl_file
	.byte	230                             @ DW_AT_decl_line
	.long	292                             @ DW_AT_type
	.byte	0                               @ End Of Children Mark
	.byte	9                               @ Abbrev [9] 0xa7:0x27 DW_TAG_subprogram
	.long	.Lfunc_begin2                   @ DW_AT_low_pc
	.long	.Lfunc_end2-.Lfunc_begin2       @ DW_AT_high_pc
	.byte	1                               @ DW_AT_frame_base
	.byte	93
                                        @ DW_AT_GNU_all_call_sites
	.long	.Linfo_string13                 @ DW_AT_name
	.byte	3                               @ DW_AT_decl_file
	.short	343                             @ DW_AT_decl_line
                                        @ DW_AT_prototyped
	.long	281                             @ DW_AT_type
                                        @ DW_AT_external
	.byte	10                              @ Abbrev [10] 0xbd:0x10 DW_TAG_formal_parameter
	.long	.Ldebug_loc1                    @ DW_AT_location
	.long	.Linfo_string16                 @ DW_AT_name
	.byte	3                               @ DW_AT_decl_file
	.short	343                             @ DW_AT_decl_line
	.long	292                             @ DW_AT_type
	.byte	0                               @ End Of Children Mark
	.byte	11                              @ Abbrev [11] 0xce:0x2a DW_TAG_subprogram
	.long	.Lfunc_begin3                   @ DW_AT_low_pc
	.long	.Lfunc_end3-.Lfunc_begin3       @ DW_AT_high_pc
	.byte	1                               @ DW_AT_frame_base
	.byte	93
                                        @ DW_AT_GNU_all_call_sites
	.long	.Linfo_string14                 @ DW_AT_name
	.byte	3                               @ DW_AT_decl_file
	.short	366                             @ DW_AT_decl_line
                                        @ DW_AT_prototyped
                                        @ DW_AT_external
	.byte	12                              @ Abbrev [12] 0xe0:0xe DW_TAG_formal_parameter
	.byte	1                               @ DW_AT_location
	.byte	80
	.long	.Linfo_string16                 @ DW_AT_name
	.byte	3                               @ DW_AT_decl_file
	.short	366                             @ DW_AT_decl_line
	.long	292                             @ DW_AT_type
	.byte	13                              @ Abbrev [13] 0xee:0x9 DW_TAG_GNU_call_site
	.long	248                             @ DW_AT_abstract_origin
                                        @ DW_AT_GNU_tail_call
	.long	.Ltmp16                         @ DW_AT_low_pc
	.byte	0                               @ End Of Children Mark
	.byte	11                              @ Abbrev [11] 0xf8:0x21 DW_TAG_subprogram
	.long	.Lfunc_begin4                   @ DW_AT_low_pc
	.long	.Lfunc_end4-.Lfunc_begin4       @ DW_AT_high_pc
	.byte	1                               @ DW_AT_frame_base
	.byte	93
                                        @ DW_AT_GNU_all_call_sites
	.long	.Linfo_string15                 @ DW_AT_name
	.byte	3                               @ DW_AT_decl_file
	.short	395                             @ DW_AT_decl_line
                                        @ DW_AT_prototyped
                                        @ DW_AT_external
	.byte	12                              @ Abbrev [12] 0x10a:0xe DW_TAG_formal_parameter
	.byte	1                               @ DW_AT_location
	.byte	80
	.long	.Linfo_string16                 @ DW_AT_name
	.byte	3                               @ DW_AT_decl_file
	.short	395                             @ DW_AT_decl_line
	.long	292                             @ DW_AT_type
	.byte	0                               @ End Of Children Mark
	.byte	14                              @ Abbrev [14] 0x119:0xb DW_TAG_typedef
	.long	38                              @ DW_AT_type
	.long	.Linfo_string11                 @ DW_AT_name
	.byte	1                               @ DW_AT_decl_file
	.byte	45                              @ DW_AT_decl_line
	.byte	15                              @ Abbrev [15] 0x124:0x5 DW_TAG_pointer_type
	.long	297                             @ DW_AT_type
	.byte	14                              @ Abbrev [14] 0x129:0xb DW_TAG_typedef
	.long	308                             @ DW_AT_type
	.long	.Linfo_string30                 @ DW_AT_name
	.byte	6                               @ DW_AT_decl_file
	.byte	82                              @ DW_AT_decl_line
	.byte	16                              @ Abbrev [16] 0x134:0x1d DW_TAG_structure_type
	.byte	20                              @ DW_AT_byte_size
	.byte	6                               @ DW_AT_decl_file
	.byte	70                              @ DW_AT_decl_line
	.byte	17                              @ Abbrev [17] 0x138:0xc DW_TAG_member
	.long	.Linfo_string17                 @ DW_AT_name
	.long	337                             @ DW_AT_type
	.byte	6                               @ DW_AT_decl_file
	.byte	73                              @ DW_AT_decl_line
	.byte	0                               @ DW_AT_data_member_location
	.byte	17                              @ Abbrev [17] 0x144:0xc DW_TAG_member
	.long	.Linfo_string24                 @ DW_AT_name
	.long	422                             @ DW_AT_type
	.byte	6                               @ DW_AT_decl_file
	.byte	75                              @ DW_AT_decl_line
	.byte	4                               @ DW_AT_data_member_location
	.byte	0                               @ End Of Children Mark
	.byte	15                              @ Abbrev [15] 0x151:0x5 DW_TAG_pointer_type
	.long	342                             @ DW_AT_type
	.byte	18                              @ Abbrev [18] 0x156:0xc DW_TAG_typedef
	.long	354                             @ DW_AT_type
	.long	.Linfo_string23                 @ DW_AT_name
	.byte	5                               @ DW_AT_decl_file
	.short	896                             @ DW_AT_decl_line
	.byte	19                              @ Abbrev [19] 0x162:0x2d DW_TAG_structure_type
	.byte	12                              @ DW_AT_byte_size
	.byte	5                               @ DW_AT_decl_file
	.short	891                             @ DW_AT_decl_line
	.byte	20                              @ Abbrev [20] 0x167:0xd DW_TAG_member
	.long	.Linfo_string18                 @ DW_AT_name
	.long	399                             @ DW_AT_type
	.byte	5                               @ DW_AT_decl_file
	.short	893                             @ DW_AT_decl_line
	.byte	0                               @ DW_AT_data_member_location
	.byte	20                              @ Abbrev [20] 0x174:0xd DW_TAG_member
	.long	.Linfo_string21                 @ DW_AT_name
	.long	399                             @ DW_AT_type
	.byte	5                               @ DW_AT_decl_file
	.short	894                             @ DW_AT_decl_line
	.byte	4                               @ DW_AT_data_member_location
	.byte	20                              @ Abbrev [20] 0x181:0xd DW_TAG_member
	.long	.Linfo_string22                 @ DW_AT_name
	.long	399                             @ DW_AT_type
	.byte	5                               @ DW_AT_decl_file
	.short	895                             @ DW_AT_decl_line
	.byte	8                               @ DW_AT_data_member_location
	.byte	0                               @ End Of Children Mark
	.byte	21                              @ Abbrev [21] 0x18f:0x5 DW_TAG_volatile_type
	.long	404                             @ DW_AT_type
	.byte	14                              @ Abbrev [14] 0x194:0xb DW_TAG_typedef
	.long	415                             @ DW_AT_type
	.long	.Linfo_string20                 @ DW_AT_name
	.byte	4                               @ DW_AT_decl_file
	.byte	64                              @ DW_AT_decl_line
	.byte	4                               @ Abbrev [4] 0x19f:0x7 DW_TAG_base_type
	.long	.Linfo_string19                 @ DW_AT_name
	.byte	7                               @ DW_AT_encoding
	.byte	4                               @ DW_AT_byte_size
	.byte	14                              @ Abbrev [14] 0x1a6:0xb DW_TAG_typedef
	.long	433                             @ DW_AT_type
	.long	.Linfo_string29                 @ DW_AT_name
	.byte	6                               @ DW_AT_decl_file
	.byte	62                              @ DW_AT_decl_line
	.byte	16                              @ Abbrev [16] 0x1b1:0x35 DW_TAG_structure_type
	.byte	16                              @ DW_AT_byte_size
	.byte	6                               @ DW_AT_decl_file
	.byte	48                              @ DW_AT_decl_line
	.byte	17                              @ Abbrev [17] 0x1b5:0xc DW_TAG_member
	.long	.Linfo_string25                 @ DW_AT_name
	.long	404                             @ DW_AT_type
	.byte	6                               @ DW_AT_decl_file
	.byte	50                              @ DW_AT_decl_line
	.byte	0                               @ DW_AT_data_member_location
	.byte	17                              @ Abbrev [17] 0x1c1:0xc DW_TAG_member
	.long	.Linfo_string26                 @ DW_AT_name
	.long	404                             @ DW_AT_type
	.byte	6                               @ DW_AT_decl_file
	.byte	53                              @ DW_AT_decl_line
	.byte	4                               @ DW_AT_data_member_location
	.byte	17                              @ Abbrev [17] 0x1cd:0xc DW_TAG_member
	.long	.Linfo_string27                 @ DW_AT_name
	.long	404                             @ DW_AT_type
	.byte	6                               @ DW_AT_decl_file
	.byte	56                              @ DW_AT_decl_line
	.byte	8                               @ DW_AT_data_member_location
	.byte	17                              @ Abbrev [17] 0x1d9:0xc DW_TAG_member
	.long	.Linfo_string28                 @ DW_AT_name
	.long	404                             @ DW_AT_type
	.byte	6                               @ DW_AT_decl_file
	.byte	59                              @ DW_AT_decl_line
	.byte	12                              @ DW_AT_data_member_location
	.byte	0                               @ End Of Children Mark
	.byte	0                               @ End Of Children Mark
.Ldebug_info_end0:
	.section	.debug_ranges,"",%progbits
.Ldebug_ranges0:
	.long	.Lfunc_begin0
	.long	.Lfunc_end0
	.long	.Lfunc_begin1
	.long	.Lfunc_end1
	.long	.Lfunc_begin2
	.long	.Lfunc_end2
	.long	.Lfunc_begin3
	.long	.Lfunc_end3
	.long	.Lfunc_begin4
	.long	.Lfunc_end4
	.long	0
	.long	0
	.section	.debug_str,"MS",%progbits,1
.Linfo_string0:
	.asciz	"Component: ARM Compiler 6.16 Tool: armclang [5dfeb700]" @ string offset=0
.Linfo_string1:
	.asciz	"../Library/STM32F4xx_HAL_Driver/Src\\stm32f4xx_hal_wwdg.c" @ string offset=55
.Linfo_string2:
	.asciz	"C:\\Users\\Hyacincher\\Desktop\\HyTelectrl\\Code\\Project" @ string offset=112
.Linfo_string3:
	.asciz	"unsigned char"                 @ string offset=164
.Linfo_string4:
	.asciz	"HAL_OK"                        @ string offset=178
.Linfo_string5:
	.asciz	"HAL_ERROR"                     @ string offset=185
.Linfo_string6:
	.asciz	"HAL_BUSY"                      @ string offset=195
.Linfo_string7:
	.asciz	"HAL_TIMEOUT"                   @ string offset=204
.Linfo_string8:
	.asciz	"RESET"                         @ string offset=216
.Linfo_string9:
	.asciz	"SET"                           @ string offset=222
.Linfo_string10:
	.asciz	"HAL_WWDG_Init"                 @ string offset=226
.Linfo_string11:
	.asciz	"HAL_StatusTypeDef"             @ string offset=240
.Linfo_string12:
	.asciz	"HAL_WWDG_MspInit"              @ string offset=258
.Linfo_string13:
	.asciz	"HAL_WWDG_Refresh"              @ string offset=275
.Linfo_string14:
	.asciz	"HAL_WWDG_IRQHandler"           @ string offset=292
.Linfo_string15:
	.asciz	"HAL_WWDG_EarlyWakeupCallback"  @ string offset=312
.Linfo_string16:
	.asciz	"hwwdg"                         @ string offset=341
.Linfo_string17:
	.asciz	"Instance"                      @ string offset=347
.Linfo_string18:
	.asciz	"CR"                            @ string offset=356
.Linfo_string19:
	.asciz	"unsigned int"                  @ string offset=359
.Linfo_string20:
	.asciz	"uint32_t"                      @ string offset=372
.Linfo_string21:
	.asciz	"CFR"                           @ string offset=381
.Linfo_string22:
	.asciz	"SR"                            @ string offset=385
.Linfo_string23:
	.asciz	"WWDG_TypeDef"                  @ string offset=388
.Linfo_string24:
	.asciz	"Init"                          @ string offset=401
.Linfo_string25:
	.asciz	"Prescaler"                     @ string offset=406
.Linfo_string26:
	.asciz	"Window"                        @ string offset=416
.Linfo_string27:
	.asciz	"Counter"                       @ string offset=423
.Linfo_string28:
	.asciz	"EWIMode"                       @ string offset=431
.Linfo_string29:
	.asciz	"WWDG_InitTypeDef"              @ string offset=439
.Linfo_string30:
	.asciz	"WWDG_HandleTypeDef"            @ string offset=456
	.ident	"Component: ARM Compiler 6.16 Tool: armclang [5dfeb700]"
	.section	".note.GNU-stack","",%progbits
	.eabi_attribute	30, 3	@ Tag_ABI_optimization_goals
	.ARM_attribute	16, 1	@ Tag_AV_eba
	.section	.debug_line,"",%progbits
.Lline_table_start0:
