	.text
	.syntax unified
	.eabi_attribute	67, "2.09"	@ Tag_conformance
	.cpu	cortex-m4
	.eabi_attribute	6, 13	@ Tag_CPU_arch
	.eabi_attribute	7, 77	@ Tag_CPU_arch_profile
	.eabi_attribute	8, 0	@ Tag_ARM_ISA_use
	.eabi_attribute	9, 2	@ Tag_THUMB_ISA_use
	.fpu	fpv4-sp-d16
	.eabi_attribute	27, 1	@ Tag_ABI_HardFP_use
	.eabi_attribute	36, 1	@ Tag_FP_HP_extension
	.eabi_attribute	34, 1	@ Tag_CPU_unaligned_access
	.eabi_attribute	17, 1	@ Tag_ABI_PCS_GOT_use
	.eabi_attribute	20, 2	@ Tag_ABI_FP_denormal
	.eabi_attribute	21, 0	@ Tag_ABI_FP_exceptions
	.eabi_attribute	23, 1	@ Tag_ABI_FP_number_model
	.eabi_attribute	24, 1	@ Tag_ABI_align_needed
	.eabi_attribute	25, 1	@ Tag_ABI_align_preserved
	.eabi_attribute	28, 1	@ Tag_ABI_VFP_args
	.eabi_attribute	38, 1	@ Tag_ABI_FP_16bit_format
	.eabi_attribute	18, 2	@ Tag_ABI_PCS_wchar_t
	.eabi_attribute	26, 1	@ Tag_ABI_enum_size
	.eabi_attribute	14, 0	@ Tag_ABI_PCS_R9_use
	.file	"stm32f4xx_hal_exti.c"
	.file	1 "C:\\Users\\Hyacincher\\Desktop\\HyTelectrl\\Code\\Project" "../Library/STM32F4xx_HAL_Driver/Inc/stm32f4xx_hal_def.h"
	.file	2 "C:\\Users\\Hyacincher\\Desktop\\HyTelectrl\\Code\\Project" "../Library/STM32F4xx_HAL_Driver/Inc\\stm32f4xx_hal_exti.h"
	.file	3 "D:\\Keil MDK\\ARM\\ARMCLANG\\Bin\\..\\include" "stdint.h"
	.file	4 "C:\\Users\\Hyacincher\\Desktop\\HyTelectrl\\Code\\Project" "../Library/CMSIS/stm32f429xx.h"
	.section	.text.HAL_EXTI_SetConfigLine,"ax",%progbits
	.hidden	HAL_EXTI_SetConfigLine          @ -- Begin function HAL_EXTI_SetConfigLine
	.globl	HAL_EXTI_SetConfigLine
	.p2align	2
	.type	HAL_EXTI_SetConfigLine,%function
	.code	16                              @ @HAL_EXTI_SetConfigLine
	.thumb_func
HAL_EXTI_SetConfigLine:
.Lfunc_begin0:
	.file	5 "C:\\Users\\Hyacincher\\Desktop\\HyTelectrl\\Code\\Project" "../Library/STM32F4xx_HAL_Driver/Src/stm32f4xx_hal_exti.c"
	.loc	5 144 0                         @ ../Library/STM32F4xx_HAL_Driver/Src/stm32f4xx_hal_exti.c:144:0
	.fnstart
	.cfi_sections .debug_frame
	.cfi_startproc
@ %bb.0:
	.pad	#24
	sub	sp, #24
	.cfi_def_cfa_offset 24
	str	r0, [sp, #16]
	str	r1, [sp, #12]
.Ltmp0:
	.loc	5 150 8 prologue_end            @ ../Library/STM32F4xx_HAL_Driver/Src/stm32f4xx_hal_exti.c:150:8
	ldr	r0, [sp, #16]
	.loc	5 150 23 is_stmt 0              @ ../Library/STM32F4xx_HAL_Driver/Src/stm32f4xx_hal_exti.c:150:23
	cbz	r0, .LBB0_2
	b	.LBB0_1
.LBB0_1:
	.loc	5 150 27                        @ ../Library/STM32F4xx_HAL_Driver/Src/stm32f4xx_hal_exti.c:150:27
	ldr	r0, [sp, #12]
.Ltmp1:
	.loc	5 150 7                         @ ../Library/STM32F4xx_HAL_Driver/Src/stm32f4xx_hal_exti.c:150:7
	cbnz	r0, .LBB0_3
	b	.LBB0_2
.LBB0_2:
	.loc	5 0 7                           @ ../Library/STM32F4xx_HAL_Driver/Src/stm32f4xx_hal_exti.c:0:7
	movs	r0, #1
.Ltmp2:
	.loc	5 152 5 is_stmt 1               @ ../Library/STM32F4xx_HAL_Driver/Src/stm32f4xx_hal_exti.c:152:5
	strb.w	r0, [sp, #23]
	b	.LBB0_20
.Ltmp3:
.LBB0_3:
	.loc	5 160 17                        @ ../Library/STM32F4xx_HAL_Driver/Src/stm32f4xx_hal_exti.c:160:17
	ldr	r0, [sp, #12]
	.loc	5 160 30 is_stmt 0              @ ../Library/STM32F4xx_HAL_Driver/Src/stm32f4xx_hal_exti.c:160:30
	ldr	r0, [r0]
	.loc	5 160 3                         @ ../Library/STM32F4xx_HAL_Driver/Src/stm32f4xx_hal_exti.c:160:3
	ldr	r1, [sp, #16]
	.loc	5 160 15                        @ ../Library/STM32F4xx_HAL_Driver/Src/stm32f4xx_hal_exti.c:160:15
	str	r0, [r1]
	.loc	5 163 14 is_stmt 1              @ ../Library/STM32F4xx_HAL_Driver/Src/stm32f4xx_hal_exti.c:163:14
	ldr	r0, [sp, #12]
	.loc	5 163 27 is_stmt 0              @ ../Library/STM32F4xx_HAL_Driver/Src/stm32f4xx_hal_exti.c:163:27
	ldr	r0, [r0]
	.loc	5 163 32                        @ ../Library/STM32F4xx_HAL_Driver/Src/stm32f4xx_hal_exti.c:163:32
	and	r0, r0, #31
	.loc	5 163 11                        @ ../Library/STM32F4xx_HAL_Driver/Src/stm32f4xx_hal_exti.c:163:11
	str	r0, [sp, #4]
	.loc	5 164 22 is_stmt 1              @ ../Library/STM32F4xx_HAL_Driver/Src/stm32f4xx_hal_exti.c:164:22
	ldr	r1, [sp, #4]
	movs	r0, #1
	.loc	5 164 19 is_stmt 0              @ ../Library/STM32F4xx_HAL_Driver/Src/stm32f4xx_hal_exti.c:164:19
	lsls	r0, r1
	.loc	5 164 12                        @ ../Library/STM32F4xx_HAL_Driver/Src/stm32f4xx_hal_exti.c:164:12
	str	r0, [sp]
.Ltmp4:
	.loc	5 167 8 is_stmt 1               @ ../Library/STM32F4xx_HAL_Driver/Src/stm32f4xx_hal_exti.c:167:8
	ldr	r0, [sp, #12]
.Ltmp5:
	.loc	5 167 7 is_stmt 0               @ ../Library/STM32F4xx_HAL_Driver/Src/stm32f4xx_hal_exti.c:167:7
	ldrb	r0, [r0, #3]
	lsls	r0, r0, #30
	cmp	r0, #0
	bpl	.LBB0_13
	b	.LBB0_4
.LBB0_4:
.Ltmp6:
	.loc	5 173 10 is_stmt 1              @ ../Library/STM32F4xx_HAL_Driver/Src/stm32f4xx_hal_exti.c:173:10
	ldr	r0, [sp, #12]
.Ltmp7:
	.loc	5 173 9 is_stmt 0               @ ../Library/STM32F4xx_HAL_Driver/Src/stm32f4xx_hal_exti.c:173:9
	ldrb	r0, [r0, #8]
	lsls	r0, r0, #31
	cbz	r0, .LBB0_6
	b	.LBB0_5
.LBB0_5:
.Ltmp8:
	.loc	5 175 21 is_stmt 1              @ ../Library/STM32F4xx_HAL_Driver/Src/stm32f4xx_hal_exti.c:175:21
	ldr	r2, [sp]
	movw	r1, #15368
	movt	r1, #16385
	.loc	5 175 18 is_stmt 0              @ ../Library/STM32F4xx_HAL_Driver/Src/stm32f4xx_hal_exti.c:175:18
	ldr	r0, [r1]
	orrs	r0, r2
	str	r0, [r1]
	.loc	5 176 5 is_stmt 1               @ ../Library/STM32F4xx_HAL_Driver/Src/stm32f4xx_hal_exti.c:176:5
	b	.LBB0_7
.Ltmp9:
.LBB0_6:
	.loc	5 179 22                        @ ../Library/STM32F4xx_HAL_Driver/Src/stm32f4xx_hal_exti.c:179:22
	ldr	r2, [sp]
	movw	r1, #15368
	movt	r1, #16385
	.loc	5 179 18 is_stmt 0              @ ../Library/STM32F4xx_HAL_Driver/Src/stm32f4xx_hal_exti.c:179:18
	ldr	r0, [r1]
	bics	r0, r2
	str	r0, [r1]
	b	.LBB0_7
.Ltmp10:
.LBB0_7:
	.loc	5 184 10 is_stmt 1              @ ../Library/STM32F4xx_HAL_Driver/Src/stm32f4xx_hal_exti.c:184:10
	ldr	r0, [sp, #12]
.Ltmp11:
	.loc	5 184 9 is_stmt 0               @ ../Library/STM32F4xx_HAL_Driver/Src/stm32f4xx_hal_exti.c:184:9
	ldrb	r0, [r0, #8]
	lsls	r0, r0, #30
	cmp	r0, #0
	bpl	.LBB0_9
	b	.LBB0_8
.LBB0_8:
.Ltmp12:
	.loc	5 186 21 is_stmt 1              @ ../Library/STM32F4xx_HAL_Driver/Src/stm32f4xx_hal_exti.c:186:21
	ldr	r2, [sp]
	movw	r1, #15372
	movt	r1, #16385
	.loc	5 186 18 is_stmt 0              @ ../Library/STM32F4xx_HAL_Driver/Src/stm32f4xx_hal_exti.c:186:18
	ldr	r0, [r1]
	orrs	r0, r2
	str	r0, [r1]
	.loc	5 187 5 is_stmt 1               @ ../Library/STM32F4xx_HAL_Driver/Src/stm32f4xx_hal_exti.c:187:5
	b	.LBB0_10
.Ltmp13:
.LBB0_9:
	.loc	5 190 22                        @ ../Library/STM32F4xx_HAL_Driver/Src/stm32f4xx_hal_exti.c:190:22
	ldr	r2, [sp]
	movw	r1, #15372
	movt	r1, #16385
	.loc	5 190 18 is_stmt 0              @ ../Library/STM32F4xx_HAL_Driver/Src/stm32f4xx_hal_exti.c:190:18
	ldr	r0, [r1]
	bics	r0, r2
	str	r0, [r1]
	b	.LBB0_10
.Ltmp14:
.LBB0_10:
	.loc	5 195 10 is_stmt 1              @ ../Library/STM32F4xx_HAL_Driver/Src/stm32f4xx_hal_exti.c:195:10
	ldr	r0, [sp, #12]
	.loc	5 195 23 is_stmt 0              @ ../Library/STM32F4xx_HAL_Driver/Src/stm32f4xx_hal_exti.c:195:23
	ldr	r0, [r0]
	.loc	5 195 28                        @ ../Library/STM32F4xx_HAL_Driver/Src/stm32f4xx_hal_exti.c:195:28
	and	r0, r0, #100663296
.Ltmp15:
	.loc	5 195 9                         @ ../Library/STM32F4xx_HAL_Driver/Src/stm32f4xx_hal_exti.c:195:9
	cmp.w	r0, #100663296
	bne	.LBB0_12
	b	.LBB0_11
.LBB0_11:
.Ltmp16:
	.loc	5 200 31 is_stmt 1              @ ../Library/STM32F4xx_HAL_Driver/Src/stm32f4xx_hal_exti.c:200:31
	ldr	r0, [sp, #4]
	.loc	5 200 39 is_stmt 0              @ ../Library/STM32F4xx_HAL_Driver/Src/stm32f4xx_hal_exti.c:200:39
	bic	r0, r0, #3
	movw	r2, #14344
	movt	r2, #16385
	.loc	5 200 16                        @ ../Library/STM32F4xx_HAL_Driver/Src/stm32f4xx_hal_exti.c:200:16
	ldr	r0, [r0, r2]
	.loc	5 200 14                        @ ../Library/STM32F4xx_HAL_Driver/Src/stm32f4xx_hal_exti.c:200:14
	str	r0, [sp, #8]
	.loc	5 201 72 is_stmt 1              @ ../Library/STM32F4xx_HAL_Driver/Src/stm32f4xx_hal_exti.c:201:72
	ldr	r0, [sp, #4]
	.loc	5 201 80 is_stmt 0              @ ../Library/STM32F4xx_HAL_Driver/Src/stm32f4xx_hal_exti.c:201:80
	and	r0, r0, #3
	.loc	5 201 69                        @ ../Library/STM32F4xx_HAL_Driver/Src/stm32f4xx_hal_exti.c:201:69
	lsls	r1, r0, #2
	movs	r0, #15
	.loc	5 201 40                        @ ../Library/STM32F4xx_HAL_Driver/Src/stm32f4xx_hal_exti.c:201:40
	lsl.w	r1, r0, r1
	.loc	5 201 14                        @ ../Library/STM32F4xx_HAL_Driver/Src/stm32f4xx_hal_exti.c:201:14
	ldr	r0, [sp, #8]
	bics	r0, r1
	str	r0, [sp, #8]
	.loc	5 202 18 is_stmt 1              @ ../Library/STM32F4xx_HAL_Driver/Src/stm32f4xx_hal_exti.c:202:18
	ldr	r0, [sp, #12]
	.loc	5 202 31 is_stmt 0              @ ../Library/STM32F4xx_HAL_Driver/Src/stm32f4xx_hal_exti.c:202:31
	ldr	r0, [r0, #12]
	.loc	5 202 71                        @ ../Library/STM32F4xx_HAL_Driver/Src/stm32f4xx_hal_exti.c:202:71
	ldr	r1, [sp, #4]
	.loc	5 202 79                        @ ../Library/STM32F4xx_HAL_Driver/Src/stm32f4xx_hal_exti.c:202:79
	and	r1, r1, #3
	.loc	5 202 68                        @ ../Library/STM32F4xx_HAL_Driver/Src/stm32f4xx_hal_exti.c:202:68
	lsls	r1, r1, #2
	.loc	5 202 39                        @ ../Library/STM32F4xx_HAL_Driver/Src/stm32f4xx_hal_exti.c:202:39
	lsl.w	r1, r0, r1
	.loc	5 202 14                        @ ../Library/STM32F4xx_HAL_Driver/Src/stm32f4xx_hal_exti.c:202:14
	ldr	r0, [sp, #8]
	orrs	r0, r1
	str	r0, [sp, #8]
	.loc	5 203 39 is_stmt 1              @ ../Library/STM32F4xx_HAL_Driver/Src/stm32f4xx_hal_exti.c:203:39
	ldr	r0, [sp, #8]
	.loc	5 203 22 is_stmt 0              @ ../Library/STM32F4xx_HAL_Driver/Src/stm32f4xx_hal_exti.c:203:22
	ldr	r1, [sp, #4]
	.loc	5 203 30                        @ ../Library/STM32F4xx_HAL_Driver/Src/stm32f4xx_hal_exti.c:203:30
	bic	r1, r1, #3
	.loc	5 203 37                        @ ../Library/STM32F4xx_HAL_Driver/Src/stm32f4xx_hal_exti.c:203:37
	str	r0, [r1, r2]
	.loc	5 204 5 is_stmt 1               @ ../Library/STM32F4xx_HAL_Driver/Src/stm32f4xx_hal_exti.c:204:5
	b	.LBB0_12
.Ltmp17:
.LBB0_12:
	.loc	5 205 3                         @ ../Library/STM32F4xx_HAL_Driver/Src/stm32f4xx_hal_exti.c:205:3
	b	.LBB0_13
.Ltmp18:
.LBB0_13:
	.loc	5 209 8                         @ ../Library/STM32F4xx_HAL_Driver/Src/stm32f4xx_hal_exti.c:209:8
	ldr	r0, [sp, #12]
.Ltmp19:
	.loc	5 209 7 is_stmt 0               @ ../Library/STM32F4xx_HAL_Driver/Src/stm32f4xx_hal_exti.c:209:7
	ldrb	r0, [r0, #4]
	lsls	r0, r0, #31
	cbz	r0, .LBB0_15
	b	.LBB0_14
.LBB0_14:
.Ltmp20:
	.loc	5 211 18 is_stmt 1              @ ../Library/STM32F4xx_HAL_Driver/Src/stm32f4xx_hal_exti.c:211:18
	ldr	r2, [sp]
	movw	r1, #15360
	movt	r1, #16385
	.loc	5 211 15 is_stmt 0              @ ../Library/STM32F4xx_HAL_Driver/Src/stm32f4xx_hal_exti.c:211:15
	ldr	r0, [r1]
	orrs	r0, r2
	str	r0, [r1]
	.loc	5 212 3 is_stmt 1               @ ../Library/STM32F4xx_HAL_Driver/Src/stm32f4xx_hal_exti.c:212:3
	b	.LBB0_16
.Ltmp21:
.LBB0_15:
	.loc	5 215 19                        @ ../Library/STM32F4xx_HAL_Driver/Src/stm32f4xx_hal_exti.c:215:19
	ldr	r2, [sp]
	movw	r1, #15360
	movt	r1, #16385
	.loc	5 215 15 is_stmt 0              @ ../Library/STM32F4xx_HAL_Driver/Src/stm32f4xx_hal_exti.c:215:15
	ldr	r0, [r1]
	bics	r0, r2
	str	r0, [r1]
	b	.LBB0_16
.Ltmp22:
.LBB0_16:
	.loc	5 220 8 is_stmt 1               @ ../Library/STM32F4xx_HAL_Driver/Src/stm32f4xx_hal_exti.c:220:8
	ldr	r0, [sp, #12]
.Ltmp23:
	.loc	5 220 7 is_stmt 0               @ ../Library/STM32F4xx_HAL_Driver/Src/stm32f4xx_hal_exti.c:220:7
	ldrb	r0, [r0, #4]
	lsls	r0, r0, #30
	cmp	r0, #0
	bpl	.LBB0_18
	b	.LBB0_17
.LBB0_17:
.Ltmp24:
	.loc	5 222 18 is_stmt 1              @ ../Library/STM32F4xx_HAL_Driver/Src/stm32f4xx_hal_exti.c:222:18
	ldr	r2, [sp]
	movw	r1, #15364
	movt	r1, #16385
	.loc	5 222 15 is_stmt 0              @ ../Library/STM32F4xx_HAL_Driver/Src/stm32f4xx_hal_exti.c:222:15
	ldr	r0, [r1]
	orrs	r0, r2
	str	r0, [r1]
	.loc	5 223 3 is_stmt 1               @ ../Library/STM32F4xx_HAL_Driver/Src/stm32f4xx_hal_exti.c:223:3
	b	.LBB0_19
.Ltmp25:
.LBB0_18:
	.loc	5 226 19                        @ ../Library/STM32F4xx_HAL_Driver/Src/stm32f4xx_hal_exti.c:226:19
	ldr	r2, [sp]
	movw	r1, #15364
	movt	r1, #16385
	.loc	5 226 15 is_stmt 0              @ ../Library/STM32F4xx_HAL_Driver/Src/stm32f4xx_hal_exti.c:226:15
	ldr	r0, [r1]
	bics	r0, r2
	str	r0, [r1]
	b	.LBB0_19
.Ltmp26:
.LBB0_19:
	.loc	5 0 15                          @ ../Library/STM32F4xx_HAL_Driver/Src/stm32f4xx_hal_exti.c:0:15
	movs	r0, #0
	.loc	5 229 3 is_stmt 1               @ ../Library/STM32F4xx_HAL_Driver/Src/stm32f4xx_hal_exti.c:229:3
	strb.w	r0, [sp, #23]
	b	.LBB0_20
.LBB0_20:
	.loc	5 230 1                         @ ../Library/STM32F4xx_HAL_Driver/Src/stm32f4xx_hal_exti.c:230:1
	ldrb.w	r0, [sp, #23]
	add	sp, #24
	bx	lr
.Ltmp27:
.Lfunc_end0:
	.size	HAL_EXTI_SetConfigLine, .Lfunc_end0-HAL_EXTI_SetConfigLine
	.cfi_endproc
	.cantunwind
	.fnend
                                        @ -- End function
	.section	.text.HAL_EXTI_GetConfigLine,"ax",%progbits
	.hidden	HAL_EXTI_GetConfigLine          @ -- Begin function HAL_EXTI_GetConfigLine
	.globl	HAL_EXTI_GetConfigLine
	.p2align	2
	.type	HAL_EXTI_GetConfigLine,%function
	.code	16                              @ @HAL_EXTI_GetConfigLine
	.thumb_func
HAL_EXTI_GetConfigLine:
.Lfunc_begin1:
	.loc	5 239 0                         @ ../Library/STM32F4xx_HAL_Driver/Src/stm32f4xx_hal_exti.c:239:0
	.fnstart
	.cfi_startproc
@ %bb.0:
	.pad	#24
	sub	sp, #24
	.cfi_def_cfa_offset 24
	str	r0, [sp, #16]
	str	r1, [sp, #12]
.Ltmp28:
	.loc	5 245 8 prologue_end            @ ../Library/STM32F4xx_HAL_Driver/Src/stm32f4xx_hal_exti.c:245:8
	ldr	r0, [sp, #16]
	.loc	5 245 23 is_stmt 0              @ ../Library/STM32F4xx_HAL_Driver/Src/stm32f4xx_hal_exti.c:245:23
	cbz	r0, .LBB1_2
	b	.LBB1_1
.LBB1_1:
	.loc	5 245 27                        @ ../Library/STM32F4xx_HAL_Driver/Src/stm32f4xx_hal_exti.c:245:27
	ldr	r0, [sp, #12]
.Ltmp29:
	.loc	5 245 7                         @ ../Library/STM32F4xx_HAL_Driver/Src/stm32f4xx_hal_exti.c:245:7
	cbnz	r0, .LBB1_3
	b	.LBB1_2
.LBB1_2:
	.loc	5 0 7                           @ ../Library/STM32F4xx_HAL_Driver/Src/stm32f4xx_hal_exti.c:0:7
	movs	r0, #1
.Ltmp30:
	.loc	5 247 5 is_stmt 1               @ ../Library/STM32F4xx_HAL_Driver/Src/stm32f4xx_hal_exti.c:247:5
	strb.w	r0, [sp, #23]
	b	.LBB1_17
.Ltmp31:
.LBB1_3:
	.loc	5 254 23                        @ ../Library/STM32F4xx_HAL_Driver/Src/stm32f4xx_hal_exti.c:254:23
	ldr	r0, [sp, #16]
	.loc	5 254 30 is_stmt 0              @ ../Library/STM32F4xx_HAL_Driver/Src/stm32f4xx_hal_exti.c:254:30
	ldr	r0, [r0]
	.loc	5 254 3                         @ ../Library/STM32F4xx_HAL_Driver/Src/stm32f4xx_hal_exti.c:254:3
	ldr	r1, [sp, #12]
	.loc	5 254 21                        @ ../Library/STM32F4xx_HAL_Driver/Src/stm32f4xx_hal_exti.c:254:21
	str	r0, [r1]
	.loc	5 257 14 is_stmt 1              @ ../Library/STM32F4xx_HAL_Driver/Src/stm32f4xx_hal_exti.c:257:14
	ldr	r0, [sp, #12]
	.loc	5 257 27 is_stmt 0              @ ../Library/STM32F4xx_HAL_Driver/Src/stm32f4xx_hal_exti.c:257:27
	ldr	r0, [r0]
	.loc	5 257 32                        @ ../Library/STM32F4xx_HAL_Driver/Src/stm32f4xx_hal_exti.c:257:32
	and	r0, r0, #31
	.loc	5 257 11                        @ ../Library/STM32F4xx_HAL_Driver/Src/stm32f4xx_hal_exti.c:257:11
	str	r0, [sp, #4]
	.loc	5 258 22 is_stmt 1              @ ../Library/STM32F4xx_HAL_Driver/Src/stm32f4xx_hal_exti.c:258:22
	ldr	r1, [sp, #4]
	movs	r0, #1
	.loc	5 258 19 is_stmt 0              @ ../Library/STM32F4xx_HAL_Driver/Src/stm32f4xx_hal_exti.c:258:19
	lsls	r0, r1
	.loc	5 258 12                        @ ../Library/STM32F4xx_HAL_Driver/Src/stm32f4xx_hal_exti.c:258:12
	str	r0, [sp]
	movw	r0, #15360
	movt	r0, #16385
.Ltmp32:
	.loc	5 263 14 is_stmt 1              @ ../Library/STM32F4xx_HAL_Driver/Src/stm32f4xx_hal_exti.c:263:14
	ldr	r0, [r0]
	.loc	5 263 20 is_stmt 0              @ ../Library/STM32F4xx_HAL_Driver/Src/stm32f4xx_hal_exti.c:263:20
	ldr	r1, [sp]
.Ltmp33:
	.loc	5 263 7                         @ ../Library/STM32F4xx_HAL_Driver/Src/stm32f4xx_hal_exti.c:263:7
	tst	r0, r1
	beq	.LBB1_5
	b	.LBB1_4
.LBB1_4:
.Ltmp34:
	.loc	5 265 5 is_stmt 1               @ ../Library/STM32F4xx_HAL_Driver/Src/stm32f4xx_hal_exti.c:265:5
	ldr	r1, [sp, #12]
	movs	r0, #1
	.loc	5 265 23 is_stmt 0              @ ../Library/STM32F4xx_HAL_Driver/Src/stm32f4xx_hal_exti.c:265:23
	str	r0, [r1, #4]
	.loc	5 266 3 is_stmt 1               @ ../Library/STM32F4xx_HAL_Driver/Src/stm32f4xx_hal_exti.c:266:3
	b	.LBB1_6
.Ltmp35:
.LBB1_5:
	.loc	5 269 5                         @ ../Library/STM32F4xx_HAL_Driver/Src/stm32f4xx_hal_exti.c:269:5
	ldr	r1, [sp, #12]
	movs	r0, #0
	.loc	5 269 23 is_stmt 0              @ ../Library/STM32F4xx_HAL_Driver/Src/stm32f4xx_hal_exti.c:269:23
	str	r0, [r1, #4]
	b	.LBB1_6
.Ltmp36:
.LBB1_6:
	.loc	5 0 23                          @ ../Library/STM32F4xx_HAL_Driver/Src/stm32f4xx_hal_exti.c:0:23
	movw	r0, #15364
	movt	r0, #16385
.Ltmp37:
	.loc	5 274 14 is_stmt 1              @ ../Library/STM32F4xx_HAL_Driver/Src/stm32f4xx_hal_exti.c:274:14
	ldr	r0, [r0]
	.loc	5 274 20 is_stmt 0              @ ../Library/STM32F4xx_HAL_Driver/Src/stm32f4xx_hal_exti.c:274:20
	ldr	r1, [sp]
.Ltmp38:
	.loc	5 274 7                         @ ../Library/STM32F4xx_HAL_Driver/Src/stm32f4xx_hal_exti.c:274:7
	tst	r0, r1
	beq	.LBB1_8
	b	.LBB1_7
.LBB1_7:
.Ltmp39:
	.loc	5 276 5 is_stmt 1               @ ../Library/STM32F4xx_HAL_Driver/Src/stm32f4xx_hal_exti.c:276:5
	ldr	r1, [sp, #12]
	.loc	5 276 23 is_stmt 0              @ ../Library/STM32F4xx_HAL_Driver/Src/stm32f4xx_hal_exti.c:276:23
	ldr	r0, [r1, #4]
	orr	r0, r0, #2
	str	r0, [r1, #4]
	.loc	5 277 3 is_stmt 1               @ ../Library/STM32F4xx_HAL_Driver/Src/stm32f4xx_hal_exti.c:277:3
	b	.LBB1_8
.Ltmp40:
.LBB1_8:
	.loc	5 280 3                         @ ../Library/STM32F4xx_HAL_Driver/Src/stm32f4xx_hal_exti.c:280:3
	ldr	r1, [sp, #12]
	movs	r0, #0
	.loc	5 280 24 is_stmt 0              @ ../Library/STM32F4xx_HAL_Driver/Src/stm32f4xx_hal_exti.c:280:24
	str	r0, [r1, #8]
	.loc	5 281 3 is_stmt 1               @ ../Library/STM32F4xx_HAL_Driver/Src/stm32f4xx_hal_exti.c:281:3
	ldr	r1, [sp, #12]
	.loc	5 281 24 is_stmt 0              @ ../Library/STM32F4xx_HAL_Driver/Src/stm32f4xx_hal_exti.c:281:24
	str	r0, [r1, #12]
.Ltmp41:
	.loc	5 284 8 is_stmt 1               @ ../Library/STM32F4xx_HAL_Driver/Src/stm32f4xx_hal_exti.c:284:8
	ldr	r0, [sp, #12]
.Ltmp42:
	.loc	5 284 7 is_stmt 0               @ ../Library/STM32F4xx_HAL_Driver/Src/stm32f4xx_hal_exti.c:284:7
	ldrb	r0, [r0, #3]
	lsls	r0, r0, #30
	cmp	r0, #0
	bpl	.LBB1_16
	b	.LBB1_9
.LBB1_9:
	.loc	5 0 7                           @ ../Library/STM32F4xx_HAL_Driver/Src/stm32f4xx_hal_exti.c:0:7
	movw	r0, #15368
	movt	r0, #16385
.Ltmp43:
	.loc	5 287 16 is_stmt 1              @ ../Library/STM32F4xx_HAL_Driver/Src/stm32f4xx_hal_exti.c:287:16
	ldr	r0, [r0]
	.loc	5 287 23 is_stmt 0              @ ../Library/STM32F4xx_HAL_Driver/Src/stm32f4xx_hal_exti.c:287:23
	ldr	r1, [sp]
.Ltmp44:
	.loc	5 287 9                         @ ../Library/STM32F4xx_HAL_Driver/Src/stm32f4xx_hal_exti.c:287:9
	tst	r0, r1
	beq	.LBB1_11
	b	.LBB1_10
.LBB1_10:
.Ltmp45:
	.loc	5 289 7 is_stmt 1               @ ../Library/STM32F4xx_HAL_Driver/Src/stm32f4xx_hal_exti.c:289:7
	ldr	r1, [sp, #12]
	movs	r0, #1
	.loc	5 289 28 is_stmt 0              @ ../Library/STM32F4xx_HAL_Driver/Src/stm32f4xx_hal_exti.c:289:28
	str	r0, [r1, #8]
	.loc	5 290 5 is_stmt 1               @ ../Library/STM32F4xx_HAL_Driver/Src/stm32f4xx_hal_exti.c:290:5
	b	.LBB1_11
.Ltmp46:
.LBB1_11:
	.loc	5 0 5 is_stmt 0                 @ ../Library/STM32F4xx_HAL_Driver/Src/stm32f4xx_hal_exti.c:0:5
	movw	r0, #15372
	movt	r0, #16385
.Ltmp47:
	.loc	5 294 16 is_stmt 1              @ ../Library/STM32F4xx_HAL_Driver/Src/stm32f4xx_hal_exti.c:294:16
	ldr	r0, [r0]
	.loc	5 294 23 is_stmt 0              @ ../Library/STM32F4xx_HAL_Driver/Src/stm32f4xx_hal_exti.c:294:23
	ldr	r1, [sp]
.Ltmp48:
	.loc	5 294 9                         @ ../Library/STM32F4xx_HAL_Driver/Src/stm32f4xx_hal_exti.c:294:9
	tst	r0, r1
	beq	.LBB1_13
	b	.LBB1_12
.LBB1_12:
.Ltmp49:
	.loc	5 296 7 is_stmt 1               @ ../Library/STM32F4xx_HAL_Driver/Src/stm32f4xx_hal_exti.c:296:7
	ldr	r1, [sp, #12]
	.loc	5 296 28 is_stmt 0              @ ../Library/STM32F4xx_HAL_Driver/Src/stm32f4xx_hal_exti.c:296:28
	ldr	r0, [r1, #8]
	orr	r0, r0, #2
	str	r0, [r1, #8]
	.loc	5 297 5 is_stmt 1               @ ../Library/STM32F4xx_HAL_Driver/Src/stm32f4xx_hal_exti.c:297:5
	b	.LBB1_13
.Ltmp50:
.LBB1_13:
	.loc	5 300 10                        @ ../Library/STM32F4xx_HAL_Driver/Src/stm32f4xx_hal_exti.c:300:10
	ldr	r0, [sp, #12]
	.loc	5 300 23 is_stmt 0              @ ../Library/STM32F4xx_HAL_Driver/Src/stm32f4xx_hal_exti.c:300:23
	ldr	r0, [r0]
	.loc	5 300 28                        @ ../Library/STM32F4xx_HAL_Driver/Src/stm32f4xx_hal_exti.c:300:28
	and	r0, r0, #100663296
.Ltmp51:
	.loc	5 300 9                         @ ../Library/STM32F4xx_HAL_Driver/Src/stm32f4xx_hal_exti.c:300:9
	cmp.w	r0, #100663296
	bne	.LBB1_15
	b	.LBB1_14
.LBB1_14:
.Ltmp52:
	.loc	5 304 31 is_stmt 1              @ ../Library/STM32F4xx_HAL_Driver/Src/stm32f4xx_hal_exti.c:304:31
	ldr	r0, [sp, #4]
	.loc	5 304 39 is_stmt 0              @ ../Library/STM32F4xx_HAL_Driver/Src/stm32f4xx_hal_exti.c:304:39
	bic	r0, r0, #3
	movw	r1, #14344
	movt	r1, #16385
	.loc	5 304 16                        @ ../Library/STM32F4xx_HAL_Driver/Src/stm32f4xx_hal_exti.c:304:16
	ldr	r0, [r0, r1]
	.loc	5 304 14                        @ ../Library/STM32F4xx_HAL_Driver/Src/stm32f4xx_hal_exti.c:304:14
	str	r0, [sp, #8]
	.loc	5 305 32 is_stmt 1              @ ../Library/STM32F4xx_HAL_Driver/Src/stm32f4xx_hal_exti.c:305:32
	ldr	r0, [sp, #8]
	.loc	5 305 78 is_stmt 0              @ ../Library/STM32F4xx_HAL_Driver/Src/stm32f4xx_hal_exti.c:305:78
	ldr	r2, [sp, #4]
	movs	r1, #3
	.loc	5 305 75                        @ ../Library/STM32F4xx_HAL_Driver/Src/stm32f4xx_hal_exti.c:305:75
	bics	r1, r2
	.loc	5 305 68                        @ ../Library/STM32F4xx_HAL_Driver/Src/stm32f4xx_hal_exti.c:305:68
	lsls	r1, r1, #2
	.loc	5 305 39                        @ ../Library/STM32F4xx_HAL_Driver/Src/stm32f4xx_hal_exti.c:305:39
	lsls	r0, r1
	.loc	5 305 98                        @ ../Library/STM32F4xx_HAL_Driver/Src/stm32f4xx_hal_exti.c:305:98
	lsrs	r0, r0, #24
	.loc	5 305 7                         @ ../Library/STM32F4xx_HAL_Driver/Src/stm32f4xx_hal_exti.c:305:7
	ldr	r1, [sp, #12]
	.loc	5 305 28                        @ ../Library/STM32F4xx_HAL_Driver/Src/stm32f4xx_hal_exti.c:305:28
	str	r0, [r1, #12]
	.loc	5 306 5 is_stmt 1               @ ../Library/STM32F4xx_HAL_Driver/Src/stm32f4xx_hal_exti.c:306:5
	b	.LBB1_15
.Ltmp53:
.LBB1_15:
	.loc	5 307 3                         @ ../Library/STM32F4xx_HAL_Driver/Src/stm32f4xx_hal_exti.c:307:3
	b	.LBB1_16
.Ltmp54:
.LBB1_16:
	.loc	5 0 3 is_stmt 0                 @ ../Library/STM32F4xx_HAL_Driver/Src/stm32f4xx_hal_exti.c:0:3
	movs	r0, #0
	.loc	5 309 3 is_stmt 1               @ ../Library/STM32F4xx_HAL_Driver/Src/stm32f4xx_hal_exti.c:309:3
	strb.w	r0, [sp, #23]
	b	.LBB1_17
.LBB1_17:
	.loc	5 310 1                         @ ../Library/STM32F4xx_HAL_Driver/Src/stm32f4xx_hal_exti.c:310:1
	ldrb.w	r0, [sp, #23]
	add	sp, #24
	bx	lr
.Ltmp55:
.Lfunc_end1:
	.size	HAL_EXTI_GetConfigLine, .Lfunc_end1-HAL_EXTI_GetConfigLine
	.cfi_endproc
	.cantunwind
	.fnend
                                        @ -- End function
	.section	.text.HAL_EXTI_ClearConfigLine,"ax",%progbits
	.hidden	HAL_EXTI_ClearConfigLine        @ -- Begin function HAL_EXTI_ClearConfigLine
	.globl	HAL_EXTI_ClearConfigLine
	.p2align	2
	.type	HAL_EXTI_ClearConfigLine,%function
	.code	16                              @ @HAL_EXTI_ClearConfigLine
	.thumb_func
HAL_EXTI_ClearConfigLine:
.Lfunc_begin2:
	.loc	5 318 0                         @ ../Library/STM32F4xx_HAL_Driver/Src/stm32f4xx_hal_exti.c:318:0
	.fnstart
	.cfi_startproc
@ %bb.0:
	.pad	#20
	sub	sp, #20
	.cfi_def_cfa_offset 20
	str	r0, [sp, #12]
.Ltmp56:
	.loc	5 324 7 prologue_end            @ ../Library/STM32F4xx_HAL_Driver/Src/stm32f4xx_hal_exti.c:324:7
	ldr	r0, [sp, #12]
.Ltmp57:
	.loc	5 324 7 is_stmt 0               @ ../Library/STM32F4xx_HAL_Driver/Src/stm32f4xx_hal_exti.c:324:7
	cbnz	r0, .LBB2_2
	b	.LBB2_1
.LBB2_1:
	.loc	5 0 7                           @ ../Library/STM32F4xx_HAL_Driver/Src/stm32f4xx_hal_exti.c:0:7
	movs	r0, #1
.Ltmp58:
	.loc	5 326 5 is_stmt 1               @ ../Library/STM32F4xx_HAL_Driver/Src/stm32f4xx_hal_exti.c:326:5
	strb.w	r0, [sp, #19]
	b	.LBB2_7
.Ltmp59:
.LBB2_2:
	.loc	5 333 14                        @ ../Library/STM32F4xx_HAL_Driver/Src/stm32f4xx_hal_exti.c:333:14
	ldr	r0, [sp, #12]
	.loc	5 333 21 is_stmt 0              @ ../Library/STM32F4xx_HAL_Driver/Src/stm32f4xx_hal_exti.c:333:21
	ldr	r0, [r0]
	.loc	5 333 26                        @ ../Library/STM32F4xx_HAL_Driver/Src/stm32f4xx_hal_exti.c:333:26
	and	r0, r0, #31
	.loc	5 333 11                        @ ../Library/STM32F4xx_HAL_Driver/Src/stm32f4xx_hal_exti.c:333:11
	str	r0, [sp, #4]
	.loc	5 334 22 is_stmt 1              @ ../Library/STM32F4xx_HAL_Driver/Src/stm32f4xx_hal_exti.c:334:22
	ldr	r1, [sp, #4]
	movs	r0, #1
	.loc	5 334 19 is_stmt 0              @ ../Library/STM32F4xx_HAL_Driver/Src/stm32f4xx_hal_exti.c:334:19
	lsls	r0, r1
	.loc	5 334 12                        @ ../Library/STM32F4xx_HAL_Driver/Src/stm32f4xx_hal_exti.c:334:12
	str	r0, [sp]
	movw	r1, #15360
	movt	r1, #16385
	.loc	5 337 22 is_stmt 1              @ ../Library/STM32F4xx_HAL_Driver/Src/stm32f4xx_hal_exti.c:337:22
	ldr	r0, [r1]
	.loc	5 337 29 is_stmt 0              @ ../Library/STM32F4xx_HAL_Driver/Src/stm32f4xx_hal_exti.c:337:29
	ldr	r2, [sp]
	.loc	5 337 26                        @ ../Library/STM32F4xx_HAL_Driver/Src/stm32f4xx_hal_exti.c:337:26
	bics	r0, r2
	.loc	5 337 13                        @ ../Library/STM32F4xx_HAL_Driver/Src/stm32f4xx_hal_exti.c:337:13
	str	r0, [r1]
	movw	r1, #15364
	movt	r1, #16385
	.loc	5 340 22 is_stmt 1              @ ../Library/STM32F4xx_HAL_Driver/Src/stm32f4xx_hal_exti.c:340:22
	ldr	r0, [r1]
	.loc	5 340 29 is_stmt 0              @ ../Library/STM32F4xx_HAL_Driver/Src/stm32f4xx_hal_exti.c:340:29
	ldr	r2, [sp]
	.loc	5 340 26                        @ ../Library/STM32F4xx_HAL_Driver/Src/stm32f4xx_hal_exti.c:340:26
	bics	r0, r2
	.loc	5 340 13                        @ ../Library/STM32F4xx_HAL_Driver/Src/stm32f4xx_hal_exti.c:340:13
	str	r0, [r1]
.Ltmp60:
	.loc	5 343 8 is_stmt 1               @ ../Library/STM32F4xx_HAL_Driver/Src/stm32f4xx_hal_exti.c:343:8
	ldr	r0, [sp, #12]
.Ltmp61:
	.loc	5 343 7 is_stmt 0               @ ../Library/STM32F4xx_HAL_Driver/Src/stm32f4xx_hal_exti.c:343:7
	ldrb	r0, [r0, #3]
	lsls	r0, r0, #30
	cmp	r0, #0
	bpl	.LBB2_6
	b	.LBB2_3
.LBB2_3:
	.loc	5 0 7                           @ ../Library/STM32F4xx_HAL_Driver/Src/stm32f4xx_hal_exti.c:0:7
	movw	r1, #15368
	movt	r1, #16385
.Ltmp62:
	.loc	5 345 25 is_stmt 1              @ ../Library/STM32F4xx_HAL_Driver/Src/stm32f4xx_hal_exti.c:345:25
	ldr	r0, [r1]
	.loc	5 345 33 is_stmt 0              @ ../Library/STM32F4xx_HAL_Driver/Src/stm32f4xx_hal_exti.c:345:33
	ldr	r2, [sp]
	.loc	5 345 30                        @ ../Library/STM32F4xx_HAL_Driver/Src/stm32f4xx_hal_exti.c:345:30
	bics	r0, r2
	.loc	5 345 16                        @ ../Library/STM32F4xx_HAL_Driver/Src/stm32f4xx_hal_exti.c:345:16
	str	r0, [r1]
	movw	r1, #15372
	movt	r1, #16385
	.loc	5 346 25 is_stmt 1              @ ../Library/STM32F4xx_HAL_Driver/Src/stm32f4xx_hal_exti.c:346:25
	ldr	r0, [r1]
	.loc	5 346 33 is_stmt 0              @ ../Library/STM32F4xx_HAL_Driver/Src/stm32f4xx_hal_exti.c:346:33
	ldr	r2, [sp]
	.loc	5 346 30                        @ ../Library/STM32F4xx_HAL_Driver/Src/stm32f4xx_hal_exti.c:346:30
	bics	r0, r2
	.loc	5 346 16                        @ ../Library/STM32F4xx_HAL_Driver/Src/stm32f4xx_hal_exti.c:346:16
	str	r0, [r1]
.Ltmp63:
	.loc	5 349 10 is_stmt 1              @ ../Library/STM32F4xx_HAL_Driver/Src/stm32f4xx_hal_exti.c:349:10
	ldr	r0, [sp, #12]
	.loc	5 349 17 is_stmt 0              @ ../Library/STM32F4xx_HAL_Driver/Src/stm32f4xx_hal_exti.c:349:17
	ldr	r0, [r0]
	.loc	5 349 22                        @ ../Library/STM32F4xx_HAL_Driver/Src/stm32f4xx_hal_exti.c:349:22
	and	r0, r0, #100663296
.Ltmp64:
	.loc	5 349 9                         @ ../Library/STM32F4xx_HAL_Driver/Src/stm32f4xx_hal_exti.c:349:9
	cmp.w	r0, #100663296
	bne	.LBB2_5
	b	.LBB2_4
.LBB2_4:
.Ltmp65:
	.loc	5 353 31 is_stmt 1              @ ../Library/STM32F4xx_HAL_Driver/Src/stm32f4xx_hal_exti.c:353:31
	ldr	r0, [sp, #4]
	.loc	5 353 39 is_stmt 0              @ ../Library/STM32F4xx_HAL_Driver/Src/stm32f4xx_hal_exti.c:353:39
	bic	r0, r0, #3
	movw	r2, #14344
	movt	r2, #16385
	.loc	5 353 16                        @ ../Library/STM32F4xx_HAL_Driver/Src/stm32f4xx_hal_exti.c:353:16
	ldr	r0, [r0, r2]
	.loc	5 353 14                        @ ../Library/STM32F4xx_HAL_Driver/Src/stm32f4xx_hal_exti.c:353:14
	str	r0, [sp, #8]
	.loc	5 354 72 is_stmt 1              @ ../Library/STM32F4xx_HAL_Driver/Src/stm32f4xx_hal_exti.c:354:72
	ldr	r0, [sp, #4]
	.loc	5 354 80 is_stmt 0              @ ../Library/STM32F4xx_HAL_Driver/Src/stm32f4xx_hal_exti.c:354:80
	and	r0, r0, #3
	.loc	5 354 69                        @ ../Library/STM32F4xx_HAL_Driver/Src/stm32f4xx_hal_exti.c:354:69
	lsls	r1, r0, #2
	movs	r0, #15
	.loc	5 354 40                        @ ../Library/STM32F4xx_HAL_Driver/Src/stm32f4xx_hal_exti.c:354:40
	lsl.w	r1, r0, r1
	.loc	5 354 14                        @ ../Library/STM32F4xx_HAL_Driver/Src/stm32f4xx_hal_exti.c:354:14
	ldr	r0, [sp, #8]
	bics	r0, r1
	str	r0, [sp, #8]
	.loc	5 355 39 is_stmt 1              @ ../Library/STM32F4xx_HAL_Driver/Src/stm32f4xx_hal_exti.c:355:39
	ldr	r0, [sp, #8]
	.loc	5 355 22 is_stmt 0              @ ../Library/STM32F4xx_HAL_Driver/Src/stm32f4xx_hal_exti.c:355:22
	ldr	r1, [sp, #4]
	.loc	5 355 30                        @ ../Library/STM32F4xx_HAL_Driver/Src/stm32f4xx_hal_exti.c:355:30
	bic	r1, r1, #3
	.loc	5 355 37                        @ ../Library/STM32F4xx_HAL_Driver/Src/stm32f4xx_hal_exti.c:355:37
	str	r0, [r1, r2]
	.loc	5 356 5 is_stmt 1               @ ../Library/STM32F4xx_HAL_Driver/Src/stm32f4xx_hal_exti.c:356:5
	b	.LBB2_5
.Ltmp66:
.LBB2_5:
	.loc	5 357 3                         @ ../Library/STM32F4xx_HAL_Driver/Src/stm32f4xx_hal_exti.c:357:3
	b	.LBB2_6
.Ltmp67:
.LBB2_6:
	.loc	5 0 3 is_stmt 0                 @ ../Library/STM32F4xx_HAL_Driver/Src/stm32f4xx_hal_exti.c:0:3
	movs	r0, #0
	.loc	5 359 3 is_stmt 1               @ ../Library/STM32F4xx_HAL_Driver/Src/stm32f4xx_hal_exti.c:359:3
	strb.w	r0, [sp, #19]
	b	.LBB2_7
.LBB2_7:
	.loc	5 360 1                         @ ../Library/STM32F4xx_HAL_Driver/Src/stm32f4xx_hal_exti.c:360:1
	ldrb.w	r0, [sp, #19]
	add	sp, #20
	bx	lr
.Ltmp68:
.Lfunc_end2:
	.size	HAL_EXTI_ClearConfigLine, .Lfunc_end2-HAL_EXTI_ClearConfigLine
	.cfi_endproc
	.cantunwind
	.fnend
                                        @ -- End function
	.section	.text.HAL_EXTI_RegisterCallback,"ax",%progbits
	.hidden	HAL_EXTI_RegisterCallback       @ -- Begin function HAL_EXTI_RegisterCallback
	.globl	HAL_EXTI_RegisterCallback
	.p2align	2
	.type	HAL_EXTI_RegisterCallback,%function
	.code	16                              @ @HAL_EXTI_RegisterCallback
	.thumb_func
HAL_EXTI_RegisterCallback:
.Lfunc_begin3:
	.loc	5 371 0                         @ ../Library/STM32F4xx_HAL_Driver/Src/stm32f4xx_hal_exti.c:371:0
	.fnstart
	.cfi_startproc
@ %bb.0:
	.pad	#16
	sub	sp, #16
	.cfi_def_cfa_offset 16
                                        @ kill: def $r3 killed $r1
	str	r0, [sp, #12]
	strb.w	r1, [sp, #11]
	str	r2, [sp, #4]
	movs	r0, #0
.Ltmp69:
	.loc	5 372 21 prologue_end           @ ../Library/STM32F4xx_HAL_Driver/Src/stm32f4xx_hal_exti.c:372:21
	strb.w	r0, [sp, #3]
	.loc	5 374 11                        @ ../Library/STM32F4xx_HAL_Driver/Src/stm32f4xx_hal_exti.c:374:11
	ldrb.w	r0, [sp, #11]
	.loc	5 374 3 is_stmt 0               @ ../Library/STM32F4xx_HAL_Driver/Src/stm32f4xx_hal_exti.c:374:3
	cbnz	r0, .LBB3_2
	b	.LBB3_1
.LBB3_1:
.Ltmp70:
	.loc	5 377 32 is_stmt 1              @ ../Library/STM32F4xx_HAL_Driver/Src/stm32f4xx_hal_exti.c:377:32
	ldr	r0, [sp, #4]
	.loc	5 377 7 is_stmt 0               @ ../Library/STM32F4xx_HAL_Driver/Src/stm32f4xx_hal_exti.c:377:7
	ldr	r1, [sp, #12]
	.loc	5 377 30                        @ ../Library/STM32F4xx_HAL_Driver/Src/stm32f4xx_hal_exti.c:377:30
	str	r0, [r1, #4]
	.loc	5 378 7 is_stmt 1               @ ../Library/STM32F4xx_HAL_Driver/Src/stm32f4xx_hal_exti.c:378:7
	b	.LBB3_3
.LBB3_2:
	.loc	5 0 7 is_stmt 0                 @ ../Library/STM32F4xx_HAL_Driver/Src/stm32f4xx_hal_exti.c:0:7
	movs	r0, #1
	.loc	5 381 14 is_stmt 1              @ ../Library/STM32F4xx_HAL_Driver/Src/stm32f4xx_hal_exti.c:381:14
	strb.w	r0, [sp, #3]
	.loc	5 382 7                         @ ../Library/STM32F4xx_HAL_Driver/Src/stm32f4xx_hal_exti.c:382:7
	b	.LBB3_3
.Ltmp71:
.LBB3_3:
	.loc	5 385 10                        @ ../Library/STM32F4xx_HAL_Driver/Src/stm32f4xx_hal_exti.c:385:10
	ldrb.w	r0, [sp, #3]
	.loc	5 385 3 is_stmt 0               @ ../Library/STM32F4xx_HAL_Driver/Src/stm32f4xx_hal_exti.c:385:3
	add	sp, #16
	bx	lr
.Ltmp72:
.Lfunc_end3:
	.size	HAL_EXTI_RegisterCallback, .Lfunc_end3-HAL_EXTI_RegisterCallback
	.cfi_endproc
	.cantunwind
	.fnend
                                        @ -- End function
	.section	.text.HAL_EXTI_GetHandle,"ax",%progbits
	.hidden	HAL_EXTI_GetHandle              @ -- Begin function HAL_EXTI_GetHandle
	.globl	HAL_EXTI_GetHandle
	.p2align	2
	.type	HAL_EXTI_GetHandle,%function
	.code	16                              @ @HAL_EXTI_GetHandle
	.thumb_func
HAL_EXTI_GetHandle:
.Lfunc_begin4:
	.loc	5 396 0 is_stmt 1               @ ../Library/STM32F4xx_HAL_Driver/Src/stm32f4xx_hal_exti.c:396:0
	.fnstart
	.cfi_startproc
@ %bb.0:
	.pad	#12
	sub	sp, #12
	.cfi_def_cfa_offset 12
	str	r0, [sp, #4]
	str	r1, [sp]
.Ltmp73:
	.loc	5 401 7 prologue_end            @ ../Library/STM32F4xx_HAL_Driver/Src/stm32f4xx_hal_exti.c:401:7
	ldr	r0, [sp, #4]
.Ltmp74:
	.loc	5 401 7 is_stmt 0               @ ../Library/STM32F4xx_HAL_Driver/Src/stm32f4xx_hal_exti.c:401:7
	cbnz	r0, .LBB4_2
	b	.LBB4_1
.LBB4_1:
	.loc	5 0 7                           @ ../Library/STM32F4xx_HAL_Driver/Src/stm32f4xx_hal_exti.c:0:7
	movs	r0, #1
.Ltmp75:
	.loc	5 403 5 is_stmt 1               @ ../Library/STM32F4xx_HAL_Driver/Src/stm32f4xx_hal_exti.c:403:5
	strb.w	r0, [sp, #11]
	b	.LBB4_3
.Ltmp76:
.LBB4_2:
	.loc	5 408 19                        @ ../Library/STM32F4xx_HAL_Driver/Src/stm32f4xx_hal_exti.c:408:19
	ldr	r0, [sp]
	.loc	5 408 5 is_stmt 0               @ ../Library/STM32F4xx_HAL_Driver/Src/stm32f4xx_hal_exti.c:408:5
	ldr	r1, [sp, #4]
	.loc	5 408 17                        @ ../Library/STM32F4xx_HAL_Driver/Src/stm32f4xx_hal_exti.c:408:17
	str	r0, [r1]
	movs	r0, #0
	.loc	5 410 5 is_stmt 1               @ ../Library/STM32F4xx_HAL_Driver/Src/stm32f4xx_hal_exti.c:410:5
	strb.w	r0, [sp, #11]
	b	.LBB4_3
.Ltmp77:
.LBB4_3:
	.loc	5 412 1                         @ ../Library/STM32F4xx_HAL_Driver/Src/stm32f4xx_hal_exti.c:412:1
	ldrb.w	r0, [sp, #11]
	add	sp, #12
	bx	lr
.Ltmp78:
.Lfunc_end4:
	.size	HAL_EXTI_GetHandle, .Lfunc_end4-HAL_EXTI_GetHandle
	.cfi_endproc
	.cantunwind
	.fnend
                                        @ -- End function
	.section	.text.HAL_EXTI_IRQHandler,"ax",%progbits
	.hidden	HAL_EXTI_IRQHandler             @ -- Begin function HAL_EXTI_IRQHandler
	.globl	HAL_EXTI_IRQHandler
	.p2align	2
	.type	HAL_EXTI_IRQHandler,%function
	.code	16                              @ @HAL_EXTI_IRQHandler
	.thumb_func
HAL_EXTI_IRQHandler:
.Lfunc_begin5:
	.loc	5 436 0                         @ ../Library/STM32F4xx_HAL_Driver/Src/stm32f4xx_hal_exti.c:436:0
	.fnstart
	.cfi_startproc
@ %bb.0:
	.save	{r7, lr}
	push	{r7, lr}
	.cfi_def_cfa_offset 8
	.cfi_offset lr, -4
	.cfi_offset r7, -8
	.pad	#16
	sub	sp, #16
	.cfi_def_cfa_offset 24
	str	r0, [sp, #12]
.Ltmp79:
	.loc	5 441 23 prologue_end           @ ../Library/STM32F4xx_HAL_Driver/Src/stm32f4xx_hal_exti.c:441:23
	ldr	r0, [sp, #12]
	.loc	5 441 30 is_stmt 0              @ ../Library/STM32F4xx_HAL_Driver/Src/stm32f4xx_hal_exti.c:441:30
	ldr	r0, [r0]
	.loc	5 441 35                        @ ../Library/STM32F4xx_HAL_Driver/Src/stm32f4xx_hal_exti.c:441:35
	and	r1, r0, #31
	movs	r0, #1
	.loc	5 441 19                        @ ../Library/STM32F4xx_HAL_Driver/Src/stm32f4xx_hal_exti.c:441:19
	lsls	r0, r1
	.loc	5 441 12                        @ ../Library/STM32F4xx_HAL_Driver/Src/stm32f4xx_hal_exti.c:441:12
	str	r0, [sp, #4]
	movw	r0, #15380
	movt	r0, #16385
	.loc	5 444 19 is_stmt 1              @ ../Library/STM32F4xx_HAL_Driver/Src/stm32f4xx_hal_exti.c:444:19
	ldr	r0, [r0]
	.loc	5 444 24 is_stmt 0              @ ../Library/STM32F4xx_HAL_Driver/Src/stm32f4xx_hal_exti.c:444:24
	ldr	r1, [sp, #4]
	.loc	5 444 22                        @ ../Library/STM32F4xx_HAL_Driver/Src/stm32f4xx_hal_exti.c:444:22
	ands	r0, r1
	.loc	5 444 10                        @ ../Library/STM32F4xx_HAL_Driver/Src/stm32f4xx_hal_exti.c:444:10
	str	r0, [sp, #8]
.Ltmp80:
	.loc	5 445 7 is_stmt 1               @ ../Library/STM32F4xx_HAL_Driver/Src/stm32f4xx_hal_exti.c:445:7
	ldr	r0, [sp, #8]
.Ltmp81:
	.loc	5 445 7 is_stmt 0               @ ../Library/STM32F4xx_HAL_Driver/Src/stm32f4xx_hal_exti.c:445:7
	cbz	r0, .LBB5_4
	b	.LBB5_1
.LBB5_1:
.Ltmp82:
	.loc	5 448 16 is_stmt 1              @ ../Library/STM32F4xx_HAL_Driver/Src/stm32f4xx_hal_exti.c:448:16
	ldr	r0, [sp, #4]
	movw	r1, #15380
	movt	r1, #16385
	.loc	5 448 14 is_stmt 0              @ ../Library/STM32F4xx_HAL_Driver/Src/stm32f4xx_hal_exti.c:448:14
	str	r0, [r1]
.Ltmp83:
	.loc	5 451 9 is_stmt 1               @ ../Library/STM32F4xx_HAL_Driver/Src/stm32f4xx_hal_exti.c:451:9
	ldr	r0, [sp, #12]
	.loc	5 451 16 is_stmt 0              @ ../Library/STM32F4xx_HAL_Driver/Src/stm32f4xx_hal_exti.c:451:16
	ldr	r0, [r0, #4]
.Ltmp84:
	.loc	5 451 9                         @ ../Library/STM32F4xx_HAL_Driver/Src/stm32f4xx_hal_exti.c:451:9
	cbz	r0, .LBB5_3
	b	.LBB5_2
.LBB5_2:
.Ltmp85:
	.loc	5 453 7 is_stmt 1               @ ../Library/STM32F4xx_HAL_Driver/Src/stm32f4xx_hal_exti.c:453:7
	ldr	r0, [sp, #12]
	.loc	5 453 14 is_stmt 0              @ ../Library/STM32F4xx_HAL_Driver/Src/stm32f4xx_hal_exti.c:453:14
	ldr	r0, [r0, #4]
	.loc	5 453 7                         @ ../Library/STM32F4xx_HAL_Driver/Src/stm32f4xx_hal_exti.c:453:7
	blx	r0
	.loc	5 454 5 is_stmt 1               @ ../Library/STM32F4xx_HAL_Driver/Src/stm32f4xx_hal_exti.c:454:5
	b	.LBB5_3
.Ltmp86:
.LBB5_3:
	.loc	5 455 3                         @ ../Library/STM32F4xx_HAL_Driver/Src/stm32f4xx_hal_exti.c:455:3
	b	.LBB5_4
.Ltmp87:
.LBB5_4:
	.loc	5 456 1                         @ ../Library/STM32F4xx_HAL_Driver/Src/stm32f4xx_hal_exti.c:456:1
	add	sp, #16
	pop	{r7, pc}
.Ltmp88:
.Lfunc_end5:
	.size	HAL_EXTI_IRQHandler, .Lfunc_end5-HAL_EXTI_IRQHandler
	.cfi_endproc
	.cantunwind
	.fnend
                                        @ -- End function
	.section	.text.HAL_EXTI_GetPending,"ax",%progbits
	.hidden	HAL_EXTI_GetPending             @ -- Begin function HAL_EXTI_GetPending
	.globl	HAL_EXTI_GetPending
	.p2align	2
	.type	HAL_EXTI_GetPending,%function
	.code	16                              @ @HAL_EXTI_GetPending
	.thumb_func
HAL_EXTI_GetPending:
.Lfunc_begin6:
	.loc	5 468 0                         @ ../Library/STM32F4xx_HAL_Driver/Src/stm32f4xx_hal_exti.c:468:0
	.fnstart
	.cfi_startproc
@ %bb.0:
	.pad	#20
	sub	sp, #20
	.cfi_def_cfa_offset 20
	str	r0, [sp, #16]
	str	r1, [sp, #12]
.Ltmp89:
	.loc	5 479 14 prologue_end           @ ../Library/STM32F4xx_HAL_Driver/Src/stm32f4xx_hal_exti.c:479:14
	ldr	r0, [sp, #16]
	.loc	5 479 21 is_stmt 0              @ ../Library/STM32F4xx_HAL_Driver/Src/stm32f4xx_hal_exti.c:479:21
	ldr	r0, [r0]
	.loc	5 479 26                        @ ../Library/STM32F4xx_HAL_Driver/Src/stm32f4xx_hal_exti.c:479:26
	and	r0, r0, #31
	.loc	5 479 11                        @ ../Library/STM32F4xx_HAL_Driver/Src/stm32f4xx_hal_exti.c:479:11
	str	r0, [sp, #4]
	.loc	5 480 22 is_stmt 1              @ ../Library/STM32F4xx_HAL_Driver/Src/stm32f4xx_hal_exti.c:480:22
	ldr	r1, [sp, #4]
	movs	r0, #1
	.loc	5 480 19 is_stmt 0              @ ../Library/STM32F4xx_HAL_Driver/Src/stm32f4xx_hal_exti.c:480:19
	lsls	r0, r1
	.loc	5 480 12                        @ ../Library/STM32F4xx_HAL_Driver/Src/stm32f4xx_hal_exti.c:480:12
	str	r0, [sp]
	movw	r0, #15380
	movt	r0, #16385
	.loc	5 483 20 is_stmt 1              @ ../Library/STM32F4xx_HAL_Driver/Src/stm32f4xx_hal_exti.c:483:20
	ldr	r0, [r0]
	.loc	5 483 25 is_stmt 0              @ ../Library/STM32F4xx_HAL_Driver/Src/stm32f4xx_hal_exti.c:483:25
	ldr	r1, [sp]
	.loc	5 483 23                        @ ../Library/STM32F4xx_HAL_Driver/Src/stm32f4xx_hal_exti.c:483:23
	ands	r0, r1
	.loc	5 483 38                        @ ../Library/STM32F4xx_HAL_Driver/Src/stm32f4xx_hal_exti.c:483:38
	ldr	r1, [sp, #4]
	.loc	5 483 35                        @ ../Library/STM32F4xx_HAL_Driver/Src/stm32f4xx_hal_exti.c:483:35
	lsrs	r0, r1
	.loc	5 483 10                        @ ../Library/STM32F4xx_HAL_Driver/Src/stm32f4xx_hal_exti.c:483:10
	str	r0, [sp, #8]
	.loc	5 484 10 is_stmt 1              @ ../Library/STM32F4xx_HAL_Driver/Src/stm32f4xx_hal_exti.c:484:10
	ldr	r0, [sp, #8]
	.loc	5 484 3 is_stmt 0               @ ../Library/STM32F4xx_HAL_Driver/Src/stm32f4xx_hal_exti.c:484:3
	add	sp, #20
	bx	lr
.Ltmp90:
.Lfunc_end6:
	.size	HAL_EXTI_GetPending, .Lfunc_end6-HAL_EXTI_GetPending
	.cfi_endproc
	.cantunwind
	.fnend
                                        @ -- End function
	.section	.text.HAL_EXTI_ClearPending,"ax",%progbits
	.hidden	HAL_EXTI_ClearPending           @ -- Begin function HAL_EXTI_ClearPending
	.globl	HAL_EXTI_ClearPending
	.p2align	2
	.type	HAL_EXTI_ClearPending,%function
	.code	16                              @ @HAL_EXTI_ClearPending
	.thumb_func
HAL_EXTI_ClearPending:
.Lfunc_begin7:
	.loc	5 497 0 is_stmt 1               @ ../Library/STM32F4xx_HAL_Driver/Src/stm32f4xx_hal_exti.c:497:0
	.fnstart
	.cfi_startproc
@ %bb.0:
	.pad	#12
	sub	sp, #12
	.cfi_def_cfa_offset 12
	str	r0, [sp, #8]
	str	r1, [sp, #4]
.Ltmp91:
	.loc	5 506 23 prologue_end           @ ../Library/STM32F4xx_HAL_Driver/Src/stm32f4xx_hal_exti.c:506:23
	ldr	r0, [sp, #8]
	.loc	5 506 30 is_stmt 0              @ ../Library/STM32F4xx_HAL_Driver/Src/stm32f4xx_hal_exti.c:506:30
	ldr	r0, [r0]
	.loc	5 506 35                        @ ../Library/STM32F4xx_HAL_Driver/Src/stm32f4xx_hal_exti.c:506:35
	and	r1, r0, #31
	movs	r0, #1
	.loc	5 506 19                        @ ../Library/STM32F4xx_HAL_Driver/Src/stm32f4xx_hal_exti.c:506:19
	lsls	r0, r1
	.loc	5 506 12                        @ ../Library/STM32F4xx_HAL_Driver/Src/stm32f4xx_hal_exti.c:506:12
	str	r0, [sp]
	.loc	5 509 15 is_stmt 1              @ ../Library/STM32F4xx_HAL_Driver/Src/stm32f4xx_hal_exti.c:509:15
	ldr	r0, [sp]
	movw	r1, #15380
	movt	r1, #16385
	.loc	5 509 12 is_stmt 0              @ ../Library/STM32F4xx_HAL_Driver/Src/stm32f4xx_hal_exti.c:509:12
	str	r0, [r1]
	.loc	5 510 1 is_stmt 1               @ ../Library/STM32F4xx_HAL_Driver/Src/stm32f4xx_hal_exti.c:510:1
	add	sp, #12
	bx	lr
.Ltmp92:
.Lfunc_end7:
	.size	HAL_EXTI_ClearPending, .Lfunc_end7-HAL_EXTI_ClearPending
	.cfi_endproc
	.cantunwind
	.fnend
                                        @ -- End function
	.section	.text.HAL_EXTI_GenerateSWI,"ax",%progbits
	.hidden	HAL_EXTI_GenerateSWI            @ -- Begin function HAL_EXTI_GenerateSWI
	.globl	HAL_EXTI_GenerateSWI
	.p2align	2
	.type	HAL_EXTI_GenerateSWI,%function
	.code	16                              @ @HAL_EXTI_GenerateSWI
	.thumb_func
HAL_EXTI_GenerateSWI:
.Lfunc_begin8:
	.loc	5 518 0                         @ ../Library/STM32F4xx_HAL_Driver/Src/stm32f4xx_hal_exti.c:518:0
	.fnstart
	.cfi_startproc
@ %bb.0:
	.pad	#8
	sub	sp, #8
	.cfi_def_cfa_offset 8
	str	r0, [sp, #4]
.Ltmp93:
	.loc	5 526 23 prologue_end           @ ../Library/STM32F4xx_HAL_Driver/Src/stm32f4xx_hal_exti.c:526:23
	ldr	r0, [sp, #4]
	.loc	5 526 30 is_stmt 0              @ ../Library/STM32F4xx_HAL_Driver/Src/stm32f4xx_hal_exti.c:526:30
	ldr	r0, [r0]
	.loc	5 526 35                        @ ../Library/STM32F4xx_HAL_Driver/Src/stm32f4xx_hal_exti.c:526:35
	and	r1, r0, #31
	movs	r0, #1
	.loc	5 526 19                        @ ../Library/STM32F4xx_HAL_Driver/Src/stm32f4xx_hal_exti.c:526:19
	lsls	r0, r1
	.loc	5 526 12                        @ ../Library/STM32F4xx_HAL_Driver/Src/stm32f4xx_hal_exti.c:526:12
	str	r0, [sp]
	.loc	5 529 17 is_stmt 1              @ ../Library/STM32F4xx_HAL_Driver/Src/stm32f4xx_hal_exti.c:529:17
	ldr	r0, [sp]
	movw	r1, #15376
	movt	r1, #16385
	.loc	5 529 15 is_stmt 0              @ ../Library/STM32F4xx_HAL_Driver/Src/stm32f4xx_hal_exti.c:529:15
	str	r0, [r1]
	.loc	5 530 1 is_stmt 1               @ ../Library/STM32F4xx_HAL_Driver/Src/stm32f4xx_hal_exti.c:530:1
	add	sp, #8
	bx	lr
.Ltmp94:
.Lfunc_end8:
	.size	HAL_EXTI_GenerateSWI, .Lfunc_end8-HAL_EXTI_GenerateSWI
	.cfi_endproc
	.cantunwind
	.fnend
                                        @ -- End function
	.section	.debug_abbrev,"",%progbits
	.byte	1                               @ Abbreviation Code
	.byte	17                              @ DW_TAG_compile_unit
	.byte	1                               @ DW_CHILDREN_yes
	.byte	37                              @ DW_AT_producer
	.byte	14                              @ DW_FORM_strp
	.byte	19                              @ DW_AT_language
	.byte	5                               @ DW_FORM_data2
	.byte	3                               @ DW_AT_name
	.byte	14                              @ DW_FORM_strp
	.byte	16                              @ DW_AT_stmt_list
	.byte	23                              @ DW_FORM_sec_offset
	.byte	27                              @ DW_AT_comp_dir
	.byte	14                              @ DW_FORM_strp
	.byte	17                              @ DW_AT_low_pc
	.byte	1                               @ DW_FORM_addr
	.byte	85                              @ DW_AT_ranges
	.byte	23                              @ DW_FORM_sec_offset
	.byte	0                               @ EOM(1)
	.byte	0                               @ EOM(2)
	.byte	2                               @ Abbreviation Code
	.byte	4                               @ DW_TAG_enumeration_type
	.byte	1                               @ DW_CHILDREN_yes
	.byte	73                              @ DW_AT_type
	.byte	19                              @ DW_FORM_ref4
	.byte	11                              @ DW_AT_byte_size
	.byte	11                              @ DW_FORM_data1
	.byte	58                              @ DW_AT_decl_file
	.byte	11                              @ DW_FORM_data1
	.byte	59                              @ DW_AT_decl_line
	.byte	11                              @ DW_FORM_data1
	.byte	0                               @ EOM(1)
	.byte	0                               @ EOM(2)
	.byte	3                               @ Abbreviation Code
	.byte	40                              @ DW_TAG_enumerator
	.byte	0                               @ DW_CHILDREN_no
	.byte	3                               @ DW_AT_name
	.byte	14                              @ DW_FORM_strp
	.byte	28                              @ DW_AT_const_value
	.byte	15                              @ DW_FORM_udata
	.byte	0                               @ EOM(1)
	.byte	0                               @ EOM(2)
	.byte	4                               @ Abbreviation Code
	.byte	36                              @ DW_TAG_base_type
	.byte	0                               @ DW_CHILDREN_no
	.byte	3                               @ DW_AT_name
	.byte	14                              @ DW_FORM_strp
	.byte	62                              @ DW_AT_encoding
	.byte	11                              @ DW_FORM_data1
	.byte	11                              @ DW_AT_byte_size
	.byte	11                              @ DW_FORM_data1
	.byte	0                               @ EOM(1)
	.byte	0                               @ EOM(2)
	.byte	5                               @ Abbreviation Code
	.byte	15                              @ DW_TAG_pointer_type
	.byte	0                               @ DW_CHILDREN_no
	.byte	73                              @ DW_AT_type
	.byte	19                              @ DW_FORM_ref4
	.byte	0                               @ EOM(1)
	.byte	0                               @ EOM(2)
	.byte	6                               @ Abbreviation Code
	.byte	22                              @ DW_TAG_typedef
	.byte	0                               @ DW_CHILDREN_no
	.byte	73                              @ DW_AT_type
	.byte	19                              @ DW_FORM_ref4
	.byte	3                               @ DW_AT_name
	.byte	14                              @ DW_FORM_strp
	.byte	58                              @ DW_AT_decl_file
	.byte	11                              @ DW_FORM_data1
	.byte	59                              @ DW_AT_decl_line
	.byte	5                               @ DW_FORM_data2
	.byte	0                               @ EOM(1)
	.byte	0                               @ EOM(2)
	.byte	7                               @ Abbreviation Code
	.byte	19                              @ DW_TAG_structure_type
	.byte	1                               @ DW_CHILDREN_yes
	.byte	11                              @ DW_AT_byte_size
	.byte	11                              @ DW_FORM_data1
	.byte	58                              @ DW_AT_decl_file
	.byte	11                              @ DW_FORM_data1
	.byte	59                              @ DW_AT_decl_line
	.byte	5                               @ DW_FORM_data2
	.byte	0                               @ EOM(1)
	.byte	0                               @ EOM(2)
	.byte	8                               @ Abbreviation Code
	.byte	13                              @ DW_TAG_member
	.byte	0                               @ DW_CHILDREN_no
	.byte	3                               @ DW_AT_name
	.byte	14                              @ DW_FORM_strp
	.byte	73                              @ DW_AT_type
	.byte	19                              @ DW_FORM_ref4
	.byte	58                              @ DW_AT_decl_file
	.byte	11                              @ DW_FORM_data1
	.byte	59                              @ DW_AT_decl_line
	.byte	5                               @ DW_FORM_data2
	.byte	56                              @ DW_AT_data_member_location
	.byte	11                              @ DW_FORM_data1
	.byte	0                               @ EOM(1)
	.byte	0                               @ EOM(2)
	.byte	9                               @ Abbreviation Code
	.byte	53                              @ DW_TAG_volatile_type
	.byte	0                               @ DW_CHILDREN_no
	.byte	73                              @ DW_AT_type
	.byte	19                              @ DW_FORM_ref4
	.byte	0                               @ EOM(1)
	.byte	0                               @ EOM(2)
	.byte	10                              @ Abbreviation Code
	.byte	22                              @ DW_TAG_typedef
	.byte	0                               @ DW_CHILDREN_no
	.byte	73                              @ DW_AT_type
	.byte	19                              @ DW_FORM_ref4
	.byte	3                               @ DW_AT_name
	.byte	14                              @ DW_FORM_strp
	.byte	58                              @ DW_AT_decl_file
	.byte	11                              @ DW_FORM_data1
	.byte	59                              @ DW_AT_decl_line
	.byte	11                              @ DW_FORM_data1
	.byte	0                               @ EOM(1)
	.byte	0                               @ EOM(2)
	.byte	11                              @ Abbreviation Code
	.byte	1                               @ DW_TAG_array_type
	.byte	1                               @ DW_CHILDREN_yes
	.byte	73                              @ DW_AT_type
	.byte	19                              @ DW_FORM_ref4
	.byte	0                               @ EOM(1)
	.byte	0                               @ EOM(2)
	.byte	12                              @ Abbreviation Code
	.byte	33                              @ DW_TAG_subrange_type
	.byte	0                               @ DW_CHILDREN_no
	.byte	73                              @ DW_AT_type
	.byte	19                              @ DW_FORM_ref4
	.byte	55                              @ DW_AT_count
	.byte	11                              @ DW_FORM_data1
	.byte	0                               @ EOM(1)
	.byte	0                               @ EOM(2)
	.byte	13                              @ Abbreviation Code
	.byte	36                              @ DW_TAG_base_type
	.byte	0                               @ DW_CHILDREN_no
	.byte	3                               @ DW_AT_name
	.byte	14                              @ DW_FORM_strp
	.byte	11                              @ DW_AT_byte_size
	.byte	11                              @ DW_FORM_data1
	.byte	62                              @ DW_AT_encoding
	.byte	11                              @ DW_FORM_data1
	.byte	0                               @ EOM(1)
	.byte	0                               @ EOM(2)
	.byte	14                              @ Abbreviation Code
	.byte	46                              @ DW_TAG_subprogram
	.byte	1                               @ DW_CHILDREN_yes
	.byte	17                              @ DW_AT_low_pc
	.byte	1                               @ DW_FORM_addr
	.byte	18                              @ DW_AT_high_pc
	.byte	6                               @ DW_FORM_data4
	.byte	64                              @ DW_AT_frame_base
	.byte	24                              @ DW_FORM_exprloc
	.byte	3                               @ DW_AT_name
	.byte	14                              @ DW_FORM_strp
	.byte	58                              @ DW_AT_decl_file
	.byte	11                              @ DW_FORM_data1
	.byte	59                              @ DW_AT_decl_line
	.byte	11                              @ DW_FORM_data1
	.byte	39                              @ DW_AT_prototyped
	.byte	25                              @ DW_FORM_flag_present
	.byte	73                              @ DW_AT_type
	.byte	19                              @ DW_FORM_ref4
	.byte	63                              @ DW_AT_external
	.byte	25                              @ DW_FORM_flag_present
	.byte	0                               @ EOM(1)
	.byte	0                               @ EOM(2)
	.byte	15                              @ Abbreviation Code
	.byte	5                               @ DW_TAG_formal_parameter
	.byte	0                               @ DW_CHILDREN_no
	.byte	2                               @ DW_AT_location
	.byte	24                              @ DW_FORM_exprloc
	.byte	3                               @ DW_AT_name
	.byte	14                              @ DW_FORM_strp
	.byte	58                              @ DW_AT_decl_file
	.byte	11                              @ DW_FORM_data1
	.byte	59                              @ DW_AT_decl_line
	.byte	11                              @ DW_FORM_data1
	.byte	73                              @ DW_AT_type
	.byte	19                              @ DW_FORM_ref4
	.byte	0                               @ EOM(1)
	.byte	0                               @ EOM(2)
	.byte	16                              @ Abbreviation Code
	.byte	52                              @ DW_TAG_variable
	.byte	0                               @ DW_CHILDREN_no
	.byte	2                               @ DW_AT_location
	.byte	24                              @ DW_FORM_exprloc
	.byte	3                               @ DW_AT_name
	.byte	14                              @ DW_FORM_strp
	.byte	58                              @ DW_AT_decl_file
	.byte	11                              @ DW_FORM_data1
	.byte	59                              @ DW_AT_decl_line
	.byte	11                              @ DW_FORM_data1
	.byte	73                              @ DW_AT_type
	.byte	19                              @ DW_FORM_ref4
	.byte	0                               @ EOM(1)
	.byte	0                               @ EOM(2)
	.byte	17                              @ Abbreviation Code
	.byte	46                              @ DW_TAG_subprogram
	.byte	1                               @ DW_CHILDREN_yes
	.byte	17                              @ DW_AT_low_pc
	.byte	1                               @ DW_FORM_addr
	.byte	18                              @ DW_AT_high_pc
	.byte	6                               @ DW_FORM_data4
	.byte	64                              @ DW_AT_frame_base
	.byte	24                              @ DW_FORM_exprloc
	.byte	3                               @ DW_AT_name
	.byte	14                              @ DW_FORM_strp
	.byte	58                              @ DW_AT_decl_file
	.byte	11                              @ DW_FORM_data1
	.byte	59                              @ DW_AT_decl_line
	.byte	5                               @ DW_FORM_data2
	.byte	39                              @ DW_AT_prototyped
	.byte	25                              @ DW_FORM_flag_present
	.byte	73                              @ DW_AT_type
	.byte	19                              @ DW_FORM_ref4
	.byte	63                              @ DW_AT_external
	.byte	25                              @ DW_FORM_flag_present
	.byte	0                               @ EOM(1)
	.byte	0                               @ EOM(2)
	.byte	18                              @ Abbreviation Code
	.byte	5                               @ DW_TAG_formal_parameter
	.byte	0                               @ DW_CHILDREN_no
	.byte	2                               @ DW_AT_location
	.byte	24                              @ DW_FORM_exprloc
	.byte	3                               @ DW_AT_name
	.byte	14                              @ DW_FORM_strp
	.byte	58                              @ DW_AT_decl_file
	.byte	11                              @ DW_FORM_data1
	.byte	59                              @ DW_AT_decl_line
	.byte	5                               @ DW_FORM_data2
	.byte	73                              @ DW_AT_type
	.byte	19                              @ DW_FORM_ref4
	.byte	0                               @ EOM(1)
	.byte	0                               @ EOM(2)
	.byte	19                              @ Abbreviation Code
	.byte	52                              @ DW_TAG_variable
	.byte	0                               @ DW_CHILDREN_no
	.byte	2                               @ DW_AT_location
	.byte	24                              @ DW_FORM_exprloc
	.byte	3                               @ DW_AT_name
	.byte	14                              @ DW_FORM_strp
	.byte	58                              @ DW_AT_decl_file
	.byte	11                              @ DW_FORM_data1
	.byte	59                              @ DW_AT_decl_line
	.byte	5                               @ DW_FORM_data2
	.byte	73                              @ DW_AT_type
	.byte	19                              @ DW_FORM_ref4
	.byte	0                               @ EOM(1)
	.byte	0                               @ EOM(2)
	.byte	20                              @ Abbreviation Code
	.byte	46                              @ DW_TAG_subprogram
	.byte	1                               @ DW_CHILDREN_yes
	.byte	17                              @ DW_AT_low_pc
	.byte	1                               @ DW_FORM_addr
	.byte	18                              @ DW_AT_high_pc
	.byte	6                               @ DW_FORM_data4
	.byte	64                              @ DW_AT_frame_base
	.byte	24                              @ DW_FORM_exprloc
	.byte	3                               @ DW_AT_name
	.byte	14                              @ DW_FORM_strp
	.byte	58                              @ DW_AT_decl_file
	.byte	11                              @ DW_FORM_data1
	.byte	59                              @ DW_AT_decl_line
	.byte	5                               @ DW_FORM_data2
	.byte	39                              @ DW_AT_prototyped
	.byte	25                              @ DW_FORM_flag_present
	.byte	63                              @ DW_AT_external
	.byte	25                              @ DW_FORM_flag_present
	.byte	0                               @ EOM(1)
	.byte	0                               @ EOM(2)
	.byte	21                              @ Abbreviation Code
	.byte	19                              @ DW_TAG_structure_type
	.byte	1                               @ DW_CHILDREN_yes
	.byte	11                              @ DW_AT_byte_size
	.byte	11                              @ DW_FORM_data1
	.byte	58                              @ DW_AT_decl_file
	.byte	11                              @ DW_FORM_data1
	.byte	59                              @ DW_AT_decl_line
	.byte	11                              @ DW_FORM_data1
	.byte	0                               @ EOM(1)
	.byte	0                               @ EOM(2)
	.byte	22                              @ Abbreviation Code
	.byte	13                              @ DW_TAG_member
	.byte	0                               @ DW_CHILDREN_no
	.byte	3                               @ DW_AT_name
	.byte	14                              @ DW_FORM_strp
	.byte	73                              @ DW_AT_type
	.byte	19                              @ DW_FORM_ref4
	.byte	58                              @ DW_AT_decl_file
	.byte	11                              @ DW_FORM_data1
	.byte	59                              @ DW_AT_decl_line
	.byte	11                              @ DW_FORM_data1
	.byte	56                              @ DW_AT_data_member_location
	.byte	11                              @ DW_FORM_data1
	.byte	0                               @ EOM(1)
	.byte	0                               @ EOM(2)
	.byte	23                              @ Abbreviation Code
	.byte	21                              @ DW_TAG_subroutine_type
	.byte	0                               @ DW_CHILDREN_no
	.byte	39                              @ DW_AT_prototyped
	.byte	25                              @ DW_FORM_flag_present
	.byte	0                               @ EOM(1)
	.byte	0                               @ EOM(2)
	.byte	0                               @ EOM(3)
	.section	.debug_info,"",%progbits
.Lcu_begin0:
	.long	.Ldebug_info_end0-.Ldebug_info_start0 @ Length of Unit
.Ldebug_info_start0:
	.short	4                               @ DWARF version number
	.long	.debug_abbrev                   @ Offset Into Abbrev. Section
	.byte	4                               @ Address Size (in bytes)
	.byte	1                               @ Abbrev [1] 0xb:0x47a DW_TAG_compile_unit
	.long	.Linfo_string0                  @ DW_AT_producer
	.short	12                              @ DW_AT_language
	.long	.Linfo_string1                  @ DW_AT_name
	.long	.Lline_table_start0             @ DW_AT_stmt_list
	.long	.Linfo_string2                  @ DW_AT_comp_dir
	.long	0                               @ DW_AT_low_pc
	.long	.Ldebug_ranges0                 @ DW_AT_ranges
	.byte	2                               @ Abbrev [2] 0x26:0x21 DW_TAG_enumeration_type
	.long	71                              @ DW_AT_type
	.byte	1                               @ DW_AT_byte_size
	.byte	1                               @ DW_AT_decl_file
	.byte	39                              @ DW_AT_decl_line
	.byte	3                               @ Abbrev [3] 0x2e:0x6 DW_TAG_enumerator
	.long	.Linfo_string4                  @ DW_AT_name
	.byte	0                               @ DW_AT_const_value
	.byte	3                               @ Abbrev [3] 0x34:0x6 DW_TAG_enumerator
	.long	.Linfo_string5                  @ DW_AT_name
	.byte	1                               @ DW_AT_const_value
	.byte	3                               @ Abbrev [3] 0x3a:0x6 DW_TAG_enumerator
	.long	.Linfo_string6                  @ DW_AT_name
	.byte	2                               @ DW_AT_const_value
	.byte	3                               @ Abbrev [3] 0x40:0x6 DW_TAG_enumerator
	.long	.Linfo_string7                  @ DW_AT_name
	.byte	3                               @ DW_AT_const_value
	.byte	0                               @ End Of Children Mark
	.byte	4                               @ Abbrev [4] 0x47:0x7 DW_TAG_base_type
	.long	.Linfo_string3                  @ DW_AT_name
	.byte	8                               @ DW_AT_encoding
	.byte	1                               @ DW_AT_byte_size
	.byte	2                               @ Abbrev [2] 0x4e:0xf DW_TAG_enumeration_type
	.long	71                              @ DW_AT_type
	.byte	1                               @ DW_AT_byte_size
	.byte	2                               @ DW_AT_decl_file
	.byte	45                              @ DW_AT_decl_line
	.byte	3                               @ Abbrev [3] 0x56:0x6 DW_TAG_enumerator
	.long	.Linfo_string8                  @ DW_AT_name
	.byte	0                               @ DW_AT_const_value
	.byte	0                               @ End Of Children Mark
	.byte	5                               @ Abbrev [5] 0x5d:0x5 DW_TAG_pointer_type
	.long	98                              @ DW_AT_type
	.byte	6                               @ Abbrev [6] 0x62:0xc DW_TAG_typedef
	.long	110                             @ DW_AT_type
	.long	.Linfo_string17                 @ DW_AT_name
	.byte	4                               @ DW_AT_decl_file
	.short	489                             @ DW_AT_decl_line
	.byte	7                               @ Abbrev [7] 0x6e:0x54 DW_TAG_structure_type
	.byte	24                              @ DW_AT_byte_size
	.byte	4                               @ DW_AT_decl_file
	.short	481                             @ DW_AT_decl_line
	.byte	8                               @ Abbrev [8] 0x73:0xd DW_TAG_member
	.long	.Linfo_string9                  @ DW_AT_name
	.long	194                             @ DW_AT_type
	.byte	4                               @ DW_AT_decl_file
	.short	483                             @ DW_AT_decl_line
	.byte	0                               @ DW_AT_data_member_location
	.byte	8                               @ Abbrev [8] 0x80:0xd DW_TAG_member
	.long	.Linfo_string12                 @ DW_AT_name
	.long	194                             @ DW_AT_type
	.byte	4                               @ DW_AT_decl_file
	.short	484                             @ DW_AT_decl_line
	.byte	4                               @ DW_AT_data_member_location
	.byte	8                               @ Abbrev [8] 0x8d:0xd DW_TAG_member
	.long	.Linfo_string13                 @ DW_AT_name
	.long	194                             @ DW_AT_type
	.byte	4                               @ DW_AT_decl_file
	.short	485                             @ DW_AT_decl_line
	.byte	8                               @ DW_AT_data_member_location
	.byte	8                               @ Abbrev [8] 0x9a:0xd DW_TAG_member
	.long	.Linfo_string14                 @ DW_AT_name
	.long	194                             @ DW_AT_type
	.byte	4                               @ DW_AT_decl_file
	.short	486                             @ DW_AT_decl_line
	.byte	12                              @ DW_AT_data_member_location
	.byte	8                               @ Abbrev [8] 0xa7:0xd DW_TAG_member
	.long	.Linfo_string15                 @ DW_AT_name
	.long	194                             @ DW_AT_type
	.byte	4                               @ DW_AT_decl_file
	.short	487                             @ DW_AT_decl_line
	.byte	16                              @ DW_AT_data_member_location
	.byte	8                               @ Abbrev [8] 0xb4:0xd DW_TAG_member
	.long	.Linfo_string16                 @ DW_AT_name
	.long	194                             @ DW_AT_type
	.byte	4                               @ DW_AT_decl_file
	.short	488                             @ DW_AT_decl_line
	.byte	20                              @ DW_AT_data_member_location
	.byte	0                               @ End Of Children Mark
	.byte	9                               @ Abbrev [9] 0xc2:0x5 DW_TAG_volatile_type
	.long	199                             @ DW_AT_type
	.byte	10                              @ Abbrev [10] 0xc7:0xb DW_TAG_typedef
	.long	210                             @ DW_AT_type
	.long	.Linfo_string11                 @ DW_AT_name
	.byte	3                               @ DW_AT_decl_file
	.byte	64                              @ DW_AT_decl_line
	.byte	4                               @ Abbrev [4] 0xd2:0x7 DW_TAG_base_type
	.long	.Linfo_string10                 @ DW_AT_name
	.byte	7                               @ DW_AT_encoding
	.byte	4                               @ DW_AT_byte_size
	.byte	5                               @ Abbrev [5] 0xd9:0x5 DW_TAG_pointer_type
	.long	222                             @ DW_AT_type
	.byte	6                               @ Abbrev [6] 0xde:0xc DW_TAG_typedef
	.long	234                             @ DW_AT_type
	.long	.Linfo_string24                 @ DW_AT_name
	.byte	4                               @ DW_AT_decl_file
	.short	599                             @ DW_AT_decl_line
	.byte	7                               @ Abbrev [7] 0xea:0x47 DW_TAG_structure_type
	.byte	36                              @ DW_AT_byte_size
	.byte	4                               @ DW_AT_decl_file
	.short	592                             @ DW_AT_decl_line
	.byte	8                               @ Abbrev [8] 0xef:0xd DW_TAG_member
	.long	.Linfo_string18                 @ DW_AT_name
	.long	194                             @ DW_AT_type
	.byte	4                               @ DW_AT_decl_file
	.short	594                             @ DW_AT_decl_line
	.byte	0                               @ DW_AT_data_member_location
	.byte	8                               @ Abbrev [8] 0xfc:0xd DW_TAG_member
	.long	.Linfo_string19                 @ DW_AT_name
	.long	194                             @ DW_AT_type
	.byte	4                               @ DW_AT_decl_file
	.short	595                             @ DW_AT_decl_line
	.byte	4                               @ DW_AT_data_member_location
	.byte	8                               @ Abbrev [8] 0x109:0xd DW_TAG_member
	.long	.Linfo_string20                 @ DW_AT_name
	.long	305                             @ DW_AT_type
	.byte	4                               @ DW_AT_decl_file
	.short	596                             @ DW_AT_decl_line
	.byte	8                               @ DW_AT_data_member_location
	.byte	8                               @ Abbrev [8] 0x116:0xd DW_TAG_member
	.long	.Linfo_string22                 @ DW_AT_name
	.long	324                             @ DW_AT_type
	.byte	4                               @ DW_AT_decl_file
	.short	597                             @ DW_AT_decl_line
	.byte	24                              @ DW_AT_data_member_location
	.byte	8                               @ Abbrev [8] 0x123:0xd DW_TAG_member
	.long	.Linfo_string23                 @ DW_AT_name
	.long	194                             @ DW_AT_type
	.byte	4                               @ DW_AT_decl_file
	.short	598                             @ DW_AT_decl_line
	.byte	32                              @ DW_AT_data_member_location
	.byte	0                               @ End Of Children Mark
	.byte	11                              @ Abbrev [11] 0x131:0xc DW_TAG_array_type
	.long	194                             @ DW_AT_type
	.byte	12                              @ Abbrev [12] 0x136:0x6 DW_TAG_subrange_type
	.long	317                             @ DW_AT_type
	.byte	4                               @ DW_AT_count
	.byte	0                               @ End Of Children Mark
	.byte	13                              @ Abbrev [13] 0x13d:0x7 DW_TAG_base_type
	.long	.Linfo_string21                 @ DW_AT_name
	.byte	8                               @ DW_AT_byte_size
	.byte	7                               @ DW_AT_encoding
	.byte	11                              @ Abbrev [11] 0x144:0xc DW_TAG_array_type
	.long	199                             @ DW_AT_type
	.byte	12                              @ Abbrev [12] 0x149:0x6 DW_TAG_subrange_type
	.long	317                             @ DW_AT_type
	.byte	2                               @ DW_AT_count
	.byte	0                               @ End Of Children Mark
	.byte	14                              @ Abbrev [14] 0x150:0x5c DW_TAG_subprogram
	.long	.Lfunc_begin0                   @ DW_AT_low_pc
	.long	.Lfunc_end0-.Lfunc_begin0       @ DW_AT_high_pc
	.byte	1                               @ DW_AT_frame_base
	.byte	93
	.long	.Linfo_string25                 @ DW_AT_name
	.byte	5                               @ DW_AT_decl_file
	.byte	143                             @ DW_AT_decl_line
                                        @ DW_AT_prototyped
	.long	1014                            @ DW_AT_type
                                        @ DW_AT_external
	.byte	15                              @ Abbrev [15] 0x165:0xe DW_TAG_formal_parameter
	.byte	2                               @ DW_AT_location
	.byte	145
	.byte	16
	.long	.Linfo_string35                 @ DW_AT_name
	.byte	5                               @ DW_AT_decl_file
	.byte	143                             @ DW_AT_decl_line
	.long	1025                            @ DW_AT_type
	.byte	15                              @ Abbrev [15] 0x173:0xe DW_TAG_formal_parameter
	.byte	2                               @ DW_AT_location
	.byte	145
	.byte	12
	.long	.Linfo_string39                 @ DW_AT_name
	.byte	5                               @ DW_AT_decl_file
	.byte	143                             @ DW_AT_decl_line
	.long	1076                            @ DW_AT_type
	.byte	16                              @ Abbrev [16] 0x181:0xe DW_TAG_variable
	.byte	2                               @ DW_AT_location
	.byte	145
	.byte	8
	.long	.Linfo_string44                 @ DW_AT_name
	.byte	5                               @ DW_AT_decl_file
	.byte	145                             @ DW_AT_decl_line
	.long	199                             @ DW_AT_type
	.byte	16                              @ Abbrev [16] 0x18f:0xe DW_TAG_variable
	.byte	2                               @ DW_AT_location
	.byte	145
	.byte	4
	.long	.Linfo_string45                 @ DW_AT_name
	.byte	5                               @ DW_AT_decl_file
	.byte	146                             @ DW_AT_decl_line
	.long	199                             @ DW_AT_type
	.byte	16                              @ Abbrev [16] 0x19d:0xe DW_TAG_variable
	.byte	2                               @ DW_AT_location
	.byte	145
	.byte	0
	.long	.Linfo_string46                 @ DW_AT_name
	.byte	5                               @ DW_AT_decl_file
	.byte	147                             @ DW_AT_decl_line
	.long	199                             @ DW_AT_type
	.byte	0                               @ End Of Children Mark
	.byte	14                              @ Abbrev [14] 0x1ac:0x5c DW_TAG_subprogram
	.long	.Lfunc_begin1                   @ DW_AT_low_pc
	.long	.Lfunc_end1-.Lfunc_begin1       @ DW_AT_high_pc
	.byte	1                               @ DW_AT_frame_base
	.byte	93
	.long	.Linfo_string27                 @ DW_AT_name
	.byte	5                               @ DW_AT_decl_file
	.byte	238                             @ DW_AT_decl_line
                                        @ DW_AT_prototyped
	.long	1014                            @ DW_AT_type
                                        @ DW_AT_external
	.byte	15                              @ Abbrev [15] 0x1c1:0xe DW_TAG_formal_parameter
	.byte	2                               @ DW_AT_location
	.byte	145
	.byte	16
	.long	.Linfo_string35                 @ DW_AT_name
	.byte	5                               @ DW_AT_decl_file
	.byte	238                             @ DW_AT_decl_line
	.long	1025                            @ DW_AT_type
	.byte	15                              @ Abbrev [15] 0x1cf:0xe DW_TAG_formal_parameter
	.byte	2                               @ DW_AT_location
	.byte	145
	.byte	12
	.long	.Linfo_string39                 @ DW_AT_name
	.byte	5                               @ DW_AT_decl_file
	.byte	238                             @ DW_AT_decl_line
	.long	1076                            @ DW_AT_type
	.byte	16                              @ Abbrev [16] 0x1dd:0xe DW_TAG_variable
	.byte	2                               @ DW_AT_location
	.byte	145
	.byte	8
	.long	.Linfo_string44                 @ DW_AT_name
	.byte	5                               @ DW_AT_decl_file
	.byte	240                             @ DW_AT_decl_line
	.long	199                             @ DW_AT_type
	.byte	16                              @ Abbrev [16] 0x1eb:0xe DW_TAG_variable
	.byte	2                               @ DW_AT_location
	.byte	145
	.byte	4
	.long	.Linfo_string45                 @ DW_AT_name
	.byte	5                               @ DW_AT_decl_file
	.byte	241                             @ DW_AT_decl_line
	.long	199                             @ DW_AT_type
	.byte	16                              @ Abbrev [16] 0x1f9:0xe DW_TAG_variable
	.byte	2                               @ DW_AT_location
	.byte	145
	.byte	0
	.long	.Linfo_string46                 @ DW_AT_name
	.byte	5                               @ DW_AT_decl_file
	.byte	242                             @ DW_AT_decl_line
	.long	199                             @ DW_AT_type
	.byte	0                               @ End Of Children Mark
	.byte	17                              @ Abbrev [17] 0x208:0x53 DW_TAG_subprogram
	.long	.Lfunc_begin2                   @ DW_AT_low_pc
	.long	.Lfunc_end2-.Lfunc_begin2       @ DW_AT_high_pc
	.byte	1                               @ DW_AT_frame_base
	.byte	93
	.long	.Linfo_string28                 @ DW_AT_name
	.byte	5                               @ DW_AT_decl_file
	.short	317                             @ DW_AT_decl_line
                                        @ DW_AT_prototyped
	.long	1014                            @ DW_AT_type
                                        @ DW_AT_external
	.byte	18                              @ Abbrev [18] 0x21e:0xf DW_TAG_formal_parameter
	.byte	2                               @ DW_AT_location
	.byte	145
	.byte	12
	.long	.Linfo_string35                 @ DW_AT_name
	.byte	5                               @ DW_AT_decl_file
	.short	317                             @ DW_AT_decl_line
	.long	1025                            @ DW_AT_type
	.byte	19                              @ Abbrev [19] 0x22d:0xf DW_TAG_variable
	.byte	2                               @ DW_AT_location
	.byte	145
	.byte	8
	.long	.Linfo_string44                 @ DW_AT_name
	.byte	5                               @ DW_AT_decl_file
	.short	319                             @ DW_AT_decl_line
	.long	199                             @ DW_AT_type
	.byte	19                              @ Abbrev [19] 0x23c:0xf DW_TAG_variable
	.byte	2                               @ DW_AT_location
	.byte	145
	.byte	4
	.long	.Linfo_string45                 @ DW_AT_name
	.byte	5                               @ DW_AT_decl_file
	.short	320                             @ DW_AT_decl_line
	.long	199                             @ DW_AT_type
	.byte	19                              @ Abbrev [19] 0x24b:0xf DW_TAG_variable
	.byte	2                               @ DW_AT_location
	.byte	145
	.byte	0
	.long	.Linfo_string46                 @ DW_AT_name
	.byte	5                               @ DW_AT_decl_file
	.short	321                             @ DW_AT_decl_line
	.long	199                             @ DW_AT_type
	.byte	0                               @ End Of Children Mark
	.byte	17                              @ Abbrev [17] 0x25b:0x53 DW_TAG_subprogram
	.long	.Lfunc_begin3                   @ DW_AT_low_pc
	.long	.Lfunc_end3-.Lfunc_begin3       @ DW_AT_high_pc
	.byte	1                               @ DW_AT_frame_base
	.byte	93
	.long	.Linfo_string29                 @ DW_AT_name
	.byte	5                               @ DW_AT_decl_file
	.short	370                             @ DW_AT_decl_line
                                        @ DW_AT_prototyped
	.long	1014                            @ DW_AT_type
                                        @ DW_AT_external
	.byte	18                              @ Abbrev [18] 0x271:0xf DW_TAG_formal_parameter
	.byte	2                               @ DW_AT_location
	.byte	145
	.byte	12
	.long	.Linfo_string35                 @ DW_AT_name
	.byte	5                               @ DW_AT_decl_file
	.short	370                             @ DW_AT_decl_line
	.long	1025                            @ DW_AT_type
	.byte	18                              @ Abbrev [18] 0x280:0xf DW_TAG_formal_parameter
	.byte	2                               @ DW_AT_location
	.byte	145
	.byte	11
	.long	.Linfo_string47                 @ DW_AT_name
	.byte	5                               @ DW_AT_decl_file
	.short	370                             @ DW_AT_decl_line
	.long	1145                            @ DW_AT_type
	.byte	18                              @ Abbrev [18] 0x28f:0xf DW_TAG_formal_parameter
	.byte	2                               @ DW_AT_location
	.byte	145
	.byte	4
	.long	.Linfo_string49                 @ DW_AT_name
	.byte	5                               @ DW_AT_decl_file
	.short	370                             @ DW_AT_decl_line
	.long	1070                            @ DW_AT_type
	.byte	19                              @ Abbrev [19] 0x29e:0xf DW_TAG_variable
	.byte	2                               @ DW_AT_location
	.byte	145
	.byte	3
	.long	.Linfo_string50                 @ DW_AT_name
	.byte	5                               @ DW_AT_decl_file
	.short	372                             @ DW_AT_decl_line
	.long	1014                            @ DW_AT_type
	.byte	0                               @ End Of Children Mark
	.byte	17                              @ Abbrev [17] 0x2ae:0x35 DW_TAG_subprogram
	.long	.Lfunc_begin4                   @ DW_AT_low_pc
	.long	.Lfunc_end4-.Lfunc_begin4       @ DW_AT_high_pc
	.byte	1                               @ DW_AT_frame_base
	.byte	93
	.long	.Linfo_string30                 @ DW_AT_name
	.byte	5                               @ DW_AT_decl_file
	.short	395                             @ DW_AT_decl_line
                                        @ DW_AT_prototyped
	.long	1014                            @ DW_AT_type
                                        @ DW_AT_external
	.byte	18                              @ Abbrev [18] 0x2c4:0xf DW_TAG_formal_parameter
	.byte	2                               @ DW_AT_location
	.byte	145
	.byte	4
	.long	.Linfo_string35                 @ DW_AT_name
	.byte	5                               @ DW_AT_decl_file
	.short	395                             @ DW_AT_decl_line
	.long	1025                            @ DW_AT_type
	.byte	18                              @ Abbrev [18] 0x2d3:0xf DW_TAG_formal_parameter
	.byte	2                               @ DW_AT_location
	.byte	145
	.byte	0
	.long	.Linfo_string51                 @ DW_AT_name
	.byte	5                               @ DW_AT_decl_file
	.short	395                             @ DW_AT_decl_line
	.long	199                             @ DW_AT_type
	.byte	0                               @ End Of Children Mark
	.byte	20                              @ Abbrev [20] 0x2e3:0x40 DW_TAG_subprogram
	.long	.Lfunc_begin5                   @ DW_AT_low_pc
	.long	.Lfunc_end5-.Lfunc_begin5       @ DW_AT_high_pc
	.byte	1                               @ DW_AT_frame_base
	.byte	93
	.long	.Linfo_string31                 @ DW_AT_name
	.byte	5                               @ DW_AT_decl_file
	.short	435                             @ DW_AT_decl_line
                                        @ DW_AT_prototyped
                                        @ DW_AT_external
	.byte	18                              @ Abbrev [18] 0x2f5:0xf DW_TAG_formal_parameter
	.byte	2                               @ DW_AT_location
	.byte	145
	.byte	12
	.long	.Linfo_string35                 @ DW_AT_name
	.byte	5                               @ DW_AT_decl_file
	.short	435                             @ DW_AT_decl_line
	.long	1025                            @ DW_AT_type
	.byte	19                              @ Abbrev [19] 0x304:0xf DW_TAG_variable
	.byte	2                               @ DW_AT_location
	.byte	145
	.byte	8
	.long	.Linfo_string44                 @ DW_AT_name
	.byte	5                               @ DW_AT_decl_file
	.short	437                             @ DW_AT_decl_line
	.long	199                             @ DW_AT_type
	.byte	19                              @ Abbrev [19] 0x313:0xf DW_TAG_variable
	.byte	2                               @ DW_AT_location
	.byte	145
	.byte	4
	.long	.Linfo_string46                 @ DW_AT_name
	.byte	5                               @ DW_AT_decl_file
	.short	438                             @ DW_AT_decl_line
	.long	199                             @ DW_AT_type
	.byte	0                               @ End Of Children Mark
	.byte	17                              @ Abbrev [17] 0x323:0x62 DW_TAG_subprogram
	.long	.Lfunc_begin6                   @ DW_AT_low_pc
	.long	.Lfunc_end6-.Lfunc_begin6       @ DW_AT_high_pc
	.byte	1                               @ DW_AT_frame_base
	.byte	93
	.long	.Linfo_string32                 @ DW_AT_name
	.byte	5                               @ DW_AT_decl_file
	.short	467                             @ DW_AT_decl_line
                                        @ DW_AT_prototyped
	.long	199                             @ DW_AT_type
                                        @ DW_AT_external
	.byte	18                              @ Abbrev [18] 0x339:0xf DW_TAG_formal_parameter
	.byte	2                               @ DW_AT_location
	.byte	145
	.byte	16
	.long	.Linfo_string35                 @ DW_AT_name
	.byte	5                               @ DW_AT_decl_file
	.short	467                             @ DW_AT_decl_line
	.long	1025                            @ DW_AT_type
	.byte	18                              @ Abbrev [18] 0x348:0xf DW_TAG_formal_parameter
	.byte	2                               @ DW_AT_location
	.byte	145
	.byte	12
	.long	.Linfo_string52                 @ DW_AT_name
	.byte	5                               @ DW_AT_decl_file
	.short	467                             @ DW_AT_decl_line
	.long	199                             @ DW_AT_type
	.byte	19                              @ Abbrev [19] 0x357:0xf DW_TAG_variable
	.byte	2                               @ DW_AT_location
	.byte	145
	.byte	8
	.long	.Linfo_string44                 @ DW_AT_name
	.byte	5                               @ DW_AT_decl_file
	.short	469                             @ DW_AT_decl_line
	.long	199                             @ DW_AT_type
	.byte	19                              @ Abbrev [19] 0x366:0xf DW_TAG_variable
	.byte	2                               @ DW_AT_location
	.byte	145
	.byte	4
	.long	.Linfo_string45                 @ DW_AT_name
	.byte	5                               @ DW_AT_decl_file
	.short	470                             @ DW_AT_decl_line
	.long	199                             @ DW_AT_type
	.byte	19                              @ Abbrev [19] 0x375:0xf DW_TAG_variable
	.byte	2                               @ DW_AT_location
	.byte	145
	.byte	0
	.long	.Linfo_string46                 @ DW_AT_name
	.byte	5                               @ DW_AT_decl_file
	.short	471                             @ DW_AT_decl_line
	.long	199                             @ DW_AT_type
	.byte	0                               @ End Of Children Mark
	.byte	20                              @ Abbrev [20] 0x385:0x40 DW_TAG_subprogram
	.long	.Lfunc_begin7                   @ DW_AT_low_pc
	.long	.Lfunc_end7-.Lfunc_begin7       @ DW_AT_high_pc
	.byte	1                               @ DW_AT_frame_base
	.byte	93
	.long	.Linfo_string33                 @ DW_AT_name
	.byte	5                               @ DW_AT_decl_file
	.short	496                             @ DW_AT_decl_line
                                        @ DW_AT_prototyped
                                        @ DW_AT_external
	.byte	18                              @ Abbrev [18] 0x397:0xf DW_TAG_formal_parameter
	.byte	2                               @ DW_AT_location
	.byte	145
	.byte	8
	.long	.Linfo_string35                 @ DW_AT_name
	.byte	5                               @ DW_AT_decl_file
	.short	496                             @ DW_AT_decl_line
	.long	1025                            @ DW_AT_type
	.byte	18                              @ Abbrev [18] 0x3a6:0xf DW_TAG_formal_parameter
	.byte	2                               @ DW_AT_location
	.byte	145
	.byte	4
	.long	.Linfo_string52                 @ DW_AT_name
	.byte	5                               @ DW_AT_decl_file
	.short	496                             @ DW_AT_decl_line
	.long	199                             @ DW_AT_type
	.byte	19                              @ Abbrev [19] 0x3b5:0xf DW_TAG_variable
	.byte	2                               @ DW_AT_location
	.byte	145
	.byte	0
	.long	.Linfo_string46                 @ DW_AT_name
	.byte	5                               @ DW_AT_decl_file
	.short	498                             @ DW_AT_decl_line
	.long	199                             @ DW_AT_type
	.byte	0                               @ End Of Children Mark
	.byte	20                              @ Abbrev [20] 0x3c5:0x31 DW_TAG_subprogram
	.long	.Lfunc_begin8                   @ DW_AT_low_pc
	.long	.Lfunc_end8-.Lfunc_begin8       @ DW_AT_high_pc
	.byte	1                               @ DW_AT_frame_base
	.byte	93
	.long	.Linfo_string34                 @ DW_AT_name
	.byte	5                               @ DW_AT_decl_file
	.short	517                             @ DW_AT_decl_line
                                        @ DW_AT_prototyped
                                        @ DW_AT_external
	.byte	18                              @ Abbrev [18] 0x3d7:0xf DW_TAG_formal_parameter
	.byte	2                               @ DW_AT_location
	.byte	145
	.byte	4
	.long	.Linfo_string35                 @ DW_AT_name
	.byte	5                               @ DW_AT_decl_file
	.short	517                             @ DW_AT_decl_line
	.long	1025                            @ DW_AT_type
	.byte	19                              @ Abbrev [19] 0x3e6:0xf DW_TAG_variable
	.byte	2                               @ DW_AT_location
	.byte	145
	.byte	0
	.long	.Linfo_string46                 @ DW_AT_name
	.byte	5                               @ DW_AT_decl_file
	.short	519                             @ DW_AT_decl_line
	.long	199                             @ DW_AT_type
	.byte	0                               @ End Of Children Mark
	.byte	10                              @ Abbrev [10] 0x3f6:0xb DW_TAG_typedef
	.long	38                              @ DW_AT_type
	.long	.Linfo_string26                 @ DW_AT_name
	.byte	1                               @ DW_AT_decl_file
	.byte	45                              @ DW_AT_decl_line
	.byte	5                               @ Abbrev [5] 0x401:0x5 DW_TAG_pointer_type
	.long	1030                            @ DW_AT_type
	.byte	10                              @ Abbrev [10] 0x406:0xb DW_TAG_typedef
	.long	1041                            @ DW_AT_type
	.long	.Linfo_string38                 @ DW_AT_name
	.byte	2                               @ DW_AT_decl_file
	.byte	57                              @ DW_AT_decl_line
	.byte	21                              @ Abbrev [21] 0x411:0x1d DW_TAG_structure_type
	.byte	8                               @ DW_AT_byte_size
	.byte	2                               @ DW_AT_decl_file
	.byte	53                              @ DW_AT_decl_line
	.byte	22                              @ Abbrev [22] 0x415:0xc DW_TAG_member
	.long	.Linfo_string36                 @ DW_AT_name
	.long	199                             @ DW_AT_type
	.byte	2                               @ DW_AT_decl_file
	.byte	55                              @ DW_AT_decl_line
	.byte	0                               @ DW_AT_data_member_location
	.byte	22                              @ Abbrev [22] 0x421:0xc DW_TAG_member
	.long	.Linfo_string37                 @ DW_AT_name
	.long	1070                            @ DW_AT_type
	.byte	2                               @ DW_AT_decl_file
	.byte	56                              @ DW_AT_decl_line
	.byte	4                               @ DW_AT_data_member_location
	.byte	0                               @ End Of Children Mark
	.byte	5                               @ Abbrev [5] 0x42e:0x5 DW_TAG_pointer_type
	.long	1075                            @ DW_AT_type
	.byte	23                              @ Abbrev [23] 0x433:0x1 DW_TAG_subroutine_type
                                        @ DW_AT_prototyped
	.byte	5                               @ Abbrev [5] 0x434:0x5 DW_TAG_pointer_type
	.long	1081                            @ DW_AT_type
	.byte	10                              @ Abbrev [10] 0x439:0xb DW_TAG_typedef
	.long	1092                            @ DW_AT_type
	.long	.Linfo_string43                 @ DW_AT_name
	.byte	2                               @ DW_AT_decl_file
	.byte	73                              @ DW_AT_decl_line
	.byte	21                              @ Abbrev [21] 0x444:0x35 DW_TAG_structure_type
	.byte	16                              @ DW_AT_byte_size
	.byte	2                               @ DW_AT_decl_file
	.byte	62                              @ DW_AT_decl_line
	.byte	22                              @ Abbrev [22] 0x448:0xc DW_TAG_member
	.long	.Linfo_string36                 @ DW_AT_name
	.long	199                             @ DW_AT_type
	.byte	2                               @ DW_AT_decl_file
	.byte	64                              @ DW_AT_decl_line
	.byte	0                               @ DW_AT_data_member_location
	.byte	22                              @ Abbrev [22] 0x454:0xc DW_TAG_member
	.long	.Linfo_string40                 @ DW_AT_name
	.long	199                             @ DW_AT_type
	.byte	2                               @ DW_AT_decl_file
	.byte	66                              @ DW_AT_decl_line
	.byte	4                               @ DW_AT_data_member_location
	.byte	22                              @ Abbrev [22] 0x460:0xc DW_TAG_member
	.long	.Linfo_string41                 @ DW_AT_name
	.long	199                             @ DW_AT_type
	.byte	2                               @ DW_AT_decl_file
	.byte	68                              @ DW_AT_decl_line
	.byte	8                               @ DW_AT_data_member_location
	.byte	22                              @ Abbrev [22] 0x46c:0xc DW_TAG_member
	.long	.Linfo_string42                 @ DW_AT_name
	.long	199                             @ DW_AT_type
	.byte	2                               @ DW_AT_decl_file
	.byte	70                              @ DW_AT_decl_line
	.byte	12                              @ DW_AT_data_member_location
	.byte	0                               @ End Of Children Mark
	.byte	10                              @ Abbrev [10] 0x479:0xb DW_TAG_typedef
	.long	78                              @ DW_AT_type
	.long	.Linfo_string48                 @ DW_AT_name
	.byte	2                               @ DW_AT_decl_file
	.byte	48                              @ DW_AT_decl_line
	.byte	0                               @ End Of Children Mark
.Ldebug_info_end0:
	.section	.debug_ranges,"",%progbits
.Ldebug_ranges0:
	.long	.Lfunc_begin0
	.long	.Lfunc_end0
	.long	.Lfunc_begin1
	.long	.Lfunc_end1
	.long	.Lfunc_begin2
	.long	.Lfunc_end2
	.long	.Lfunc_begin3
	.long	.Lfunc_end3
	.long	.Lfunc_begin4
	.long	.Lfunc_end4
	.long	.Lfunc_begin5
	.long	.Lfunc_end5
	.long	.Lfunc_begin6
	.long	.Lfunc_end6
	.long	.Lfunc_begin7
	.long	.Lfunc_end7
	.long	.Lfunc_begin8
	.long	.Lfunc_end8
	.long	0
	.long	0
	.section	.debug_str,"MS",%progbits,1
.Linfo_string0:
	.asciz	"Component: ARM Compiler 6.16 Tool: armclang [5dfeb700]" @ string offset=0
.Linfo_string1:
	.asciz	"../Library/STM32F4xx_HAL_Driver/Src\\stm32f4xx_hal_exti.c" @ string offset=55
.Linfo_string2:
	.asciz	"C:\\Users\\Hyacincher\\Desktop\\HyTelectrl\\Code\\Project" @ string offset=112
.Linfo_string3:
	.asciz	"unsigned char"                 @ string offset=164
.Linfo_string4:
	.asciz	"HAL_OK"                        @ string offset=178
.Linfo_string5:
	.asciz	"HAL_ERROR"                     @ string offset=185
.Linfo_string6:
	.asciz	"HAL_BUSY"                      @ string offset=195
.Linfo_string7:
	.asciz	"HAL_TIMEOUT"                   @ string offset=204
.Linfo_string8:
	.asciz	"HAL_EXTI_COMMON_CB_ID"         @ string offset=216
.Linfo_string9:
	.asciz	"IMR"                           @ string offset=238
.Linfo_string10:
	.asciz	"unsigned int"                  @ string offset=242
.Linfo_string11:
	.asciz	"uint32_t"                      @ string offset=255
.Linfo_string12:
	.asciz	"EMR"                           @ string offset=264
.Linfo_string13:
	.asciz	"RTSR"                          @ string offset=268
.Linfo_string14:
	.asciz	"FTSR"                          @ string offset=273
.Linfo_string15:
	.asciz	"SWIER"                         @ string offset=278
.Linfo_string16:
	.asciz	"PR"                            @ string offset=284
.Linfo_string17:
	.asciz	"EXTI_TypeDef"                  @ string offset=287
.Linfo_string18:
	.asciz	"MEMRMP"                        @ string offset=300
.Linfo_string19:
	.asciz	"PMC"                           @ string offset=307
.Linfo_string20:
	.asciz	"EXTICR"                        @ string offset=311
.Linfo_string21:
	.asciz	"__ARRAY_SIZE_TYPE__"           @ string offset=318
.Linfo_string22:
	.asciz	"RESERVED"                      @ string offset=338
.Linfo_string23:
	.asciz	"CMPCR"                         @ string offset=347
.Linfo_string24:
	.asciz	"SYSCFG_TypeDef"                @ string offset=353
.Linfo_string25:
	.asciz	"HAL_EXTI_SetConfigLine"        @ string offset=368
.Linfo_string26:
	.asciz	"HAL_StatusTypeDef"             @ string offset=391
.Linfo_string27:
	.asciz	"HAL_EXTI_GetConfigLine"        @ string offset=409
.Linfo_string28:
	.asciz	"HAL_EXTI_ClearConfigLine"      @ string offset=432
.Linfo_string29:
	.asciz	"HAL_EXTI_RegisterCallback"     @ string offset=457
.Linfo_string30:
	.asciz	"HAL_EXTI_GetHandle"            @ string offset=483
.Linfo_string31:
	.asciz	"HAL_EXTI_IRQHandler"           @ string offset=502
.Linfo_string32:
	.asciz	"HAL_EXTI_GetPending"           @ string offset=522
.Linfo_string33:
	.asciz	"HAL_EXTI_ClearPending"         @ string offset=542
.Linfo_string34:
	.asciz	"HAL_EXTI_GenerateSWI"          @ string offset=564
.Linfo_string35:
	.asciz	"hexti"                         @ string offset=585
.Linfo_string36:
	.asciz	"Line"                          @ string offset=591
.Linfo_string37:
	.asciz	"PendingCallback"               @ string offset=596
.Linfo_string38:
	.asciz	"EXTI_HandleTypeDef"            @ string offset=612
.Linfo_string39:
	.asciz	"pExtiConfig"                   @ string offset=631
.Linfo_string40:
	.asciz	"Mode"                          @ string offset=643
.Linfo_string41:
	.asciz	"Trigger"                       @ string offset=648
.Linfo_string42:
	.asciz	"GPIOSel"                       @ string offset=656
.Linfo_string43:
	.asciz	"EXTI_ConfigTypeDef"            @ string offset=664
.Linfo_string44:
	.asciz	"regval"                        @ string offset=683
.Linfo_string45:
	.asciz	"linepos"                       @ string offset=690
.Linfo_string46:
	.asciz	"maskline"                      @ string offset=698
.Linfo_string47:
	.asciz	"CallbackID"                    @ string offset=707
.Linfo_string48:
	.asciz	"EXTI_CallbackIDTypeDef"        @ string offset=718
.Linfo_string49:
	.asciz	"pPendingCbfn"                  @ string offset=741
.Linfo_string50:
	.asciz	"status"                        @ string offset=754
.Linfo_string51:
	.asciz	"ExtiLine"                      @ string offset=761
.Linfo_string52:
	.asciz	"Edge"                          @ string offset=770
	.ident	"Component: ARM Compiler 6.16 Tool: armclang [5dfeb700]"
	.section	".note.GNU-stack","",%progbits
	.eabi_attribute	30, 6	@ Tag_ABI_optimization_goals
	.ARM_attribute	16, 1	@ Tag_AV_eba
	.section	.debug_line,"",%progbits
.Lline_table_start0:
