	.text
	.syntax unified
	.eabi_attribute	67, "2.09"	@ Tag_conformance
	.cpu	cortex-m4
	.eabi_attribute	6, 13	@ Tag_CPU_arch
	.eabi_attribute	7, 77	@ Tag_CPU_arch_profile
	.eabi_attribute	8, 0	@ Tag_ARM_ISA_use
	.eabi_attribute	9, 2	@ Tag_THUMB_ISA_use
	.fpu	fpv4-sp-d16
	.eabi_attribute	27, 1	@ Tag_ABI_HardFP_use
	.eabi_attribute	36, 1	@ Tag_FP_HP_extension
	.eabi_attribute	34, 1	@ Tag_CPU_unaligned_access
	.eabi_attribute	17, 1	@ Tag_ABI_PCS_GOT_use
	.eabi_attribute	20, 2	@ Tag_ABI_FP_denormal
	.eabi_attribute	21, 0	@ Tag_ABI_FP_exceptions
	.eabi_attribute	23, 1	@ Tag_ABI_FP_number_model
	.eabi_attribute	24, 1	@ Tag_ABI_align_needed
	.eabi_attribute	25, 1	@ Tag_ABI_align_preserved
	.eabi_attribute	28, 1	@ Tag_ABI_VFP_args
	.eabi_attribute	38, 1	@ Tag_ABI_FP_16bit_format
	.eabi_attribute	18, 2	@ Tag_ABI_PCS_wchar_t
	.eabi_attribute	26, 1	@ Tag_ABI_enum_size
	.eabi_attribute	14, 0	@ Tag_ABI_PCS_R9_use
	.file	"stm32f4xx_hal_iwdg.c"
	.file	1 "C:\\Users\\Hyacincher\\Desktop\\HyTelectrl\\Code\\Project" "../Library/STM32F4xx_HAL_Driver/Inc/stm32f4xx_hal_def.h"
	.section	.text.HAL_IWDG_Init,"ax",%progbits
	.hidden	HAL_IWDG_Init                   @ -- Begin function HAL_IWDG_Init
	.globl	HAL_IWDG_Init
	.p2align	1
	.type	HAL_IWDG_Init,%function
	.code	16                              @ @HAL_IWDG_Init
	.thumb_func
HAL_IWDG_Init:
.Lfunc_begin0:
	.file	2 "C:\\Users\\Hyacincher\\Desktop\\HyTelectrl\\Code\\Project" "../Library/STM32F4xx_HAL_Driver/Src/stm32f4xx_hal_iwdg.c"
	.loc	2 165 0                         @ ../Library/STM32F4xx_HAL_Driver/Src/stm32f4xx_hal_iwdg.c:165:0
	.fnstart
	.cfi_sections .debug_frame
	.cfi_startproc
@ %bb.0:
	@DEBUG_VALUE: HAL_IWDG_Init:hiwdg <- $r0
	@DEBUG_VALUE: HAL_IWDG_Init:hiwdg <- $r0
	.save	{r4, r5, r7, lr}
	push	{r4, r5, r7, lr}
	.cfi_def_cfa_offset 16
	.cfi_offset lr, -4
	.cfi_offset r7, -8
	.cfi_offset r5, -12
	.cfi_offset r4, -16
.Ltmp0:
	.loc	2 169 7 prologue_end            @ ../Library/STM32F4xx_HAL_Driver/Src/stm32f4xx_hal_iwdg.c:169:7
	cbz	r0, .LBB0_7
.Ltmp1:
@ %bb.1:
	@DEBUG_VALUE: HAL_IWDG_Init:hiwdg <- $r0
	.loc	2 0 7 is_stmt 0                 @ ../Library/STM32F4xx_HAL_Driver/Src/stm32f4xx_hal_iwdg.c:0:7
	mov	r4, r0
.Ltmp2:
	@DEBUG_VALUE: HAL_IWDG_Init:hiwdg <- $r4
	.loc	2 180 3 is_stmt 1               @ ../Library/STM32F4xx_HAL_Driver/Src/stm32f4xx_hal_iwdg.c:180:3
	ldr	r0, [r0]
	.loc	2 187 37                        @ ../Library/STM32F4xx_HAL_Driver/Src/stm32f4xx_hal_iwdg.c:187:37
	ldrd	r1, r2, [r4, #4]
	movw	r3, #52428
	.loc	2 180 3                         @ ../Library/STM32F4xx_HAL_Driver/Src/stm32f4xx_hal_iwdg.c:180:3
	str	r3, [r0]
	movw	r3, #21845
	.loc	2 184 3                         @ ../Library/STM32F4xx_HAL_Driver/Src/stm32f4xx_hal_iwdg.c:184:3
	str	r3, [r0]
	.loc	2 187 23                        @ ../Library/STM32F4xx_HAL_Driver/Src/stm32f4xx_hal_iwdg.c:187:23
	str	r1, [r0, #4]
	.loc	2 188 24                        @ ../Library/STM32F4xx_HAL_Driver/Src/stm32f4xx_hal_iwdg.c:188:24
	str	r2, [r0, #8]
	.loc	2 191 15                        @ ../Library/STM32F4xx_HAL_Driver/Src/stm32f4xx_hal_iwdg.c:191:15
	bl	HAL_GetTick
.Ltmp3:
	.loc	2 194 18                        @ ../Library/STM32F4xx_HAL_Driver/Src/stm32f4xx_hal_iwdg.c:194:18
	ldr	r1, [r4]
	.loc	2 194 28 is_stmt 0              @ ../Library/STM32F4xx_HAL_Driver/Src/stm32f4xx_hal_iwdg.c:194:28
	ldr	r2, [r1, #12]
	.loc	2 194 3                         @ ../Library/STM32F4xx_HAL_Driver/Src/stm32f4xx_hal_iwdg.c:194:3
	lsls	r2, r2, #30
.Ltmp4:
	@DEBUG_VALUE: HAL_IWDG_Init:tickstart <- $r0
	beq	.LBB0_6
.Ltmp5:
@ %bb.2:
	@DEBUG_VALUE: HAL_IWDG_Init:hiwdg <- $r4
	@DEBUG_VALUE: HAL_IWDG_Init:tickstart <- $r0
	.loc	2 0 3                           @ ../Library/STM32F4xx_HAL_Driver/Src/stm32f4xx_hal_iwdg.c:0:3
	mov	r5, r0
.Ltmp6:
	@DEBUG_VALUE: HAL_IWDG_Init:tickstart <- $r5
	@DEBUG_VALUE: HAL_IWDG_Init:tickstart <- $r5
	.p2align	2
.LBB0_3:                                @ =>This Inner Loop Header: Depth=1
	@DEBUG_VALUE: HAL_IWDG_Init:tickstart <- $r5
	@DEBUG_VALUE: HAL_IWDG_Init:hiwdg <- $r4
	.loc	2 196 10 is_stmt 1              @ ../Library/STM32F4xx_HAL_Driver/Src/stm32f4xx_hal_iwdg.c:196:10
	bl	HAL_GetTick
.Ltmp7:
	.loc	2 196 24 is_stmt 0              @ ../Library/STM32F4xx_HAL_Driver/Src/stm32f4xx_hal_iwdg.c:196:24
	subs	r0, r0, r5
.Ltmp8:
	.loc	2 0 0                           @ ../Library/STM32F4xx_HAL_Driver/Src/stm32f4xx_hal_iwdg.c:0:0
	ldr	r1, [r4]
.Ltmp9:
	.loc	2 196 9                         @ ../Library/STM32F4xx_HAL_Driver/Src/stm32f4xx_hal_iwdg.c:196:9
	cmp	r0, #50
	blo	.LBB0_5
.Ltmp10:
@ %bb.4:                                @   in Loop: Header=BB0_3 Depth=1
	@DEBUG_VALUE: HAL_IWDG_Init:tickstart <- $r5
	@DEBUG_VALUE: HAL_IWDG_Init:hiwdg <- $r4
	.loc	2 198 29 is_stmt 1              @ ../Library/STM32F4xx_HAL_Driver/Src/stm32f4xx_hal_iwdg.c:198:29
	ldr	r0, [r1, #12]
.Ltmp11:
	.loc	2 198 11 is_stmt 0              @ ../Library/STM32F4xx_HAL_Driver/Src/stm32f4xx_hal_iwdg.c:198:11
	lsls	r0, r0, #30
	bne	.LBB0_8
.Ltmp12:
.LBB0_5:                                @   in Loop: Header=BB0_3 Depth=1
	@DEBUG_VALUE: HAL_IWDG_Init:tickstart <- $r5
	@DEBUG_VALUE: HAL_IWDG_Init:hiwdg <- $r4
	.loc	2 194 28 is_stmt 1              @ ../Library/STM32F4xx_HAL_Driver/Src/stm32f4xx_hal_iwdg.c:194:28
	ldr	r0, [r1, #12]
	.loc	2 194 3 is_stmt 0               @ ../Library/STM32F4xx_HAL_Driver/Src/stm32f4xx_hal_iwdg.c:194:3
	lsls	r0, r0, #30
	bne	.LBB0_3
.Ltmp13:
.LBB0_6:
	@DEBUG_VALUE: HAL_IWDG_Init:hiwdg <- $r4
	.loc	2 0 3                           @ ../Library/STM32F4xx_HAL_Driver/Src/stm32f4xx_hal_iwdg.c:0:3
	movw	r0, #43690
	.loc	2 206 3 is_stmt 1               @ ../Library/STM32F4xx_HAL_Driver/Src/stm32f4xx_hal_iwdg.c:206:3
	str	r0, [r1]
	movs	r0, #0
	.loc	2 210 1                         @ ../Library/STM32F4xx_HAL_Driver/Src/stm32f4xx_hal_iwdg.c:210:1
	pop	{r4, r5, r7, pc}
.Ltmp14:
.LBB0_7:
	@DEBUG_VALUE: HAL_IWDG_Init:hiwdg <- $r0
	.loc	2 0 1 is_stmt 0                 @ ../Library/STM32F4xx_HAL_Driver/Src/stm32f4xx_hal_iwdg.c:0:1
	movs	r0, #1
.Ltmp15:
	@DEBUG_VALUE: HAL_IWDG_Init:hiwdg <- [DW_OP_LLVM_entry_value 1] $r0
	.loc	2 210 1                         @ ../Library/STM32F4xx_HAL_Driver/Src/stm32f4xx_hal_iwdg.c:210:1
	pop	{r4, r5, r7, pc}
.Ltmp16:
.LBB0_8:
	@DEBUG_VALUE: HAL_IWDG_Init:tickstart <- $r5
	@DEBUG_VALUE: HAL_IWDG_Init:hiwdg <- $r4
	.loc	2 0 1                           @ ../Library/STM32F4xx_HAL_Driver/Src/stm32f4xx_hal_iwdg.c:0:1
	movs	r0, #3
	.loc	2 210 1                         @ ../Library/STM32F4xx_HAL_Driver/Src/stm32f4xx_hal_iwdg.c:210:1
	pop	{r4, r5, r7, pc}
.Ltmp17:
.Lfunc_end0:
	.size	HAL_IWDG_Init, .Lfunc_end0-HAL_IWDG_Init
	.cfi_endproc
	.cantunwind
	.fnend
                                        @ -- End function
	.section	.text.HAL_IWDG_Refresh,"ax",%progbits
	.hidden	HAL_IWDG_Refresh                @ -- Begin function HAL_IWDG_Refresh
	.globl	HAL_IWDG_Refresh
	.p2align	1
	.type	HAL_IWDG_Refresh,%function
	.code	16                              @ @HAL_IWDG_Refresh
	.thumb_func
HAL_IWDG_Refresh:
.Lfunc_begin1:
	.loc	2 239 0 is_stmt 1               @ ../Library/STM32F4xx_HAL_Driver/Src/stm32f4xx_hal_iwdg.c:239:0
	.fnstart
	.cfi_startproc
@ %bb.0:
	@DEBUG_VALUE: HAL_IWDG_Refresh:hiwdg <- $r0
	@DEBUG_VALUE: HAL_IWDG_Refresh:hiwdg <- $r0
	.loc	2 241 3 prologue_end            @ ../Library/STM32F4xx_HAL_Driver/Src/stm32f4xx_hal_iwdg.c:241:3
	ldr	r1, [r0]
	movw	r2, #43690
	.loc	2 244 3                         @ ../Library/STM32F4xx_HAL_Driver/Src/stm32f4xx_hal_iwdg.c:244:3
	movs	r0, #0
.Ltmp18:
	@DEBUG_VALUE: HAL_IWDG_Refresh:hiwdg <- [DW_OP_LLVM_entry_value 1] $r0
	.loc	2 241 3                         @ ../Library/STM32F4xx_HAL_Driver/Src/stm32f4xx_hal_iwdg.c:241:3
	str	r2, [r1]
	.loc	2 244 3                         @ ../Library/STM32F4xx_HAL_Driver/Src/stm32f4xx_hal_iwdg.c:244:3
	bx	lr
.Ltmp19:
.Lfunc_end1:
	.size	HAL_IWDG_Refresh, .Lfunc_end1-HAL_IWDG_Refresh
	.cfi_endproc
	.cantunwind
	.fnend
                                        @ -- End function
	.file	3 "D:\\Keil MDK\\ARM\\ARMCLANG\\Bin\\..\\include" "stdint.h"
	.file	4 "C:\\Users\\Hyacincher\\Desktop\\HyTelectrl\\Code\\Project" "../Library/CMSIS/stm32f429xx.h"
	.file	5 "C:\\Users\\Hyacincher\\Desktop\\HyTelectrl\\Code\\Project" "../Library/STM32F4xx_HAL_Driver/Inc\\stm32f4xx_hal_iwdg.h"
	.section	.debug_loc,"",%progbits
.Ldebug_loc0:
	.long	-1
	.long	.Lfunc_begin0                   @   base address
	.long	.Lfunc_begin0-.Lfunc_begin0
	.long	.Ltmp2-.Lfunc_begin0
	.short	1                               @ Loc expr size
	.byte	80                              @ DW_OP_reg0
	.long	.Ltmp2-.Lfunc_begin0
	.long	.Ltmp14-.Lfunc_begin0
	.short	1                               @ Loc expr size
	.byte	84                              @ DW_OP_reg4
	.long	.Ltmp14-.Lfunc_begin0
	.long	.Ltmp15-.Lfunc_begin0
	.short	1                               @ Loc expr size
	.byte	80                              @ DW_OP_reg0
	.long	.Ltmp15-.Lfunc_begin0
	.long	.Ltmp16-.Lfunc_begin0
	.short	4                               @ Loc expr size
	.byte	243                             @ DW_OP_GNU_entry_value
	.byte	1                               @ 1
	.byte	80                              @ DW_OP_reg0
	.byte	159                             @ DW_OP_stack_value
	.long	.Ltmp16-.Lfunc_begin0
	.long	.Ltmp17-.Lfunc_begin0
	.short	1                               @ Loc expr size
	.byte	84                              @ DW_OP_reg4
	.long	0
	.long	0
.Ldebug_loc1:
	.long	-1
	.long	.Lfunc_begin0                   @   base address
	.long	.Ltmp4-.Lfunc_begin0
	.long	.Ltmp6-.Lfunc_begin0
	.short	1                               @ Loc expr size
	.byte	80                              @ DW_OP_reg0
	.long	.Ltmp6-.Lfunc_begin0
	.long	.Ltmp13-.Lfunc_begin0
	.short	1                               @ Loc expr size
	.byte	85                              @ DW_OP_reg5
	.long	.Ltmp16-.Lfunc_begin0
	.long	.Ltmp17-.Lfunc_begin0
	.short	1                               @ Loc expr size
	.byte	85                              @ DW_OP_reg5
	.long	0
	.long	0
.Ldebug_loc2:
	.long	-1
	.long	.Lfunc_begin1                   @   base address
	.long	.Lfunc_begin1-.Lfunc_begin1
	.long	.Ltmp18-.Lfunc_begin1
	.short	1                               @ Loc expr size
	.byte	80                              @ DW_OP_reg0
	.long	.Ltmp18-.Lfunc_begin1
	.long	.Lfunc_end1-.Lfunc_begin1
	.short	4                               @ Loc expr size
	.byte	243                             @ DW_OP_GNU_entry_value
	.byte	1                               @ 1
	.byte	80                              @ DW_OP_reg0
	.byte	159                             @ DW_OP_stack_value
	.long	0
	.long	0
	.section	.debug_abbrev,"",%progbits
	.byte	1                               @ Abbreviation Code
	.byte	17                              @ DW_TAG_compile_unit
	.byte	1                               @ DW_CHILDREN_yes
	.byte	37                              @ DW_AT_producer
	.byte	14                              @ DW_FORM_strp
	.byte	19                              @ DW_AT_language
	.byte	5                               @ DW_FORM_data2
	.byte	3                               @ DW_AT_name
	.byte	14                              @ DW_FORM_strp
	.byte	16                              @ DW_AT_stmt_list
	.byte	23                              @ DW_FORM_sec_offset
	.byte	27                              @ DW_AT_comp_dir
	.byte	14                              @ DW_FORM_strp
	.byte	17                              @ DW_AT_low_pc
	.byte	1                               @ DW_FORM_addr
	.byte	85                              @ DW_AT_ranges
	.byte	23                              @ DW_FORM_sec_offset
	.byte	0                               @ EOM(1)
	.byte	0                               @ EOM(2)
	.byte	2                               @ Abbreviation Code
	.byte	4                               @ DW_TAG_enumeration_type
	.byte	1                               @ DW_CHILDREN_yes
	.byte	73                              @ DW_AT_type
	.byte	19                              @ DW_FORM_ref4
	.byte	11                              @ DW_AT_byte_size
	.byte	11                              @ DW_FORM_data1
	.byte	58                              @ DW_AT_decl_file
	.byte	11                              @ DW_FORM_data1
	.byte	59                              @ DW_AT_decl_line
	.byte	11                              @ DW_FORM_data1
	.byte	0                               @ EOM(1)
	.byte	0                               @ EOM(2)
	.byte	3                               @ Abbreviation Code
	.byte	40                              @ DW_TAG_enumerator
	.byte	0                               @ DW_CHILDREN_no
	.byte	3                               @ DW_AT_name
	.byte	14                              @ DW_FORM_strp
	.byte	28                              @ DW_AT_const_value
	.byte	15                              @ DW_FORM_udata
	.byte	0                               @ EOM(1)
	.byte	0                               @ EOM(2)
	.byte	4                               @ Abbreviation Code
	.byte	36                              @ DW_TAG_base_type
	.byte	0                               @ DW_CHILDREN_no
	.byte	3                               @ DW_AT_name
	.byte	14                              @ DW_FORM_strp
	.byte	62                              @ DW_AT_encoding
	.byte	11                              @ DW_FORM_data1
	.byte	11                              @ DW_AT_byte_size
	.byte	11                              @ DW_FORM_data1
	.byte	0                               @ EOM(1)
	.byte	0                               @ EOM(2)
	.byte	5                               @ Abbreviation Code
	.byte	46                              @ DW_TAG_subprogram
	.byte	1                               @ DW_CHILDREN_yes
	.byte	17                              @ DW_AT_low_pc
	.byte	1                               @ DW_FORM_addr
	.byte	18                              @ DW_AT_high_pc
	.byte	6                               @ DW_FORM_data4
	.byte	64                              @ DW_AT_frame_base
	.byte	24                              @ DW_FORM_exprloc
	.ascii	"\227B"                         @ DW_AT_GNU_all_call_sites
	.byte	25                              @ DW_FORM_flag_present
	.byte	3                               @ DW_AT_name
	.byte	14                              @ DW_FORM_strp
	.byte	58                              @ DW_AT_decl_file
	.byte	11                              @ DW_FORM_data1
	.byte	59                              @ DW_AT_decl_line
	.byte	11                              @ DW_FORM_data1
	.byte	39                              @ DW_AT_prototyped
	.byte	25                              @ DW_FORM_flag_present
	.byte	73                              @ DW_AT_type
	.byte	19                              @ DW_FORM_ref4
	.byte	63                              @ DW_AT_external
	.byte	25                              @ DW_FORM_flag_present
	.byte	0                               @ EOM(1)
	.byte	0                               @ EOM(2)
	.byte	6                               @ Abbreviation Code
	.byte	5                               @ DW_TAG_formal_parameter
	.byte	0                               @ DW_CHILDREN_no
	.byte	2                               @ DW_AT_location
	.byte	23                              @ DW_FORM_sec_offset
	.byte	3                               @ DW_AT_name
	.byte	14                              @ DW_FORM_strp
	.byte	58                              @ DW_AT_decl_file
	.byte	11                              @ DW_FORM_data1
	.byte	59                              @ DW_AT_decl_line
	.byte	11                              @ DW_FORM_data1
	.byte	73                              @ DW_AT_type
	.byte	19                              @ DW_FORM_ref4
	.byte	0                               @ EOM(1)
	.byte	0                               @ EOM(2)
	.byte	7                               @ Abbreviation Code
	.byte	52                              @ DW_TAG_variable
	.byte	0                               @ DW_CHILDREN_no
	.byte	2                               @ DW_AT_location
	.byte	23                              @ DW_FORM_sec_offset
	.byte	3                               @ DW_AT_name
	.byte	14                              @ DW_FORM_strp
	.byte	58                              @ DW_AT_decl_file
	.byte	11                              @ DW_FORM_data1
	.byte	59                              @ DW_AT_decl_line
	.byte	11                              @ DW_FORM_data1
	.byte	73                              @ DW_AT_type
	.byte	19                              @ DW_FORM_ref4
	.byte	0                               @ EOM(1)
	.byte	0                               @ EOM(2)
	.byte	8                               @ Abbreviation Code
	.byte	22                              @ DW_TAG_typedef
	.byte	0                               @ DW_CHILDREN_no
	.byte	73                              @ DW_AT_type
	.byte	19                              @ DW_FORM_ref4
	.byte	3                               @ DW_AT_name
	.byte	14                              @ DW_FORM_strp
	.byte	58                              @ DW_AT_decl_file
	.byte	11                              @ DW_FORM_data1
	.byte	59                              @ DW_AT_decl_line
	.byte	11                              @ DW_FORM_data1
	.byte	0                               @ EOM(1)
	.byte	0                               @ EOM(2)
	.byte	9                               @ Abbreviation Code
	.byte	15                              @ DW_TAG_pointer_type
	.byte	0                               @ DW_CHILDREN_no
	.byte	73                              @ DW_AT_type
	.byte	19                              @ DW_FORM_ref4
	.byte	0                               @ EOM(1)
	.byte	0                               @ EOM(2)
	.byte	10                              @ Abbreviation Code
	.byte	19                              @ DW_TAG_structure_type
	.byte	1                               @ DW_CHILDREN_yes
	.byte	11                              @ DW_AT_byte_size
	.byte	11                              @ DW_FORM_data1
	.byte	58                              @ DW_AT_decl_file
	.byte	11                              @ DW_FORM_data1
	.byte	59                              @ DW_AT_decl_line
	.byte	11                              @ DW_FORM_data1
	.byte	0                               @ EOM(1)
	.byte	0                               @ EOM(2)
	.byte	11                              @ Abbreviation Code
	.byte	13                              @ DW_TAG_member
	.byte	0                               @ DW_CHILDREN_no
	.byte	3                               @ DW_AT_name
	.byte	14                              @ DW_FORM_strp
	.byte	73                              @ DW_AT_type
	.byte	19                              @ DW_FORM_ref4
	.byte	58                              @ DW_AT_decl_file
	.byte	11                              @ DW_FORM_data1
	.byte	59                              @ DW_AT_decl_line
	.byte	11                              @ DW_FORM_data1
	.byte	56                              @ DW_AT_data_member_location
	.byte	11                              @ DW_FORM_data1
	.byte	0                               @ EOM(1)
	.byte	0                               @ EOM(2)
	.byte	12                              @ Abbreviation Code
	.byte	22                              @ DW_TAG_typedef
	.byte	0                               @ DW_CHILDREN_no
	.byte	73                              @ DW_AT_type
	.byte	19                              @ DW_FORM_ref4
	.byte	3                               @ DW_AT_name
	.byte	14                              @ DW_FORM_strp
	.byte	58                              @ DW_AT_decl_file
	.byte	11                              @ DW_FORM_data1
	.byte	59                              @ DW_AT_decl_line
	.byte	5                               @ DW_FORM_data2
	.byte	0                               @ EOM(1)
	.byte	0                               @ EOM(2)
	.byte	13                              @ Abbreviation Code
	.byte	19                              @ DW_TAG_structure_type
	.byte	1                               @ DW_CHILDREN_yes
	.byte	11                              @ DW_AT_byte_size
	.byte	11                              @ DW_FORM_data1
	.byte	58                              @ DW_AT_decl_file
	.byte	11                              @ DW_FORM_data1
	.byte	59                              @ DW_AT_decl_line
	.byte	5                               @ DW_FORM_data2
	.byte	0                               @ EOM(1)
	.byte	0                               @ EOM(2)
	.byte	14                              @ Abbreviation Code
	.byte	13                              @ DW_TAG_member
	.byte	0                               @ DW_CHILDREN_no
	.byte	3                               @ DW_AT_name
	.byte	14                              @ DW_FORM_strp
	.byte	73                              @ DW_AT_type
	.byte	19                              @ DW_FORM_ref4
	.byte	58                              @ DW_AT_decl_file
	.byte	11                              @ DW_FORM_data1
	.byte	59                              @ DW_AT_decl_line
	.byte	5                               @ DW_FORM_data2
	.byte	56                              @ DW_AT_data_member_location
	.byte	11                              @ DW_FORM_data1
	.byte	0                               @ EOM(1)
	.byte	0                               @ EOM(2)
	.byte	15                              @ Abbreviation Code
	.byte	53                              @ DW_TAG_volatile_type
	.byte	0                               @ DW_CHILDREN_no
	.byte	73                              @ DW_AT_type
	.byte	19                              @ DW_FORM_ref4
	.byte	0                               @ EOM(1)
	.byte	0                               @ EOM(2)
	.byte	0                               @ EOM(3)
	.section	.debug_info,"",%progbits
.Lcu_begin0:
	.long	.Ldebug_info_end0-.Ldebug_info_start0 @ Length of Unit
.Ldebug_info_start0:
	.short	4                               @ DWARF version number
	.long	.debug_abbrev                   @ Offset Into Abbrev. Section
	.byte	4                               @ Address Size (in bytes)
	.byte	1                               @ Abbrev [1] 0xb:0x15f DW_TAG_compile_unit
	.long	.Linfo_string0                  @ DW_AT_producer
	.short	12                              @ DW_AT_language
	.long	.Linfo_string1                  @ DW_AT_name
	.long	.Lline_table_start0             @ DW_AT_stmt_list
	.long	.Linfo_string2                  @ DW_AT_comp_dir
	.long	0                               @ DW_AT_low_pc
	.long	.Ldebug_ranges0                 @ DW_AT_ranges
	.byte	2                               @ Abbrev [2] 0x26:0x21 DW_TAG_enumeration_type
	.long	71                              @ DW_AT_type
	.byte	1                               @ DW_AT_byte_size
	.byte	1                               @ DW_AT_decl_file
	.byte	39                              @ DW_AT_decl_line
	.byte	3                               @ Abbrev [3] 0x2e:0x6 DW_TAG_enumerator
	.long	.Linfo_string4                  @ DW_AT_name
	.byte	0                               @ DW_AT_const_value
	.byte	3                               @ Abbrev [3] 0x34:0x6 DW_TAG_enumerator
	.long	.Linfo_string5                  @ DW_AT_name
	.byte	1                               @ DW_AT_const_value
	.byte	3                               @ Abbrev [3] 0x3a:0x6 DW_TAG_enumerator
	.long	.Linfo_string6                  @ DW_AT_name
	.byte	2                               @ DW_AT_const_value
	.byte	3                               @ Abbrev [3] 0x40:0x6 DW_TAG_enumerator
	.long	.Linfo_string7                  @ DW_AT_name
	.byte	3                               @ DW_AT_const_value
	.byte	0                               @ End Of Children Mark
	.byte	4                               @ Abbrev [4] 0x47:0x7 DW_TAG_base_type
	.long	.Linfo_string3                  @ DW_AT_name
	.byte	8                               @ DW_AT_encoding
	.byte	1                               @ DW_AT_byte_size
	.byte	5                               @ Abbrev [5] 0x4e:0x34 DW_TAG_subprogram
	.long	.Lfunc_begin0                   @ DW_AT_low_pc
	.long	.Lfunc_end0-.Lfunc_begin0       @ DW_AT_high_pc
	.byte	1                               @ DW_AT_frame_base
	.byte	93
                                        @ DW_AT_GNU_all_call_sites
	.long	.Linfo_string8                  @ DW_AT_name
	.byte	2                               @ DW_AT_decl_file
	.byte	164                             @ DW_AT_decl_line
                                        @ DW_AT_prototyped
	.long	167                             @ DW_AT_type
                                        @ DW_AT_external
	.byte	6                               @ Abbrev [6] 0x63:0xf DW_TAG_formal_parameter
	.long	.Ldebug_loc0                    @ DW_AT_location
	.long	.Linfo_string11                 @ DW_AT_name
	.byte	2                               @ DW_AT_decl_file
	.byte	164                             @ DW_AT_decl_line
	.long	178                             @ DW_AT_type
	.byte	7                               @ Abbrev [7] 0x72:0xf DW_TAG_variable
	.long	.Ldebug_loc1                    @ DW_AT_location
	.long	.Linfo_string25                 @ DW_AT_name
	.byte	2                               @ DW_AT_decl_file
	.byte	166                             @ DW_AT_decl_line
	.long	303                             @ DW_AT_type
	.byte	0                               @ End Of Children Mark
	.byte	5                               @ Abbrev [5] 0x82:0x25 DW_TAG_subprogram
	.long	.Lfunc_begin1                   @ DW_AT_low_pc
	.long	.Lfunc_end1-.Lfunc_begin1       @ DW_AT_high_pc
	.byte	1                               @ DW_AT_frame_base
	.byte	93
                                        @ DW_AT_GNU_all_call_sites
	.long	.Linfo_string10                 @ DW_AT_name
	.byte	2                               @ DW_AT_decl_file
	.byte	238                             @ DW_AT_decl_line
                                        @ DW_AT_prototyped
	.long	167                             @ DW_AT_type
                                        @ DW_AT_external
	.byte	6                               @ Abbrev [6] 0x97:0xf DW_TAG_formal_parameter
	.long	.Ldebug_loc2                    @ DW_AT_location
	.long	.Linfo_string11                 @ DW_AT_name
	.byte	2                               @ DW_AT_decl_file
	.byte	238                             @ DW_AT_decl_line
	.long	178                             @ DW_AT_type
	.byte	0                               @ End Of Children Mark
	.byte	8                               @ Abbrev [8] 0xa7:0xb DW_TAG_typedef
	.long	38                              @ DW_AT_type
	.long	.Linfo_string9                  @ DW_AT_name
	.byte	1                               @ DW_AT_decl_file
	.byte	45                              @ DW_AT_decl_line
	.byte	9                               @ Abbrev [9] 0xb2:0x5 DW_TAG_pointer_type
	.long	183                             @ DW_AT_type
	.byte	8                               @ Abbrev [8] 0xb7:0xb DW_TAG_typedef
	.long	194                             @ DW_AT_type
	.long	.Linfo_string24                 @ DW_AT_name
	.byte	5                               @ DW_AT_decl_file
	.byte	65                              @ DW_AT_decl_line
	.byte	10                              @ Abbrev [10] 0xc2:0x1d DW_TAG_structure_type
	.byte	12                              @ DW_AT_byte_size
	.byte	5                               @ DW_AT_decl_file
	.byte	60                              @ DW_AT_decl_line
	.byte	11                              @ Abbrev [11] 0xc6:0xc DW_TAG_member
	.long	.Linfo_string12                 @ DW_AT_name
	.long	223                             @ DW_AT_type
	.byte	5                               @ DW_AT_decl_file
	.byte	62                              @ DW_AT_decl_line
	.byte	0                               @ DW_AT_data_member_location
	.byte	11                              @ Abbrev [11] 0xd2:0xc DW_TAG_member
	.long	.Linfo_string20                 @ DW_AT_name
	.long	321                             @ DW_AT_type
	.byte	5                               @ DW_AT_decl_file
	.byte	64                              @ DW_AT_decl_line
	.byte	4                               @ DW_AT_data_member_location
	.byte	0                               @ End Of Children Mark
	.byte	9                               @ Abbrev [9] 0xdf:0x5 DW_TAG_pointer_type
	.long	228                             @ DW_AT_type
	.byte	12                              @ Abbrev [12] 0xe4:0xc DW_TAG_typedef
	.long	240                             @ DW_AT_type
	.long	.Linfo_string19                 @ DW_AT_name
	.byte	4                               @ DW_AT_decl_file
	.short	629                             @ DW_AT_decl_line
	.byte	13                              @ Abbrev [13] 0xf0:0x3a DW_TAG_structure_type
	.byte	16                              @ DW_AT_byte_size
	.byte	4                               @ DW_AT_decl_file
	.short	623                             @ DW_AT_decl_line
	.byte	14                              @ Abbrev [14] 0xf5:0xd DW_TAG_member
	.long	.Linfo_string13                 @ DW_AT_name
	.long	298                             @ DW_AT_type
	.byte	4                               @ DW_AT_decl_file
	.short	625                             @ DW_AT_decl_line
	.byte	0                               @ DW_AT_data_member_location
	.byte	14                              @ Abbrev [14] 0x102:0xd DW_TAG_member
	.long	.Linfo_string16                 @ DW_AT_name
	.long	298                             @ DW_AT_type
	.byte	4                               @ DW_AT_decl_file
	.short	626                             @ DW_AT_decl_line
	.byte	4                               @ DW_AT_data_member_location
	.byte	14                              @ Abbrev [14] 0x10f:0xd DW_TAG_member
	.long	.Linfo_string17                 @ DW_AT_name
	.long	298                             @ DW_AT_type
	.byte	4                               @ DW_AT_decl_file
	.short	627                             @ DW_AT_decl_line
	.byte	8                               @ DW_AT_data_member_location
	.byte	14                              @ Abbrev [14] 0x11c:0xd DW_TAG_member
	.long	.Linfo_string18                 @ DW_AT_name
	.long	298                             @ DW_AT_type
	.byte	4                               @ DW_AT_decl_file
	.short	628                             @ DW_AT_decl_line
	.byte	12                              @ DW_AT_data_member_location
	.byte	0                               @ End Of Children Mark
	.byte	15                              @ Abbrev [15] 0x12a:0x5 DW_TAG_volatile_type
	.long	303                             @ DW_AT_type
	.byte	8                               @ Abbrev [8] 0x12f:0xb DW_TAG_typedef
	.long	314                             @ DW_AT_type
	.long	.Linfo_string15                 @ DW_AT_name
	.byte	3                               @ DW_AT_decl_file
	.byte	64                              @ DW_AT_decl_line
	.byte	4                               @ Abbrev [4] 0x13a:0x7 DW_TAG_base_type
	.long	.Linfo_string14                 @ DW_AT_name
	.byte	7                               @ DW_AT_encoding
	.byte	4                               @ DW_AT_byte_size
	.byte	8                               @ Abbrev [8] 0x141:0xb DW_TAG_typedef
	.long	332                             @ DW_AT_type
	.long	.Linfo_string23                 @ DW_AT_name
	.byte	5                               @ DW_AT_decl_file
	.byte	55                              @ DW_AT_decl_line
	.byte	10                              @ Abbrev [10] 0x14c:0x1d DW_TAG_structure_type
	.byte	8                               @ DW_AT_byte_size
	.byte	5                               @ DW_AT_decl_file
	.byte	47                              @ DW_AT_decl_line
	.byte	11                              @ Abbrev [11] 0x150:0xc DW_TAG_member
	.long	.Linfo_string21                 @ DW_AT_name
	.long	303                             @ DW_AT_type
	.byte	5                               @ DW_AT_decl_file
	.byte	49                              @ DW_AT_decl_line
	.byte	0                               @ DW_AT_data_member_location
	.byte	11                              @ Abbrev [11] 0x15c:0xc DW_TAG_member
	.long	.Linfo_string22                 @ DW_AT_name
	.long	303                             @ DW_AT_type
	.byte	5                               @ DW_AT_decl_file
	.byte	52                              @ DW_AT_decl_line
	.byte	4                               @ DW_AT_data_member_location
	.byte	0                               @ End Of Children Mark
	.byte	0                               @ End Of Children Mark
.Ldebug_info_end0:
	.section	.debug_ranges,"",%progbits
.Ldebug_ranges0:
	.long	.Lfunc_begin0
	.long	.Lfunc_end0
	.long	.Lfunc_begin1
	.long	.Lfunc_end1
	.long	0
	.long	0
	.section	.debug_str,"MS",%progbits,1
.Linfo_string0:
	.asciz	"Component: ARM Compiler 6.16 Tool: armclang [5dfeb700]" @ string offset=0
.Linfo_string1:
	.asciz	"../Library/STM32F4xx_HAL_Driver/Src\\stm32f4xx_hal_iwdg.c" @ string offset=55
.Linfo_string2:
	.asciz	"C:\\Users\\Hyacincher\\Desktop\\HyTelectrl\\Code\\Project" @ string offset=112
.Linfo_string3:
	.asciz	"unsigned char"                 @ string offset=164
.Linfo_string4:
	.asciz	"HAL_OK"                        @ string offset=178
.Linfo_string5:
	.asciz	"HAL_ERROR"                     @ string offset=185
.Linfo_string6:
	.asciz	"HAL_BUSY"                      @ string offset=195
.Linfo_string7:
	.asciz	"HAL_TIMEOUT"                   @ string offset=204
.Linfo_string8:
	.asciz	"HAL_IWDG_Init"                 @ string offset=216
.Linfo_string9:
	.asciz	"HAL_StatusTypeDef"             @ string offset=230
.Linfo_string10:
	.asciz	"HAL_IWDG_Refresh"              @ string offset=248
.Linfo_string11:
	.asciz	"hiwdg"                         @ string offset=265
.Linfo_string12:
	.asciz	"Instance"                      @ string offset=271
.Linfo_string13:
	.asciz	"KR"                            @ string offset=280
.Linfo_string14:
	.asciz	"unsigned int"                  @ string offset=283
.Linfo_string15:
	.asciz	"uint32_t"                      @ string offset=296
.Linfo_string16:
	.asciz	"PR"                            @ string offset=305
.Linfo_string17:
	.asciz	"RLR"                           @ string offset=308
.Linfo_string18:
	.asciz	"SR"                            @ string offset=312
.Linfo_string19:
	.asciz	"IWDG_TypeDef"                  @ string offset=315
.Linfo_string20:
	.asciz	"Init"                          @ string offset=328
.Linfo_string21:
	.asciz	"Prescaler"                     @ string offset=333
.Linfo_string22:
	.asciz	"Reload"                        @ string offset=343
.Linfo_string23:
	.asciz	"IWDG_InitTypeDef"              @ string offset=350
.Linfo_string24:
	.asciz	"IWDG_HandleTypeDef"            @ string offset=367
.Linfo_string25:
	.asciz	"tickstart"                     @ string offset=386
	.ident	"Component: ARM Compiler 6.16 Tool: armclang [5dfeb700]"
	.section	".note.GNU-stack","",%progbits
	.eabi_attribute	30, 3	@ Tag_ABI_optimization_goals
	.ARM_attribute	16, 1	@ Tag_AV_eba
	.section	.debug_line,"",%progbits
.Lline_table_start0:
