	.text
	.syntax unified
	.eabi_attribute	67, "2.09"	@ Tag_conformance
	.cpu	cortex-m4
	.eabi_attribute	6, 13	@ Tag_CPU_arch
	.eabi_attribute	7, 77	@ Tag_CPU_arch_profile
	.eabi_attribute	8, 0	@ Tag_ARM_ISA_use
	.eabi_attribute	9, 2	@ Tag_THUMB_ISA_use
	.fpu	fpv4-sp-d16
	.eabi_attribute	27, 1	@ Tag_ABI_HardFP_use
	.eabi_attribute	36, 1	@ Tag_FP_HP_extension
	.eabi_attribute	34, 1	@ Tag_CPU_unaligned_access
	.eabi_attribute	17, 1	@ Tag_ABI_PCS_GOT_use
	.eabi_attribute	20, 2	@ Tag_ABI_FP_denormal
	.eabi_attribute	21, 0	@ Tag_ABI_FP_exceptions
	.eabi_attribute	23, 1	@ Tag_ABI_FP_number_model
	.eabi_attribute	24, 1	@ Tag_ABI_align_needed
	.eabi_attribute	25, 1	@ Tag_ABI_align_preserved
	.eabi_attribute	28, 1	@ Tag_ABI_VFP_args
	.eabi_attribute	38, 1	@ Tag_ABI_FP_16bit_format
	.eabi_attribute	18, 2	@ Tag_ABI_PCS_wchar_t
	.eabi_attribute	26, 1	@ Tag_ABI_enum_size
	.eabi_attribute	14, 0	@ Tag_ABI_PCS_R9_use
	.file	"stm32f4xx_hal_wwdg.c"
	.file	1 "C:\\Users\\Hyacincher\\Desktop\\HyTelectrl\\Code\\Project" "../Library/STM32F4xx_HAL_Driver/Inc/stm32f4xx_hal_def.h"
	.file	2 "C:\\Users\\Hyacincher\\Desktop\\HyTelectrl\\Code\\Project" "../Library/CMSIS\\stm32f4xx.h"
	.section	.text.HAL_WWDG_Init,"ax",%progbits
	.hidden	HAL_WWDG_Init                   @ -- Begin function HAL_WWDG_Init
	.globl	HAL_WWDG_Init
	.p2align	2
	.type	HAL_WWDG_Init,%function
	.code	16                              @ @HAL_WWDG_Init
	.thumb_func
HAL_WWDG_Init:
.Lfunc_begin0:
	.file	3 "C:\\Users\\Hyacincher\\Desktop\\HyTelectrl\\Code\\Project" "../Library/STM32F4xx_HAL_Driver/Src/stm32f4xx_hal_wwdg.c"
	.loc	3 177 0                         @ ../Library/STM32F4xx_HAL_Driver/Src/stm32f4xx_hal_wwdg.c:177:0
	.fnstart
	.cfi_sections .debug_frame
	.cfi_startproc
@ %bb.0:
	.save	{r7, lr}
	push	{r7, lr}
	.cfi_def_cfa_offset 8
	.cfi_offset lr, -4
	.cfi_offset r7, -8
	.pad	#8
	sub	sp, #8
	.cfi_def_cfa_offset 16
	str	r0, [sp]
.Ltmp0:
	.loc	3 179 7 prologue_end            @ ../Library/STM32F4xx_HAL_Driver/Src/stm32f4xx_hal_wwdg.c:179:7
	ldr	r0, [sp]
.Ltmp1:
	.loc	3 179 7 is_stmt 0               @ ../Library/STM32F4xx_HAL_Driver/Src/stm32f4xx_hal_wwdg.c:179:7
	cbnz	r0, .LBB0_2
	b	.LBB0_1
.LBB0_1:
	.loc	3 0 7                           @ ../Library/STM32F4xx_HAL_Driver/Src/stm32f4xx_hal_wwdg.c:0:7
	movs	r0, #1
.Ltmp2:
	.loc	3 181 5 is_stmt 1               @ ../Library/STM32F4xx_HAL_Driver/Src/stm32f4xx_hal_wwdg.c:181:5
	strb.w	r0, [sp, #7]
	b	.LBB0_3
.Ltmp3:
.LBB0_2:
	.loc	3 207 20                        @ ../Library/STM32F4xx_HAL_Driver/Src/stm32f4xx_hal_wwdg.c:207:20
	ldr	r0, [sp]
	.loc	3 207 3 is_stmt 0               @ ../Library/STM32F4xx_HAL_Driver/Src/stm32f4xx_hal_wwdg.c:207:3
	bl	HAL_WWDG_MspInit
	.loc	3 211 3 is_stmt 1               @ ../Library/STM32F4xx_HAL_Driver/Src/stm32f4xx_hal_wwdg.c:211:3
	ldr	r0, [sp]
	ldr	r1, [r0]
	ldr	r0, [r0, #12]
	orr	r0, r0, #128
	str	r0, [r1]
	.loc	3 214 3                         @ ../Library/STM32F4xx_HAL_Driver/Src/stm32f4xx_hal_wwdg.c:214:3
	ldr	r0, [sp]
	ldr	r1, [r0]
	ldr	r3, [r0, #4]
	ldr	r2, [r0, #8]
	ldr	r0, [r0, #16]
	orrs	r0, r3
	orrs	r0, r2
	str	r0, [r1, #4]
	movs	r0, #0
	.loc	3 217 3                         @ ../Library/STM32F4xx_HAL_Driver/Src/stm32f4xx_hal_wwdg.c:217:3
	strb.w	r0, [sp, #7]
	b	.LBB0_3
.LBB0_3:
	.loc	3 218 1                         @ ../Library/STM32F4xx_HAL_Driver/Src/stm32f4xx_hal_wwdg.c:218:1
	ldrb.w	r0, [sp, #7]
	add	sp, #8
	pop	{r7, pc}
.Ltmp4:
.Lfunc_end0:
	.size	HAL_WWDG_Init, .Lfunc_end0-HAL_WWDG_Init
	.cfi_endproc
	.cantunwind
	.fnend
                                        @ -- End function
	.section	.text.HAL_WWDG_MspInit,"ax",%progbits
	.hidden	HAL_WWDG_MspInit                @ -- Begin function HAL_WWDG_MspInit
	.weak	HAL_WWDG_MspInit
	.p2align	2
	.type	HAL_WWDG_MspInit,%function
	.code	16                              @ @HAL_WWDG_MspInit
	.thumb_func
HAL_WWDG_MspInit:
.Lfunc_begin1:
	.loc	3 231 0                         @ ../Library/STM32F4xx_HAL_Driver/Src/stm32f4xx_hal_wwdg.c:231:0
	.fnstart
	.cfi_startproc
@ %bb.0:
	.pad	#4
	sub	sp, #4
	.cfi_def_cfa_offset 4
	str	r0, [sp]
.Ltmp5:
	.loc	3 238 1 prologue_end            @ ../Library/STM32F4xx_HAL_Driver/Src/stm32f4xx_hal_wwdg.c:238:1
	add	sp, #4
	bx	lr
.Ltmp6:
.Lfunc_end1:
	.size	HAL_WWDG_MspInit, .Lfunc_end1-HAL_WWDG_MspInit
	.cfi_endproc
	.cantunwind
	.fnend
                                        @ -- End function
	.section	.text.HAL_WWDG_Refresh,"ax",%progbits
	.hidden	HAL_WWDG_Refresh                @ -- Begin function HAL_WWDG_Refresh
	.globl	HAL_WWDG_Refresh
	.p2align	2
	.type	HAL_WWDG_Refresh,%function
	.code	16                              @ @HAL_WWDG_Refresh
	.thumb_func
HAL_WWDG_Refresh:
.Lfunc_begin2:
	.loc	3 344 0                         @ ../Library/STM32F4xx_HAL_Driver/Src/stm32f4xx_hal_wwdg.c:344:0
	.fnstart
	.cfi_startproc
@ %bb.0:
	.pad	#4
	sub	sp, #4
	.cfi_def_cfa_offset 4
	str	r0, [sp]
.Ltmp7:
	.loc	3 346 3 prologue_end            @ ../Library/STM32F4xx_HAL_Driver/Src/stm32f4xx_hal_wwdg.c:346:3
	ldr	r0, [sp]
	ldr	r1, [r0]
	ldr	r0, [r0, #12]
	str	r0, [r1]
	movs	r0, #0
	.loc	3 349 3                         @ ../Library/STM32F4xx_HAL_Driver/Src/stm32f4xx_hal_wwdg.c:349:3
	add	sp, #4
	bx	lr
.Ltmp8:
.Lfunc_end2:
	.size	HAL_WWDG_Refresh, .Lfunc_end2-HAL_WWDG_Refresh
	.cfi_endproc
	.cantunwind
	.fnend
                                        @ -- End function
	.section	.text.HAL_WWDG_IRQHandler,"ax",%progbits
	.hidden	HAL_WWDG_IRQHandler             @ -- Begin function HAL_WWDG_IRQHandler
	.globl	HAL_WWDG_IRQHandler
	.p2align	2
	.type	HAL_WWDG_IRQHandler,%function
	.code	16                              @ @HAL_WWDG_IRQHandler
	.thumb_func
HAL_WWDG_IRQHandler:
.Lfunc_begin3:
	.loc	3 367 0                         @ ../Library/STM32F4xx_HAL_Driver/Src/stm32f4xx_hal_wwdg.c:367:0
	.fnstart
	.cfi_startproc
@ %bb.0:
	.save	{r7, lr}
	push	{r7, lr}
	.cfi_def_cfa_offset 8
	.cfi_offset lr, -4
	.cfi_offset r7, -8
	.pad	#8
	sub	sp, #8
	.cfi_def_cfa_offset 16
	str	r0, [sp, #4]
.Ltmp9:
	.loc	3 369 7 prologue_end            @ ../Library/STM32F4xx_HAL_Driver/Src/stm32f4xx_hal_wwdg.c:369:7
	ldr	r0, [sp, #4]
	ldr	r0, [r0]
	ldr	r0, [r0, #4]
	and	r1, r0, #512
	movs	r0, #0
.Ltmp10:
	.loc	3 369 7 is_stmt 0               @ ../Library/STM32F4xx_HAL_Driver/Src/stm32f4xx_hal_wwdg.c:369:7
	cmp.w	r0, r1, lsr #9
	beq	.LBB3_4
	b	.LBB3_1
.LBB3_1:
.Ltmp11:
	.loc	3 372 9 is_stmt 1               @ ../Library/STM32F4xx_HAL_Driver/Src/stm32f4xx_hal_wwdg.c:372:9
	ldr	r0, [sp, #4]
	ldr	r0, [r0]
	ldr	r0, [r0, #8]
.Ltmp12:
	.loc	3 372 9 is_stmt 0               @ ../Library/STM32F4xx_HAL_Driver/Src/stm32f4xx_hal_wwdg.c:372:9
	lsls	r0, r0, #31
	cbz	r0, .LBB3_3
	b	.LBB3_2
.LBB3_2:
.Ltmp13:
	.loc	3 375 7 is_stmt 1               @ ../Library/STM32F4xx_HAL_Driver/Src/stm32f4xx_hal_wwdg.c:375:7
	ldr	r0, [sp, #4]
	ldr	r1, [r0]
	mvn	r0, #1
	str	r0, [r1, #8]
	.loc	3 382 36                        @ ../Library/STM32F4xx_HAL_Driver/Src/stm32f4xx_hal_wwdg.c:382:36
	ldr	r0, [sp, #4]
	.loc	3 382 7 is_stmt 0               @ ../Library/STM32F4xx_HAL_Driver/Src/stm32f4xx_hal_wwdg.c:382:7
	bl	HAL_WWDG_EarlyWakeupCallback
	.loc	3 384 5 is_stmt 1               @ ../Library/STM32F4xx_HAL_Driver/Src/stm32f4xx_hal_wwdg.c:384:5
	b	.LBB3_3
.Ltmp14:
.LBB3_3:
	.loc	3 385 3                         @ ../Library/STM32F4xx_HAL_Driver/Src/stm32f4xx_hal_wwdg.c:385:3
	b	.LBB3_4
.Ltmp15:
.LBB3_4:
	.loc	3 386 1                         @ ../Library/STM32F4xx_HAL_Driver/Src/stm32f4xx_hal_wwdg.c:386:1
	add	sp, #8
	pop	{r7, pc}
.Ltmp16:
.Lfunc_end3:
	.size	HAL_WWDG_IRQHandler, .Lfunc_end3-HAL_WWDG_IRQHandler
	.cfi_endproc
	.cantunwind
	.fnend
                                        @ -- End function
	.section	.text.HAL_WWDG_EarlyWakeupCallback,"ax",%progbits
	.hidden	HAL_WWDG_EarlyWakeupCallback    @ -- Begin function HAL_WWDG_EarlyWakeupCallback
	.weak	HAL_WWDG_EarlyWakeupCallback
	.p2align	2
	.type	HAL_WWDG_EarlyWakeupCallback,%function
	.code	16                              @ @HAL_WWDG_EarlyWakeupCallback
	.thumb_func
HAL_WWDG_EarlyWakeupCallback:
.Lfunc_begin4:
	.loc	3 396 0                         @ ../Library/STM32F4xx_HAL_Driver/Src/stm32f4xx_hal_wwdg.c:396:0
	.fnstart
	.cfi_startproc
@ %bb.0:
	.pad	#4
	sub	sp, #4
	.cfi_def_cfa_offset 4
	str	r0, [sp]
.Ltmp17:
	.loc	3 403 1 prologue_end            @ ../Library/STM32F4xx_HAL_Driver/Src/stm32f4xx_hal_wwdg.c:403:1
	add	sp, #4
	bx	lr
.Ltmp18:
.Lfunc_end4:
	.size	HAL_WWDG_EarlyWakeupCallback, .Lfunc_end4-HAL_WWDG_EarlyWakeupCallback
	.cfi_endproc
	.cantunwind
	.fnend
                                        @ -- End function
	.file	4 "D:\\Keil MDK\\ARM\\ARMCLANG\\Bin\\..\\include" "stdint.h"
	.file	5 "C:\\Users\\Hyacincher\\Desktop\\HyTelectrl\\Code\\Project" "../Library/CMSIS/stm32f429xx.h"
	.file	6 "C:\\Users\\Hyacincher\\Desktop\\HyTelectrl\\Code\\Project" "../Library/STM32F4xx_HAL_Driver/Inc\\stm32f4xx_hal_wwdg.h"
	.section	.debug_abbrev,"",%progbits
	.byte	1                               @ Abbreviation Code
	.byte	17                              @ DW_TAG_compile_unit
	.byte	1                               @ DW_CHILDREN_yes
	.byte	37                              @ DW_AT_producer
	.byte	14                              @ DW_FORM_strp
	.byte	19                              @ DW_AT_language
	.byte	5                               @ DW_FORM_data2
	.byte	3                               @ DW_AT_name
	.byte	14                              @ DW_FORM_strp
	.byte	16                              @ DW_AT_stmt_list
	.byte	23                              @ DW_FORM_sec_offset
	.byte	27                              @ DW_AT_comp_dir
	.byte	14                              @ DW_FORM_strp
	.byte	17                              @ DW_AT_low_pc
	.byte	1                               @ DW_FORM_addr
	.byte	85                              @ DW_AT_ranges
	.byte	23                              @ DW_FORM_sec_offset
	.byte	0                               @ EOM(1)
	.byte	0                               @ EOM(2)
	.byte	2                               @ Abbreviation Code
	.byte	4                               @ DW_TAG_enumeration_type
	.byte	1                               @ DW_CHILDREN_yes
	.byte	73                              @ DW_AT_type
	.byte	19                              @ DW_FORM_ref4
	.byte	11                              @ DW_AT_byte_size
	.byte	11                              @ DW_FORM_data1
	.byte	58                              @ DW_AT_decl_file
	.byte	11                              @ DW_FORM_data1
	.byte	59                              @ DW_AT_decl_line
	.byte	11                              @ DW_FORM_data1
	.byte	0                               @ EOM(1)
	.byte	0                               @ EOM(2)
	.byte	3                               @ Abbreviation Code
	.byte	40                              @ DW_TAG_enumerator
	.byte	0                               @ DW_CHILDREN_no
	.byte	3                               @ DW_AT_name
	.byte	14                              @ DW_FORM_strp
	.byte	28                              @ DW_AT_const_value
	.byte	15                              @ DW_FORM_udata
	.byte	0                               @ EOM(1)
	.byte	0                               @ EOM(2)
	.byte	4                               @ Abbreviation Code
	.byte	36                              @ DW_TAG_base_type
	.byte	0                               @ DW_CHILDREN_no
	.byte	3                               @ DW_AT_name
	.byte	14                              @ DW_FORM_strp
	.byte	62                              @ DW_AT_encoding
	.byte	11                              @ DW_FORM_data1
	.byte	11                              @ DW_AT_byte_size
	.byte	11                              @ DW_FORM_data1
	.byte	0                               @ EOM(1)
	.byte	0                               @ EOM(2)
	.byte	5                               @ Abbreviation Code
	.byte	46                              @ DW_TAG_subprogram
	.byte	1                               @ DW_CHILDREN_yes
	.byte	17                              @ DW_AT_low_pc
	.byte	1                               @ DW_FORM_addr
	.byte	18                              @ DW_AT_high_pc
	.byte	6                               @ DW_FORM_data4
	.byte	64                              @ DW_AT_frame_base
	.byte	24                              @ DW_FORM_exprloc
	.byte	3                               @ DW_AT_name
	.byte	14                              @ DW_FORM_strp
	.byte	58                              @ DW_AT_decl_file
	.byte	11                              @ DW_FORM_data1
	.byte	59                              @ DW_AT_decl_line
	.byte	11                              @ DW_FORM_data1
	.byte	39                              @ DW_AT_prototyped
	.byte	25                              @ DW_FORM_flag_present
	.byte	73                              @ DW_AT_type
	.byte	19                              @ DW_FORM_ref4
	.byte	63                              @ DW_AT_external
	.byte	25                              @ DW_FORM_flag_present
	.byte	0                               @ EOM(1)
	.byte	0                               @ EOM(2)
	.byte	6                               @ Abbreviation Code
	.byte	5                               @ DW_TAG_formal_parameter
	.byte	0                               @ DW_CHILDREN_no
	.byte	2                               @ DW_AT_location
	.byte	24                              @ DW_FORM_exprloc
	.byte	3                               @ DW_AT_name
	.byte	14                              @ DW_FORM_strp
	.byte	58                              @ DW_AT_decl_file
	.byte	11                              @ DW_FORM_data1
	.byte	59                              @ DW_AT_decl_line
	.byte	11                              @ DW_FORM_data1
	.byte	73                              @ DW_AT_type
	.byte	19                              @ DW_FORM_ref4
	.byte	0                               @ EOM(1)
	.byte	0                               @ EOM(2)
	.byte	7                               @ Abbreviation Code
	.byte	46                              @ DW_TAG_subprogram
	.byte	1                               @ DW_CHILDREN_yes
	.byte	17                              @ DW_AT_low_pc
	.byte	1                               @ DW_FORM_addr
	.byte	18                              @ DW_AT_high_pc
	.byte	6                               @ DW_FORM_data4
	.byte	64                              @ DW_AT_frame_base
	.byte	24                              @ DW_FORM_exprloc
	.byte	3                               @ DW_AT_name
	.byte	14                              @ DW_FORM_strp
	.byte	58                              @ DW_AT_decl_file
	.byte	11                              @ DW_FORM_data1
	.byte	59                              @ DW_AT_decl_line
	.byte	11                              @ DW_FORM_data1
	.byte	39                              @ DW_AT_prototyped
	.byte	25                              @ DW_FORM_flag_present
	.byte	63                              @ DW_AT_external
	.byte	25                              @ DW_FORM_flag_present
	.byte	0                               @ EOM(1)
	.byte	0                               @ EOM(2)
	.byte	8                               @ Abbreviation Code
	.byte	46                              @ DW_TAG_subprogram
	.byte	1                               @ DW_CHILDREN_yes
	.byte	17                              @ DW_AT_low_pc
	.byte	1                               @ DW_FORM_addr
	.byte	18                              @ DW_AT_high_pc
	.byte	6                               @ DW_FORM_data4
	.byte	64                              @ DW_AT_frame_base
	.byte	24                              @ DW_FORM_exprloc
	.byte	3                               @ DW_AT_name
	.byte	14                              @ DW_FORM_strp
	.byte	58                              @ DW_AT_decl_file
	.byte	11                              @ DW_FORM_data1
	.byte	59                              @ DW_AT_decl_line
	.byte	5                               @ DW_FORM_data2
	.byte	39                              @ DW_AT_prototyped
	.byte	25                              @ DW_FORM_flag_present
	.byte	73                              @ DW_AT_type
	.byte	19                              @ DW_FORM_ref4
	.byte	63                              @ DW_AT_external
	.byte	25                              @ DW_FORM_flag_present
	.byte	0                               @ EOM(1)
	.byte	0                               @ EOM(2)
	.byte	9                               @ Abbreviation Code
	.byte	5                               @ DW_TAG_formal_parameter
	.byte	0                               @ DW_CHILDREN_no
	.byte	2                               @ DW_AT_location
	.byte	24                              @ DW_FORM_exprloc
	.byte	3                               @ DW_AT_name
	.byte	14                              @ DW_FORM_strp
	.byte	58                              @ DW_AT_decl_file
	.byte	11                              @ DW_FORM_data1
	.byte	59                              @ DW_AT_decl_line
	.byte	5                               @ DW_FORM_data2
	.byte	73                              @ DW_AT_type
	.byte	19                              @ DW_FORM_ref4
	.byte	0                               @ EOM(1)
	.byte	0                               @ EOM(2)
	.byte	10                              @ Abbreviation Code
	.byte	46                              @ DW_TAG_subprogram
	.byte	1                               @ DW_CHILDREN_yes
	.byte	17                              @ DW_AT_low_pc
	.byte	1                               @ DW_FORM_addr
	.byte	18                              @ DW_AT_high_pc
	.byte	6                               @ DW_FORM_data4
	.byte	64                              @ DW_AT_frame_base
	.byte	24                              @ DW_FORM_exprloc
	.byte	3                               @ DW_AT_name
	.byte	14                              @ DW_FORM_strp
	.byte	58                              @ DW_AT_decl_file
	.byte	11                              @ DW_FORM_data1
	.byte	59                              @ DW_AT_decl_line
	.byte	5                               @ DW_FORM_data2
	.byte	39                              @ DW_AT_prototyped
	.byte	25                              @ DW_FORM_flag_present
	.byte	63                              @ DW_AT_external
	.byte	25                              @ DW_FORM_flag_present
	.byte	0                               @ EOM(1)
	.byte	0                               @ EOM(2)
	.byte	11                              @ Abbreviation Code
	.byte	22                              @ DW_TAG_typedef
	.byte	0                               @ DW_CHILDREN_no
	.byte	73                              @ DW_AT_type
	.byte	19                              @ DW_FORM_ref4
	.byte	3                               @ DW_AT_name
	.byte	14                              @ DW_FORM_strp
	.byte	58                              @ DW_AT_decl_file
	.byte	11                              @ DW_FORM_data1
	.byte	59                              @ DW_AT_decl_line
	.byte	11                              @ DW_FORM_data1
	.byte	0                               @ EOM(1)
	.byte	0                               @ EOM(2)
	.byte	12                              @ Abbreviation Code
	.byte	15                              @ DW_TAG_pointer_type
	.byte	0                               @ DW_CHILDREN_no
	.byte	73                              @ DW_AT_type
	.byte	19                              @ DW_FORM_ref4
	.byte	0                               @ EOM(1)
	.byte	0                               @ EOM(2)
	.byte	13                              @ Abbreviation Code
	.byte	19                              @ DW_TAG_structure_type
	.byte	1                               @ DW_CHILDREN_yes
	.byte	11                              @ DW_AT_byte_size
	.byte	11                              @ DW_FORM_data1
	.byte	58                              @ DW_AT_decl_file
	.byte	11                              @ DW_FORM_data1
	.byte	59                              @ DW_AT_decl_line
	.byte	11                              @ DW_FORM_data1
	.byte	0                               @ EOM(1)
	.byte	0                               @ EOM(2)
	.byte	14                              @ Abbreviation Code
	.byte	13                              @ DW_TAG_member
	.byte	0                               @ DW_CHILDREN_no
	.byte	3                               @ DW_AT_name
	.byte	14                              @ DW_FORM_strp
	.byte	73                              @ DW_AT_type
	.byte	19                              @ DW_FORM_ref4
	.byte	58                              @ DW_AT_decl_file
	.byte	11                              @ DW_FORM_data1
	.byte	59                              @ DW_AT_decl_line
	.byte	11                              @ DW_FORM_data1
	.byte	56                              @ DW_AT_data_member_location
	.byte	11                              @ DW_FORM_data1
	.byte	0                               @ EOM(1)
	.byte	0                               @ EOM(2)
	.byte	15                              @ Abbreviation Code
	.byte	22                              @ DW_TAG_typedef
	.byte	0                               @ DW_CHILDREN_no
	.byte	73                              @ DW_AT_type
	.byte	19                              @ DW_FORM_ref4
	.byte	3                               @ DW_AT_name
	.byte	14                              @ DW_FORM_strp
	.byte	58                              @ DW_AT_decl_file
	.byte	11                              @ DW_FORM_data1
	.byte	59                              @ DW_AT_decl_line
	.byte	5                               @ DW_FORM_data2
	.byte	0                               @ EOM(1)
	.byte	0                               @ EOM(2)
	.byte	16                              @ Abbreviation Code
	.byte	19                              @ DW_TAG_structure_type
	.byte	1                               @ DW_CHILDREN_yes
	.byte	11                              @ DW_AT_byte_size
	.byte	11                              @ DW_FORM_data1
	.byte	58                              @ DW_AT_decl_file
	.byte	11                              @ DW_FORM_data1
	.byte	59                              @ DW_AT_decl_line
	.byte	5                               @ DW_FORM_data2
	.byte	0                               @ EOM(1)
	.byte	0                               @ EOM(2)
	.byte	17                              @ Abbreviation Code
	.byte	13                              @ DW_TAG_member
	.byte	0                               @ DW_CHILDREN_no
	.byte	3                               @ DW_AT_name
	.byte	14                              @ DW_FORM_strp
	.byte	73                              @ DW_AT_type
	.byte	19                              @ DW_FORM_ref4
	.byte	58                              @ DW_AT_decl_file
	.byte	11                              @ DW_FORM_data1
	.byte	59                              @ DW_AT_decl_line
	.byte	5                               @ DW_FORM_data2
	.byte	56                              @ DW_AT_data_member_location
	.byte	11                              @ DW_FORM_data1
	.byte	0                               @ EOM(1)
	.byte	0                               @ EOM(2)
	.byte	18                              @ Abbreviation Code
	.byte	53                              @ DW_TAG_volatile_type
	.byte	0                               @ DW_CHILDREN_no
	.byte	73                              @ DW_AT_type
	.byte	19                              @ DW_FORM_ref4
	.byte	0                               @ EOM(1)
	.byte	0                               @ EOM(2)
	.byte	0                               @ EOM(3)
	.section	.debug_info,"",%progbits
.Lcu_begin0:
	.long	.Ldebug_info_end0-.Ldebug_info_start0 @ Length of Unit
.Ldebug_info_start0:
	.short	4                               @ DWARF version number
	.long	.debug_abbrev                   @ Offset Into Abbrev. Section
	.byte	4                               @ Address Size (in bytes)
	.byte	1                               @ Abbrev [1] 0xb:0x1d4 DW_TAG_compile_unit
	.long	.Linfo_string0                  @ DW_AT_producer
	.short	12                              @ DW_AT_language
	.long	.Linfo_string1                  @ DW_AT_name
	.long	.Lline_table_start0             @ DW_AT_stmt_list
	.long	.Linfo_string2                  @ DW_AT_comp_dir
	.long	0                               @ DW_AT_low_pc
	.long	.Ldebug_ranges0                 @ DW_AT_ranges
	.byte	2                               @ Abbrev [2] 0x26:0x21 DW_TAG_enumeration_type
	.long	71                              @ DW_AT_type
	.byte	1                               @ DW_AT_byte_size
	.byte	1                               @ DW_AT_decl_file
	.byte	39                              @ DW_AT_decl_line
	.byte	3                               @ Abbrev [3] 0x2e:0x6 DW_TAG_enumerator
	.long	.Linfo_string4                  @ DW_AT_name
	.byte	0                               @ DW_AT_const_value
	.byte	3                               @ Abbrev [3] 0x34:0x6 DW_TAG_enumerator
	.long	.Linfo_string5                  @ DW_AT_name
	.byte	1                               @ DW_AT_const_value
	.byte	3                               @ Abbrev [3] 0x3a:0x6 DW_TAG_enumerator
	.long	.Linfo_string6                  @ DW_AT_name
	.byte	2                               @ DW_AT_const_value
	.byte	3                               @ Abbrev [3] 0x40:0x6 DW_TAG_enumerator
	.long	.Linfo_string7                  @ DW_AT_name
	.byte	3                               @ DW_AT_const_value
	.byte	0                               @ End Of Children Mark
	.byte	4                               @ Abbrev [4] 0x47:0x7 DW_TAG_base_type
	.long	.Linfo_string3                  @ DW_AT_name
	.byte	8                               @ DW_AT_encoding
	.byte	1                               @ DW_AT_byte_size
	.byte	2                               @ Abbrev [2] 0x4e:0x15 DW_TAG_enumeration_type
	.long	71                              @ DW_AT_type
	.byte	1                               @ DW_AT_byte_size
	.byte	2                               @ DW_AT_decl_file
	.byte	185                             @ DW_AT_decl_line
	.byte	3                               @ Abbrev [3] 0x56:0x6 DW_TAG_enumerator
	.long	.Linfo_string8                  @ DW_AT_name
	.byte	0                               @ DW_AT_const_value
	.byte	3                               @ Abbrev [3] 0x5c:0x6 DW_TAG_enumerator
	.long	.Linfo_string9                  @ DW_AT_name
	.byte	1                               @ DW_AT_const_value
	.byte	0                               @ End Of Children Mark
	.byte	5                               @ Abbrev [5] 0x63:0x24 DW_TAG_subprogram
	.long	.Lfunc_begin0                   @ DW_AT_low_pc
	.long	.Lfunc_end0-.Lfunc_begin0       @ DW_AT_high_pc
	.byte	1                               @ DW_AT_frame_base
	.byte	93
	.long	.Linfo_string10                 @ DW_AT_name
	.byte	3                               @ DW_AT_decl_file
	.byte	176                             @ DW_AT_decl_line
                                        @ DW_AT_prototyped
	.long	273                             @ DW_AT_type
                                        @ DW_AT_external
	.byte	6                               @ Abbrev [6] 0x78:0xe DW_TAG_formal_parameter
	.byte	2                               @ DW_AT_location
	.byte	145
	.byte	0
	.long	.Linfo_string16                 @ DW_AT_name
	.byte	3                               @ DW_AT_decl_file
	.byte	176                             @ DW_AT_decl_line
	.long	284                             @ DW_AT_type
	.byte	0                               @ End Of Children Mark
	.byte	7                               @ Abbrev [7] 0x87:0x20 DW_TAG_subprogram
	.long	.Lfunc_begin1                   @ DW_AT_low_pc
	.long	.Lfunc_end1-.Lfunc_begin1       @ DW_AT_high_pc
	.byte	1                               @ DW_AT_frame_base
	.byte	93
	.long	.Linfo_string12                 @ DW_AT_name
	.byte	3                               @ DW_AT_decl_file
	.byte	230                             @ DW_AT_decl_line
                                        @ DW_AT_prototyped
                                        @ DW_AT_external
	.byte	6                               @ Abbrev [6] 0x98:0xe DW_TAG_formal_parameter
	.byte	2                               @ DW_AT_location
	.byte	145
	.byte	0
	.long	.Linfo_string16                 @ DW_AT_name
	.byte	3                               @ DW_AT_decl_file
	.byte	230                             @ DW_AT_decl_line
	.long	284                             @ DW_AT_type
	.byte	0                               @ End Of Children Mark
	.byte	8                               @ Abbrev [8] 0xa7:0x26 DW_TAG_subprogram
	.long	.Lfunc_begin2                   @ DW_AT_low_pc
	.long	.Lfunc_end2-.Lfunc_begin2       @ DW_AT_high_pc
	.byte	1                               @ DW_AT_frame_base
	.byte	93
	.long	.Linfo_string13                 @ DW_AT_name
	.byte	3                               @ DW_AT_decl_file
	.short	343                             @ DW_AT_decl_line
                                        @ DW_AT_prototyped
	.long	273                             @ DW_AT_type
                                        @ DW_AT_external
	.byte	9                               @ Abbrev [9] 0xbd:0xf DW_TAG_formal_parameter
	.byte	2                               @ DW_AT_location
	.byte	145
	.byte	0
	.long	.Linfo_string16                 @ DW_AT_name
	.byte	3                               @ DW_AT_decl_file
	.short	343                             @ DW_AT_decl_line
	.long	284                             @ DW_AT_type
	.byte	0                               @ End Of Children Mark
	.byte	10                              @ Abbrev [10] 0xcd:0x22 DW_TAG_subprogram
	.long	.Lfunc_begin3                   @ DW_AT_low_pc
	.long	.Lfunc_end3-.Lfunc_begin3       @ DW_AT_high_pc
	.byte	1                               @ DW_AT_frame_base
	.byte	93
	.long	.Linfo_string14                 @ DW_AT_name
	.byte	3                               @ DW_AT_decl_file
	.short	366                             @ DW_AT_decl_line
                                        @ DW_AT_prototyped
                                        @ DW_AT_external
	.byte	9                               @ Abbrev [9] 0xdf:0xf DW_TAG_formal_parameter
	.byte	2                               @ DW_AT_location
	.byte	145
	.byte	4
	.long	.Linfo_string16                 @ DW_AT_name
	.byte	3                               @ DW_AT_decl_file
	.short	366                             @ DW_AT_decl_line
	.long	284                             @ DW_AT_type
	.byte	0                               @ End Of Children Mark
	.byte	10                              @ Abbrev [10] 0xef:0x22 DW_TAG_subprogram
	.long	.Lfunc_begin4                   @ DW_AT_low_pc
	.long	.Lfunc_end4-.Lfunc_begin4       @ DW_AT_high_pc
	.byte	1                               @ DW_AT_frame_base
	.byte	93
	.long	.Linfo_string15                 @ DW_AT_name
	.byte	3                               @ DW_AT_decl_file
	.short	395                             @ DW_AT_decl_line
                                        @ DW_AT_prototyped
                                        @ DW_AT_external
	.byte	9                               @ Abbrev [9] 0x101:0xf DW_TAG_formal_parameter
	.byte	2                               @ DW_AT_location
	.byte	145
	.byte	0
	.long	.Linfo_string16                 @ DW_AT_name
	.byte	3                               @ DW_AT_decl_file
	.short	395                             @ DW_AT_decl_line
	.long	284                             @ DW_AT_type
	.byte	0                               @ End Of Children Mark
	.byte	11                              @ Abbrev [11] 0x111:0xb DW_TAG_typedef
	.long	38                              @ DW_AT_type
	.long	.Linfo_string11                 @ DW_AT_name
	.byte	1                               @ DW_AT_decl_file
	.byte	45                              @ DW_AT_decl_line
	.byte	12                              @ Abbrev [12] 0x11c:0x5 DW_TAG_pointer_type
	.long	289                             @ DW_AT_type
	.byte	11                              @ Abbrev [11] 0x121:0xb DW_TAG_typedef
	.long	300                             @ DW_AT_type
	.long	.Linfo_string30                 @ DW_AT_name
	.byte	6                               @ DW_AT_decl_file
	.byte	82                              @ DW_AT_decl_line
	.byte	13                              @ Abbrev [13] 0x12c:0x1d DW_TAG_structure_type
	.byte	20                              @ DW_AT_byte_size
	.byte	6                               @ DW_AT_decl_file
	.byte	70                              @ DW_AT_decl_line
	.byte	14                              @ Abbrev [14] 0x130:0xc DW_TAG_member
	.long	.Linfo_string17                 @ DW_AT_name
	.long	329                             @ DW_AT_type
	.byte	6                               @ DW_AT_decl_file
	.byte	73                              @ DW_AT_decl_line
	.byte	0                               @ DW_AT_data_member_location
	.byte	14                              @ Abbrev [14] 0x13c:0xc DW_TAG_member
	.long	.Linfo_string24                 @ DW_AT_name
	.long	414                             @ DW_AT_type
	.byte	6                               @ DW_AT_decl_file
	.byte	75                              @ DW_AT_decl_line
	.byte	4                               @ DW_AT_data_member_location
	.byte	0                               @ End Of Children Mark
	.byte	12                              @ Abbrev [12] 0x149:0x5 DW_TAG_pointer_type
	.long	334                             @ DW_AT_type
	.byte	15                              @ Abbrev [15] 0x14e:0xc DW_TAG_typedef
	.long	346                             @ DW_AT_type
	.long	.Linfo_string23                 @ DW_AT_name
	.byte	5                               @ DW_AT_decl_file
	.short	896                             @ DW_AT_decl_line
	.byte	16                              @ Abbrev [16] 0x15a:0x2d DW_TAG_structure_type
	.byte	12                              @ DW_AT_byte_size
	.byte	5                               @ DW_AT_decl_file
	.short	891                             @ DW_AT_decl_line
	.byte	17                              @ Abbrev [17] 0x15f:0xd DW_TAG_member
	.long	.Linfo_string18                 @ DW_AT_name
	.long	391                             @ DW_AT_type
	.byte	5                               @ DW_AT_decl_file
	.short	893                             @ DW_AT_decl_line
	.byte	0                               @ DW_AT_data_member_location
	.byte	17                              @ Abbrev [17] 0x16c:0xd DW_TAG_member
	.long	.Linfo_string21                 @ DW_AT_name
	.long	391                             @ DW_AT_type
	.byte	5                               @ DW_AT_decl_file
	.short	894                             @ DW_AT_decl_line
	.byte	4                               @ DW_AT_data_member_location
	.byte	17                              @ Abbrev [17] 0x179:0xd DW_TAG_member
	.long	.Linfo_string22                 @ DW_AT_name
	.long	391                             @ DW_AT_type
	.byte	5                               @ DW_AT_decl_file
	.short	895                             @ DW_AT_decl_line
	.byte	8                               @ DW_AT_data_member_location
	.byte	0                               @ End Of Children Mark
	.byte	18                              @ Abbrev [18] 0x187:0x5 DW_TAG_volatile_type
	.long	396                             @ DW_AT_type
	.byte	11                              @ Abbrev [11] 0x18c:0xb DW_TAG_typedef
	.long	407                             @ DW_AT_type
	.long	.Linfo_string20                 @ DW_AT_name
	.byte	4                               @ DW_AT_decl_file
	.byte	64                              @ DW_AT_decl_line
	.byte	4                               @ Abbrev [4] 0x197:0x7 DW_TAG_base_type
	.long	.Linfo_string19                 @ DW_AT_name
	.byte	7                               @ DW_AT_encoding
	.byte	4                               @ DW_AT_byte_size
	.byte	11                              @ Abbrev [11] 0x19e:0xb DW_TAG_typedef
	.long	425                             @ DW_AT_type
	.long	.Linfo_string29                 @ DW_AT_name
	.byte	6                               @ DW_AT_decl_file
	.byte	62                              @ DW_AT_decl_line
	.byte	13                              @ Abbrev [13] 0x1a9:0x35 DW_TAG_structure_type
	.byte	16                              @ DW_AT_byte_size
	.byte	6                               @ DW_AT_decl_file
	.byte	48                              @ DW_AT_decl_line
	.byte	14                              @ Abbrev [14] 0x1ad:0xc DW_TAG_member
	.long	.Linfo_string25                 @ DW_AT_name
	.long	396                             @ DW_AT_type
	.byte	6                               @ DW_AT_decl_file
	.byte	50                              @ DW_AT_decl_line
	.byte	0                               @ DW_AT_data_member_location
	.byte	14                              @ Abbrev [14] 0x1b9:0xc DW_TAG_member
	.long	.Linfo_string26                 @ DW_AT_name
	.long	396                             @ DW_AT_type
	.byte	6                               @ DW_AT_decl_file
	.byte	53                              @ DW_AT_decl_line
	.byte	4                               @ DW_AT_data_member_location
	.byte	14                              @ Abbrev [14] 0x1c5:0xc DW_TAG_member
	.long	.Linfo_string27                 @ DW_AT_name
	.long	396                             @ DW_AT_type
	.byte	6                               @ DW_AT_decl_file
	.byte	56                              @ DW_AT_decl_line
	.byte	8                               @ DW_AT_data_member_location
	.byte	14                              @ Abbrev [14] 0x1d1:0xc DW_TAG_member
	.long	.Linfo_string28                 @ DW_AT_name
	.long	396                             @ DW_AT_type
	.byte	6                               @ DW_AT_decl_file
	.byte	59                              @ DW_AT_decl_line
	.byte	12                              @ DW_AT_data_member_location
	.byte	0                               @ End Of Children Mark
	.byte	0                               @ End Of Children Mark
.Ldebug_info_end0:
	.section	.debug_ranges,"",%progbits
.Ldebug_ranges0:
	.long	.Lfunc_begin0
	.long	.Lfunc_end0
	.long	.Lfunc_begin1
	.long	.Lfunc_end1
	.long	.Lfunc_begin2
	.long	.Lfunc_end2
	.long	.Lfunc_begin3
	.long	.Lfunc_end3
	.long	.Lfunc_begin4
	.long	.Lfunc_end4
	.long	0
	.long	0
	.section	.debug_str,"MS",%progbits,1
.Linfo_string0:
	.asciz	"Component: ARM Compiler 6.16 Tool: armclang [5dfeb700]" @ string offset=0
.Linfo_string1:
	.asciz	"../Library/STM32F4xx_HAL_Driver/Src\\stm32f4xx_hal_wwdg.c" @ string offset=55
.Linfo_string2:
	.asciz	"C:\\Users\\Hyacincher\\Desktop\\HyTelectrl\\Code\\Project" @ string offset=112
.Linfo_string3:
	.asciz	"unsigned char"                 @ string offset=164
.Linfo_string4:
	.asciz	"HAL_OK"                        @ string offset=178
.Linfo_string5:
	.asciz	"HAL_ERROR"                     @ string offset=185
.Linfo_string6:
	.asciz	"HAL_BUSY"                      @ string offset=195
.Linfo_string7:
	.asciz	"HAL_TIMEOUT"                   @ string offset=204
.Linfo_string8:
	.asciz	"RESET"                         @ string offset=216
.Linfo_string9:
	.asciz	"SET"                           @ string offset=222
.Linfo_string10:
	.asciz	"HAL_WWDG_Init"                 @ string offset=226
.Linfo_string11:
	.asciz	"HAL_StatusTypeDef"             @ string offset=240
.Linfo_string12:
	.asciz	"HAL_WWDG_MspInit"              @ string offset=258
.Linfo_string13:
	.asciz	"HAL_WWDG_Refresh"              @ string offset=275
.Linfo_string14:
	.asciz	"HAL_WWDG_IRQHandler"           @ string offset=292
.Linfo_string15:
	.asciz	"HAL_WWDG_EarlyWakeupCallback"  @ string offset=312
.Linfo_string16:
	.asciz	"hwwdg"                         @ string offset=341
.Linfo_string17:
	.asciz	"Instance"                      @ string offset=347
.Linfo_string18:
	.asciz	"CR"                            @ string offset=356
.Linfo_string19:
	.asciz	"unsigned int"                  @ string offset=359
.Linfo_string20:
	.asciz	"uint32_t"                      @ string offset=372
.Linfo_string21:
	.asciz	"CFR"                           @ string offset=381
.Linfo_string22:
	.asciz	"SR"                            @ string offset=385
.Linfo_string23:
	.asciz	"WWDG_TypeDef"                  @ string offset=388
.Linfo_string24:
	.asciz	"Init"                          @ string offset=401
.Linfo_string25:
	.asciz	"Prescaler"                     @ string offset=406
.Linfo_string26:
	.asciz	"Window"                        @ string offset=416
.Linfo_string27:
	.asciz	"Counter"                       @ string offset=423
.Linfo_string28:
	.asciz	"EWIMode"                       @ string offset=431
.Linfo_string29:
	.asciz	"WWDG_InitTypeDef"              @ string offset=439
.Linfo_string30:
	.asciz	"WWDG_HandleTypeDef"            @ string offset=456
	.ident	"Component: ARM Compiler 6.16 Tool: armclang [5dfeb700]"
	.section	".note.GNU-stack","",%progbits
	.eabi_attribute	30, 6	@ Tag_ABI_optimization_goals
	.ARM_attribute	16, 1	@ Tag_AV_eba
	.section	.debug_line,"",%progbits
.Lline_table_start0:
