	.text
	.syntax unified
	.eabi_attribute	67, "2.09"	@ Tag_conformance
	.cpu	cortex-m4
	.eabi_attribute	6, 13	@ Tag_CPU_arch
	.eabi_attribute	7, 77	@ Tag_CPU_arch_profile
	.eabi_attribute	8, 0	@ Tag_ARM_ISA_use
	.eabi_attribute	9, 2	@ Tag_THUMB_ISA_use
	.fpu	fpv4-sp-d16
	.eabi_attribute	27, 1	@ Tag_ABI_HardFP_use
	.eabi_attribute	36, 1	@ Tag_FP_HP_extension
	.eabi_attribute	34, 1	@ Tag_CPU_unaligned_access
	.eabi_attribute	17, 1	@ Tag_ABI_PCS_GOT_use
	.eabi_attribute	20, 2	@ Tag_ABI_FP_denormal
	.eabi_attribute	21, 0	@ Tag_ABI_FP_exceptions
	.eabi_attribute	23, 1	@ Tag_ABI_FP_number_model
	.eabi_attribute	24, 1	@ Tag_ABI_align_needed
	.eabi_attribute	25, 1	@ Tag_ABI_align_preserved
	.eabi_attribute	28, 1	@ Tag_ABI_VFP_args
	.eabi_attribute	38, 1	@ Tag_ABI_FP_16bit_format
	.eabi_attribute	18, 2	@ Tag_ABI_PCS_wchar_t
	.eabi_attribute	26, 1	@ Tag_ABI_enum_size
	.eabi_attribute	14, 0	@ Tag_ABI_PCS_R9_use
	.file	"stm32f4xx_hal_iwdg.c"
	.file	1 "C:\\Users\\Hyacincher\\Desktop\\HyTelectrl\\Code\\Project" "../Library/STM32F4xx_HAL_Driver/Inc/stm32f4xx_hal_def.h"
	.section	.text.HAL_IWDG_Init,"ax",%progbits
	.hidden	HAL_IWDG_Init                   @ -- Begin function HAL_IWDG_Init
	.globl	HAL_IWDG_Init
	.p2align	2
	.type	HAL_IWDG_Init,%function
	.code	16                              @ @HAL_IWDG_Init
	.thumb_func
HAL_IWDG_Init:
.Lfunc_begin0:
	.file	2 "C:\\Users\\Hyacincher\\Desktop\\HyTelectrl\\Code\\Project" "../Library/STM32F4xx_HAL_Driver/Src/stm32f4xx_hal_iwdg.c"
	.loc	2 165 0                         @ ../Library/STM32F4xx_HAL_Driver/Src/stm32f4xx_hal_iwdg.c:165:0
	.fnstart
	.cfi_sections .debug_frame
	.cfi_startproc
@ %bb.0:
	.save	{r7, lr}
	push	{r7, lr}
	.cfi_def_cfa_offset 8
	.cfi_offset lr, -4
	.cfi_offset r7, -8
	.pad	#16
	sub	sp, #16
	.cfi_def_cfa_offset 24
	str	r0, [sp, #8]
.Ltmp0:
	.loc	2 169 7 prologue_end            @ ../Library/STM32F4xx_HAL_Driver/Src/stm32f4xx_hal_iwdg.c:169:7
	ldr	r0, [sp, #8]
.Ltmp1:
	.loc	2 169 7 is_stmt 0               @ ../Library/STM32F4xx_HAL_Driver/Src/stm32f4xx_hal_iwdg.c:169:7
	cbnz	r0, .LBB0_2
	b	.LBB0_1
.LBB0_1:
	.loc	2 0 7                           @ ../Library/STM32F4xx_HAL_Driver/Src/stm32f4xx_hal_iwdg.c:0:7
	movs	r0, #1
.Ltmp2:
	.loc	2 171 5 is_stmt 1               @ ../Library/STM32F4xx_HAL_Driver/Src/stm32f4xx_hal_iwdg.c:171:5
	strb.w	r0, [sp, #15]
	b	.LBB0_10
.Ltmp3:
.LBB0_2:
	.loc	2 180 3                         @ ../Library/STM32F4xx_HAL_Driver/Src/stm32f4xx_hal_iwdg.c:180:3
	ldr	r0, [sp, #8]
	ldr	r1, [r0]
	movw	r0, #52428
	str	r0, [r1]
	.loc	2 184 3                         @ ../Library/STM32F4xx_HAL_Driver/Src/stm32f4xx_hal_iwdg.c:184:3
	ldr	r0, [sp, #8]
	ldr	r1, [r0]
	movw	r0, #21845
	str	r0, [r1]
	.loc	2 187 25                        @ ../Library/STM32F4xx_HAL_Driver/Src/stm32f4xx_hal_iwdg.c:187:25
	ldr	r0, [sp, #8]
	.loc	2 187 10 is_stmt 0              @ ../Library/STM32F4xx_HAL_Driver/Src/stm32f4xx_hal_iwdg.c:187:10
	ldr	r1, [r0]
	.loc	2 187 37                        @ ../Library/STM32F4xx_HAL_Driver/Src/stm32f4xx_hal_iwdg.c:187:37
	ldr	r0, [r0, #4]
	.loc	2 187 23                        @ ../Library/STM32F4xx_HAL_Driver/Src/stm32f4xx_hal_iwdg.c:187:23
	str	r0, [r1, #4]
	.loc	2 188 26 is_stmt 1              @ ../Library/STM32F4xx_HAL_Driver/Src/stm32f4xx_hal_iwdg.c:188:26
	ldr	r0, [sp, #8]
	.loc	2 188 10 is_stmt 0              @ ../Library/STM32F4xx_HAL_Driver/Src/stm32f4xx_hal_iwdg.c:188:10
	ldr	r1, [r0]
	.loc	2 188 38                        @ ../Library/STM32F4xx_HAL_Driver/Src/stm32f4xx_hal_iwdg.c:188:38
	ldr	r0, [r0, #8]
	.loc	2 188 24                        @ ../Library/STM32F4xx_HAL_Driver/Src/stm32f4xx_hal_iwdg.c:188:24
	str	r0, [r1, #8]
	.loc	2 191 15 is_stmt 1              @ ../Library/STM32F4xx_HAL_Driver/Src/stm32f4xx_hal_iwdg.c:191:15
	bl	HAL_GetTick
	.loc	2 191 13 is_stmt 0              @ ../Library/STM32F4xx_HAL_Driver/Src/stm32f4xx_hal_iwdg.c:191:13
	str	r0, [sp, #4]
	.loc	2 194 3 is_stmt 1               @ ../Library/STM32F4xx_HAL_Driver/Src/stm32f4xx_hal_iwdg.c:194:3
	b	.LBB0_3
.LBB0_3:                                @ =>This Inner Loop Header: Depth=1
	.loc	2 194 11 is_stmt 0              @ ../Library/STM32F4xx_HAL_Driver/Src/stm32f4xx_hal_iwdg.c:194:11
	ldr	r0, [sp, #8]
	.loc	2 194 18                        @ ../Library/STM32F4xx_HAL_Driver/Src/stm32f4xx_hal_iwdg.c:194:18
	ldr	r0, [r0]
	.loc	2 194 28                        @ ../Library/STM32F4xx_HAL_Driver/Src/stm32f4xx_hal_iwdg.c:194:28
	ldr	r0, [r0, #12]
	.loc	2 194 3                         @ ../Library/STM32F4xx_HAL_Driver/Src/stm32f4xx_hal_iwdg.c:194:3
	lsls	r0, r0, #30
	cbz	r0, .LBB0_9
	b	.LBB0_4
.LBB0_4:                                @   in Loop: Header=BB0_3 Depth=1
.Ltmp4:
	.loc	2 196 10 is_stmt 1              @ ../Library/STM32F4xx_HAL_Driver/Src/stm32f4xx_hal_iwdg.c:196:10
	bl	HAL_GetTick
	.loc	2 196 26 is_stmt 0              @ ../Library/STM32F4xx_HAL_Driver/Src/stm32f4xx_hal_iwdg.c:196:26
	ldr	r1, [sp, #4]
	.loc	2 196 24                        @ ../Library/STM32F4xx_HAL_Driver/Src/stm32f4xx_hal_iwdg.c:196:24
	subs	r0, r0, r1
.Ltmp5:
	.loc	2 196 9                         @ ../Library/STM32F4xx_HAL_Driver/Src/stm32f4xx_hal_iwdg.c:196:9
	cmp	r0, #50
	blo	.LBB0_8
	b	.LBB0_5
.LBB0_5:                                @   in Loop: Header=BB0_3 Depth=1
.Ltmp6:
	.loc	2 198 12 is_stmt 1              @ ../Library/STM32F4xx_HAL_Driver/Src/stm32f4xx_hal_iwdg.c:198:12
	ldr	r0, [sp, #8]
	.loc	2 198 19 is_stmt 0              @ ../Library/STM32F4xx_HAL_Driver/Src/stm32f4xx_hal_iwdg.c:198:19
	ldr	r0, [r0]
	.loc	2 198 29                        @ ../Library/STM32F4xx_HAL_Driver/Src/stm32f4xx_hal_iwdg.c:198:29
	ldr	r0, [r0, #12]
.Ltmp7:
	.loc	2 198 11                        @ ../Library/STM32F4xx_HAL_Driver/Src/stm32f4xx_hal_iwdg.c:198:11
	lsls	r0, r0, #30
	cbz	r0, .LBB0_7
	b	.LBB0_6
.LBB0_6:
	.loc	2 0 11                          @ ../Library/STM32F4xx_HAL_Driver/Src/stm32f4xx_hal_iwdg.c:0:11
	movs	r0, #3
.Ltmp8:
	.loc	2 200 9 is_stmt 1               @ ../Library/STM32F4xx_HAL_Driver/Src/stm32f4xx_hal_iwdg.c:200:9
	strb.w	r0, [sp, #15]
	b	.LBB0_10
.Ltmp9:
.LBB0_7:                                @   in Loop: Header=BB0_3 Depth=1
	.loc	2 202 5                         @ ../Library/STM32F4xx_HAL_Driver/Src/stm32f4xx_hal_iwdg.c:202:5
	b	.LBB0_8
.Ltmp10:
.LBB0_8:                                @   in Loop: Header=BB0_3 Depth=1
	.loc	2 194 3                         @ ../Library/STM32F4xx_HAL_Driver/Src/stm32f4xx_hal_iwdg.c:194:3
	b	.LBB0_3
.LBB0_9:
	.loc	2 206 3                         @ ../Library/STM32F4xx_HAL_Driver/Src/stm32f4xx_hal_iwdg.c:206:3
	ldr	r0, [sp, #8]
	ldr	r1, [r0]
	movw	r0, #43690
	str	r0, [r1]
	movs	r0, #0
	.loc	2 209 3                         @ ../Library/STM32F4xx_HAL_Driver/Src/stm32f4xx_hal_iwdg.c:209:3
	strb.w	r0, [sp, #15]
	b	.LBB0_10
.LBB0_10:
	.loc	2 210 1                         @ ../Library/STM32F4xx_HAL_Driver/Src/stm32f4xx_hal_iwdg.c:210:1
	ldrb.w	r0, [sp, #15]
	add	sp, #16
	pop	{r7, pc}
.Ltmp11:
.Lfunc_end0:
	.size	HAL_IWDG_Init, .Lfunc_end0-HAL_IWDG_Init
	.cfi_endproc
	.cantunwind
	.fnend
                                        @ -- End function
	.section	.text.HAL_IWDG_Refresh,"ax",%progbits
	.hidden	HAL_IWDG_Refresh                @ -- Begin function HAL_IWDG_Refresh
	.globl	HAL_IWDG_Refresh
	.p2align	2
	.type	HAL_IWDG_Refresh,%function
	.code	16                              @ @HAL_IWDG_Refresh
	.thumb_func
HAL_IWDG_Refresh:
.Lfunc_begin1:
	.loc	2 239 0                         @ ../Library/STM32F4xx_HAL_Driver/Src/stm32f4xx_hal_iwdg.c:239:0
	.fnstart
	.cfi_startproc
@ %bb.0:
	.pad	#4
	sub	sp, #4
	.cfi_def_cfa_offset 4
	str	r0, [sp]
.Ltmp12:
	.loc	2 241 3 prologue_end            @ ../Library/STM32F4xx_HAL_Driver/Src/stm32f4xx_hal_iwdg.c:241:3
	ldr	r0, [sp]
	ldr	r1, [r0]
	movw	r0, #43690
	str	r0, [r1]
	movs	r0, #0
	.loc	2 244 3                         @ ../Library/STM32F4xx_HAL_Driver/Src/stm32f4xx_hal_iwdg.c:244:3
	add	sp, #4
	bx	lr
.Ltmp13:
.Lfunc_end1:
	.size	HAL_IWDG_Refresh, .Lfunc_end1-HAL_IWDG_Refresh
	.cfi_endproc
	.cantunwind
	.fnend
                                        @ -- End function
	.file	3 "D:\\Keil MDK\\ARM\\ARMCLANG\\Bin\\..\\include" "stdint.h"
	.file	4 "C:\\Users\\Hyacincher\\Desktop\\HyTelectrl\\Code\\Project" "../Library/CMSIS/stm32f429xx.h"
	.file	5 "C:\\Users\\Hyacincher\\Desktop\\HyTelectrl\\Code\\Project" "../Library/STM32F4xx_HAL_Driver/Inc\\stm32f4xx_hal_iwdg.h"
	.section	.debug_abbrev,"",%progbits
	.byte	1                               @ Abbreviation Code
	.byte	17                              @ DW_TAG_compile_unit
	.byte	1                               @ DW_CHILDREN_yes
	.byte	37                              @ DW_AT_producer
	.byte	14                              @ DW_FORM_strp
	.byte	19                              @ DW_AT_language
	.byte	5                               @ DW_FORM_data2
	.byte	3                               @ DW_AT_name
	.byte	14                              @ DW_FORM_strp
	.byte	16                              @ DW_AT_stmt_list
	.byte	23                              @ DW_FORM_sec_offset
	.byte	27                              @ DW_AT_comp_dir
	.byte	14                              @ DW_FORM_strp
	.byte	17                              @ DW_AT_low_pc
	.byte	1                               @ DW_FORM_addr
	.byte	85                              @ DW_AT_ranges
	.byte	23                              @ DW_FORM_sec_offset
	.byte	0                               @ EOM(1)
	.byte	0                               @ EOM(2)
	.byte	2                               @ Abbreviation Code
	.byte	4                               @ DW_TAG_enumeration_type
	.byte	1                               @ DW_CHILDREN_yes
	.byte	73                              @ DW_AT_type
	.byte	19                              @ DW_FORM_ref4
	.byte	11                              @ DW_AT_byte_size
	.byte	11                              @ DW_FORM_data1
	.byte	58                              @ DW_AT_decl_file
	.byte	11                              @ DW_FORM_data1
	.byte	59                              @ DW_AT_decl_line
	.byte	11                              @ DW_FORM_data1
	.byte	0                               @ EOM(1)
	.byte	0                               @ EOM(2)
	.byte	3                               @ Abbreviation Code
	.byte	40                              @ DW_TAG_enumerator
	.byte	0                               @ DW_CHILDREN_no
	.byte	3                               @ DW_AT_name
	.byte	14                              @ DW_FORM_strp
	.byte	28                              @ DW_AT_const_value
	.byte	15                              @ DW_FORM_udata
	.byte	0                               @ EOM(1)
	.byte	0                               @ EOM(2)
	.byte	4                               @ Abbreviation Code
	.byte	36                              @ DW_TAG_base_type
	.byte	0                               @ DW_CHILDREN_no
	.byte	3                               @ DW_AT_name
	.byte	14                              @ DW_FORM_strp
	.byte	62                              @ DW_AT_encoding
	.byte	11                              @ DW_FORM_data1
	.byte	11                              @ DW_AT_byte_size
	.byte	11                              @ DW_FORM_data1
	.byte	0                               @ EOM(1)
	.byte	0                               @ EOM(2)
	.byte	5                               @ Abbreviation Code
	.byte	46                              @ DW_TAG_subprogram
	.byte	1                               @ DW_CHILDREN_yes
	.byte	17                              @ DW_AT_low_pc
	.byte	1                               @ DW_FORM_addr
	.byte	18                              @ DW_AT_high_pc
	.byte	6                               @ DW_FORM_data4
	.byte	64                              @ DW_AT_frame_base
	.byte	24                              @ DW_FORM_exprloc
	.byte	3                               @ DW_AT_name
	.byte	14                              @ DW_FORM_strp
	.byte	58                              @ DW_AT_decl_file
	.byte	11                              @ DW_FORM_data1
	.byte	59                              @ DW_AT_decl_line
	.byte	11                              @ DW_FORM_data1
	.byte	39                              @ DW_AT_prototyped
	.byte	25                              @ DW_FORM_flag_present
	.byte	73                              @ DW_AT_type
	.byte	19                              @ DW_FORM_ref4
	.byte	63                              @ DW_AT_external
	.byte	25                              @ DW_FORM_flag_present
	.byte	0                               @ EOM(1)
	.byte	0                               @ EOM(2)
	.byte	6                               @ Abbreviation Code
	.byte	5                               @ DW_TAG_formal_parameter
	.byte	0                               @ DW_CHILDREN_no
	.byte	2                               @ DW_AT_location
	.byte	24                              @ DW_FORM_exprloc
	.byte	3                               @ DW_AT_name
	.byte	14                              @ DW_FORM_strp
	.byte	58                              @ DW_AT_decl_file
	.byte	11                              @ DW_FORM_data1
	.byte	59                              @ DW_AT_decl_line
	.byte	11                              @ DW_FORM_data1
	.byte	73                              @ DW_AT_type
	.byte	19                              @ DW_FORM_ref4
	.byte	0                               @ EOM(1)
	.byte	0                               @ EOM(2)
	.byte	7                               @ Abbreviation Code
	.byte	52                              @ DW_TAG_variable
	.byte	0                               @ DW_CHILDREN_no
	.byte	2                               @ DW_AT_location
	.byte	24                              @ DW_FORM_exprloc
	.byte	3                               @ DW_AT_name
	.byte	14                              @ DW_FORM_strp
	.byte	58                              @ DW_AT_decl_file
	.byte	11                              @ DW_FORM_data1
	.byte	59                              @ DW_AT_decl_line
	.byte	11                              @ DW_FORM_data1
	.byte	73                              @ DW_AT_type
	.byte	19                              @ DW_FORM_ref4
	.byte	0                               @ EOM(1)
	.byte	0                               @ EOM(2)
	.byte	8                               @ Abbreviation Code
	.byte	22                              @ DW_TAG_typedef
	.byte	0                               @ DW_CHILDREN_no
	.byte	73                              @ DW_AT_type
	.byte	19                              @ DW_FORM_ref4
	.byte	3                               @ DW_AT_name
	.byte	14                              @ DW_FORM_strp
	.byte	58                              @ DW_AT_decl_file
	.byte	11                              @ DW_FORM_data1
	.byte	59                              @ DW_AT_decl_line
	.byte	11                              @ DW_FORM_data1
	.byte	0                               @ EOM(1)
	.byte	0                               @ EOM(2)
	.byte	9                               @ Abbreviation Code
	.byte	15                              @ DW_TAG_pointer_type
	.byte	0                               @ DW_CHILDREN_no
	.byte	73                              @ DW_AT_type
	.byte	19                              @ DW_FORM_ref4
	.byte	0                               @ EOM(1)
	.byte	0                               @ EOM(2)
	.byte	10                              @ Abbreviation Code
	.byte	19                              @ DW_TAG_structure_type
	.byte	1                               @ DW_CHILDREN_yes
	.byte	11                              @ DW_AT_byte_size
	.byte	11                              @ DW_FORM_data1
	.byte	58                              @ DW_AT_decl_file
	.byte	11                              @ DW_FORM_data1
	.byte	59                              @ DW_AT_decl_line
	.byte	11                              @ DW_FORM_data1
	.byte	0                               @ EOM(1)
	.byte	0                               @ EOM(2)
	.byte	11                              @ Abbreviation Code
	.byte	13                              @ DW_TAG_member
	.byte	0                               @ DW_CHILDREN_no
	.byte	3                               @ DW_AT_name
	.byte	14                              @ DW_FORM_strp
	.byte	73                              @ DW_AT_type
	.byte	19                              @ DW_FORM_ref4
	.byte	58                              @ DW_AT_decl_file
	.byte	11                              @ DW_FORM_data1
	.byte	59                              @ DW_AT_decl_line
	.byte	11                              @ DW_FORM_data1
	.byte	56                              @ DW_AT_data_member_location
	.byte	11                              @ DW_FORM_data1
	.byte	0                               @ EOM(1)
	.byte	0                               @ EOM(2)
	.byte	12                              @ Abbreviation Code
	.byte	22                              @ DW_TAG_typedef
	.byte	0                               @ DW_CHILDREN_no
	.byte	73                              @ DW_AT_type
	.byte	19                              @ DW_FORM_ref4
	.byte	3                               @ DW_AT_name
	.byte	14                              @ DW_FORM_strp
	.byte	58                              @ DW_AT_decl_file
	.byte	11                              @ DW_FORM_data1
	.byte	59                              @ DW_AT_decl_line
	.byte	5                               @ DW_FORM_data2
	.byte	0                               @ EOM(1)
	.byte	0                               @ EOM(2)
	.byte	13                              @ Abbreviation Code
	.byte	19                              @ DW_TAG_structure_type
	.byte	1                               @ DW_CHILDREN_yes
	.byte	11                              @ DW_AT_byte_size
	.byte	11                              @ DW_FORM_data1
	.byte	58                              @ DW_AT_decl_file
	.byte	11                              @ DW_FORM_data1
	.byte	59                              @ DW_AT_decl_line
	.byte	5                               @ DW_FORM_data2
	.byte	0                               @ EOM(1)
	.byte	0                               @ EOM(2)
	.byte	14                              @ Abbreviation Code
	.byte	13                              @ DW_TAG_member
	.byte	0                               @ DW_CHILDREN_no
	.byte	3                               @ DW_AT_name
	.byte	14                              @ DW_FORM_strp
	.byte	73                              @ DW_AT_type
	.byte	19                              @ DW_FORM_ref4
	.byte	58                              @ DW_AT_decl_file
	.byte	11                              @ DW_FORM_data1
	.byte	59                              @ DW_AT_decl_line
	.byte	5                               @ DW_FORM_data2
	.byte	56                              @ DW_AT_data_member_location
	.byte	11                              @ DW_FORM_data1
	.byte	0                               @ EOM(1)
	.byte	0                               @ EOM(2)
	.byte	15                              @ Abbreviation Code
	.byte	53                              @ DW_TAG_volatile_type
	.byte	0                               @ DW_CHILDREN_no
	.byte	73                              @ DW_AT_type
	.byte	19                              @ DW_FORM_ref4
	.byte	0                               @ EOM(1)
	.byte	0                               @ EOM(2)
	.byte	0                               @ EOM(3)
	.section	.debug_info,"",%progbits
.Lcu_begin0:
	.long	.Ldebug_info_end0-.Ldebug_info_start0 @ Length of Unit
.Ldebug_info_start0:
	.short	4                               @ DWARF version number
	.long	.debug_abbrev                   @ Offset Into Abbrev. Section
	.byte	4                               @ Address Size (in bytes)
	.byte	1                               @ Abbrev [1] 0xb:0x15c DW_TAG_compile_unit
	.long	.Linfo_string0                  @ DW_AT_producer
	.short	12                              @ DW_AT_language
	.long	.Linfo_string1                  @ DW_AT_name
	.long	.Lline_table_start0             @ DW_AT_stmt_list
	.long	.Linfo_string2                  @ DW_AT_comp_dir
	.long	0                               @ DW_AT_low_pc
	.long	.Ldebug_ranges0                 @ DW_AT_ranges
	.byte	2                               @ Abbrev [2] 0x26:0x21 DW_TAG_enumeration_type
	.long	71                              @ DW_AT_type
	.byte	1                               @ DW_AT_byte_size
	.byte	1                               @ DW_AT_decl_file
	.byte	39                              @ DW_AT_decl_line
	.byte	3                               @ Abbrev [3] 0x2e:0x6 DW_TAG_enumerator
	.long	.Linfo_string4                  @ DW_AT_name
	.byte	0                               @ DW_AT_const_value
	.byte	3                               @ Abbrev [3] 0x34:0x6 DW_TAG_enumerator
	.long	.Linfo_string5                  @ DW_AT_name
	.byte	1                               @ DW_AT_const_value
	.byte	3                               @ Abbrev [3] 0x3a:0x6 DW_TAG_enumerator
	.long	.Linfo_string6                  @ DW_AT_name
	.byte	2                               @ DW_AT_const_value
	.byte	3                               @ Abbrev [3] 0x40:0x6 DW_TAG_enumerator
	.long	.Linfo_string7                  @ DW_AT_name
	.byte	3                               @ DW_AT_const_value
	.byte	0                               @ End Of Children Mark
	.byte	4                               @ Abbrev [4] 0x47:0x7 DW_TAG_base_type
	.long	.Linfo_string3                  @ DW_AT_name
	.byte	8                               @ DW_AT_encoding
	.byte	1                               @ DW_AT_byte_size
	.byte	5                               @ Abbrev [5] 0x4e:0x32 DW_TAG_subprogram
	.long	.Lfunc_begin0                   @ DW_AT_low_pc
	.long	.Lfunc_end0-.Lfunc_begin0       @ DW_AT_high_pc
	.byte	1                               @ DW_AT_frame_base
	.byte	93
	.long	.Linfo_string8                  @ DW_AT_name
	.byte	2                               @ DW_AT_decl_file
	.byte	164                             @ DW_AT_decl_line
                                        @ DW_AT_prototyped
	.long	164                             @ DW_AT_type
                                        @ DW_AT_external
	.byte	6                               @ Abbrev [6] 0x63:0xe DW_TAG_formal_parameter
	.byte	2                               @ DW_AT_location
	.byte	145
	.byte	8
	.long	.Linfo_string11                 @ DW_AT_name
	.byte	2                               @ DW_AT_decl_file
	.byte	164                             @ DW_AT_decl_line
	.long	175                             @ DW_AT_type
	.byte	7                               @ Abbrev [7] 0x71:0xe DW_TAG_variable
	.byte	2                               @ DW_AT_location
	.byte	145
	.byte	4
	.long	.Linfo_string25                 @ DW_AT_name
	.byte	2                               @ DW_AT_decl_file
	.byte	166                             @ DW_AT_decl_line
	.long	300                             @ DW_AT_type
	.byte	0                               @ End Of Children Mark
	.byte	5                               @ Abbrev [5] 0x80:0x24 DW_TAG_subprogram
	.long	.Lfunc_begin1                   @ DW_AT_low_pc
	.long	.Lfunc_end1-.Lfunc_begin1       @ DW_AT_high_pc
	.byte	1                               @ DW_AT_frame_base
	.byte	93
	.long	.Linfo_string10                 @ DW_AT_name
	.byte	2                               @ DW_AT_decl_file
	.byte	238                             @ DW_AT_decl_line
                                        @ DW_AT_prototyped
	.long	164                             @ DW_AT_type
                                        @ DW_AT_external
	.byte	6                               @ Abbrev [6] 0x95:0xe DW_TAG_formal_parameter
	.byte	2                               @ DW_AT_location
	.byte	145
	.byte	0
	.long	.Linfo_string11                 @ DW_AT_name
	.byte	2                               @ DW_AT_decl_file
	.byte	238                             @ DW_AT_decl_line
	.long	175                             @ DW_AT_type
	.byte	0                               @ End Of Children Mark
	.byte	8                               @ Abbrev [8] 0xa4:0xb DW_TAG_typedef
	.long	38                              @ DW_AT_type
	.long	.Linfo_string9                  @ DW_AT_name
	.byte	1                               @ DW_AT_decl_file
	.byte	45                              @ DW_AT_decl_line
	.byte	9                               @ Abbrev [9] 0xaf:0x5 DW_TAG_pointer_type
	.long	180                             @ DW_AT_type
	.byte	8                               @ Abbrev [8] 0xb4:0xb DW_TAG_typedef
	.long	191                             @ DW_AT_type
	.long	.Linfo_string24                 @ DW_AT_name
	.byte	5                               @ DW_AT_decl_file
	.byte	65                              @ DW_AT_decl_line
	.byte	10                              @ Abbrev [10] 0xbf:0x1d DW_TAG_structure_type
	.byte	12                              @ DW_AT_byte_size
	.byte	5                               @ DW_AT_decl_file
	.byte	60                              @ DW_AT_decl_line
	.byte	11                              @ Abbrev [11] 0xc3:0xc DW_TAG_member
	.long	.Linfo_string12                 @ DW_AT_name
	.long	220                             @ DW_AT_type
	.byte	5                               @ DW_AT_decl_file
	.byte	62                              @ DW_AT_decl_line
	.byte	0                               @ DW_AT_data_member_location
	.byte	11                              @ Abbrev [11] 0xcf:0xc DW_TAG_member
	.long	.Linfo_string20                 @ DW_AT_name
	.long	318                             @ DW_AT_type
	.byte	5                               @ DW_AT_decl_file
	.byte	64                              @ DW_AT_decl_line
	.byte	4                               @ DW_AT_data_member_location
	.byte	0                               @ End Of Children Mark
	.byte	9                               @ Abbrev [9] 0xdc:0x5 DW_TAG_pointer_type
	.long	225                             @ DW_AT_type
	.byte	12                              @ Abbrev [12] 0xe1:0xc DW_TAG_typedef
	.long	237                             @ DW_AT_type
	.long	.Linfo_string19                 @ DW_AT_name
	.byte	4                               @ DW_AT_decl_file
	.short	629                             @ DW_AT_decl_line
	.byte	13                              @ Abbrev [13] 0xed:0x3a DW_TAG_structure_type
	.byte	16                              @ DW_AT_byte_size
	.byte	4                               @ DW_AT_decl_file
	.short	623                             @ DW_AT_decl_line
	.byte	14                              @ Abbrev [14] 0xf2:0xd DW_TAG_member
	.long	.Linfo_string13                 @ DW_AT_name
	.long	295                             @ DW_AT_type
	.byte	4                               @ DW_AT_decl_file
	.short	625                             @ DW_AT_decl_line
	.byte	0                               @ DW_AT_data_member_location
	.byte	14                              @ Abbrev [14] 0xff:0xd DW_TAG_member
	.long	.Linfo_string16                 @ DW_AT_name
	.long	295                             @ DW_AT_type
	.byte	4                               @ DW_AT_decl_file
	.short	626                             @ DW_AT_decl_line
	.byte	4                               @ DW_AT_data_member_location
	.byte	14                              @ Abbrev [14] 0x10c:0xd DW_TAG_member
	.long	.Linfo_string17                 @ DW_AT_name
	.long	295                             @ DW_AT_type
	.byte	4                               @ DW_AT_decl_file
	.short	627                             @ DW_AT_decl_line
	.byte	8                               @ DW_AT_data_member_location
	.byte	14                              @ Abbrev [14] 0x119:0xd DW_TAG_member
	.long	.Linfo_string18                 @ DW_AT_name
	.long	295                             @ DW_AT_type
	.byte	4                               @ DW_AT_decl_file
	.short	628                             @ DW_AT_decl_line
	.byte	12                              @ DW_AT_data_member_location
	.byte	0                               @ End Of Children Mark
	.byte	15                              @ Abbrev [15] 0x127:0x5 DW_TAG_volatile_type
	.long	300                             @ DW_AT_type
	.byte	8                               @ Abbrev [8] 0x12c:0xb DW_TAG_typedef
	.long	311                             @ DW_AT_type
	.long	.Linfo_string15                 @ DW_AT_name
	.byte	3                               @ DW_AT_decl_file
	.byte	64                              @ DW_AT_decl_line
	.byte	4                               @ Abbrev [4] 0x137:0x7 DW_TAG_base_type
	.long	.Linfo_string14                 @ DW_AT_name
	.byte	7                               @ DW_AT_encoding
	.byte	4                               @ DW_AT_byte_size
	.byte	8                               @ Abbrev [8] 0x13e:0xb DW_TAG_typedef
	.long	329                             @ DW_AT_type
	.long	.Linfo_string23                 @ DW_AT_name
	.byte	5                               @ DW_AT_decl_file
	.byte	55                              @ DW_AT_decl_line
	.byte	10                              @ Abbrev [10] 0x149:0x1d DW_TAG_structure_type
	.byte	8                               @ DW_AT_byte_size
	.byte	5                               @ DW_AT_decl_file
	.byte	47                              @ DW_AT_decl_line
	.byte	11                              @ Abbrev [11] 0x14d:0xc DW_TAG_member
	.long	.Linfo_string21                 @ DW_AT_name
	.long	300                             @ DW_AT_type
	.byte	5                               @ DW_AT_decl_file
	.byte	49                              @ DW_AT_decl_line
	.byte	0                               @ DW_AT_data_member_location
	.byte	11                              @ Abbrev [11] 0x159:0xc DW_TAG_member
	.long	.Linfo_string22                 @ DW_AT_name
	.long	300                             @ DW_AT_type
	.byte	5                               @ DW_AT_decl_file
	.byte	52                              @ DW_AT_decl_line
	.byte	4                               @ DW_AT_data_member_location
	.byte	0                               @ End Of Children Mark
	.byte	0                               @ End Of Children Mark
.Ldebug_info_end0:
	.section	.debug_ranges,"",%progbits
.Ldebug_ranges0:
	.long	.Lfunc_begin0
	.long	.Lfunc_end0
	.long	.Lfunc_begin1
	.long	.Lfunc_end1
	.long	0
	.long	0
	.section	.debug_str,"MS",%progbits,1
.Linfo_string0:
	.asciz	"Component: ARM Compiler 6.16 Tool: armclang [5dfeb700]" @ string offset=0
.Linfo_string1:
	.asciz	"../Library/STM32F4xx_HAL_Driver/Src\\stm32f4xx_hal_iwdg.c" @ string offset=55
.Linfo_string2:
	.asciz	"C:\\Users\\Hyacincher\\Desktop\\HyTelectrl\\Code\\Project" @ string offset=112
.Linfo_string3:
	.asciz	"unsigned char"                 @ string offset=164
.Linfo_string4:
	.asciz	"HAL_OK"                        @ string offset=178
.Linfo_string5:
	.asciz	"HAL_ERROR"                     @ string offset=185
.Linfo_string6:
	.asciz	"HAL_BUSY"                      @ string offset=195
.Linfo_string7:
	.asciz	"HAL_TIMEOUT"                   @ string offset=204
.Linfo_string8:
	.asciz	"HAL_IWDG_Init"                 @ string offset=216
.Linfo_string9:
	.asciz	"HAL_StatusTypeDef"             @ string offset=230
.Linfo_string10:
	.asciz	"HAL_IWDG_Refresh"              @ string offset=248
.Linfo_string11:
	.asciz	"hiwdg"                         @ string offset=265
.Linfo_string12:
	.asciz	"Instance"                      @ string offset=271
.Linfo_string13:
	.asciz	"KR"                            @ string offset=280
.Linfo_string14:
	.asciz	"unsigned int"                  @ string offset=283
.Linfo_string15:
	.asciz	"uint32_t"                      @ string offset=296
.Linfo_string16:
	.asciz	"PR"                            @ string offset=305
.Linfo_string17:
	.asciz	"RLR"                           @ string offset=308
.Linfo_string18:
	.asciz	"SR"                            @ string offset=312
.Linfo_string19:
	.asciz	"IWDG_TypeDef"                  @ string offset=315
.Linfo_string20:
	.asciz	"Init"                          @ string offset=328
.Linfo_string21:
	.asciz	"Prescaler"                     @ string offset=333
.Linfo_string22:
	.asciz	"Reload"                        @ string offset=343
.Linfo_string23:
	.asciz	"IWDG_InitTypeDef"              @ string offset=350
.Linfo_string24:
	.asciz	"IWDG_HandleTypeDef"            @ string offset=367
.Linfo_string25:
	.asciz	"tickstart"                     @ string offset=386
	.ident	"Component: ARM Compiler 6.16 Tool: armclang [5dfeb700]"
	.section	".note.GNU-stack","",%progbits
	.eabi_attribute	30, 6	@ Tag_ABI_optimization_goals
	.ARM_attribute	16, 1	@ Tag_AV_eba
	.section	.debug_line,"",%progbits
.Lline_table_start0:
